bsc -bdir /home/diegob/projects/copperv/work/tmp  -u -p +:/home/diegob/projects/copperv/bsv:/home/diegob/projects/copperv/rtl -vdir /home/diegob/projects/copperv/work/rtl -verilog /home/diegob/projects/copperv/bsv/copperv1.bsv |& tee /home/diegob/projects/copperv/work/logs/bsc_rtl.log
checking package dependencies
compiling /home/diegob/projects/copperv/bsv/copperv1_pkg.bsv
compiling /home/diegob/projects/copperv/bsv/copperv1.bsv
Warning: "/home/diegob/projects/copperv/bsv/copperv1.bsv", line 16, column 21: (T0054)
  Field not defined: `bus_dw'
Warning: "/home/diegob/projects/copperv/bsv/copperv1.bsv", line 16, column 21: (T0054)
  Field not defined: `bus_dr'
Warning: "/home/diegob/projects/copperv/bsv/copperv1.bsv", line 16, column 21: (T0054)
  Field not defined: `bus_iw'
code generation for mkCopperv1 starts
Verilog file created: /home/diegob/projects/copperv/work/rtl/mkCopperv1.v
All packages are up to date.
! grep -q '^Error:' /home/diegob/projects/copperv/work/logs/bsc_rtl.log
bsc -bdir /home/diegob/projects/copperv/work/tmp  -u -p +:/home/diegob/projects/copperv/bsv:/home/diegob/projects/copperv/rtl -vdir /home/diegob/projects/copperv/work/sim/verilog -D HEX_FILE="\"/home/diegob/projects/copperv/work/sim/tests/basic/test.hex\"" -verilog /home/diegob/projects/copperv/bsv/copperv1_tb.bsv |& tee /home/diegob/projects/copperv/work/logs/bsc_sim.log
checking package dependencies
compiling /home/diegob/projects/copperv/bsv/copperv1.bsv
Warning: "/home/diegob/projects/copperv/bsv/copperv1.bsv", line 16, column 21: (T0054)
  Field not defined: `bus_dw'
Warning: "/home/diegob/projects/copperv/bsv/copperv1.bsv", line 16, column 21: (T0054)
  Field not defined: `bus_dr'
Warning: "/home/diegob/projects/copperv/bsv/copperv1.bsv", line 16, column 21: (T0054)
  Field not defined: `bus_iw'
code generation for mkCopperv1 starts
Verilog file created: /home/diegob/projects/copperv/work/sim/verilog/mkCopperv1.v
compiling /home/diegob/projects/copperv/bsv/copperv1_tb.bsv
code generation for mkMemory starts
Warning: "/home/diegob/projects/copperv/bsv/copperv1_tb.bsv", line 18, column 10: (G0117)
  Rule `read_mem' shadows the effects of `send_response' when they execute in
  the same clock cycle. Affected method calls:
    pending.write
  To silence this warning, use the `-no-warn-action-shadowing' flag.
Verilog file created: /home/diegob/projects/copperv/work/sim/verilog/mkMemory.v
code generation for mkCopperv1Tb starts
Verilog file created: /home/diegob/projects/copperv/work/sim/verilog/mkCopperv1Tb.v
All packages are up to date.
bsc -e mkCopperv1Tb -vsearch +:/home/diegob/projects/copperv/work/sim/verilog:/home/diegob/projects/copperv/rtl -verilog -o /home/diegob/projects/copperv/work/sim/sim_mkCopperv1Tb |& tee /home/diegob/projects/copperv/work/logs/bsc_sim_link.log
Verilog binary file created: /home/diegob/projects/copperv/work/sim/sim_mkCopperv1Tb
test -d /home/diegob/projects/copperv/work/sim/tests/basic || mkdir -p /home/diegob/projects/copperv/work/sim/tests/basic
make -f /home/diegob/projects/copperv/scripts/test.mk ROOT=/home/diegob/projects/copperv SRC_DIR=/home/diegob/projects/copperv/sim/basic \
	OBJ_DIR=/home/diegob/projects/copperv/work/sim/tests/basic |& tee /home/diegob/projects/copperv/work/logs/test_compile_basic.log
make[1]: Entering directory '/home/diegob/projects/copperv'
----------------------------------------------------------------------------
Compiling test: /home/diegob/projects/copperv/work/sim/tests/basic




Compiling test done: /home/diegob/projects/copperv/work/sim/tests/basic
----------------------------------------------------------------------------
make[1]: Leaving directory '/home/diegob/projects/copperv'
cd /home/diegob/projects/copperv/work/tmp && /home/diegob/projects/copperv/work/sim/sim_mkCopperv1Tb +bscvcd +bsccycle |& tee /home/diegob/projects/copperv/work/logs/sim_run.log
VCD info: dumpfile dump.vcd opened for output.
cycle 0
cycle 1
cycle 2
cycle 3
cycle 4
cycle 5
copperv1: received:        55
tagged U_type Instruction_$U_type { imm: 'h00000, rd: ZERO, opc: 'h37 }
cycle 6
copperv1: received:       211
tagged U_type Instruction_$U_type { imm: 'h00000, rd: RA, opc: 'h53 }
cycle 7
copperv1: received:        91
tagged U_type Instruction_$U_type { imm: 'h00000, rd: ZERO, opc: 'h5b }
cycle 8
copperv1: received:         7
tagged U_type Instruction_$U_type { imm: 'h00000, rd: ZERO, opc: 'h07 }
cycle 9
copperv1: received:        19
tagged U_type Instruction_$U_type { imm: 'h00000, rd: ZERO, opc: 'h13 }
cycle 10
copperv1: received:         3
tagged U_type Instruction_$U_type { imm: 'h00000, rd: ZERO, opc: 'h03 }
cycle 11
copperv1: received:        83
tagged U_type Instruction_$U_type { imm: 'h00000, rd: ZERO, opc: 'h53 }
cycle 12
copperv1: received:       209
tagged U_type Instruction_$U_type { imm: 'h00000, rd: RA, opc: 'h51 }
cycle 13
copperv1: received:       183
tagged U_type Instruction_$U_type { imm: 'h00000, rd: RA, opc: 'h37 }
cycle 14
copperv1: received:       131
tagged U_type Instruction_$U_type { imm: 'h00000, rd: RA, opc: 'h03 }
cycle 15
copperv1: received:         0
tagged U_type Instruction_$U_type { imm: 'h00000, rd: ZERO, opc: 'h00 }
cycle 16
copperv1: received:         0
tagged U_type Instruction_$U_type { imm: 'h00000, rd: ZERO, opc: 'h00 }
cycle 17
copperv1: received:        19
tagged U_type Instruction_$U_type { imm: 'h00000, rd: ZERO, opc: 'h13 }
cycle 18
copperv1: received:        14
tagged U_type Instruction_$U_type { imm: 'h00000, rd: ZERO, opc: 'h0e }
cycle 19
copperv1: received:        80
tagged U_type Instruction_$U_type { imm: 'h00000, rd: ZERO, opc: 'h50 }
cycle 20
copperv1: received:         6
tagged U_type Instruction_$U_type { imm: 'h00000, rd: ZERO, opc: 'h06 }
cycle 21
copperv1: received:       147
tagged U_type Instruction_$U_type { imm: 'h00000, rd: RA, opc: 'h13 }
cycle 22
copperv1: received:        14
tagged U_type Instruction_$U_type { imm: 'h00000, rd: ZERO, opc: 'h0e }
cycle 23
copperv1: received:       160
tagged U_type Instruction_$U_type { imm: 'h00000, rd: RA, opc: 'h20 }
cycle 24
copperv1: received:        12
tagged U_type Instruction_$U_type { imm: 'h00000, rd: ZERO, opc: 'h0c }
cycle 25
copperv1: received:        51
tagged U_type Instruction_$U_type { imm: 'h00000, rd: ZERO, opc: 'h33 }
cycle 26
copperv1: received:        15
tagged U_type Instruction_$U_type { imm: 'h00000, rd: ZERO, opc: 'h0f }
cycle 27
copperv1: received:       222
tagged U_type Instruction_$U_type { imm: 'h00000, rd: RA, opc: 'h5e }
cycle 28
copperv1: received:         1
tagged U_type Instruction_$U_type { imm: 'h00000, rd: ZERO, opc: 'h01 }
cycle 29
copperv1: received:        19
tagged U_type Instruction_$U_type { imm: 'h00000, rd: ZERO, opc: 'h13 }
cycle 30
copperv1: received:        14
tagged U_type Instruction_$U_type { imm: 'h00000, rd: ZERO, opc: 'h0e }
cycle 31
copperv1: received:       240
tagged U_type Instruction_$U_type { imm: 'h00000, rd: RA, opc: 'h70 }
cycle 32
copperv1: received:        18
tagged U_type Instruction_$U_type { imm: 'h00000, rd: ZERO, opc: 'h12 }
cycle 33
copperv1: received:       179
tagged U_type Instruction_$U_type { imm: 'h00000, rd: RA, opc: 'h33 }
cycle 34
copperv1: received:        15
tagged U_type Instruction_$U_type { imm: 'h00000, rd: ZERO, opc: 'h0f }
cycle 35
copperv1: received:       207
tagged U_type Instruction_$U_type { imm: 'h00000, rd: RA, opc: 'h4f }
cycle 36
copperv1: received:        65
tagged U_type Instruction_$U_type { imm: 'h00000, rd: ZERO, opc: 'h41 }
cycle 37
copperv1: received:        99
tagged U_type Instruction_$U_type { imm: 'h00000, rd: ZERO, opc: 'h63 }
cycle 38
copperv1: received:       134
tagged U_type Instruction_$U_type { imm: 'h00000, rd: RA, opc: 'h06 }
cycle 39
copperv1: received:        15
tagged U_type Instruction_$U_type { imm: 'h00000, rd: ZERO, opc: 'h0f }
cycle 40
copperv1: received:         0
tagged U_type Instruction_$U_type { imm: 'h00000, rd: ZERO, opc: 'h00 }
cycle 41
copperv1: received:        55
tagged U_type Instruction_$U_type { imm: 'h00000, rd: ZERO, opc: 'h37 }
cycle 42
copperv1: received:       115
tagged U_type Instruction_$U_type { imm: 'h00000, rd: ZERO, opc: 'h73 }
cycle 43
copperv1: received:       159
tagged U_type Instruction_$U_type { imm: 'h00000, rd: RA, opc: 'h1f }
cycle 44
copperv1: received:         6
tagged U_type Instruction_$U_type { imm: 'h00000, rd: ZERO, opc: 'h06 }
cycle 45
copperv1: received:        19
tagged U_type Instruction_$U_type { imm: 'h00000, rd: ZERO, opc: 'h13 }
cycle 46
copperv1: received:         3
tagged U_type Instruction_$U_type { imm: 'h00000, rd: ZERO, opc: 'h03 }
cycle 47
copperv1: received:       115
tagged U_type Instruction_$U_type { imm: 'h00000, rd: ZERO, opc: 'h73 }
cycle 48
copperv1: received:       188
tagged U_type Instruction_$U_type { imm: 'h00000, rd: RA, opc: 'h3c }
cycle 49
copperv1: received:        35
tagged U_type Instruction_$U_type { imm: 'h00000, rd: ZERO, opc: 'h23 }
cycle 50
copperv1: received:       160
tagged U_type Instruction_$U_type { imm: 'h00000, rd: RA, opc: 'h20 }
cycle 51
copperv1: received:        99
tagged U_type Instruction_$U_type { imm: 'h00000, rd: ZERO, opc: 'h63 }
cycle 52
copperv1: received:         0
tagged U_type Instruction_$U_type { imm: 'h00000, rd: ZERO, opc: 'h00 }
cycle 53
copperv1: received:       111
tagged U_type Instruction_$U_type { imm: 'h00000, rd: ZERO, opc: 'h6f }
cycle 54
copperv1: received:         0
tagged U_type Instruction_$U_type { imm: 'h00000, rd: ZERO, opc: 'h00 }
cycle 55
copperv1: received:         0
tagged U_type Instruction_$U_type { imm: 'h00000, rd: ZERO, opc: 'h00 }
cycle 56
copperv1: received:         0
tagged U_type Instruction_$U_type { imm: 'h00000, rd: ZERO, opc: 'h00 }
cycle 57
copperv1: received:         x
tagged U_type Instruction_$U_type { imm: 'hxxxxx, rd: , opc: 'hxx }
cycle 58
copperv1: received:         x
tagged U_type Instruction_$U_type { imm: 'hxxxxx, rd: , opc: 'hxx }
cycle 59
copperv1: received:         x
tagged U_type Instruction_$U_type { imm: 'hxxxxx, rd: , opc: 'hxx }
cycle 60
copperv1: received:         x
tagged U_type Instruction_$U_type { imm: 'hxxxxx, rd: , opc: 'hxx }
cycle 61
copperv1: received:         x
tagged U_type Instruction_$U_type { imm: 'hxxxxx, rd: , opc: 'hxx }
cycle 62
copperv1: received:         x
tagged U_type Instruction_$U_type { imm: 'hxxxxx, rd: , opc: 'hxx }
cycle 63
copperv1: received:         x
tagged U_type Instruction_$U_type { imm: 'hxxxxx, rd: , opc: 'hxx }
cycle 64
copperv1: received:         x
tagged U_type Instruction_$U_type { imm: 'hxxxxx, rd: , opc: 'hxx }
cycle 65
copperv1: received:         x
tagged U_type Instruction_$U_type { imm: 'hxxxxx, rd: , opc: 'hxx }
cycle 66
copperv1: received:         x
tagged U_type Instruction_$U_type { imm: 'hxxxxx, rd: , opc: 'hxx }
cycle 67
copperv1: received:         x
tagged U_type Instruction_$U_type { imm: 'hxxxxx, rd: , opc: 'hxx }
cycle 68
copperv1: received:         x
tagged U_type Instruction_$U_type { imm: 'hxxxxx, rd: , opc: 'hxx }
cycle 69
copperv1: received:         x
tagged U_type Instruction_$U_type { imm: 'hxxxxx, rd: , opc: 'hxx }
cycle 70
copperv1: received:         x
tagged U_type Instruction_$U_type { imm: 'hxxxxx, rd: , opc: 'hxx }
cycle 71
copperv1: received:         x
tagged U_type Instruction_$U_type { imm: 'hxxxxx, rd: , opc: 'hxx }
cycle 72
copperv1: received:         x
tagged U_type Instruction_$U_type { imm: 'hxxxxx, rd: , opc: 'hxx }
cycle 73
copperv1: received:         x
tagged U_type Instruction_$U_type { imm: 'hxxxxx, rd: , opc: 'hxx }
cycle 74
copperv1: received:         x
tagged U_type Instruction_$U_type { imm: 'hxxxxx, rd: , opc: 'hxx }
cycle 75
copperv1: received:         x
tagged U_type Instruction_$U_type { imm: 'hxxxxx, rd: , opc: 'hxx }
cycle 76
copperv1: received:         x
tagged U_type Instruction_$U_type { imm: 'hxxxxx, rd: , opc: 'hxx }
cycle 77
copperv1: received:         x
tagged U_type Instruction_$U_type { imm: 'hxxxxx, rd: , opc: 'hxx }
cycle 78
copperv1: received:         x
tagged U_type Instruction_$U_type { imm: 'hxxxxx, rd: , opc: 'hxx }
cycle 79
copperv1: received:         x
tagged U_type Instruction_$U_type { imm: 'hxxxxx, rd: , opc: 'hxx }
cycle 80
copperv1: received:         x
tagged U_type Instruction_$U_type { imm: 'hxxxxx, rd: , opc: 'hxx }
cycle 81
copperv1: received:         x
tagged U_type Instruction_$U_type { imm: 'hxxxxx, rd: , opc: 'hxx }
cycle 82
copperv1: received:         x
tagged U_type Instruction_$U_type { imm: 'hxxxxx, rd: , opc: 'hxx }
cycle 83
copperv1: received:         x
tagged U_type Instruction_$U_type { imm: 'hxxxxx, rd: , opc: 'hxx }
cycle 84
copperv1: received:         x
tagged U_type Instruction_$U_type { imm: 'hxxxxx, rd: , opc: 'hxx }
cycle 85
copperv1: received:         x
tagged U_type Instruction_$U_type { imm: 'hxxxxx, rd: , opc: 'hxx }
cycle 86
copperv1: received:         x
tagged U_type Instruction_$U_type { imm: 'hxxxxx, rd: , opc: 'hxx }
cycle 87
copperv1: received:         x
tagged U_type Instruction_$U_type { imm: 'hxxxxx, rd: , opc: 'hxx }
cycle 88
copperv1: received:         x
tagged U_type Instruction_$U_type { imm: 'hxxxxx, rd: , opc: 'hxx }
cycle 89
copperv1: received:         x
tagged U_type Instruction_$U_type { imm: 'hxxxxx, rd: , opc: 'hxx }
cycle 90
copperv1: received:         x
tagged U_type Instruction_$U_type { imm: 'hxxxxx, rd: , opc: 'hxx }
cycle 91
copperv1: received:         x
tagged U_type Instruction_$U_type { imm: 'hxxxxx, rd: , opc: 'hxx }
cycle 92
copperv1: received:         x
tagged U_type Instruction_$U_type { imm: 'hxxxxx, rd: , opc: 'hxx }
cycle 93
copperv1: received:         x
tagged U_type Instruction_$U_type { imm: 'hxxxxx, rd: , opc: 'hxx }
cycle 94
copperv1: received:         x
tagged U_type Instruction_$U_type { imm: 'hxxxxx, rd: , opc: 'hxx }
cycle 95
copperv1: received:         x
tagged U_type Instruction_$U_type { imm: 'hxxxxx, rd: , opc: 'hxx }
cycle 96
copperv1: received:         x
tagged U_type Instruction_$U_type { imm: 'hxxxxx, rd: , opc: 'hxx }
cycle 97
copperv1: received:         x
tagged U_type Instruction_$U_type { imm: 'hxxxxx, rd: , opc: 'hxx }
cycle 98
copperv1: received:         x
tagged U_type Instruction_$U_type { imm: 'hxxxxx, rd: , opc: 'hxx }
cycle 99
copperv1: received:         x
tagged U_type Instruction_$U_type { imm: 'hxxxxx, rd: , opc: 'hxx }
cycle 100
copperv1: received:         x
tagged U_type Instruction_$U_type { imm: 'hxxxxx, rd: , opc: 'hxx }
cycle 101
copperv1: received:         x
tagged U_type Instruction_$U_type { imm: 'hxxxxx, rd: , opc: 'hxx }
cycle 102
copperv1: received:         x
tagged U_type Instruction_$U_type { imm: 'hxxxxx, rd: , opc: 'hxx }
cycle 103
copperv1: received:         x
tagged U_type Instruction_$U_type { imm: 'hxxxxx, rd: , opc: 'hxx }
cycle 104
copperv1: received:         x
tagged U_type Instruction_$U_type { imm: 'hxxxxx, rd: , opc: 'hxx }
cycle 105
copperv1: received:         x
tagged U_type Instruction_$U_type { imm: 'hxxxxx, rd: , opc: 'hxx }
cycle 106
copperv1: received:         x
tagged U_type Instruction_$U_type { imm: 'hxxxxx, rd: , opc: 'hxx }
cycle 107
copperv1: received:         x
tagged U_type Instruction_$U_type { imm: 'hxxxxx, rd: , opc: 'hxx }
cycle 108
copperv1: received:         x
tagged U_type Instruction_$U_type { imm: 'hxxxxx, rd: , opc: 'hxx }
cycle 109
copperv1: received:         x
tagged U_type Instruction_$U_type { imm: 'hxxxxx, rd: , opc: 'hxx }
cycle 110
copperv1: received:         x
tagged U_type Instruction_$U_type { imm: 'hxxxxx, rd: , opc: 'hxx }
cycle 111
copperv1: received:         x
tagged U_type Instruction_$U_type { imm: 'hxxxxx, rd: , opc: 'hxx }
cycle 112
copperv1: received:         x
tagged U_type Instruction_$U_type { imm: 'hxxxxx, rd: , opc: 'hxx }
cycle 113
copperv1: received:         x
tagged U_type Instruction_$U_type { imm: 'hxxxxx, rd: , opc: 'hxx }
cycle 114
copperv1: received:         x
tagged U_type Instruction_$U_type { imm: 'hxxxxx, rd: , opc: 'hxx }
cycle 115
copperv1: received:         x
tagged U_type Instruction_$U_type { imm: 'hxxxxx, rd: , opc: 'hxx }
cycle 116
copperv1: received:         x
tagged U_type Instruction_$U_type { imm: 'hxxxxx, rd: , opc: 'hxx }
cycle 117
copperv1: received:         x
tagged U_type Instruction_$U_type { imm: 'hxxxxx, rd: , opc: 'hxx }
cycle 118
copperv1: received:         x
tagged U_type Instruction_$U_type { imm: 'hxxxxx, rd: , opc: 'hxx }
cycle 119
copperv1: received:         x
tagged U_type Instruction_$U_type { imm: 'hxxxxx, rd: , opc: 'hxx }
cycle 120
copperv1: received:         x
tagged U_type Instruction_$U_type { imm: 'hxxxxx, rd: , opc: 'hxx }
cycle 121
copperv1: received:         x
tagged U_type Instruction_$U_type { imm: 'hxxxxx, rd: , opc: 'hxx }
cycle 122
copperv1: received:         x
tagged U_type Instruction_$U_type { imm: 'hxxxxx, rd: , opc: 'hxx }
cycle 123
copperv1: received:         x
tagged U_type Instruction_$U_type { imm: 'hxxxxx, rd: , opc: 'hxx }
cycle 124
copperv1: received:         x
tagged U_type Instruction_$U_type { imm: 'hxxxxx, rd: , opc: 'hxx }
cycle 125
copperv1: received:         x
tagged U_type Instruction_$U_type { imm: 'hxxxxx, rd: , opc: 'hxx }
cycle 126
copperv1: received:         x
tagged U_type Instruction_$U_type { imm: 'hxxxxx, rd: , opc: 'hxx }
cycle 127
copperv1: received:         x
tagged U_type Instruction_$U_type { imm: 'hxxxxx, rd: , opc: 'hxx }
cycle 128
copperv1: received:         x
tagged U_type Instruction_$U_type { imm: 'hxxxxx, rd: , opc: 'hxx }
cycle 129
copperv1: received:         x
tagged U_type Instruction_$U_type { imm: 'hxxxxx, rd: , opc: 'hxx }
cycle 130
copperv1: received:         x
tagged U_type Instruction_$U_type { imm: 'hxxxxx, rd: , opc: 'hxx }
cycle 131
copperv1: received:         x
tagged U_type Instruction_$U_type { imm: 'hxxxxx, rd: , opc: 'hxx }
cycle 132
copperv1: received:         x
tagged U_type Instruction_$U_type { imm: 'hxxxxx, rd: , opc: 'hxx }
cycle 133
copperv1: received:         x
tagged U_type Instruction_$U_type { imm: 'hxxxxx, rd: , opc: 'hxx }
cycle 134
copperv1: received:         x
tagged U_type Instruction_$U_type { imm: 'hxxxxx, rd: , opc: 'hxx }
cycle 135
copperv1: received:         x
tagged U_type Instruction_$U_type { imm: 'hxxxxx, rd: , opc: 'hxx }
cycle 136
copperv1: received:         x
tagged U_type Instruction_$U_type { imm: 'hxxxxx, rd: , opc: 'hxx }
cycle 137
copperv1: received:         x
tagged U_type Instruction_$U_type { imm: 'hxxxxx, rd: , opc: 'hxx }
cycle 138
copperv1: received:         x
tagged U_type Instruction_$U_type { imm: 'hxxxxx, rd: , opc: 'hxx }
cycle 139
copperv1: received:         x
tagged U_type Instruction_$U_type { imm: 'hxxxxx, rd: , opc: 'hxx }
cycle 140
copperv1: received:         x
tagged U_type Instruction_$U_type { imm: 'hxxxxx, rd: , opc: 'hxx }
cycle 141
copperv1: received:         x
tagged U_type Instruction_$U_type { imm: 'hxxxxx, rd: , opc: 'hxx }
cycle 142
copperv1: received:         x
tagged U_type Instruction_$U_type { imm: 'hxxxxx, rd: , opc: 'hxx }
cycle 143
copperv1: received:         x
tagged U_type Instruction_$U_type { imm: 'hxxxxx, rd: , opc: 'hxx }
cycle 144
copperv1: received:         x
tagged U_type Instruction_$U_type { imm: 'hxxxxx, rd: , opc: 'hxx }
cycle 145
copperv1: received:         x
tagged U_type Instruction_$U_type { imm: 'hxxxxx, rd: , opc: 'hxx }
cycle 146
copperv1: received:         x
tagged U_type Instruction_$U_type { imm: 'hxxxxx, rd: , opc: 'hxx }
cycle 147
copperv1: received:         x
tagged U_type Instruction_$U_type { imm: 'hxxxxx, rd: , opc: 'hxx }
cycle 148
copperv1: received:         x
tagged U_type Instruction_$U_type { imm: 'hxxxxx, rd: , opc: 'hxx }
cycle 149
copperv1: received:         x
tagged U_type Instruction_$U_type { imm: 'hxxxxx, rd: , opc: 'hxx }
cycle 150
copperv1: received:         x
tagged U_type Instruction_$U_type { imm: 'hxxxxx, rd: , opc: 'hxx }
cycle 151
copperv1: received:         x
tagged U_type Instruction_$U_type { imm: 'hxxxxx, rd: , opc: 'hxx }
cycle 152
copperv1: received:         x
tagged U_type Instruction_$U_type { imm: 'hxxxxx, rd: , opc: 'hxx }
cycle 153
copperv1: received:         x
tagged U_type Instruction_$U_type { imm: 'hxxxxx, rd: , opc: 'hxx }
cycle 154
copperv1: received:         x
tagged U_type Instruction_$U_type { imm: 'hxxxxx, rd: , opc: 'hxx }
cycle 155
copperv1: received:         x
tagged U_type Instruction_$U_type { imm: 'hxxxxx, rd: , opc: 'hxx }
cycle 156
copperv1: received:         x
tagged U_type Instruction_$U_type { imm: 'hxxxxx, rd: , opc: 'hxx }
cycle 157
copperv1: received:         x
tagged U_type Instruction_$U_type { imm: 'hxxxxx, rd: , opc: 'hxx }
cycle 158
copperv1: received:         x
tagged U_type Instruction_$U_type { imm: 'hxxxxx, rd: , opc: 'hxx }
cycle 159
copperv1: received:         x
tagged U_type Instruction_$U_type { imm: 'hxxxxx, rd: , opc: 'hxx }
cycle 160
copperv1: received:         x
tagged U_type Instruction_$U_type { imm: 'hxxxxx, rd: , opc: 'hxx }
cycle 161
copperv1: received:         x
tagged U_type Instruction_$U_type { imm: 'hxxxxx, rd: , opc: 'hxx }
cycle 162
copperv1: received:         x
tagged U_type Instruction_$U_type { imm: 'hxxxxx, rd: , opc: 'hxx }
cycle 163
copperv1: received:         x
tagged U_type Instruction_$U_type { imm: 'hxxxxx, rd: , opc: 'hxx }
cycle 164
copperv1: received:         x
tagged U_type Instruction_$U_type { imm: 'hxxxxx, rd: , opc: 'hxx }
cycle 165
copperv1: received:         x
tagged U_type Instruction_$U_type { imm: 'hxxxxx, rd: , opc: 'hxx }
cycle 166
copperv1: received:         x
tagged U_type Instruction_$U_type { imm: 'hxxxxx, rd: , opc: 'hxx }
cycle 167
copperv1: received:         x
tagged U_type Instruction_$U_type { imm: 'hxxxxx, rd: , opc: 'hxx }
cycle 168
copperv1: received:         x
tagged U_type Instruction_$U_type { imm: 'hxxxxx, rd: , opc: 'hxx }
cycle 169
copperv1: received:         x
tagged U_type Instruction_$U_type { imm: 'hxxxxx, rd: , opc: 'hxx }
cycle 170
copperv1: received:         x
tagged U_type Instruction_$U_type { imm: 'hxxxxx, rd: , opc: 'hxx }
cycle 171
copperv1: received:         x
tagged U_type Instruction_$U_type { imm: 'hxxxxx, rd: , opc: 'hxx }
cycle 172
copperv1: received:         x
tagged U_type Instruction_$U_type { imm: 'hxxxxx, rd: , opc: 'hxx }
cycle 173
copperv1: received:         x
tagged U_type Instruction_$U_type { imm: 'hxxxxx, rd: , opc: 'hxx }
cycle 174
copperv1: received:         x
tagged U_type Instruction_$U_type { imm: 'hxxxxx, rd: , opc: 'hxx }
cycle 175
copperv1: received:         x
tagged U_type Instruction_$U_type { imm: 'hxxxxx, rd: , opc: 'hxx }
cycle 176
copperv1: received:         x
tagged U_type Instruction_$U_type { imm: 'hxxxxx, rd: , opc: 'hxx }
cycle 177
copperv1: received:         x
tagged U_type Instruction_$U_type { imm: 'hxxxxx, rd: , opc: 'hxx }
cycle 178
copperv1: received:         x
tagged U_type Instruction_$U_type { imm: 'hxxxxx, rd: , opc: 'hxx }
cycle 179
copperv1: received:         x
tagged U_type Instruction_$U_type { imm: 'hxxxxx, rd: , opc: 'hxx }
cycle 180
copperv1: received:         x
tagged U_type Instruction_$U_type { imm: 'hxxxxx, rd: , opc: 'hxx }
cycle 181
copperv1: received:         x
tagged U_type Instruction_$U_type { imm: 'hxxxxx, rd: , opc: 'hxx }
cycle 182
copperv1: received:         x
tagged U_type Instruction_$U_type { imm: 'hxxxxx, rd: , opc: 'hxx }
cycle 183
copperv1: received:         x
tagged U_type Instruction_$U_type { imm: 'hxxxxx, rd: , opc: 'hxx }
cycle 184
copperv1: received:         x
tagged U_type Instruction_$U_type { imm: 'hxxxxx, rd: , opc: 'hxx }
cycle 185
copperv1: received:         x
tagged U_type Instruction_$U_type { imm: 'hxxxxx, rd: , opc: 'hxx }
cycle 186
copperv1: received:         x
tagged U_type Instruction_$U_type { imm: 'hxxxxx, rd: , opc: 'hxx }
cycle 187
copperv1: received:         x
tagged U_type Instruction_$U_type { imm: 'hxxxxx, rd: , opc: 'hxx }
cycle 188
copperv1: received:         x
tagged U_type Instruction_$U_type { imm: 'hxxxxx, rd: , opc: 'hxx }
cycle 189
copperv1: received:         x
tagged U_type Instruction_$U_type { imm: 'hxxxxx, rd: , opc: 'hxx }
cycle 190
copperv1: received:         x
tagged U_type Instruction_$U_type { imm: 'hxxxxx, rd: , opc: 'hxx }
cycle 191
copperv1: received:         x
tagged U_type Instruction_$U_type { imm: 'hxxxxx, rd: , opc: 'hxx }
cycle 192
copperv1: received:         x
tagged U_type Instruction_$U_type { imm: 'hxxxxx, rd: , opc: 'hxx }
cycle 193
copperv1: received:         x
tagged U_type Instruction_$U_type { imm: 'hxxxxx, rd: , opc: 'hxx }
cycle 194
copperv1: received:         x
tagged U_type Instruction_$U_type { imm: 'hxxxxx, rd: , opc: 'hxx }
cycle 195
copperv1: received:         x
tagged U_type Instruction_$U_type { imm: 'hxxxxx, rd: , opc: 'hxx }
cycle 196
copperv1: received:         x
tagged U_type Instruction_$U_type { imm: 'hxxxxx, rd: , opc: 'hxx }
cycle 197
copperv1: received:         x
tagged U_type Instruction_$U_type { imm: 'hxxxxx, rd: , opc: 'hxx }
cycle 198
copperv1: received:         x
tagged U_type Instruction_$U_type { imm: 'hxxxxx, rd: , opc: 'hxx }
cycle 199
copperv1: received:         x
tagged U_type Instruction_$U_type { imm: 'hxxxxx, rd: , opc: 'hxx }
cycle 200
copperv1: received:         x
tagged U_type Instruction_$U_type { imm: 'hxxxxx, rd: , opc: 'hxx }
cycle 201
copperv1: received:         x
tagged U_type Instruction_$U_type { imm: 'hxxxxx, rd: , opc: 'hxx }
cycle 202
copperv1: received:         x
tagged U_type Instruction_$U_type { imm: 'hxxxxx, rd: , opc: 'hxx }
cycle 203
copperv1: received:         x
tagged U_type Instruction_$U_type { imm: 'hxxxxx, rd: , opc: 'hxx }
cycle 204
copperv1: received:         x
tagged U_type Instruction_$U_type { imm: 'hxxxxx, rd: , opc: 'hxx }
cycle 205
copperv1: received:         x
tagged U_type Instruction_$U_type { imm: 'hxxxxx, rd: , opc: 'hxx }
cycle 206
copperv1: received:         x
tagged U_type Instruction_$U_type { imm: 'hxxxxx, rd: , opc: 'hxx }
cycle 207
copperv1: received:         x
tagged U_type Instruction_$U_type { imm: 'hxxxxx, rd: , opc: 'hxx }
cycle 208
copperv1: received:         x
tagged U_type Instruction_$U_type { imm: 'hxxxxx, rd: , opc: 'hxx }
cycle 209
copperv1: received:         x
tagged U_type Instruction_$U_type { imm: 'hxxxxx, rd: , opc: 'hxx }
cycle 210
copperv1: received:         x
tagged U_type Instruction_$U_type { imm: 'hxxxxx, rd: , opc: 'hxx }
cycle 211
copperv1: received:         x
tagged U_type Instruction_$U_type { imm: 'hxxxxx, rd: , opc: 'hxx }
cycle 212
copperv1: received:         x
tagged U_type Instruction_$U_type { imm: 'hxxxxx, rd: , opc: 'hxx }
cycle 213
copperv1: received:         x
tagged U_type Instruction_$U_type { imm: 'hxxxxx, rd: , opc: 'hxx }
cycle 214
copperv1: received:         x
tagged U_type Instruction_$U_type { imm: 'hxxxxx, rd: , opc: 'hxx }
cycle 215
copperv1: received:         x
tagged U_type Instruction_$U_type { imm: 'hxxxxx, rd: , opc: 'hxx }
cycle 216
copperv1: received:         x
tagged U_type Instruction_$U_type { imm: 'hxxxxx, rd: , opc: 'hxx }
cycle 217
copperv1: received:         x
tagged U_type Instruction_$U_type { imm: 'hxxxxx, rd: , opc: 'hxx }
cycle 218
copperv1: received:         x
tagged U_type Instruction_$U_type { imm: 'hxxxxx, rd: , opc: 'hxx }
cycle 219
copperv1: received:         x
tagged U_type Instruction_$U_type { imm: 'hxxxxx, rd: , opc: 'hxx }
cycle 220
copperv1: received:         x
tagged U_type Instruction_$U_type { imm: 'hxxxxx, rd: , opc: 'hxx }
cycle 221
copperv1: received:         x
tagged U_type Instruction_$U_type { imm: 'hxxxxx, rd: , opc: 'hxx }
cycle 222
copperv1: received:         x
tagged U_type Instruction_$U_type { imm: 'hxxxxx, rd: , opc: 'hxx }
cycle 223
copperv1: received:         x
tagged U_type Instruction_$U_type { imm: 'hxxxxx, rd: , opc: 'hxx }
cycle 224
copperv1: received:         x
tagged U_type Instruction_$U_type { imm: 'hxxxxx, rd: , opc: 'hxx }
cycle 225
copperv1: received:         x
tagged U_type Instruction_$U_type { imm: 'hxxxxx, rd: , opc: 'hxx }
cycle 226
copperv1: received:         x
tagged U_type Instruction_$U_type { imm: 'hxxxxx, rd: , opc: 'hxx }
cycle 227
copperv1: received:         x
tagged U_type Instruction_$U_type { imm: 'hxxxxx, rd: , opc: 'hxx }
cycle 228
copperv1: received:         x
tagged U_type Instruction_$U_type { imm: 'hxxxxx, rd: , opc: 'hxx }
cycle 229
copperv1: received:         x
tagged U_type Instruction_$U_type { imm: 'hxxxxx, rd: , opc: 'hxx }
cycle 230
copperv1: received:         x
tagged U_type Instruction_$U_type { imm: 'hxxxxx, rd: , opc: 'hxx }
cycle 231
copperv1: received:         x
tagged U_type Instruction_$U_type { imm: 'hxxxxx, rd: , opc: 'hxx }
cycle 232
copperv1: received:         x
tagged U_type Instruction_$U_type { imm: 'hxxxxx, rd: , opc: 'hxx }
cycle 233
copperv1: received:         x
tagged U_type Instruction_$U_type { imm: 'hxxxxx, rd: , opc: 'hxx }
cycle 234
copperv1: received:         x
tagged U_type Instruction_$U_type { imm: 'hxxxxx, rd: , opc: 'hxx }
cycle 235
copperv1: received:         x
tagged U_type Instruction_$U_type { imm: 'hxxxxx, rd: , opc: 'hxx }
cycle 236
copperv1: received:         x
tagged U_type Instruction_$U_type { imm: 'hxxxxx, rd: , opc: 'hxx }
cycle 237
copperv1: received:         x
tagged U_type Instruction_$U_type { imm: 'hxxxxx, rd: , opc: 'hxx }
cycle 238
copperv1: received:         x
tagged U_type Instruction_$U_type { imm: 'hxxxxx, rd: , opc: 'hxx }
cycle 239
copperv1: received:         x
tagged U_type Instruction_$U_type { imm: 'hxxxxx, rd: , opc: 'hxx }
cycle 240
copperv1: received:         x
tagged U_type Instruction_$U_type { imm: 'hxxxxx, rd: , opc: 'hxx }
cycle 241
copperv1: received:         x
tagged U_type Instruction_$U_type { imm: 'hxxxxx, rd: , opc: 'hxx }
cycle 242
copperv1: received:         x
tagged U_type Instruction_$U_type { imm: 'hxxxxx, rd: , opc: 'hxx }
cycle 243
copperv1: received:         x
tagged U_type Instruction_$U_type { imm: 'hxxxxx, rd: , opc: 'hxx }
cycle 244
copperv1: received:         x
tagged U_type Instruction_$U_type { imm: 'hxxxxx, rd: , opc: 'hxx }
cycle 245
copperv1: received:         x
tagged U_type Instruction_$U_type { imm: 'hxxxxx, rd: , opc: 'hxx }
cycle 246
copperv1: received:         x
tagged U_type Instruction_$U_type { imm: 'hxxxxx, rd: , opc: 'hxx }
cycle 247
copperv1: received:         x
tagged U_type Instruction_$U_type { imm: 'hxxxxx, rd: , opc: 'hxx }
cycle 248
copperv1: received:         x
tagged U_type Instruction_$U_type { imm: 'hxxxxx, rd: , opc: 'hxx }
cycle 249
copperv1: received:         x
tagged U_type Instruction_$U_type { imm: 'hxxxxx, rd: , opc: 'hxx }
cycle 250
copperv1: received:         x
tagged U_type Instruction_$U_type { imm: 'hxxxxx, rd: , opc: 'hxx }
cycle 251
copperv1: received:         x
tagged U_type Instruction_$U_type { imm: 'hxxxxx, rd: , opc: 'hxx }
cycle 252
copperv1: received:         x
tagged U_type Instruction_$U_type { imm: 'hxxxxx, rd: , opc: 'hxx }
cycle 253
copperv1: received:         x
tagged U_type Instruction_$U_type { imm: 'hxxxxx, rd: , opc: 'hxx }
cycle 254
copperv1: received:         x
tagged U_type Instruction_$U_type { imm: 'hxxxxx, rd: , opc: 'hxx }
cycle 255
copperv1: received:         x
tagged U_type Instruction_$U_type { imm: 'hxxxxx, rd: , opc: 'hxx }
cycle 256
copperv1: received:         x
tagged U_type Instruction_$U_type { imm: 'hxxxxx, rd: , opc: 'hxx }
cycle 257
copperv1: received:         x
tagged U_type Instruction_$U_type { imm: 'hxxxxx, rd: , opc: 'hxx }
cycle 258
copperv1: received:         x
tagged U_type Instruction_$U_type { imm: 'hxxxxx, rd: , opc: 'hxx }
cycle 259
copperv1: received:         x
tagged U_type Instruction_$U_type { imm: 'hxxxxx, rd: , opc: 'hxx }
cycle 260
copperv1: received:         x
tagged U_type Instruction_$U_type { imm: 'hxxxxx, rd: , opc: 'hxx }
cycle 261
copperv1: received:         x
tagged U_type Instruction_$U_type { imm: 'hxxxxx, rd: , opc: 'hxx }
cycle 262
copperv1: received:         x
tagged U_type Instruction_$U_type { imm: 'hxxxxx, rd: , opc: 'hxx }
cycle 263
copperv1: received:         x
tagged U_type Instruction_$U_type { imm: 'hxxxxx, rd: , opc: 'hxx }
cycle 264
copperv1: received:         x
tagged U_type Instruction_$U_type { imm: 'hxxxxx, rd: , opc: 'hxx }
cycle 265
copperv1: received:         x
tagged U_type Instruction_$U_type { imm: 'hxxxxx, rd: , opc: 'hxx }
cycle 266
copperv1: received:         x
tagged U_type Instruction_$U_type { imm: 'hxxxxx, rd: , opc: 'hxx }
cycle 267
copperv1: received:         x
tagged U_type Instruction_$U_type { imm: 'hxxxxx, rd: , opc: 'hxx }
cycle 268
copperv1: received:         x
tagged U_type Instruction_$U_type { imm: 'hxxxxx, rd: , opc: 'hxx }
cycle 269
copperv1: received:         x
tagged U_type Instruction_$U_type { imm: 'hxxxxx, rd: , opc: 'hxx }
cycle 270
copperv1: received:         x
tagged U_type Instruction_$U_type { imm: 'hxxxxx, rd: , opc: 'hxx }
cycle 271
copperv1: received:         x
tagged U_type Instruction_$U_type { imm: 'hxxxxx, rd: , opc: 'hxx }
cycle 272
copperv1: received:         x
tagged U_type Instruction_$U_type { imm: 'hxxxxx, rd: , opc: 'hxx }
cycle 273
copperv1: received:         x
tagged U_type Instruction_$U_type { imm: 'hxxxxx, rd: , opc: 'hxx }
cycle 274
copperv1: received:         x
tagged U_type Instruction_$U_type { imm: 'hxxxxx, rd: , opc: 'hxx }
cycle 275
copperv1: received:         x
tagged U_type Instruction_$U_type { imm: 'hxxxxx, rd: , opc: 'hxx }
cycle 276
copperv1: received:         x
tagged U_type Instruction_$U_type { imm: 'hxxxxx, rd: , opc: 'hxx }
cycle 277
copperv1: received:         x
tagged U_type Instruction_$U_type { imm: 'hxxxxx, rd: , opc: 'hxx }
cycle 278
copperv1: received:         x
tagged U_type Instruction_$U_type { imm: 'hxxxxx, rd: , opc: 'hxx }
cycle 279
copperv1: received:         x
tagged U_type Instruction_$U_type { imm: 'hxxxxx, rd: , opc: 'hxx }
cycle 280
copperv1: received:         x
tagged U_type Instruction_$U_type { imm: 'hxxxxx, rd: , opc: 'hxx }
cycle 281
copperv1: received:         x
tagged U_type Instruction_$U_type { imm: 'hxxxxx, rd: , opc: 'hxx }
cycle 282
copperv1: received:         x
tagged U_type Instruction_$U_type { imm: 'hxxxxx, rd: , opc: 'hxx }
cycle 283
copperv1: received:         x
tagged U_type Instruction_$U_type { imm: 'hxxxxx, rd: , opc: 'hxx }
cycle 284
copperv1: received:         x
tagged U_type Instruction_$U_type { imm: 'hxxxxx, rd: , opc: 'hxx }
cycle 285
copperv1: received:         x
tagged U_type Instruction_$U_type { imm: 'hxxxxx, rd: , opc: 'hxx }
cycle 286
copperv1: received:         x
tagged U_type Instruction_$U_type { imm: 'hxxxxx, rd: , opc: 'hxx }
cycle 287
copperv1: received:         x
tagged U_type Instruction_$U_type { imm: 'hxxxxx, rd: , opc: 'hxx }
cycle 288
copperv1: received:         x
tagged U_type Instruction_$U_type { imm: 'hxxxxx, rd: , opc: 'hxx }
cycle 289
copperv1: received:         x
tagged U_type Instruction_$U_type { imm: 'hxxxxx, rd: , opc: 'hxx }
cycle 290
copperv1: received:         x
tagged U_type Instruction_$U_type { imm: 'hxxxxx, rd: , opc: 'hxx }
cycle 291
copperv1: received:         x
tagged U_type Instruction_$U_type { imm: 'hxxxxx, rd: , opc: 'hxx }
cycle 292
copperv1: received:         x
tagged U_type Instruction_$U_type { imm: 'hxxxxx, rd: , opc: 'hxx }
cycle 293
copperv1: received:         x
tagged U_type Instruction_$U_type { imm: 'hxxxxx, rd: , opc: 'hxx }
cycle 294
copperv1: received:         x
tagged U_type Instruction_$U_type { imm: 'hxxxxx, rd: , opc: 'hxx }
cycle 295
copperv1: received:         x
tagged U_type Instruction_$U_type { imm: 'hxxxxx, rd: , opc: 'hxx }
cycle 296
copperv1: received:         x
tagged U_type Instruction_$U_type { imm: 'hxxxxx, rd: , opc: 'hxx }
cycle 297
copperv1: received:         x
tagged U_type Instruction_$U_type { imm: 'hxxxxx, rd: , opc: 'hxx }
cycle 298
copperv1: received:         x
tagged U_type Instruction_$U_type { imm: 'hxxxxx, rd: , opc: 'hxx }
cycle 299
copperv1: received:         x
tagged U_type Instruction_$U_type { imm: 'hxxxxx, rd: , opc: 'hxx }
cycle 300
copperv1: received:         x
tagged U_type Instruction_$U_type { imm: 'hxxxxx, rd: , opc: 'hxx }
cycle 301
copperv1: received:         x
tagged U_type Instruction_$U_type { imm: 'hxxxxx, rd: , opc: 'hxx }
cycle 302
copperv1: received:         x
tagged U_type Instruction_$U_type { imm: 'hxxxxx, rd: , opc: 'hxx }
cycle 303
copperv1: received:         x
tagged U_type Instruction_$U_type { imm: 'hxxxxx, rd: , opc: 'hxx }
cycle 304
copperv1: received:         x
tagged U_type Instruction_$U_type { imm: 'hxxxxx, rd: , opc: 'hxx }
cycle 305
copperv1: received:         x
tagged U_type Instruction_$U_type { imm: 'hxxxxx, rd: , opc: 'hxx }
cycle 306
copperv1: received:         x
tagged U_type Instruction_$U_type { imm: 'hxxxxx, rd: , opc: 'hxx }
cycle 307
copperv1: received:         x
tagged U_type Instruction_$U_type { imm: 'hxxxxx, rd: , opc: 'hxx }
cycle 308
copperv1: received:         x
tagged U_type Instruction_$U_type { imm: 'hxxxxx, rd: , opc: 'hxx }
cycle 309
copperv1: received:         x
tagged U_type Instruction_$U_type { imm: 'hxxxxx, rd: , opc: 'hxx }
cycle 310
copperv1: received:         x
tagged U_type Instruction_$U_type { imm: 'hxxxxx, rd: , opc: 'hxx }
cycle 311
copperv1: received:         x
tagged U_type Instruction_$U_type { imm: 'hxxxxx, rd: , opc: 'hxx }
cycle 312
copperv1: received:         x
tagged U_type Instruction_$U_type { imm: 'hxxxxx, rd: , opc: 'hxx }
cycle 313
copperv1: received:         x
tagged U_type Instruction_$U_type { imm: 'hxxxxx, rd: , opc: 'hxx }
cycle 314
copperv1: received:         x
tagged U_type Instruction_$U_type { imm: 'hxxxxx, rd: , opc: 'hxx }
cycle 315
copperv1: received:         x
tagged U_type Instruction_$U_type { imm: 'hxxxxx, rd: , opc: 'hxx }
cycle 316
copperv1: received:         x
tagged U_type Instruction_$U_type { imm: 'hxxxxx, rd: , opc: 'hxx }
cycle 317
copperv1: received:         x
tagged U_type Instruction_$U_type { imm: 'hxxxxx, rd: , opc: 'hxx }
cycle 318
copperv1: received:         x
tagged U_type Instruction_$U_type { imm: 'hxxxxx, rd: , opc: 'hxx }
cycle 319
copperv1: received:         x
tagged U_type Instruction_$U_type { imm: 'hxxxxx, rd: , opc: 'hxx }
cycle 320
copperv1: received:         x
tagged U_type Instruction_$U_type { imm: 'hxxxxx, rd: , opc: 'hxx }
cycle 321
copperv1: received:         x
tagged U_type Instruction_$U_type { imm: 'hxxxxx, rd: , opc: 'hxx }
cycle 322
copperv1: received:         x
tagged U_type Instruction_$U_type { imm: 'hxxxxx, rd: , opc: 'hxx }
cycle 323
copperv1: received:         x
tagged U_type Instruction_$U_type { imm: 'hxxxxx, rd: , opc: 'hxx }
cycle 324
copperv1: received:         x
tagged U_type Instruction_$U_type { imm: 'hxxxxx, rd: , opc: 'hxx }
cycle 325
copperv1: received:         x
tagged U_type Instruction_$U_type { imm: 'hxxxxx, rd: , opc: 'hxx }
cycle 326
copperv1: received:         x
tagged U_type Instruction_$U_type { imm: 'hxxxxx, rd: , opc: 'hxx }
cycle 327
copperv1: received:         x
tagged U_type Instruction_$U_type { imm: 'hxxxxx, rd: , opc: 'hxx }
cycle 328
copperv1: received:         x
tagged U_type Instruction_$U_type { imm: 'hxxxxx, rd: , opc: 'hxx }
cycle 329
copperv1: received:         x
tagged U_type Instruction_$U_type { imm: 'hxxxxx, rd: , opc: 'hxx }
cycle 330
copperv1: received:         x
tagged U_type Instruction_$U_type { imm: 'hxxxxx, rd: , opc: 'hxx }
cycle 331
copperv1: received:         x
tagged U_type Instruction_$U_type { imm: 'hxxxxx, rd: , opc: 'hxx }
cycle 332
copperv1: received:         x
tagged U_type Instruction_$U_type { imm: 'hxxxxx, rd: , opc: 'hxx }
cycle 333
copperv1: received:         x
tagged U_type Instruction_$U_type { imm: 'hxxxxx, rd: , opc: 'hxx }
cycle 334
copperv1: received:         x
tagged U_type Instruction_$U_type { imm: 'hxxxxx, rd: , opc: 'hxx }
cycle 335
copperv1: received:         x
tagged U_type Instruction_$U_type { imm: 'hxxxxx, rd: , opc: 'hxx }
cycle 336
copperv1: received:         x
tagged U_type Instruction_$U_type { imm: 'hxxxxx, rd: , opc: 'hxx }
cycle 337
copperv1: received:         x
tagged U_type Instruction_$U_type { imm: 'hxxxxx, rd: , opc: 'hxx }
cycle 338
copperv1: received:         x
tagged U_type Instruction_$U_type { imm: 'hxxxxx, rd: , opc: 'hxx }
cycle 339
copperv1: received:         x
tagged U_type Instruction_$U_type { imm: 'hxxxxx, rd: , opc: 'hxx }
cycle 340
copperv1: received:         x
tagged U_type Instruction_$U_type { imm: 'hxxxxx, rd: , opc: 'hxx }
cycle 341
copperv1: received:         x
tagged U_type Instruction_$U_type { imm: 'hxxxxx, rd: , opc: 'hxx }
cycle 342
copperv1: received:         x
tagged U_type Instruction_$U_type { imm: 'hxxxxx, rd: , opc: 'hxx }
cycle 343
copperv1: received:         x
tagged U_type Instruction_$U_type { imm: 'hxxxxx, rd: , opc: 'hxx }
cycle 344
copperv1: received:         x
tagged U_type Instruction_$U_type { imm: 'hxxxxx, rd: , opc: 'hxx }
cycle 345
copperv1: received:         x
tagged U_type Instruction_$U_type { imm: 'hxxxxx, rd: , opc: 'hxx }
cycle 346
copperv1: received:         x
tagged U_type Instruction_$U_type { imm: 'hxxxxx, rd: , opc: 'hxx }
cycle 347
copperv1: received:         x
tagged U_type Instruction_$U_type { imm: 'hxxxxx, rd: , opc: 'hxx }
cycle 348
copperv1: received:         x
tagged U_type Instruction_$U_type { imm: 'hxxxxx, rd: , opc: 'hxx }
cycle 349
copperv1: received:         x
tagged U_type Instruction_$U_type { imm: 'hxxxxx, rd: , opc: 'hxx }
cycle 350
copperv1: received:         x
tagged U_type Instruction_$U_type { imm: 'hxxxxx, rd: , opc: 'hxx }
cycle 351
copperv1: received:         x
tagged U_type Instruction_$U_type { imm: 'hxxxxx, rd: , opc: 'hxx }
cycle 352
copperv1: received:         x
tagged U_type Instruction_$U_type { imm: 'hxxxxx, rd: , opc: 'hxx }
cycle 353
copperv1: received:         x
tagged U_type Instruction_$U_type { imm: 'hxxxxx, rd: , opc: 'hxx }
cycle 354
copperv1: received:         x
tagged U_type Instruction_$U_type { imm: 'hxxxxx, rd: , opc: 'hxx }
cycle 355
copperv1: received:         x
tagged U_type Instruction_$U_type { imm: 'hxxxxx, rd: , opc: 'hxx }
cycle 356
copperv1: received:         x
tagged U_type Instruction_$U_type { imm: 'hxxxxx, rd: , opc: 'hxx }
cycle 357
copperv1: received:         x
tagged U_type Instruction_$U_type { imm: 'hxxxxx, rd: , opc: 'hxx }
cycle 358
copperv1: received:         x
tagged U_type Instruction_$U_type { imm: 'hxxxxx, rd: , opc: 'hxx }
cycle 359
copperv1: received:         x
tagged U_type Instruction_$U_type { imm: 'hxxxxx, rd: , opc: 'hxx }
cycle 360
copperv1: received:         x
tagged U_type Instruction_$U_type { imm: 'hxxxxx, rd: , opc: 'hxx }
cycle 361
copperv1: received:         x
tagged U_type Instruction_$U_type { imm: 'hxxxxx, rd: , opc: 'hxx }
cycle 362
copperv1: received:         x
tagged U_type Instruction_$U_type { imm: 'hxxxxx, rd: , opc: 'hxx }
cycle 363
copperv1: received:         x
tagged U_type Instruction_$U_type { imm: 'hxxxxx, rd: , opc: 'hxx }
cycle 364
copperv1: received:         x
tagged U_type Instruction_$U_type { imm: 'hxxxxx, rd: , opc: 'hxx }
cycle 365
copperv1: received:         x
tagged U_type Instruction_$U_type { imm: 'hxxxxx, rd: , opc: 'hxx }
cycle 366
copperv1: received:         x
tagged U_type Instruction_$U_type { imm: 'hxxxxx, rd: , opc: 'hxx }
cycle 367
copperv1: received:         x
tagged U_type Instruction_$U_type { imm: 'hxxxxx, rd: , opc: 'hxx }
cycle 368
copperv1: received:         x
tagged U_type Instruction_$U_type { imm: 'hxxxxx, rd: , opc: 'hxx }
cycle 369
copperv1: received:         x
tagged U_type Instruction_$U_type { imm: 'hxxxxx, rd: , opc: 'hxx }
cycle 370
copperv1: received:         x
tagged U_type Instruction_$U_type { imm: 'hxxxxx, rd: , opc: 'hxx }
cycle 371
copperv1: received:         x
tagged U_type Instruction_$U_type { imm: 'hxxxxx, rd: , opc: 'hxx }
cycle 372
copperv1: received:         x
tagged U_type Instruction_$U_type { imm: 'hxxxxx, rd: , opc: 'hxx }
cycle 373
copperv1: received:         x
tagged U_type Instruction_$U_type { imm: 'hxxxxx, rd: , opc: 'hxx }
cycle 374
copperv1: received:         x
tagged U_type Instruction_$U_type { imm: 'hxxxxx, rd: , opc: 'hxx }
cycle 375
copperv1: received:         x
tagged U_type Instruction_$U_type { imm: 'hxxxxx, rd: , opc: 'hxx }
cycle 376
copperv1: received:         x
tagged U_type Instruction_$U_type { imm: 'hxxxxx, rd: , opc: 'hxx }
cycle 377
copperv1: received:         x
tagged U_type Instruction_$U_type { imm: 'hxxxxx, rd: , opc: 'hxx }
cycle 378
copperv1: received:         x
tagged U_type Instruction_$U_type { imm: 'hxxxxx, rd: , opc: 'hxx }
cycle 379
copperv1: received:         x
tagged U_type Instruction_$U_type { imm: 'hxxxxx, rd: , opc: 'hxx }
cycle 380
copperv1: received:         x
tagged U_type Instruction_$U_type { imm: 'hxxxxx, rd: , opc: 'hxx }
cycle 381
copperv1: received:         x
tagged U_type Instruction_$U_type { imm: 'hxxxxx, rd: , opc: 'hxx }
cycle 382
copperv1: received:         x
tagged U_type Instruction_$U_type { imm: 'hxxxxx, rd: , opc: 'hxx }
cycle 383
copperv1: received:         x
tagged U_type Instruction_$U_type { imm: 'hxxxxx, rd: , opc: 'hxx }
cycle 384
copperv1: received:         x
tagged U_type Instruction_$U_type { imm: 'hxxxxx, rd: , opc: 'hxx }
cycle 385
copperv1: received:         x
tagged U_type Instruction_$U_type { imm: 'hxxxxx, rd: , opc: 'hxx }
cycle 386
copperv1: received:         x
tagged U_type Instruction_$U_type { imm: 'hxxxxx, rd: , opc: 'hxx }
cycle 387
copperv1: received:         x
tagged U_type Instruction_$U_type { imm: 'hxxxxx, rd: , opc: 'hxx }
cycle 388
copperv1: received:         x
tagged U_type Instruction_$U_type { imm: 'hxxxxx, rd: , opc: 'hxx }
cycle 389
copperv1: received:         x
tagged U_type Instruction_$U_type { imm: 'hxxxxx, rd: , opc: 'hxx }
cycle 390
copperv1: received:         x
tagged U_type Instruction_$U_type { imm: 'hxxxxx, rd: , opc: 'hxx }
cycle 391
copperv1: received:         x
tagged U_type Instruction_$U_type { imm: 'hxxxxx, rd: , opc: 'hxx }
cycle 392
copperv1: received:         x
tagged U_type Instruction_$U_type { imm: 'hxxxxx, rd: , opc: 'hxx }
cycle 393
copperv1: received:         x
tagged U_type Instruction_$U_type { imm: 'hxxxxx, rd: , opc: 'hxx }
cycle 394
copperv1: received:         x
tagged U_type Instruction_$U_type { imm: 'hxxxxx, rd: , opc: 'hxx }
cycle 395
copperv1: received:         x
tagged U_type Instruction_$U_type { imm: 'hxxxxx, rd: , opc: 'hxx }
cycle 396
copperv1: received:         x
tagged U_type Instruction_$U_type { imm: 'hxxxxx, rd: , opc: 'hxx }
cycle 397
copperv1: received:         x
tagged U_type Instruction_$U_type { imm: 'hxxxxx, rd: , opc: 'hxx }
cycle 398
copperv1: received:         x
tagged U_type Instruction_$U_type { imm: 'hxxxxx, rd: , opc: 'hxx }
cycle 399
copperv1: received:         x
tagged U_type Instruction_$U_type { imm: 'hxxxxx, rd: , opc: 'hxx }
cycle 400
copperv1: received:         x
tagged U_type Instruction_$U_type { imm: 'hxxxxx, rd: , opc: 'hxx }
cycle 401
copperv1: received:         x
tagged U_type Instruction_$U_type { imm: 'hxxxxx, rd: , opc: 'hxx }
cycle 402
copperv1: received:         x
tagged U_type Instruction_$U_type { imm: 'hxxxxx, rd: , opc: 'hxx }
cycle 403
copperv1: received:         x
tagged U_type Instruction_$U_type { imm: 'hxxxxx, rd: , opc: 'hxx }
cycle 404
copperv1: received:         x
tagged U_type Instruction_$U_type { imm: 'hxxxxx, rd: , opc: 'hxx }
cycle 405
copperv1: received:         x
tagged U_type Instruction_$U_type { imm: 'hxxxxx, rd: , opc: 'hxx }
cycle 406
copperv1: received:         x
tagged U_type Instruction_$U_type { imm: 'hxxxxx, rd: , opc: 'hxx }
cycle 407
copperv1: received:         x
tagged U_type Instruction_$U_type { imm: 'hxxxxx, rd: , opc: 'hxx }
cycle 408
copperv1: received:         x
tagged U_type Instruction_$U_type { imm: 'hxxxxx, rd: , opc: 'hxx }
cycle 409
copperv1: received:         x
tagged U_type Instruction_$U_type { imm: 'hxxxxx, rd: , opc: 'hxx }
cycle 410
copperv1: received:         x
tagged U_type Instruction_$U_type { imm: 'hxxxxx, rd: , opc: 'hxx }
cycle 411
copperv1: received:         x
tagged U_type Instruction_$U_type { imm: 'hxxxxx, rd: , opc: 'hxx }
cycle 412
copperv1: received:         x
tagged U_type Instruction_$U_type { imm: 'hxxxxx, rd: , opc: 'hxx }
cycle 413
copperv1: received:         x
tagged U_type Instruction_$U_type { imm: 'hxxxxx, rd: , opc: 'hxx }
cycle 414
copperv1: received:         x
tagged U_type Instruction_$U_type { imm: 'hxxxxx, rd: , opc: 'hxx }
cycle 415
copperv1: received:         x
tagged U_type Instruction_$U_type { imm: 'hxxxxx, rd: , opc: 'hxx }
cycle 416
copperv1: received:         x
tagged U_type Instruction_$U_type { imm: 'hxxxxx, rd: , opc: 'hxx }
cycle 417
copperv1: received:         x
tagged U_type Instruction_$U_type { imm: 'hxxxxx, rd: , opc: 'hxx }
cycle 418
copperv1: received:         x
tagged U_type Instruction_$U_type { imm: 'hxxxxx, rd: , opc: 'hxx }
cycle 419
copperv1: received:         x
tagged U_type Instruction_$U_type { imm: 'hxxxxx, rd: , opc: 'hxx }
cycle 420
copperv1: received:         x
tagged U_type Instruction_$U_type { imm: 'hxxxxx, rd: , opc: 'hxx }
cycle 421
copperv1: received:         x
tagged U_type Instruction_$U_type { imm: 'hxxxxx, rd: , opc: 'hxx }
cycle 422
copperv1: received:         x
tagged U_type Instruction_$U_type { imm: 'hxxxxx, rd: , opc: 'hxx }
cycle 423
copperv1: received:         x
tagged U_type Instruction_$U_type { imm: 'hxxxxx, rd: , opc: 'hxx }
cycle 424
copperv1: received:         x
tagged U_type Instruction_$U_type { imm: 'hxxxxx, rd: , opc: 'hxx }
cycle 425
copperv1: received:         x
tagged U_type Instruction_$U_type { imm: 'hxxxxx, rd: , opc: 'hxx }
cycle 426
copperv1: received:         x
tagged U_type Instruction_$U_type { imm: 'hxxxxx, rd: , opc: 'hxx }
cycle 427
copperv1: received:         x
tagged U_type Instruction_$U_type { imm: 'hxxxxx, rd: , opc: 'hxx }
cycle 428
copperv1: received:         x
tagged U_type Instruction_$U_type { imm: 'hxxxxx, rd: , opc: 'hxx }
cycle 429
copperv1: received:         x
tagged U_type Instruction_$U_type { imm: 'hxxxxx, rd: , opc: 'hxx }
cycle 430
copperv1: received:         x
tagged U_type Instruction_$U_type { imm: 'hxxxxx, rd: , opc: 'hxx }
cycle 431
copperv1: received:         x
tagged U_type Instruction_$U_type { imm: 'hxxxxx, rd: , opc: 'hxx }
cycle 432
copperv1: received:         x
tagged U_type Instruction_$U_type { imm: 'hxxxxx, rd: , opc: 'hxx }
cycle 433
copperv1: received:         x
tagged U_type Instruction_$U_type { imm: 'hxxxxx, rd: , opc: 'hxx }
cycle 434
copperv1: received:         x
tagged U_type Instruction_$U_type { imm: 'hxxxxx, rd: , opc: 'hxx }
cycle 435
copperv1: received:         x
tagged U_type Instruction_$U_type { imm: 'hxxxxx, rd: , opc: 'hxx }
cycle 436
copperv1: received:         x
tagged U_type Instruction_$U_type { imm: 'hxxxxx, rd: , opc: 'hxx }
cycle 437
copperv1: received:         x
tagged U_type Instruction_$U_type { imm: 'hxxxxx, rd: , opc: 'hxx }
cycle 438
copperv1: received:         x
tagged U_type Instruction_$U_type { imm: 'hxxxxx, rd: , opc: 'hxx }
cycle 439
copperv1: received:         x
tagged U_type Instruction_$U_type { imm: 'hxxxxx, rd: , opc: 'hxx }
cycle 440
copperv1: received:         x
tagged U_type Instruction_$U_type { imm: 'hxxxxx, rd: , opc: 'hxx }
cycle 441
copperv1: received:         x
tagged U_type Instruction_$U_type { imm: 'hxxxxx, rd: , opc: 'hxx }
cycle 442
copperv1: received:         x
tagged U_type Instruction_$U_type { imm: 'hxxxxx, rd: , opc: 'hxx }
cycle 443
copperv1: received:         x
tagged U_type Instruction_$U_type { imm: 'hxxxxx, rd: , opc: 'hxx }
cycle 444
copperv1: received:         x
tagged U_type Instruction_$U_type { imm: 'hxxxxx, rd: , opc: 'hxx }
cycle 445
copperv1: received:         x
tagged U_type Instruction_$U_type { imm: 'hxxxxx, rd: , opc: 'hxx }
cycle 446
copperv1: received:         x
tagged U_type Instruction_$U_type { imm: 'hxxxxx, rd: , opc: 'hxx }
cycle 447
copperv1: received:         x
tagged U_type Instruction_$U_type { imm: 'hxxxxx, rd: , opc: 'hxx }
cycle 448
copperv1: received:         x
tagged U_type Instruction_$U_type { imm: 'hxxxxx, rd: , opc: 'hxx }
cycle 449
copperv1: received:         x
tagged U_type Instruction_$U_type { imm: 'hxxxxx, rd: , opc: 'hxx }
cycle 450
copperv1: received:         x
tagged U_type Instruction_$U_type { imm: 'hxxxxx, rd: , opc: 'hxx }
cycle 451
copperv1: received:         x
tagged U_type Instruction_$U_type { imm: 'hxxxxx, rd: , opc: 'hxx }
cycle 452
copperv1: received:         x
tagged U_type Instruction_$U_type { imm: 'hxxxxx, rd: , opc: 'hxx }
cycle 453
copperv1: received:         x
tagged U_type Instruction_$U_type { imm: 'hxxxxx, rd: , opc: 'hxx }
cycle 454
copperv1: received:         x
tagged U_type Instruction_$U_type { imm: 'hxxxxx, rd: , opc: 'hxx }
cycle 455
copperv1: received:         x
tagged U_type Instruction_$U_type { imm: 'hxxxxx, rd: , opc: 'hxx }
cycle 456
copperv1: received:         x
tagged U_type Instruction_$U_type { imm: 'hxxxxx, rd: , opc: 'hxx }
cycle 457
copperv1: received:         x
tagged U_type Instruction_$U_type { imm: 'hxxxxx, rd: , opc: 'hxx }
cycle 458
copperv1: received:         x
tagged U_type Instruction_$U_type { imm: 'hxxxxx, rd: , opc: 'hxx }
cycle 459
copperv1: received:         x
tagged U_type Instruction_$U_type { imm: 'hxxxxx, rd: , opc: 'hxx }
cycle 460
copperv1: received:         x
tagged U_type Instruction_$U_type { imm: 'hxxxxx, rd: , opc: 'hxx }
cycle 461
copperv1: received:         x
tagged U_type Instruction_$U_type { imm: 'hxxxxx, rd: , opc: 'hxx }
cycle 462
copperv1: received:         x
tagged U_type Instruction_$U_type { imm: 'hxxxxx, rd: , opc: 'hxx }
cycle 463
copperv1: received:         x
tagged U_type Instruction_$U_type { imm: 'hxxxxx, rd: , opc: 'hxx }
cycle 464
copperv1: received:         x
tagged U_type Instruction_$U_type { imm: 'hxxxxx, rd: , opc: 'hxx }
cycle 465
copperv1: received:         x
tagged U_type Instruction_$U_type { imm: 'hxxxxx, rd: , opc: 'hxx }
cycle 466
copperv1: received:         x
tagged U_type Instruction_$U_type { imm: 'hxxxxx, rd: , opc: 'hxx }
cycle 467
copperv1: received:         x
tagged U_type Instruction_$U_type { imm: 'hxxxxx, rd: , opc: 'hxx }
cycle 468
copperv1: received:         x
tagged U_type Instruction_$U_type { imm: 'hxxxxx, rd: , opc: 'hxx }
cycle 469
copperv1: received:         x
tagged U_type Instruction_$U_type { imm: 'hxxxxx, rd: , opc: 'hxx }
cycle 470
copperv1: received:         x
tagged U_type Instruction_$U_type { imm: 'hxxxxx, rd: , opc: 'hxx }
cycle 471
copperv1: received:         x
tagged U_type Instruction_$U_type { imm: 'hxxxxx, rd: , opc: 'hxx }
cycle 472
copperv1: received:         x
tagged U_type Instruction_$U_type { imm: 'hxxxxx, rd: , opc: 'hxx }
cycle 473
copperv1: received:         x
tagged U_type Instruction_$U_type { imm: 'hxxxxx, rd: , opc: 'hxx }
cycle 474
copperv1: received:         x
tagged U_type Instruction_$U_type { imm: 'hxxxxx, rd: , opc: 'hxx }
cycle 475
copperv1: received:         x
tagged U_type Instruction_$U_type { imm: 'hxxxxx, rd: , opc: 'hxx }
cycle 476
copperv1: received:         x
tagged U_type Instruction_$U_type { imm: 'hxxxxx, rd: , opc: 'hxx }
cycle 477
copperv1: received:         x
tagged U_type Instruction_$U_type { imm: 'hxxxxx, rd: , opc: 'hxx }
cycle 478
copperv1: received:         x
tagged U_type Instruction_$U_type { imm: 'hxxxxx, rd: , opc: 'hxx }
cycle 479
copperv1: received:         x
tagged U_type Instruction_$U_type { imm: 'hxxxxx, rd: , opc: 'hxx }
cycle 480
copperv1: received:         x
tagged U_type Instruction_$U_type { imm: 'hxxxxx, rd: , opc: 'hxx }
cycle 481
copperv1: received:         x
tagged U_type Instruction_$U_type { imm: 'hxxxxx, rd: , opc: 'hxx }
cycle 482
copperv1: received:         x
tagged U_type Instruction_$U_type { imm: 'hxxxxx, rd: , opc: 'hxx }
cycle 483
copperv1: received:         x
tagged U_type Instruction_$U_type { imm: 'hxxxxx, rd: , opc: 'hxx }
cycle 484
copperv1: received:         x
tagged U_type Instruction_$U_type { imm: 'hxxxxx, rd: , opc: 'hxx }
cycle 485
copperv1: received:         x
tagged U_type Instruction_$U_type { imm: 'hxxxxx, rd: , opc: 'hxx }
cycle 486
copperv1: received:         x
tagged U_type Instruction_$U_type { imm: 'hxxxxx, rd: , opc: 'hxx }
cycle 487
copperv1: received:         x
tagged U_type Instruction_$U_type { imm: 'hxxxxx, rd: , opc: 'hxx }
cycle 488
copperv1: received:         x
tagged U_type Instruction_$U_type { imm: 'hxxxxx, rd: , opc: 'hxx }
cycle 489
copperv1: received:         x
tagged U_type Instruction_$U_type { imm: 'hxxxxx, rd: , opc: 'hxx }
cycle 490
copperv1: received:         x
tagged U_type Instruction_$U_type { imm: 'hxxxxx, rd: , opc: 'hxx }
cycle 491
copperv1: received:         x
tagged U_type Instruction_$U_type { imm: 'hxxxxx, rd: , opc: 'hxx }
cycle 492
copperv1: received:         x
tagged U_type Instruction_$U_type { imm: 'hxxxxx, rd: , opc: 'hxx }
cycle 493
copperv1: received:         x
tagged U_type Instruction_$U_type { imm: 'hxxxxx, rd: , opc: 'hxx }
cycle 494
copperv1: received:         x
tagged U_type Instruction_$U_type { imm: 'hxxxxx, rd: , opc: 'hxx }
cycle 495
copperv1: received:         x
tagged U_type Instruction_$U_type { imm: 'hxxxxx, rd: , opc: 'hxx }
cycle 496
copperv1: received:         x
tagged U_type Instruction_$U_type { imm: 'hxxxxx, rd: , opc: 'hxx }
cycle 497
copperv1: received:         x
tagged U_type Instruction_$U_type { imm: 'hxxxxx, rd: , opc: 'hxx }
cycle 498
copperv1: received:         x
tagged U_type Instruction_$U_type { imm: 'hxxxxx, rd: , opc: 'hxx }
cycle 499
copperv1: received:         x
tagged U_type Instruction_$U_type { imm: 'hxxxxx, rd: , opc: 'hxx }
cycle 500
copperv1: received:         x
tagged U_type Instruction_$U_type { imm: 'hxxxxx, rd: , opc: 'hxx }
cycle 501
copperv1: received:         x
tagged U_type Instruction_$U_type { imm: 'hxxxxx, rd: , opc: 'hxx }
cycle 502
copperv1: received:         x
tagged U_type Instruction_$U_type { imm: 'hxxxxx, rd: , opc: 'hxx }
cycle 503
copperv1: received:         x
tagged U_type Instruction_$U_type { imm: 'hxxxxx, rd: , opc: 'hxx }
cycle 504
copperv1: received:         x
tagged U_type Instruction_$U_type { imm: 'hxxxxx, rd: , opc: 'hxx }
cycle 505
copperv1: received:         x
tagged U_type Instruction_$U_type { imm: 'hxxxxx, rd: , opc: 'hxx }
cycle 506
copperv1: received:         x
tagged U_type Instruction_$U_type { imm: 'hxxxxx, rd: , opc: 'hxx }
cycle 507
copperv1: received:         x
tagged U_type Instruction_$U_type { imm: 'hxxxxx, rd: , opc: 'hxx }
cycle 508
copperv1: received:         x
tagged U_type Instruction_$U_type { imm: 'hxxxxx, rd: , opc: 'hxx }
cycle 509
copperv1: received:         x
tagged U_type Instruction_$U_type { imm: 'hxxxxx, rd: , opc: 'hxx }
cycle 510
copperv1: received:         x
tagged U_type Instruction_$U_type { imm: 'hxxxxx, rd: , opc: 'hxx }
cycle 511
copperv1: received:         x
tagged U_type Instruction_$U_type { imm: 'hxxxxx, rd: , opc: 'hxx }
cycle 512
copperv1: received:         x
tagged U_type Instruction_$U_type { imm: 'hxxxxx, rd: , opc: 'hxx }
cycle 513
copperv1: received:         x
tagged U_type Instruction_$U_type { imm: 'hxxxxx, rd: , opc: 'hxx }
cycle 514
copperv1: received:         x
tagged U_type Instruction_$U_type { imm: 'hxxxxx, rd: , opc: 'hxx }
cycle 515
copperv1: received:         x
tagged U_type Instruction_$U_type { imm: 'hxxxxx, rd: , opc: 'hxx }
cycle 516
copperv1: received:         x
tagged U_type Instruction_$U_type { imm: 'hxxxxx, rd: , opc: 'hxx }
cycle 517
copperv1: received:         x
tagged U_type Instruction_$U_type { imm: 'hxxxxx, rd: , opc: 'hxx }
cycle 518
copperv1: received:         x
tagged U_type Instruction_$U_type { imm: 'hxxxxx, rd: , opc: 'hxx }
cycle 519
copperv1: received:         x
tagged U_type Instruction_$U_type { imm: 'hxxxxx, rd: , opc: 'hxx }
cycle 520
copperv1: received:         x
tagged U_type Instruction_$U_type { imm: 'hxxxxx, rd: , opc: 'hxx }
cycle 521
copperv1: received:         x
tagged U_type Instruction_$U_type { imm: 'hxxxxx, rd: , opc: 'hxx }
cycle 522
copperv1: received:         x
tagged U_type Instruction_$U_type { imm: 'hxxxxx, rd: , opc: 'hxx }
cycle 523
copperv1: received:         x
tagged U_type Instruction_$U_type { imm: 'hxxxxx, rd: , opc: 'hxx }
cycle 524
copperv1: received:         x
tagged U_type Instruction_$U_type { imm: 'hxxxxx, rd: , opc: 'hxx }
cycle 525
copperv1: received:         x
tagged U_type Instruction_$U_type { imm: 'hxxxxx, rd: , opc: 'hxx }
cycle 526
copperv1: received:         x
tagged U_type Instruction_$U_type { imm: 'hxxxxx, rd: , opc: 'hxx }
cycle 527
copperv1: received:         x
tagged U_type Instruction_$U_type { imm: 'hxxxxx, rd: , opc: 'hxx }
cycle 528
copperv1: received:         x
tagged U_type Instruction_$U_type { imm: 'hxxxxx, rd: , opc: 'hxx }
cycle 529
copperv1: received:         x
tagged U_type Instruction_$U_type { imm: 'hxxxxx, rd: , opc: 'hxx }
cycle 530
copperv1: received:         x
tagged U_type Instruction_$U_type { imm: 'hxxxxx, rd: , opc: 'hxx }
cycle 531
copperv1: received:         x
tagged U_type Instruction_$U_type { imm: 'hxxxxx, rd: , opc: 'hxx }
cycle 532
copperv1: received:         x
tagged U_type Instruction_$U_type { imm: 'hxxxxx, rd: , opc: 'hxx }
cycle 533
copperv1: received:         x
tagged U_type Instruction_$U_type { imm: 'hxxxxx, rd: , opc: 'hxx }
cycle 534
copperv1: received:         x
tagged U_type Instruction_$U_type { imm: 'hxxxxx, rd: , opc: 'hxx }
cycle 535
copperv1: received:         x
tagged U_type Instruction_$U_type { imm: 'hxxxxx, rd: , opc: 'hxx }
cycle 536
copperv1: received:         x
tagged U_type Instruction_$U_type { imm: 'hxxxxx, rd: , opc: 'hxx }
cycle 537
copperv1: received:         x
tagged U_type Instruction_$U_type { imm: 'hxxxxx, rd: , opc: 'hxx }
cycle 538
copperv1: received:         x
tagged U_type Instruction_$U_type { imm: 'hxxxxx, rd: , opc: 'hxx }
cycle 539
copperv1: received:         x
tagged U_type Instruction_$U_type { imm: 'hxxxxx, rd: , opc: 'hxx }
cycle 540
copperv1: received:         x
tagged U_type Instruction_$U_type { imm: 'hxxxxx, rd: , opc: 'hxx }
cycle 541
copperv1: received:         x
tagged U_type Instruction_$U_type { imm: 'hxxxxx, rd: , opc: 'hxx }
cycle 542
copperv1: received:         x
tagged U_type Instruction_$U_type { imm: 'hxxxxx, rd: , opc: 'hxx }
cycle 543
copperv1: received:         x
tagged U_type Instruction_$U_type { imm: 'hxxxxx, rd: , opc: 'hxx }
cycle 544
copperv1: received:         x
tagged U_type Instruction_$U_type { imm: 'hxxxxx, rd: , opc: 'hxx }
cycle 545
copperv1: received:         x
tagged U_type Instruction_$U_type { imm: 'hxxxxx, rd: , opc: 'hxx }
cycle 546
copperv1: received:         x
tagged U_type Instruction_$U_type { imm: 'hxxxxx, rd: , opc: 'hxx }
cycle 547
copperv1: received:         x
tagged U_type Instruction_$U_type { imm: 'hxxxxx, rd: , opc: 'hxx }
cycle 548
copperv1: received:         x
tagged U_type Instruction_$U_type { imm: 'hxxxxx, rd: , opc: 'hxx }
cycle 549
copperv1: received:         x
tagged U_type Instruction_$U_type { imm: 'hxxxxx, rd: , opc: 'hxx }
cycle 550
copperv1: received:         x
tagged U_type Instruction_$U_type { imm: 'hxxxxx, rd: , opc: 'hxx }
cycle 551
copperv1: received:         x
tagged U_type Instruction_$U_type { imm: 'hxxxxx, rd: , opc: 'hxx }
cycle 552
copperv1: received:         x
tagged U_type Instruction_$U_type { imm: 'hxxxxx, rd: , opc: 'hxx }
cycle 553
copperv1: received:         x
tagged U_type Instruction_$U_type { imm: 'hxxxxx, rd: , opc: 'hxx }
cycle 554
copperv1: received:         x
tagged U_type Instruction_$U_type { imm: 'hxxxxx, rd: , opc: 'hxx }
cycle 555
copperv1: received:         x
tagged U_type Instruction_$U_type { imm: 'hxxxxx, rd: , opc: 'hxx }
cycle 556
copperv1: received:         x
tagged U_type Instruction_$U_type { imm: 'hxxxxx, rd: , opc: 'hxx }
cycle 557
copperv1: received:         x
tagged U_type Instruction_$U_type { imm: 'hxxxxx, rd: , opc: 'hxx }
cycle 558
copperv1: received:         x
tagged U_type Instruction_$U_type { imm: 'hxxxxx, rd: , opc: 'hxx }
cycle 559
copperv1: received:         x
tagged U_type Instruction_$U_type { imm: 'hxxxxx, rd: , opc: 'hxx }
cycle 560
copperv1: received:         x
tagged U_type Instruction_$U_type { imm: 'hxxxxx, rd: , opc: 'hxx }
cycle 561
copperv1: received:         x
tagged U_type Instruction_$U_type { imm: 'hxxxxx, rd: , opc: 'hxx }
cycle 562
copperv1: received:         x
tagged U_type Instruction_$U_type { imm: 'hxxxxx, rd: , opc: 'hxx }
cycle 563
copperv1: received:         x
tagged U_type Instruction_$U_type { imm: 'hxxxxx, rd: , opc: 'hxx }
cycle 564
copperv1: received:         x
tagged U_type Instruction_$U_type { imm: 'hxxxxx, rd: , opc: 'hxx }
cycle 565
copperv1: received:         x
tagged U_type Instruction_$U_type { imm: 'hxxxxx, rd: , opc: 'hxx }
cycle 566
copperv1: received:         x
tagged U_type Instruction_$U_type { imm: 'hxxxxx, rd: , opc: 'hxx }
cycle 567
copperv1: received:         x
tagged U_type Instruction_$U_type { imm: 'hxxxxx, rd: , opc: 'hxx }
cycle 568
copperv1: received:         x
tagged U_type Instruction_$U_type { imm: 'hxxxxx, rd: , opc: 'hxx }
cycle 569
copperv1: received:         x
tagged U_type Instruction_$U_type { imm: 'hxxxxx, rd: , opc: 'hxx }
cycle 570
copperv1: received:         x
tagged U_type Instruction_$U_type { imm: 'hxxxxx, rd: , opc: 'hxx }
cycle 571
copperv1: received:         x
tagged U_type Instruction_$U_type { imm: 'hxxxxx, rd: , opc: 'hxx }
cycle 572
copperv1: received:         x
tagged U_type Instruction_$U_type { imm: 'hxxxxx, rd: , opc: 'hxx }
cycle 573
copperv1: received:         x
tagged U_type Instruction_$U_type { imm: 'hxxxxx, rd: , opc: 'hxx }
cycle 574
copperv1: received:         x
tagged U_type Instruction_$U_type { imm: 'hxxxxx, rd: , opc: 'hxx }
cycle 575
copperv1: received:         x
tagged U_type Instruction_$U_type { imm: 'hxxxxx, rd: , opc: 'hxx }
cycle 576
copperv1: received:         x
tagged U_type Instruction_$U_type { imm: 'hxxxxx, rd: , opc: 'hxx }
cycle 577
copperv1: received:         x
tagged U_type Instruction_$U_type { imm: 'hxxxxx, rd: , opc: 'hxx }
cycle 578
copperv1: received:         x
tagged U_type Instruction_$U_type { imm: 'hxxxxx, rd: , opc: 'hxx }
cycle 579
copperv1: received:         x
tagged U_type Instruction_$U_type { imm: 'hxxxxx, rd: , opc: 'hxx }
cycle 580
copperv1: received:         x
tagged U_type Instruction_$U_type { imm: 'hxxxxx, rd: , opc: 'hxx }
cycle 581
copperv1: received:         x
tagged U_type Instruction_$U_type { imm: 'hxxxxx, rd: , opc: 'hxx }
cycle 582
copperv1: received:         x
tagged U_type Instruction_$U_type { imm: 'hxxxxx, rd: , opc: 'hxx }
cycle 583
copperv1: received:         x
tagged U_type Instruction_$U_type { imm: 'hxxxxx, rd: , opc: 'hxx }
cycle 584
copperv1: received:         x
tagged U_type Instruction_$U_type { imm: 'hxxxxx, rd: , opc: 'hxx }
cycle 585
copperv1: received:         x
tagged U_type Instruction_$U_type { imm: 'hxxxxx, rd: , opc: 'hxx }
cycle 586
copperv1: received:         x
tagged U_type Instruction_$U_type { imm: 'hxxxxx, rd: , opc: 'hxx }
cycle 587
copperv1: received:         x
tagged U_type Instruction_$U_type { imm: 'hxxxxx, rd: , opc: 'hxx }
cycle 588
copperv1: received:         x
tagged U_type Instruction_$U_type { imm: 'hxxxxx, rd: , opc: 'hxx }
cycle 589
copperv1: received:         x
tagged U_type Instruction_$U_type { imm: 'hxxxxx, rd: , opc: 'hxx }
cycle 590
copperv1: received:         x
tagged U_type Instruction_$U_type { imm: 'hxxxxx, rd: , opc: 'hxx }
cycle 591
copperv1: received:         x
tagged U_type Instruction_$U_type { imm: 'hxxxxx, rd: , opc: 'hxx }
cycle 592
copperv1: received:         x
tagged U_type Instruction_$U_type { imm: 'hxxxxx, rd: , opc: 'hxx }
cycle 593
copperv1: received:         x
tagged U_type Instruction_$U_type { imm: 'hxxxxx, rd: , opc: 'hxx }
cycle 594
copperv1: received:         x
tagged U_type Instruction_$U_type { imm: 'hxxxxx, rd: , opc: 'hxx }
cycle 595
copperv1: received:         x
tagged U_type Instruction_$U_type { imm: 'hxxxxx, rd: , opc: 'hxx }
cycle 596
copperv1: received:         x
tagged U_type Instruction_$U_type { imm: 'hxxxxx, rd: , opc: 'hxx }
cycle 597
copperv1: received:         x
tagged U_type Instruction_$U_type { imm: 'hxxxxx, rd: , opc: 'hxx }
cycle 598
copperv1: received:         x
tagged U_type Instruction_$U_type { imm: 'hxxxxx, rd: , opc: 'hxx }
cycle 599
copperv1: received:         x
tagged U_type Instruction_$U_type { imm: 'hxxxxx, rd: , opc: 'hxx }
cycle 600
copperv1: received:         x
tagged U_type Instruction_$U_type { imm: 'hxxxxx, rd: , opc: 'hxx }
cycle 601
copperv1: received:         x
tagged U_type Instruction_$U_type { imm: 'hxxxxx, rd: , opc: 'hxx }
cycle 602
copperv1: received:         x
tagged U_type Instruction_$U_type { imm: 'hxxxxx, rd: , opc: 'hxx }
cycle 603
copperv1: received:         x
tagged U_type Instruction_$U_type { imm: 'hxxxxx, rd: , opc: 'hxx }
cycle 604
copperv1: received:         x
tagged U_type Instruction_$U_type { imm: 'hxxxxx, rd: , opc: 'hxx }
cycle 605
copperv1: received:         x
tagged U_type Instruction_$U_type { imm: 'hxxxxx, rd: , opc: 'hxx }
cycle 606
copperv1: received:         x
tagged U_type Instruction_$U_type { imm: 'hxxxxx, rd: , opc: 'hxx }
cycle 607
copperv1: received:         x
tagged U_type Instruction_$U_type { imm: 'hxxxxx, rd: , opc: 'hxx }
cycle 608
copperv1: received:         x
tagged U_type Instruction_$U_type { imm: 'hxxxxx, rd: , opc: 'hxx }
cycle 609
copperv1: received:         x
tagged U_type Instruction_$U_type { imm: 'hxxxxx, rd: , opc: 'hxx }
cycle 610
copperv1: received:         x
tagged U_type Instruction_$U_type { imm: 'hxxxxx, rd: , opc: 'hxx }
cycle 611
copperv1: received:         x
tagged U_type Instruction_$U_type { imm: 'hxxxxx, rd: , opc: 'hxx }
cycle 612
copperv1: received:         x
tagged U_type Instruction_$U_type { imm: 'hxxxxx, rd: , opc: 'hxx }
cycle 613
copperv1: received:         x
tagged U_type Instruction_$U_type { imm: 'hxxxxx, rd: , opc: 'hxx }
cycle 614
copperv1: received:         x
tagged U_type Instruction_$U_type { imm: 'hxxxxx, rd: , opc: 'hxx }
cycle 615
copperv1: received:         x
tagged U_type Instruction_$U_type { imm: 'hxxxxx, rd: , opc: 'hxx }
cycle 616
copperv1: received:         x
tagged U_type Instruction_$U_type { imm: 'hxxxxx, rd: , opc: 'hxx }
cycle 617
copperv1: received:         x
tagged U_type Instruction_$U_type { imm: 'hxxxxx, rd: , opc: 'hxx }
cycle 618
copperv1: received:         x
tagged U_type Instruction_$U_type { imm: 'hxxxxx, rd: , opc: 'hxx }
cycle 619
copperv1: received:         x
tagged U_type Instruction_$U_type { imm: 'hxxxxx, rd: , opc: 'hxx }
cycle 620
copperv1: received:         x
tagged U_type Instruction_$U_type { imm: 'hxxxxx, rd: , opc: 'hxx }
cycle 621
copperv1: received:         x
tagged U_type Instruction_$U_type { imm: 'hxxxxx, rd: , opc: 'hxx }
cycle 622
copperv1: received:         x
tagged U_type Instruction_$U_type { imm: 'hxxxxx, rd: , opc: 'hxx }
cycle 623
copperv1: received:         x
tagged U_type Instruction_$U_type { imm: 'hxxxxx, rd: , opc: 'hxx }
cycle 624
copperv1: received:         x
tagged U_type Instruction_$U_type { imm: 'hxxxxx, rd: , opc: 'hxx }
cycle 625
copperv1: received:         x
tagged U_type Instruction_$U_type { imm: 'hxxxxx, rd: , opc: 'hxx }
cycle 626
copperv1: received:         x
tagged U_type Instruction_$U_type { imm: 'hxxxxx, rd: , opc: 'hxx }
cycle 627
copperv1: received:         x
tagged U_type Instruction_$U_type { imm: 'hxxxxx, rd: , opc: 'hxx }
cycle 628
copperv1: received:         x
tagged U_type Instruction_$U_type { imm: 'hxxxxx, rd: , opc: 'hxx }
cycle 629
copperv1: received:         x
tagged U_type Instruction_$U_type { imm: 'hxxxxx, rd: , opc: 'hxx }
cycle 630
copperv1: received:         x
tagged U_type Instruction_$U_type { imm: 'hxxxxx, rd: , opc: 'hxx }
cycle 631
copperv1: received:         x
tagged U_type Instruction_$U_type { imm: 'hxxxxx, rd: , opc: 'hxx }
cycle 632
copperv1: received:         x
tagged U_type Instruction_$U_type { imm: 'hxxxxx, rd: , opc: 'hxx }
cycle 633
copperv1: received:         x
tagged U_type Instruction_$U_type { imm: 'hxxxxx, rd: , opc: 'hxx }
cycle 634
copperv1: received:         x
tagged U_type Instruction_$U_type { imm: 'hxxxxx, rd: , opc: 'hxx }
cycle 635
copperv1: received:         x
tagged U_type Instruction_$U_type { imm: 'hxxxxx, rd: , opc: 'hxx }
cycle 636
copperv1: received:         x
tagged U_type Instruction_$U_type { imm: 'hxxxxx, rd: , opc: 'hxx }
cycle 637
copperv1: received:         x
tagged U_type Instruction_$U_type { imm: 'hxxxxx, rd: , opc: 'hxx }
cycle 638
copperv1: received:         x
tagged U_type Instruction_$U_type { imm: 'hxxxxx, rd: , opc: 'hxx }
cycle 639
copperv1: received:         x
tagged U_type Instruction_$U_type { imm: 'hxxxxx, rd: , opc: 'hxx }
cycle 640
copperv1: received:         x
tagged U_type Instruction_$U_type { imm: 'hxxxxx, rd: , opc: 'hxx }
cycle 641
copperv1: received:         x
tagged U_type Instruction_$U_type { imm: 'hxxxxx, rd: , opc: 'hxx }
cycle 642
copperv1: received:         x
tagged U_type Instruction_$U_type { imm: 'hxxxxx, rd: , opc: 'hxx }
cycle 643
copperv1: received:         x
tagged U_type Instruction_$U_type { imm: 'hxxxxx, rd: , opc: 'hxx }
cycle 644
copperv1: received:         x
tagged U_type Instruction_$U_type { imm: 'hxxxxx, rd: , opc: 'hxx }
cycle 645
copperv1: received:         x
tagged U_type Instruction_$U_type { imm: 'hxxxxx, rd: , opc: 'hxx }
cycle 646
copperv1: received:         x
tagged U_type Instruction_$U_type { imm: 'hxxxxx, rd: , opc: 'hxx }
cycle 647
copperv1: received:         x
tagged U_type Instruction_$U_type { imm: 'hxxxxx, rd: , opc: 'hxx }
cycle 648
copperv1: received:         x
tagged U_type Instruction_$U_type { imm: 'hxxxxx, rd: , opc: 'hxx }
cycle 649
copperv1: received:         x
tagged U_type Instruction_$U_type { imm: 'hxxxxx, rd: , opc: 'hxx }
cycle 650
copperv1: received:         x
tagged U_type Instruction_$U_type { imm: 'hxxxxx, rd: , opc: 'hxx }
cycle 651
copperv1: received:         x
tagged U_type Instruction_$U_type { imm: 'hxxxxx, rd: , opc: 'hxx }
cycle 652
copperv1: received:         x
tagged U_type Instruction_$U_type { imm: 'hxxxxx, rd: , opc: 'hxx }
cycle 653
copperv1: received:         x
tagged U_type Instruction_$U_type { imm: 'hxxxxx, rd: , opc: 'hxx }
cycle 654
copperv1: received:         x
tagged U_type Instruction_$U_type { imm: 'hxxxxx, rd: , opc: 'hxx }
cycle 655
copperv1: received:         x
tagged U_type Instruction_$U_type { imm: 'hxxxxx, rd: , opc: 'hxx }
cycle 656
copperv1: received:         x
tagged U_type Instruction_$U_type { imm: 'hxxxxx, rd: , opc: 'hxx }
cycle 657
copperv1: received:         x
tagged U_type Instruction_$U_type { imm: 'hxxxxx, rd: , opc: 'hxx }
cycle 658
copperv1: received:         x
tagged U_type Instruction_$U_type { imm: 'hxxxxx, rd: , opc: 'hxx }
cycle 659
copperv1: received:         x
tagged U_type Instruction_$U_type { imm: 'hxxxxx, rd: , opc: 'hxx }
cycle 660
copperv1: received:         x
tagged U_type Instruction_$U_type { imm: 'hxxxxx, rd: , opc: 'hxx }
cycle 661
copperv1: received:         x
tagged U_type Instruction_$U_type { imm: 'hxxxxx, rd: , opc: 'hxx }
cycle 662
copperv1: received:         x
tagged U_type Instruction_$U_type { imm: 'hxxxxx, rd: , opc: 'hxx }
cycle 663
copperv1: received:         x
tagged U_type Instruction_$U_type { imm: 'hxxxxx, rd: , opc: 'hxx }
cycle 664
copperv1: received:         x
tagged U_type Instruction_$U_type { imm: 'hxxxxx, rd: , opc: 'hxx }
cycle 665
copperv1: received:         x
tagged U_type Instruction_$U_type { imm: 'hxxxxx, rd: , opc: 'hxx }
cycle 666
copperv1: received:         x
tagged U_type Instruction_$U_type { imm: 'hxxxxx, rd: , opc: 'hxx }
cycle 667
copperv1: received:         x
tagged U_type Instruction_$U_type { imm: 'hxxxxx, rd: , opc: 'hxx }
cycle 668
copperv1: received:         x
tagged U_type Instruction_$U_type { imm: 'hxxxxx, rd: , opc: 'hxx }
cycle 669
copperv1: received:         x
tagged U_type Instruction_$U_type { imm: 'hxxxxx, rd: , opc: 'hxx }
cycle 670
copperv1: received:         x
tagged U_type Instruction_$U_type { imm: 'hxxxxx, rd: , opc: 'hxx }
cycle 671
copperv1: received:         x
tagged U_type Instruction_$U_type { imm: 'hxxxxx, rd: , opc: 'hxx }
cycle 672
copperv1: received:         x
tagged U_type Instruction_$U_type { imm: 'hxxxxx, rd: , opc: 'hxx }
cycle 673
copperv1: received:         x
tagged U_type Instruction_$U_type { imm: 'hxxxxx, rd: , opc: 'hxx }
cycle 674
copperv1: received:         x
tagged U_type Instruction_$U_type { imm: 'hxxxxx, rd: , opc: 'hxx }
cycle 675
copperv1: received:         x
tagged U_type Instruction_$U_type { imm: 'hxxxxx, rd: , opc: 'hxx }
cycle 676
copperv1: received:         x
tagged U_type Instruction_$U_type { imm: 'hxxxxx, rd: , opc: 'hxx }
cycle 677
copperv1: received:         x
tagged U_type Instruction_$U_type { imm: 'hxxxxx, rd: , opc: 'hxx }
cycle 678
copperv1: received:         x
tagged U_type Instruction_$U_type { imm: 'hxxxxx, rd: , opc: 'hxx }
cycle 679
copperv1: received:         x
tagged U_type Instruction_$U_type { imm: 'hxxxxx, rd: , opc: 'hxx }
cycle 680
copperv1: received:         x
tagged U_type Instruction_$U_type { imm: 'hxxxxx, rd: , opc: 'hxx }
cycle 681
copperv1: received:         x
tagged U_type Instruction_$U_type { imm: 'hxxxxx, rd: , opc: 'hxx }
cycle 682
copperv1: received:         x
tagged U_type Instruction_$U_type { imm: 'hxxxxx, rd: , opc: 'hxx }
cycle 683
copperv1: received:         x
tagged U_type Instruction_$U_type { imm: 'hxxxxx, rd: , opc: 'hxx }
cycle 684
copperv1: received:         x
tagged U_type Instruction_$U_type { imm: 'hxxxxx, rd: , opc: 'hxx }
cycle 685
copperv1: received:         x
tagged U_type Instruction_$U_type { imm: 'hxxxxx, rd: , opc: 'hxx }
cycle 686
copperv1: received:         x
tagged U_type Instruction_$U_type { imm: 'hxxxxx, rd: , opc: 'hxx }
cycle 687
copperv1: received:         x
tagged U_type Instruction_$U_type { imm: 'hxxxxx, rd: , opc: 'hxx }
cycle 688
copperv1: received:         x
tagged U_type Instruction_$U_type { imm: 'hxxxxx, rd: , opc: 'hxx }
cycle 689
copperv1: received:         x
tagged U_type Instruction_$U_type { imm: 'hxxxxx, rd: , opc: 'hxx }
cycle 690
copperv1: received:         x
tagged U_type Instruction_$U_type { imm: 'hxxxxx, rd: , opc: 'hxx }
cycle 691
copperv1: received:         x
tagged U_type Instruction_$U_type { imm: 'hxxxxx, rd: , opc: 'hxx }
cycle 692
copperv1: received:         x
tagged U_type Instruction_$U_type { imm: 'hxxxxx, rd: , opc: 'hxx }
cycle 693
copperv1: received:         x
tagged U_type Instruction_$U_type { imm: 'hxxxxx, rd: , opc: 'hxx }
cycle 694
copperv1: received:         x
tagged U_type Instruction_$U_type { imm: 'hxxxxx, rd: , opc: 'hxx }
cycle 695
copperv1: received:         x
tagged U_type Instruction_$U_type { imm: 'hxxxxx, rd: , opc: 'hxx }
cycle 696
copperv1: received:         x
tagged U_type Instruction_$U_type { imm: 'hxxxxx, rd: , opc: 'hxx }
cycle 697
copperv1: received:         x
tagged U_type Instruction_$U_type { imm: 'hxxxxx, rd: , opc: 'hxx }
cycle 698
copperv1: received:         x
tagged U_type Instruction_$U_type { imm: 'hxxxxx, rd: , opc: 'hxx }
cycle 699
copperv1: received:         x
tagged U_type Instruction_$U_type { imm: 'hxxxxx, rd: , opc: 'hxx }
cycle 700
copperv1: received:         x
tagged U_type Instruction_$U_type { imm: 'hxxxxx, rd: , opc: 'hxx }
cycle 701
copperv1: received:         x
tagged U_type Instruction_$U_type { imm: 'hxxxxx, rd: , opc: 'hxx }
cycle 702
copperv1: received:         x
tagged U_type Instruction_$U_type { imm: 'hxxxxx, rd: , opc: 'hxx }
cycle 703
copperv1: received:         x
tagged U_type Instruction_$U_type { imm: 'hxxxxx, rd: , opc: 'hxx }
cycle 704
copperv1: received:         x
tagged U_type Instruction_$U_type { imm: 'hxxxxx, rd: , opc: 'hxx }
cycle 705
copperv1: received:         x
tagged U_type Instruction_$U_type { imm: 'hxxxxx, rd: , opc: 'hxx }
cycle 706
copperv1: received:         x
tagged U_type Instruction_$U_type { imm: 'hxxxxx, rd: , opc: 'hxx }
cycle 707
copperv1: received:         x
tagged U_type Instruction_$U_type { imm: 'hxxxxx, rd: , opc: 'hxx }
cycle 708
copperv1: received:         x
tagged U_type Instruction_$U_type { imm: 'hxxxxx, rd: , opc: 'hxx }
cycle 709
copperv1: received:         x
tagged U_type Instruction_$U_type { imm: 'hxxxxx, rd: , opc: 'hxx }
cycle 710
copperv1: received:         x
tagged U_type Instruction_$U_type { imm: 'hxxxxx, rd: , opc: 'hxx }
cycle 711
copperv1: received:         x
tagged U_type Instruction_$U_type { imm: 'hxxxxx, rd: , opc: 'hxx }
cycle 712
copperv1: received:         x
tagged U_type Instruction_$U_type { imm: 'hxxxxx, rd: , opc: 'hxx }
cycle 713
copperv1: received:         x
tagged U_type Instruction_$U_type { imm: 'hxxxxx, rd: , opc: 'hxx }
cycle 714
copperv1: received:         x
tagged U_type Instruction_$U_type { imm: 'hxxxxx, rd: , opc: 'hxx }
cycle 715
copperv1: received:         x
tagged U_type Instruction_$U_type { imm: 'hxxxxx, rd: , opc: 'hxx }
cycle 716
copperv1: received:         x
tagged U_type Instruction_$U_type { imm: 'hxxxxx, rd: , opc: 'hxx }
cycle 717
copperv1: received:         x
tagged U_type Instruction_$U_type { imm: 'hxxxxx, rd: , opc: 'hxx }
cycle 718
copperv1: received:         x
tagged U_type Instruction_$U_type { imm: 'hxxxxx, rd: , opc: 'hxx }
cycle 719
copperv1: received:         x
tagged U_type Instruction_$U_type { imm: 'hxxxxx, rd: , opc: 'hxx }
cycle 720
copperv1: received:         x
tagged U_type Instruction_$U_type { imm: 'hxxxxx, rd: , opc: 'hxx }
cycle 721
copperv1: received:         x
tagged U_type Instruction_$U_type { imm: 'hxxxxx, rd: , opc: 'hxx }
cycle 722
copperv1: received:         x
tagged U_type Instruction_$U_type { imm: 'hxxxxx, rd: , opc: 'hxx }
cycle 723
copperv1: received:         x
tagged U_type Instruction_$U_type { imm: 'hxxxxx, rd: , opc: 'hxx }
cycle 724
copperv1: received:         x
tagged U_type Instruction_$U_type { imm: 'hxxxxx, rd: , opc: 'hxx }
cycle 725
copperv1: received:         x
tagged U_type Instruction_$U_type { imm: 'hxxxxx, rd: , opc: 'hxx }
cycle 726
copperv1: received:         x
tagged U_type Instruction_$U_type { imm: 'hxxxxx, rd: , opc: 'hxx }
cycle 727
copperv1: received:         x
tagged U_type Instruction_$U_type { imm: 'hxxxxx, rd: , opc: 'hxx }
cycle 728
copperv1: received:         x
tagged U_type Instruction_$U_type { imm: 'hxxxxx, rd: , opc: 'hxx }
cycle 729
copperv1: received:         x
tagged U_type Instruction_$U_type { imm: 'hxxxxx, rd: , opc: 'hxx }
cycle 730
copperv1: received:         x
tagged U_type Instruction_$U_type { imm: 'hxxxxx, rd: , opc: 'hxx }
cycle 731
copperv1: received:         x
tagged U_type Instruction_$U_type { imm: 'hxxxxx, rd: , opc: 'hxx }
cycle 732
copperv1: received:         x
tagged U_type Instruction_$U_type { imm: 'hxxxxx, rd: , opc: 'hxx }
cycle 733
copperv1: received:         x
tagged U_type Instruction_$U_type { imm: 'hxxxxx, rd: , opc: 'hxx }
cycle 734
copperv1: received:         x
tagged U_type Instruction_$U_type { imm: 'hxxxxx, rd: , opc: 'hxx }
cycle 735
copperv1: received:         x
tagged U_type Instruction_$U_type { imm: 'hxxxxx, rd: , opc: 'hxx }
cycle 736
copperv1: received:         x
tagged U_type Instruction_$U_type { imm: 'hxxxxx, rd: , opc: 'hxx }
cycle 737
copperv1: received:         x
tagged U_type Instruction_$U_type { imm: 'hxxxxx, rd: , opc: 'hxx }
cycle 738
copperv1: received:         x
tagged U_type Instruction_$U_type { imm: 'hxxxxx, rd: , opc: 'hxx }
cycle 739
copperv1: received:         x
tagged U_type Instruction_$U_type { imm: 'hxxxxx, rd: , opc: 'hxx }
cycle 740
copperv1: received:         x
tagged U_type Instruction_$U_type { imm: 'hxxxxx, rd: , opc: 'hxx }
cycle 741
copperv1: received:         x
tagged U_type Instruction_$U_type { imm: 'hxxxxx, rd: , opc: 'hxx }
cycle 742
copperv1: received:         x
tagged U_type Instruction_$U_type { imm: 'hxxxxx, rd: , opc: 'hxx }
cycle 743
copperv1: received:         x
tagged U_type Instruction_$U_type { imm: 'hxxxxx, rd: , opc: 'hxx }
cycle 744
copperv1: received:         x
tagged U_type Instruction_$U_type { imm: 'hxxxxx, rd: , opc: 'hxx }
cycle 745
copperv1: received:         x
tagged U_type Instruction_$U_type { imm: 'hxxxxx, rd: , opc: 'hxx }
cycle 746
copperv1: received:         x
tagged U_type Instruction_$U_type { imm: 'hxxxxx, rd: , opc: 'hxx }
cycle 747
copperv1: received:         x
tagged U_type Instruction_$U_type { imm: 'hxxxxx, rd: , opc: 'hxx }
cycle 748
copperv1: received:         x
tagged U_type Instruction_$U_type { imm: 'hxxxxx, rd: , opc: 'hxx }
cycle 749
copperv1: received:         x
tagged U_type Instruction_$U_type { imm: 'hxxxxx, rd: , opc: 'hxx }
cycle 750
copperv1: received:         x
tagged U_type Instruction_$U_type { imm: 'hxxxxx, rd: , opc: 'hxx }
cycle 751
copperv1: received:         x
tagged U_type Instruction_$U_type { imm: 'hxxxxx, rd: , opc: 'hxx }
cycle 752
copperv1: received:         x
tagged U_type Instruction_$U_type { imm: 'hxxxxx, rd: , opc: 'hxx }
cycle 753
copperv1: received:         x
tagged U_type Instruction_$U_type { imm: 'hxxxxx, rd: , opc: 'hxx }
cycle 754
copperv1: received:         x
tagged U_type Instruction_$U_type { imm: 'hxxxxx, rd: , opc: 'hxx }
cycle 755
copperv1: received:         x
tagged U_type Instruction_$U_type { imm: 'hxxxxx, rd: , opc: 'hxx }
cycle 756
copperv1: received:         x
tagged U_type Instruction_$U_type { imm: 'hxxxxx, rd: , opc: 'hxx }
cycle 757
copperv1: received:         x
tagged U_type Instruction_$U_type { imm: 'hxxxxx, rd: , opc: 'hxx }
cycle 758
copperv1: received:         x
tagged U_type Instruction_$U_type { imm: 'hxxxxx, rd: , opc: 'hxx }
cycle 759
copperv1: received:         x
tagged U_type Instruction_$U_type { imm: 'hxxxxx, rd: , opc: 'hxx }
cycle 760
copperv1: received:         x
tagged U_type Instruction_$U_type { imm: 'hxxxxx, rd: , opc: 'hxx }
cycle 761
copperv1: received:         x
tagged U_type Instruction_$U_type { imm: 'hxxxxx, rd: , opc: 'hxx }
cycle 762
copperv1: received:         x
tagged U_type Instruction_$U_type { imm: 'hxxxxx, rd: , opc: 'hxx }
cycle 763
copperv1: received:         x
tagged U_type Instruction_$U_type { imm: 'hxxxxx, rd: , opc: 'hxx }
cycle 764
copperv1: received:         x
tagged U_type Instruction_$U_type { imm: 'hxxxxx, rd: , opc: 'hxx }
cycle 765
copperv1: received:         x
tagged U_type Instruction_$U_type { imm: 'hxxxxx, rd: , opc: 'hxx }
cycle 766
copperv1: received:         x
tagged U_type Instruction_$U_type { imm: 'hxxxxx, rd: , opc: 'hxx }
cycle 767
copperv1: received:         x
tagged U_type Instruction_$U_type { imm: 'hxxxxx, rd: , opc: 'hxx }
cycle 768
copperv1: received:         x
tagged U_type Instruction_$U_type { imm: 'hxxxxx, rd: , opc: 'hxx }
cycle 769
copperv1: received:         x
tagged U_type Instruction_$U_type { imm: 'hxxxxx, rd: , opc: 'hxx }
cycle 770
copperv1: received:         x
tagged U_type Instruction_$U_type { imm: 'hxxxxx, rd: , opc: 'hxx }
cycle 771
copperv1: received:         x
tagged U_type Instruction_$U_type { imm: 'hxxxxx, rd: , opc: 'hxx }
cycle 772
copperv1: received:         x
tagged U_type Instruction_$U_type { imm: 'hxxxxx, rd: , opc: 'hxx }
cycle 773
copperv1: received:         x
tagged U_type Instruction_$U_type { imm: 'hxxxxx, rd: , opc: 'hxx }
cycle 774
copperv1: received:         x
tagged U_type Instruction_$U_type { imm: 'hxxxxx, rd: , opc: 'hxx }
cycle 775
copperv1: received:         x
tagged U_type Instruction_$U_type { imm: 'hxxxxx, rd: , opc: 'hxx }
cycle 776
copperv1: received:         x
tagged U_type Instruction_$U_type { imm: 'hxxxxx, rd: , opc: 'hxx }
cycle 777
copperv1: received:         x
tagged U_type Instruction_$U_type { imm: 'hxxxxx, rd: , opc: 'hxx }
cycle 778
copperv1: received:         x
tagged U_type Instruction_$U_type { imm: 'hxxxxx, rd: , opc: 'hxx }
cycle 779
copperv1: received:         x
tagged U_type Instruction_$U_type { imm: 'hxxxxx, rd: , opc: 'hxx }
cycle 780
copperv1: received:         x
tagged U_type Instruction_$U_type { imm: 'hxxxxx, rd: , opc: 'hxx }
cycle 781
copperv1: received:         x
tagged U_type Instruction_$U_type { imm: 'hxxxxx, rd: , opc: 'hxx }
cycle 782
copperv1: received:         x
tagged U_type Instruction_$U_type { imm: 'hxxxxx, rd: , opc: 'hxx }
cycle 783
copperv1: received:         x
tagged U_type Instruction_$U_type { imm: 'hxxxxx, rd: , opc: 'hxx }
cycle 784
copperv1: received:         x
tagged U_type Instruction_$U_type { imm: 'hxxxxx, rd: , opc: 'hxx }
cycle 785
copperv1: received:         x
tagged U_type Instruction_$U_type { imm: 'hxxxxx, rd: , opc: 'hxx }
cycle 786
copperv1: received:         x
tagged U_type Instruction_$U_type { imm: 'hxxxxx, rd: , opc: 'hxx }
cycle 787
copperv1: received:         x
tagged U_type Instruction_$U_type { imm: 'hxxxxx, rd: , opc: 'hxx }
cycle 788
copperv1: received:         x
tagged U_type Instruction_$U_type { imm: 'hxxxxx, rd: , opc: 'hxx }
cycle 789
copperv1: received:         x
tagged U_type Instruction_$U_type { imm: 'hxxxxx, rd: , opc: 'hxx }
cycle 790
copperv1: received:         x
tagged U_type Instruction_$U_type { imm: 'hxxxxx, rd: , opc: 'hxx }
cycle 791
copperv1: received:         x
tagged U_type Instruction_$U_type { imm: 'hxxxxx, rd: , opc: 'hxx }
cycle 792
copperv1: received:         x
tagged U_type Instruction_$U_type { imm: 'hxxxxx, rd: , opc: 'hxx }
cycle 793
copperv1: received:         x
tagged U_type Instruction_$U_type { imm: 'hxxxxx, rd: , opc: 'hxx }
cycle 794
copperv1: received:         x
tagged U_type Instruction_$U_type { imm: 'hxxxxx, rd: , opc: 'hxx }
cycle 795
copperv1: received:         x
tagged U_type Instruction_$U_type { imm: 'hxxxxx, rd: , opc: 'hxx }
cycle 796
copperv1: received:         x
tagged U_type Instruction_$U_type { imm: 'hxxxxx, rd: , opc: 'hxx }
cycle 797
copperv1: received:         x
tagged U_type Instruction_$U_type { imm: 'hxxxxx, rd: , opc: 'hxx }
cycle 798
copperv1: received:         x
tagged U_type Instruction_$U_type { imm: 'hxxxxx, rd: , opc: 'hxx }
cycle 799
copperv1: received:         x
tagged U_type Instruction_$U_type { imm: 'hxxxxx, rd: , opc: 'hxx }
cycle 800
copperv1: received:         x
tagged U_type Instruction_$U_type { imm: 'hxxxxx, rd: , opc: 'hxx }
cycle 801
copperv1: received:         x
tagged U_type Instruction_$U_type { imm: 'hxxxxx, rd: , opc: 'hxx }
cycle 802
copperv1: received:         x
tagged U_type Instruction_$U_type { imm: 'hxxxxx, rd: , opc: 'hxx }
cycle 803
copperv1: received:         x
tagged U_type Instruction_$U_type { imm: 'hxxxxx, rd: , opc: 'hxx }
cycle 804
copperv1: received:         x
tagged U_type Instruction_$U_type { imm: 'hxxxxx, rd: , opc: 'hxx }
cycle 805
copperv1: received:         x
tagged U_type Instruction_$U_type { imm: 'hxxxxx, rd: , opc: 'hxx }
cycle 806
copperv1: received:         x
tagged U_type Instruction_$U_type { imm: 'hxxxxx, rd: , opc: 'hxx }
cycle 807
copperv1: received:         x
tagged U_type Instruction_$U_type { imm: 'hxxxxx, rd: , opc: 'hxx }
cycle 808
copperv1: received:         x
tagged U_type Instruction_$U_type { imm: 'hxxxxx, rd: , opc: 'hxx }
cycle 809
copperv1: received:         x
tagged U_type Instruction_$U_type { imm: 'hxxxxx, rd: , opc: 'hxx }
cycle 810
copperv1: received:         x
tagged U_type Instruction_$U_type { imm: 'hxxxxx, rd: , opc: 'hxx }
cycle 811
copperv1: received:         x
tagged U_type Instruction_$U_type { imm: 'hxxxxx, rd: , opc: 'hxx }
cycle 812
copperv1: received:         x
tagged U_type Instruction_$U_type { imm: 'hxxxxx, rd: , opc: 'hxx }
cycle 813
copperv1: received:         x
tagged U_type Instruction_$U_type { imm: 'hxxxxx, rd: , opc: 'hxx }
cycle 814
copperv1: received:         x
tagged U_type Instruction_$U_type { imm: 'hxxxxx, rd: , opc: 'hxx }
cycle 815
copperv1: received:         x
tagged U_type Instruction_$U_type { imm: 'hxxxxx, rd: , opc: 'hxx }
cycle 816
copperv1: received:         x
tagged U_type Instruction_$U_type { imm: 'hxxxxx, rd: , opc: 'hxx }
cycle 817
copperv1: received:         x
tagged U_type Instruction_$U_type { imm: 'hxxxxx, rd: , opc: 'hxx }
cycle 818
copperv1: received:         x
tagged U_type Instruction_$U_type { imm: 'hxxxxx, rd: , opc: 'hxx }
cycle 819
copperv1: received:         x
tagged U_type Instruction_$U_type { imm: 'hxxxxx, rd: , opc: 'hxx }
cycle 820
copperv1: received:         x
tagged U_type Instruction_$U_type { imm: 'hxxxxx, rd: , opc: 'hxx }
cycle 821
copperv1: received:         x
tagged U_type Instruction_$U_type { imm: 'hxxxxx, rd: , opc: 'hxx }
cycle 822
copperv1: received:         x
tagged U_type Instruction_$U_type { imm: 'hxxxxx, rd: , opc: 'hxx }
cycle 823
copperv1: received:         x
tagged U_type Instruction_$U_type { imm: 'hxxxxx, rd: , opc: 'hxx }
cycle 824
copperv1: received:         x
tagged U_type Instruction_$U_type { imm: 'hxxxxx, rd: , opc: 'hxx }
cycle 825
copperv1: received:         x
tagged U_type Instruction_$U_type { imm: 'hxxxxx, rd: , opc: 'hxx }
cycle 826
copperv1: received:         x
tagged U_type Instruction_$U_type { imm: 'hxxxxx, rd: , opc: 'hxx }
cycle 827
copperv1: received:         x
tagged U_type Instruction_$U_type { imm: 'hxxxxx, rd: , opc: 'hxx }
cycle 828
copperv1: received:         x
tagged U_type Instruction_$U_type { imm: 'hxxxxx, rd: , opc: 'hxx }
cycle 829
copperv1: received:         x
tagged U_type Instruction_$U_type { imm: 'hxxxxx, rd: , opc: 'hxx }
cycle 830
copperv1: received:         x
tagged U_type Instruction_$U_type { imm: 'hxxxxx, rd: , opc: 'hxx }
cycle 831
copperv1: received:         x
tagged U_type Instruction_$U_type { imm: 'hxxxxx, rd: , opc: 'hxx }
cycle 832
copperv1: received:         x
tagged U_type Instruction_$U_type { imm: 'hxxxxx, rd: , opc: 'hxx }
cycle 833
copperv1: received:         x
tagged U_type Instruction_$U_type { imm: 'hxxxxx, rd: , opc: 'hxx }
cycle 834
copperv1: received:         x
tagged U_type Instruction_$U_type { imm: 'hxxxxx, rd: , opc: 'hxx }
cycle 835
copperv1: received:         x
tagged U_type Instruction_$U_type { imm: 'hxxxxx, rd: , opc: 'hxx }
cycle 836
copperv1: received:         x
tagged U_type Instruction_$U_type { imm: 'hxxxxx, rd: , opc: 'hxx }
cycle 837
copperv1: received:         x
tagged U_type Instruction_$U_type { imm: 'hxxxxx, rd: , opc: 'hxx }
cycle 838
copperv1: received:         x
tagged U_type Instruction_$U_type { imm: 'hxxxxx, rd: , opc: 'hxx }
cycle 839
copperv1: received:         x
tagged U_type Instruction_$U_type { imm: 'hxxxxx, rd: , opc: 'hxx }
cycle 840
copperv1: received:         x
tagged U_type Instruction_$U_type { imm: 'hxxxxx, rd: , opc: 'hxx }
cycle 841
copperv1: received:         x
tagged U_type Instruction_$U_type { imm: 'hxxxxx, rd: , opc: 'hxx }
cycle 842
copperv1: received:         x
tagged U_type Instruction_$U_type { imm: 'hxxxxx, rd: , opc: 'hxx }
cycle 843
copperv1: received:         x
tagged U_type Instruction_$U_type { imm: 'hxxxxx, rd: , opc: 'hxx }
cycle 844
copperv1: received:         x
tagged U_type Instruction_$U_type { imm: 'hxxxxx, rd: , opc: 'hxx }
cycle 845
copperv1: received:         x
tagged U_type Instruction_$U_type { imm: 'hxxxxx, rd: , opc: 'hxx }
cycle 846
copperv1: received:         x
tagged U_type Instruction_$U_type { imm: 'hxxxxx, rd: , opc: 'hxx }
cycle 847
copperv1: received:         x
tagged U_type Instruction_$U_type { imm: 'hxxxxx, rd: , opc: 'hxx }
cycle 848
copperv1: received:         x
tagged U_type Instruction_$U_type { imm: 'hxxxxx, rd: , opc: 'hxx }
cycle 849
copperv1: received:         x
tagged U_type Instruction_$U_type { imm: 'hxxxxx, rd: , opc: 'hxx }
cycle 850
copperv1: received:         x
tagged U_type Instruction_$U_type { imm: 'hxxxxx, rd: , opc: 'hxx }
cycle 851
copperv1: received:         x
tagged U_type Instruction_$U_type { imm: 'hxxxxx, rd: , opc: 'hxx }
cycle 852
copperv1: received:         x
tagged U_type Instruction_$U_type { imm: 'hxxxxx, rd: , opc: 'hxx }
cycle 853
copperv1: received:         x
tagged U_type Instruction_$U_type { imm: 'hxxxxx, rd: , opc: 'hxx }
cycle 854
copperv1: received:         x
tagged U_type Instruction_$U_type { imm: 'hxxxxx, rd: , opc: 'hxx }
cycle 855
copperv1: received:         x
tagged U_type Instruction_$U_type { imm: 'hxxxxx, rd: , opc: 'hxx }
cycle 856
copperv1: received:         x
tagged U_type Instruction_$U_type { imm: 'hxxxxx, rd: , opc: 'hxx }
cycle 857
copperv1: received:         x
tagged U_type Instruction_$U_type { imm: 'hxxxxx, rd: , opc: 'hxx }
cycle 858
copperv1: received:         x
tagged U_type Instruction_$U_type { imm: 'hxxxxx, rd: , opc: 'hxx }
cycle 859
copperv1: received:         x
tagged U_type Instruction_$U_type { imm: 'hxxxxx, rd: , opc: 'hxx }
cycle 860
copperv1: received:         x
tagged U_type Instruction_$U_type { imm: 'hxxxxx, rd: , opc: 'hxx }
cycle 861
copperv1: received:         x
tagged U_type Instruction_$U_type { imm: 'hxxxxx, rd: , opc: 'hxx }
cycle 862
copperv1: received:         x
tagged U_type Instruction_$U_type { imm: 'hxxxxx, rd: , opc: 'hxx }
cycle 863
copperv1: received:         x
tagged U_type Instruction_$U_type { imm: 'hxxxxx, rd: , opc: 'hxx }
cycle 864
copperv1: received:         x
tagged U_type Instruction_$U_type { imm: 'hxxxxx, rd: , opc: 'hxx }
cycle 865
copperv1: received:         x
tagged U_type Instruction_$U_type { imm: 'hxxxxx, rd: , opc: 'hxx }
cycle 866
copperv1: received:         x
tagged U_type Instruction_$U_type { imm: 'hxxxxx, rd: , opc: 'hxx }
cycle 867
copperv1: received:         x
tagged U_type Instruction_$U_type { imm: 'hxxxxx, rd: , opc: 'hxx }
cycle 868
copperv1: received:         x
tagged U_type Instruction_$U_type { imm: 'hxxxxx, rd: , opc: 'hxx }
cycle 869
copperv1: received:         x
tagged U_type Instruction_$U_type { imm: 'hxxxxx, rd: , opc: 'hxx }
cycle 870
copperv1: received:         x
tagged U_type Instruction_$U_type { imm: 'hxxxxx, rd: , opc: 'hxx }
cycle 871
copperv1: received:         x
tagged U_type Instruction_$U_type { imm: 'hxxxxx, rd: , opc: 'hxx }
cycle 872
copperv1: received:         x
tagged U_type Instruction_$U_type { imm: 'hxxxxx, rd: , opc: 'hxx }
cycle 873
copperv1: received:         x
tagged U_type Instruction_$U_type { imm: 'hxxxxx, rd: , opc: 'hxx }
cycle 874
copperv1: received:         x
tagged U_type Instruction_$U_type { imm: 'hxxxxx, rd: , opc: 'hxx }
cycle 875
copperv1: received:         x
tagged U_type Instruction_$U_type { imm: 'hxxxxx, rd: , opc: 'hxx }
cycle 876
copperv1: received:         x
tagged U_type Instruction_$U_type { imm: 'hxxxxx, rd: , opc: 'hxx }
cycle 877
copperv1: received:         x
tagged U_type Instruction_$U_type { imm: 'hxxxxx, rd: , opc: 'hxx }
cycle 878
copperv1: received:         x
tagged U_type Instruction_$U_type { imm: 'hxxxxx, rd: , opc: 'hxx }
cycle 879
copperv1: received:         x
tagged U_type Instruction_$U_type { imm: 'hxxxxx, rd: , opc: 'hxx }
cycle 880
copperv1: received:         x
tagged U_type Instruction_$U_type { imm: 'hxxxxx, rd: , opc: 'hxx }
cycle 881
copperv1: received:         x
tagged U_type Instruction_$U_type { imm: 'hxxxxx, rd: , opc: 'hxx }
cycle 882
copperv1: received:         x
tagged U_type Instruction_$U_type { imm: 'hxxxxx, rd: , opc: 'hxx }
cycle 883
copperv1: received:         x
tagged U_type Instruction_$U_type { imm: 'hxxxxx, rd: , opc: 'hxx }
cycle 884
copperv1: received:         x
tagged U_type Instruction_$U_type { imm: 'hxxxxx, rd: , opc: 'hxx }
cycle 885
copperv1: received:         x
tagged U_type Instruction_$U_type { imm: 'hxxxxx, rd: , opc: 'hxx }
cycle 886
copperv1: received:         x
tagged U_type Instruction_$U_type { imm: 'hxxxxx, rd: , opc: 'hxx }
cycle 887
copperv1: received:         x
tagged U_type Instruction_$U_type { imm: 'hxxxxx, rd: , opc: 'hxx }
cycle 888
copperv1: received:         x
tagged U_type Instruction_$U_type { imm: 'hxxxxx, rd: , opc: 'hxx }
cycle 889
copperv1: received:         x
tagged U_type Instruction_$U_type { imm: 'hxxxxx, rd: , opc: 'hxx }
cycle 890
copperv1: received:         x
tagged U_type Instruction_$U_type { imm: 'hxxxxx, rd: , opc: 'hxx }
cycle 891
copperv1: received:         x
tagged U_type Instruction_$U_type { imm: 'hxxxxx, rd: , opc: 'hxx }
cycle 892
copperv1: received:         x
tagged U_type Instruction_$U_type { imm: 'hxxxxx, rd: , opc: 'hxx }
cycle 893
copperv1: received:         x
tagged U_type Instruction_$U_type { imm: 'hxxxxx, rd: , opc: 'hxx }
cycle 894
copperv1: received:         x
tagged U_type Instruction_$U_type { imm: 'hxxxxx, rd: , opc: 'hxx }
cycle 895
copperv1: received:         x
tagged U_type Instruction_$U_type { imm: 'hxxxxx, rd: , opc: 'hxx }
cycle 896
copperv1: received:         x
tagged U_type Instruction_$U_type { imm: 'hxxxxx, rd: , opc: 'hxx }
cycle 897
copperv1: received:         x
tagged U_type Instruction_$U_type { imm: 'hxxxxx, rd: , opc: 'hxx }
cycle 898
copperv1: received:         x
tagged U_type Instruction_$U_type { imm: 'hxxxxx, rd: , opc: 'hxx }
cycle 899
copperv1: received:         x
tagged U_type Instruction_$U_type { imm: 'hxxxxx, rd: , opc: 'hxx }
cycle 900
copperv1: received:         x
tagged U_type Instruction_$U_type { imm: 'hxxxxx, rd: , opc: 'hxx }
cycle 901
copperv1: received:         x
tagged U_type Instruction_$U_type { imm: 'hxxxxx, rd: , opc: 'hxx }
cycle 902
copperv1: received:         x
tagged U_type Instruction_$U_type { imm: 'hxxxxx, rd: , opc: 'hxx }
cycle 903
copperv1: received:         x
tagged U_type Instruction_$U_type { imm: 'hxxxxx, rd: , opc: 'hxx }
cycle 904
copperv1: received:         x
tagged U_type Instruction_$U_type { imm: 'hxxxxx, rd: , opc: 'hxx }
cycle 905
copperv1: received:         x
tagged U_type Instruction_$U_type { imm: 'hxxxxx, rd: , opc: 'hxx }
cycle 906
copperv1: received:         x
tagged U_type Instruction_$U_type { imm: 'hxxxxx, rd: , opc: 'hxx }
cycle 907
copperv1: received:         x
tagged U_type Instruction_$U_type { imm: 'hxxxxx, rd: , opc: 'hxx }
cycle 908
copperv1: received:         x
tagged U_type Instruction_$U_type { imm: 'hxxxxx, rd: , opc: 'hxx }
cycle 909
copperv1: received:         x
tagged U_type Instruction_$U_type { imm: 'hxxxxx, rd: , opc: 'hxx }
cycle 910
copperv1: received:         x
tagged U_type Instruction_$U_type { imm: 'hxxxxx, rd: , opc: 'hxx }
cycle 911
copperv1: received:         x
tagged U_type Instruction_$U_type { imm: 'hxxxxx, rd: , opc: 'hxx }
cycle 912
copperv1: received:         x
tagged U_type Instruction_$U_type { imm: 'hxxxxx, rd: , opc: 'hxx }
cycle 913
copperv1: received:         x
tagged U_type Instruction_$U_type { imm: 'hxxxxx, rd: , opc: 'hxx }
cycle 914
copperv1: received:         x
tagged U_type Instruction_$U_type { imm: 'hxxxxx, rd: , opc: 'hxx }
cycle 915
copperv1: received:         x
tagged U_type Instruction_$U_type { imm: 'hxxxxx, rd: , opc: 'hxx }
cycle 916
copperv1: received:         x
tagged U_type Instruction_$U_type { imm: 'hxxxxx, rd: , opc: 'hxx }
cycle 917
copperv1: received:         x
tagged U_type Instruction_$U_type { imm: 'hxxxxx, rd: , opc: 'hxx }
cycle 918
copperv1: received:         x
tagged U_type Instruction_$U_type { imm: 'hxxxxx, rd: , opc: 'hxx }
cycle 919
copperv1: received:         x
tagged U_type Instruction_$U_type { imm: 'hxxxxx, rd: , opc: 'hxx }
cycle 920
copperv1: received:         x
tagged U_type Instruction_$U_type { imm: 'hxxxxx, rd: , opc: 'hxx }
cycle 921
copperv1: received:         x
tagged U_type Instruction_$U_type { imm: 'hxxxxx, rd: , opc: 'hxx }
cycle 922
copperv1: received:         x
tagged U_type Instruction_$U_type { imm: 'hxxxxx, rd: , opc: 'hxx }
cycle 923
copperv1: received:         x
tagged U_type Instruction_$U_type { imm: 'hxxxxx, rd: , opc: 'hxx }
cycle 924
copperv1: received:         x
tagged U_type Instruction_$U_type { imm: 'hxxxxx, rd: , opc: 'hxx }
cycle 925
copperv1: received:         x
tagged U_type Instruction_$U_type { imm: 'hxxxxx, rd: , opc: 'hxx }
cycle 926
copperv1: received:         x
tagged U_type Instruction_$U_type { imm: 'hxxxxx, rd: , opc: 'hxx }
cycle 927
copperv1: received:         x
tagged U_type Instruction_$U_type { imm: 'hxxxxx, rd: , opc: 'hxx }
cycle 928
copperv1: received:         x
tagged U_type Instruction_$U_type { imm: 'hxxxxx, rd: , opc: 'hxx }
cycle 929
copperv1: received:         x
tagged U_type Instruction_$U_type { imm: 'hxxxxx, rd: , opc: 'hxx }
cycle 930
copperv1: received:         x
tagged U_type Instruction_$U_type { imm: 'hxxxxx, rd: , opc: 'hxx }
cycle 931
copperv1: received:         x
tagged U_type Instruction_$U_type { imm: 'hxxxxx, rd: , opc: 'hxx }
cycle 932
copperv1: received:         x
tagged U_type Instruction_$U_type { imm: 'hxxxxx, rd: , opc: 'hxx }
cycle 933
copperv1: received:         x
tagged U_type Instruction_$U_type { imm: 'hxxxxx, rd: , opc: 'hxx }
cycle 934
copperv1: received:         x
tagged U_type Instruction_$U_type { imm: 'hxxxxx, rd: , opc: 'hxx }
cycle 935
copperv1: received:         x
tagged U_type Instruction_$U_type { imm: 'hxxxxx, rd: , opc: 'hxx }
cycle 936
copperv1: received:         x
tagged U_type Instruction_$U_type { imm: 'hxxxxx, rd: , opc: 'hxx }
cycle 937
copperv1: received:         x
tagged U_type Instruction_$U_type { imm: 'hxxxxx, rd: , opc: 'hxx }
cycle 938
copperv1: received:         x
tagged U_type Instruction_$U_type { imm: 'hxxxxx, rd: , opc: 'hxx }
cycle 939
copperv1: received:         x
tagged U_type Instruction_$U_type { imm: 'hxxxxx, rd: , opc: 'hxx }
cycle 940
copperv1: received:         x
tagged U_type Instruction_$U_type { imm: 'hxxxxx, rd: , opc: 'hxx }
cycle 941
copperv1: received:         x
tagged U_type Instruction_$U_type { imm: 'hxxxxx, rd: , opc: 'hxx }
cycle 942
copperv1: received:         x
tagged U_type Instruction_$U_type { imm: 'hxxxxx, rd: , opc: 'hxx }
cycle 943
copperv1: received:         x
tagged U_type Instruction_$U_type { imm: 'hxxxxx, rd: , opc: 'hxx }
cycle 944
copperv1: received:         x
tagged U_type Instruction_$U_type { imm: 'hxxxxx, rd: , opc: 'hxx }
cycle 945
copperv1: received:         x
tagged U_type Instruction_$U_type { imm: 'hxxxxx, rd: , opc: 'hxx }
cycle 946
copperv1: received:         x
tagged U_type Instruction_$U_type { imm: 'hxxxxx, rd: , opc: 'hxx }
cycle 947
copperv1: received:         x
tagged U_type Instruction_$U_type { imm: 'hxxxxx, rd: , opc: 'hxx }
cycle 948
copperv1: received:         x
tagged U_type Instruction_$U_type { imm: 'hxxxxx, rd: , opc: 'hxx }
cycle 949
copperv1: received:         x
tagged U_type Instruction_$U_type { imm: 'hxxxxx, rd: , opc: 'hxx }
cycle 950
copperv1: received:         x
tagged U_type Instruction_$U_type { imm: 'hxxxxx, rd: , opc: 'hxx }
cycle 951
copperv1: received:         x
tagged U_type Instruction_$U_type { imm: 'hxxxxx, rd: , opc: 'hxx }
cycle 952
copperv1: received:         x
tagged U_type Instruction_$U_type { imm: 'hxxxxx, rd: , opc: 'hxx }
cycle 953
copperv1: received:         x
tagged U_type Instruction_$U_type { imm: 'hxxxxx, rd: , opc: 'hxx }
cycle 954
copperv1: received:         x
tagged U_type Instruction_$U_type { imm: 'hxxxxx, rd: , opc: 'hxx }
cycle 955
copperv1: received:         x
tagged U_type Instruction_$U_type { imm: 'hxxxxx, rd: , opc: 'hxx }
cycle 956
copperv1: received:         x
tagged U_type Instruction_$U_type { imm: 'hxxxxx, rd: , opc: 'hxx }
cycle 957
copperv1: received:         x
tagged U_type Instruction_$U_type { imm: 'hxxxxx, rd: , opc: 'hxx }
cycle 958
copperv1: received:         x
tagged U_type Instruction_$U_type { imm: 'hxxxxx, rd: , opc: 'hxx }
cycle 959
copperv1: received:         x
tagged U_type Instruction_$U_type { imm: 'hxxxxx, rd: , opc: 'hxx }
cycle 960
copperv1: received:         x
tagged U_type Instruction_$U_type { imm: 'hxxxxx, rd: , opc: 'hxx }
cycle 961
copperv1: received:         x
tagged U_type Instruction_$U_type { imm: 'hxxxxx, rd: , opc: 'hxx }
cycle 962
copperv1: received:         x
tagged U_type Instruction_$U_type { imm: 'hxxxxx, rd: , opc: 'hxx }
cycle 963
copperv1: received:         x
tagged U_type Instruction_$U_type { imm: 'hxxxxx, rd: , opc: 'hxx }
cycle 964
copperv1: received:         x
tagged U_type Instruction_$U_type { imm: 'hxxxxx, rd: , opc: 'hxx }
cycle 965
copperv1: received:         x
tagged U_type Instruction_$U_type { imm: 'hxxxxx, rd: , opc: 'hxx }
cycle 966
copperv1: received:         x
tagged U_type Instruction_$U_type { imm: 'hxxxxx, rd: , opc: 'hxx }
cycle 967
copperv1: received:         x
tagged U_type Instruction_$U_type { imm: 'hxxxxx, rd: , opc: 'hxx }
cycle 968
copperv1: received:         x
tagged U_type Instruction_$U_type { imm: 'hxxxxx, rd: , opc: 'hxx }
cycle 969
copperv1: received:         x
tagged U_type Instruction_$U_type { imm: 'hxxxxx, rd: , opc: 'hxx }
cycle 970
copperv1: received:         x
tagged U_type Instruction_$U_type { imm: 'hxxxxx, rd: , opc: 'hxx }
cycle 971
copperv1: received:         x
tagged U_type Instruction_$U_type { imm: 'hxxxxx, rd: , opc: 'hxx }
cycle 972
copperv1: received:         x
tagged U_type Instruction_$U_type { imm: 'hxxxxx, rd: , opc: 'hxx }
cycle 973
copperv1: received:         x
tagged U_type Instruction_$U_type { imm: 'hxxxxx, rd: , opc: 'hxx }
cycle 974
copperv1: received:         x
tagged U_type Instruction_$U_type { imm: 'hxxxxx, rd: , opc: 'hxx }
cycle 975
copperv1: received:         x
tagged U_type Instruction_$U_type { imm: 'hxxxxx, rd: , opc: 'hxx }
cycle 976
copperv1: received:         x
tagged U_type Instruction_$U_type { imm: 'hxxxxx, rd: , opc: 'hxx }
cycle 977
copperv1: received:         x
tagged U_type Instruction_$U_type { imm: 'hxxxxx, rd: , opc: 'hxx }
cycle 978
copperv1: received:         x
tagged U_type Instruction_$U_type { imm: 'hxxxxx, rd: , opc: 'hxx }
cycle 979
copperv1: received:         x
tagged U_type Instruction_$U_type { imm: 'hxxxxx, rd: , opc: 'hxx }
cycle 980
copperv1: received:         x
tagged U_type Instruction_$U_type { imm: 'hxxxxx, rd: , opc: 'hxx }
cycle 981
copperv1: received:         x
tagged U_type Instruction_$U_type { imm: 'hxxxxx, rd: , opc: 'hxx }
cycle 982
copperv1: received:         x
tagged U_type Instruction_$U_type { imm: 'hxxxxx, rd: , opc: 'hxx }
cycle 983
copperv1: received:         x
tagged U_type Instruction_$U_type { imm: 'hxxxxx, rd: , opc: 'hxx }
cycle 984
copperv1: received:         x
tagged U_type Instruction_$U_type { imm: 'hxxxxx, rd: , opc: 'hxx }
cycle 985
copperv1: received:         x
tagged U_type Instruction_$U_type { imm: 'hxxxxx, rd: , opc: 'hxx }
cycle 986
copperv1: received:         x
tagged U_type Instruction_$U_type { imm: 'hxxxxx, rd: , opc: 'hxx }
cycle 987
copperv1: received:         x
tagged U_type Instruction_$U_type { imm: 'hxxxxx, rd: , opc: 'hxx }
cycle 988
copperv1: received:         x
tagged U_type Instruction_$U_type { imm: 'hxxxxx, rd: , opc: 'hxx }
cycle 989
copperv1: received:         x
tagged U_type Instruction_$U_type { imm: 'hxxxxx, rd: , opc: 'hxx }
cycle 990
copperv1: received:         x
tagged U_type Instruction_$U_type { imm: 'hxxxxx, rd: , opc: 'hxx }
cycle 991
copperv1: received:         x
tagged U_type Instruction_$U_type { imm: 'hxxxxx, rd: , opc: 'hxx }
cycle 992
copperv1: received:         x
tagged U_type Instruction_$U_type { imm: 'hxxxxx, rd: , opc: 'hxx }
cycle 993
copperv1: received:         x
tagged U_type Instruction_$U_type { imm: 'hxxxxx, rd: , opc: 'hxx }
cycle 994
copperv1: received:         x
tagged U_type Instruction_$U_type { imm: 'hxxxxx, rd: , opc: 'hxx }
cycle 995
copperv1: received:         x
tagged U_type Instruction_$U_type { imm: 'hxxxxx, rd: , opc: 'hxx }
cycle 996
copperv1: received:         x
tagged U_type Instruction_$U_type { imm: 'hxxxxx, rd: , opc: 'hxx }
cycle 997
copperv1: received:         x
tagged U_type Instruction_$U_type { imm: 'hxxxxx, rd: , opc: 'hxx }
cycle 998
copperv1: received:         x
tagged U_type Instruction_$U_type { imm: 'hxxxxx, rd: , opc: 'hxx }
cycle 999
copperv1: received:         x
tagged U_type Instruction_$U_type { imm: 'hxxxxx, rd: , opc: 'hxx }
cycle 1000
copperv1: received:         x
tagged U_type Instruction_$U_type { imm: 'hxxxxx, rd: , opc: 'hxx }
cycle 1001
copperv1: received:         x
tagged U_type Instruction_$U_type { imm: 'hxxxxx, rd: , opc: 'hxx }
cycle 1002
copperv1: received:         x
tagged U_type Instruction_$U_type { imm: 'hxxxxx, rd: , opc: 'hxx }
cycle 1003
copperv1: received:         x
tagged U_type Instruction_$U_type { imm: 'hxxxxx, rd: , opc: 'hxx }
cycle 1004
copperv1: received:         x
tagged U_type Instruction_$U_type { imm: 'hxxxxx, rd: , opc: 'hxx }
cycle 1005
copperv1: received:         x
tagged U_type Instruction_$U_type { imm: 'hxxxxx, rd: , opc: 'hxx }
cycle 1006
copperv1: received:         x
tagged U_type Instruction_$U_type { imm: 'hxxxxx, rd: , opc: 'hxx }
cycle 1007
copperv1: received:         x
tagged U_type Instruction_$U_type { imm: 'hxxxxx, rd: , opc: 'hxx }
cycle 1008
copperv1: received:         x
tagged U_type Instruction_$U_type { imm: 'hxxxxx, rd: , opc: 'hxx }
cycle 1009
copperv1: received:         x
tagged U_type Instruction_$U_type { imm: 'hxxxxx, rd: , opc: 'hxx }
cycle 1010
copperv1: received:         x
tagged U_type Instruction_$U_type { imm: 'hxxxxx, rd: , opc: 'hxx }
cycle 1011
copperv1: received:         x
tagged U_type Instruction_$U_type { imm: 'hxxxxx, rd: , opc: 'hxx }
cycle 1012
copperv1: received:         x
tagged U_type Instruction_$U_type { imm: 'hxxxxx, rd: , opc: 'hxx }
cycle 1013
copperv1: received:         x
tagged U_type Instruction_$U_type { imm: 'hxxxxx, rd: , opc: 'hxx }
cycle 1014
copperv1: received:         x
tagged U_type Instruction_$U_type { imm: 'hxxxxx, rd: , opc: 'hxx }
cycle 1015
copperv1: received:         x
tagged U_type Instruction_$U_type { imm: 'hxxxxx, rd: , opc: 'hxx }
cycle 1016
copperv1: received:         x
tagged U_type Instruction_$U_type { imm: 'hxxxxx, rd: , opc: 'hxx }
cycle 1017
copperv1: received:         x
tagged U_type Instruction_$U_type { imm: 'hxxxxx, rd: , opc: 'hxx }
cycle 1018
copperv1: received:         x
tagged U_type Instruction_$U_type { imm: 'hxxxxx, rd: , opc: 'hxx }
cycle 1019
copperv1: received:         x
tagged U_type Instruction_$U_type { imm: 'hxxxxx, rd: , opc: 'hxx }
cycle 1020
copperv1: received:         x
tagged U_type Instruction_$U_type { imm: 'hxxxxx, rd: , opc: 'hxx }
cycle 1021
copperv1: received:         x
tagged U_type Instruction_$U_type { imm: 'hxxxxx, rd: , opc: 'hxx }
cycle 1022
copperv1: received:         x
tagged U_type Instruction_$U_type { imm: 'hxxxxx, rd: , opc: 'hxx }
cycle 1023
copperv1: received:         x
tagged U_type Instruction_$U_type { imm: 'hxxxxx, rd: , opc: 'hxx }
cycle 1024
copperv1: received:         x
tagged U_type Instruction_$U_type { imm: 'hxxxxx, rd: , opc: 'hxx }
cycle 1025
copperv1: received:         x
tagged U_type Instruction_$U_type { imm: 'hxxxxx, rd: , opc: 'hxx }
cycle 1026
copperv1: received:         x
tagged U_type Instruction_$U_type { imm: 'hxxxxx, rd: , opc: 'hxx }
cycle 1027
copperv1: received:         x
tagged U_type Instruction_$U_type { imm: 'hxxxxx, rd: , opc: 'hxx }
cycle 1028
copperv1: received:         x
tagged U_type Instruction_$U_type { imm: 'hxxxxx, rd: , opc: 'hxx }
cycle 1029
copperv1: received:         x
tagged U_type Instruction_$U_type { imm: 'hxxxxx, rd: , opc: 'hxx }
cycle 1030
copperv1: received:         x
tagged U_type Instruction_$U_type { imm: 'hxxxxx, rd: , opc: 'hxx }
cycle 1031
copperv1: received:         x
tagged U_type Instruction_$U_type { imm: 'hxxxxx, rd: , opc: 'hxx }
cycle 1032
copperv1: received:         x
tagged U_type Instruction_$U_type { imm: 'hxxxxx, rd: , opc: 'hxx }
cycle 1033
copperv1: received:         x
tagged U_type Instruction_$U_type { imm: 'hxxxxx, rd: , opc: 'hxx }
cycle 1034
copperv1: received:         x
tagged U_type Instruction_$U_type { imm: 'hxxxxx, rd: , opc: 'hxx }
cycle 1035
copperv1: received:         x
tagged U_type Instruction_$U_type { imm: 'hxxxxx, rd: , opc: 'hxx }
cycle 1036
copperv1: received:         x
tagged U_type Instruction_$U_type { imm: 'hxxxxx, rd: , opc: 'hxx }
cycle 1037
copperv1: received:         x
tagged U_type Instruction_$U_type { imm: 'hxxxxx, rd: , opc: 'hxx }
cycle 1038
copperv1: received:         x
tagged U_type Instruction_$U_type { imm: 'hxxxxx, rd: , opc: 'hxx }
cycle 1039
copperv1: received:         x
tagged U_type Instruction_$U_type { imm: 'hxxxxx, rd: , opc: 'hxx }
cycle 1040
copperv1: received:         x
tagged U_type Instruction_$U_type { imm: 'hxxxxx, rd: , opc: 'hxx }
cycle 1041
copperv1: received:         x
tagged U_type Instruction_$U_type { imm: 'hxxxxx, rd: , opc: 'hxx }
cycle 1042
copperv1: received:         x
tagged U_type Instruction_$U_type { imm: 'hxxxxx, rd: , opc: 'hxx }
cycle 1043
copperv1: received:         x
tagged U_type Instruction_$U_type { imm: 'hxxxxx, rd: , opc: 'hxx }
cycle 1044
copperv1: received:         x
tagged U_type Instruction_$U_type { imm: 'hxxxxx, rd: , opc: 'hxx }
cycle 1045
copperv1: received:         x
tagged U_type Instruction_$U_type { imm: 'hxxxxx, rd: , opc: 'hxx }
cycle 1046
copperv1: received:         x
tagged U_type Instruction_$U_type { imm: 'hxxxxx, rd: , opc: 'hxx }
cycle 1047
copperv1: received:         x
tagged U_type Instruction_$U_type { imm: 'hxxxxx, rd: , opc: 'hxx }
cycle 1048
copperv1: received:         x
tagged U_type Instruction_$U_type { imm: 'hxxxxx, rd: , opc: 'hxx }
cycle 1049
copperv1: received:         x
tagged U_type Instruction_$U_type { imm: 'hxxxxx, rd: , opc: 'hxx }
cycle 1050
copperv1: received:         x
tagged U_type Instruction_$U_type { imm: 'hxxxxx, rd: , opc: 'hxx }
cycle 1051
copperv1: received:         x
tagged U_type Instruction_$U_type { imm: 'hxxxxx, rd: , opc: 'hxx }
cycle 1052
copperv1: received:         x
tagged U_type Instruction_$U_type { imm: 'hxxxxx, rd: , opc: 'hxx }
cycle 1053
copperv1: received:         x
tagged U_type Instruction_$U_type { imm: 'hxxxxx, rd: , opc: 'hxx }
cycle 1054
copperv1: received:         x
tagged U_type Instruction_$U_type { imm: 'hxxxxx, rd: , opc: 'hxx }
cycle 1055
copperv1: received:         x
tagged U_type Instruction_$U_type { imm: 'hxxxxx, rd: , opc: 'hxx }
cycle 1056
copperv1: received:         x
tagged U_type Instruction_$U_type { imm: 'hxxxxx, rd: , opc: 'hxx }
cycle 1057
copperv1: received:         x
tagged U_type Instruction_$U_type { imm: 'hxxxxx, rd: , opc: 'hxx }
cycle 1058
copperv1: received:         x
tagged U_type Instruction_$U_type { imm: 'hxxxxx, rd: , opc: 'hxx }
cycle 1059
copperv1: received:         x
tagged U_type Instruction_$U_type { imm: 'hxxxxx, rd: , opc: 'hxx }
cycle 1060
copperv1: received:         x
tagged U_type Instruction_$U_type { imm: 'hxxxxx, rd: , opc: 'hxx }
cycle 1061
copperv1: received:         x
tagged U_type Instruction_$U_type { imm: 'hxxxxx, rd: , opc: 'hxx }
cycle 1062
copperv1: received:         x
tagged U_type Instruction_$U_type { imm: 'hxxxxx, rd: , opc: 'hxx }
cycle 1063
copperv1: received:         x
tagged U_type Instruction_$U_type { imm: 'hxxxxx, rd: , opc: 'hxx }
cycle 1064
copperv1: received:         x
tagged U_type Instruction_$U_type { imm: 'hxxxxx, rd: , opc: 'hxx }
cycle 1065
copperv1: received:         x
tagged U_type Instruction_$U_type { imm: 'hxxxxx, rd: , opc: 'hxx }
cycle 1066
copperv1: received:         x
tagged U_type Instruction_$U_type { imm: 'hxxxxx, rd: , opc: 'hxx }
cycle 1067
copperv1: received:         x
tagged U_type Instruction_$U_type { imm: 'hxxxxx, rd: , opc: 'hxx }
cycle 1068
copperv1: received:         x
tagged U_type Instruction_$U_type { imm: 'hxxxxx, rd: , opc: 'hxx }
cycle 1069
copperv1: received:         x
tagged U_type Instruction_$U_type { imm: 'hxxxxx, rd: , opc: 'hxx }
cycle 1070
copperv1: received:         x
tagged U_type Instruction_$U_type { imm: 'hxxxxx, rd: , opc: 'hxx }
cycle 1071
copperv1: received:         x
tagged U_type Instruction_$U_type { imm: 'hxxxxx, rd: , opc: 'hxx }
cycle 1072
copperv1: received:         x
tagged U_type Instruction_$U_type { imm: 'hxxxxx, rd: , opc: 'hxx }
cycle 1073
copperv1: received:         x
tagged U_type Instruction_$U_type { imm: 'hxxxxx, rd: , opc: 'hxx }
cycle 1074
copperv1: received:         x
tagged U_type Instruction_$U_type { imm: 'hxxxxx, rd: , opc: 'hxx }
cycle 1075
copperv1: received:         x
tagged U_type Instruction_$U_type { imm: 'hxxxxx, rd: , opc: 'hxx }
cycle 1076
copperv1: received:         x
tagged U_type Instruction_$U_type { imm: 'hxxxxx, rd: , opc: 'hxx }
cycle 1077
copperv1: received:         x
tagged U_type Instruction_$U_type { imm: 'hxxxxx, rd: , opc: 'hxx }
cycle 1078
copperv1: received:         x
tagged U_type Instruction_$U_type { imm: 'hxxxxx, rd: , opc: 'hxx }
cycle 1079
copperv1: received:         x
tagged U_type Instruction_$U_type { imm: 'hxxxxx, rd: , opc: 'hxx }
cycle 1080
copperv1: received:         x
tagged U_type Instruction_$U_type { imm: 'hxxxxx, rd: , opc: 'hxx }
cycle 1081
copperv1: received:         x
tagged U_type Instruction_$U_type { imm: 'hxxxxx, rd: , opc: 'hxx }
cycle 1082
copperv1: received:         x
tagged U_type Instruction_$U_type { imm: 'hxxxxx, rd: , opc: 'hxx }
cycle 1083
copperv1: received:         x
tagged U_type Instruction_$U_type { imm: 'hxxxxx, rd: , opc: 'hxx }
cycle 1084
copperv1: received:         x
tagged U_type Instruction_$U_type { imm: 'hxxxxx, rd: , opc: 'hxx }
cycle 1085
copperv1: received:         x
tagged U_type Instruction_$U_type { imm: 'hxxxxx, rd: , opc: 'hxx }
cycle 1086
copperv1: received:         x
tagged U_type Instruction_$U_type { imm: 'hxxxxx, rd: , opc: 'hxx }
cycle 1087
copperv1: received:         x
tagged U_type Instruction_$U_type { imm: 'hxxxxx, rd: , opc: 'hxx }
cycle 1088
copperv1: received:         x
tagged U_type Instruction_$U_type { imm: 'hxxxxx, rd: , opc: 'hxx }
cycle 1089
copperv1: received:         x
tagged U_type Instruction_$U_type { imm: 'hxxxxx, rd: , opc: 'hxx }
cycle 1090
copperv1: received:         x
tagged U_type Instruction_$U_type { imm: 'hxxxxx, rd: , opc: 'hxx }
cycle 1091
copperv1: received:         x
tagged U_type Instruction_$U_type { imm: 'hxxxxx, rd: , opc: 'hxx }
cycle 1092
copperv1: received:         x
tagged U_type Instruction_$U_type { imm: 'hxxxxx, rd: , opc: 'hxx }
cycle 1093
copperv1: received:         x
tagged U_type Instruction_$U_type { imm: 'hxxxxx, rd: , opc: 'hxx }
cycle 1094
copperv1: received:         x
tagged U_type Instruction_$U_type { imm: 'hxxxxx, rd: , opc: 'hxx }
cycle 1095
copperv1: received:         x
tagged U_type Instruction_$U_type { imm: 'hxxxxx, rd: , opc: 'hxx }
cycle 1096
copperv1: received:         x
tagged U_type Instruction_$U_type { imm: 'hxxxxx, rd: , opc: 'hxx }
cycle 1097
copperv1: received:         x
tagged U_type Instruction_$U_type { imm: 'hxxxxx, rd: , opc: 'hxx }
cycle 1098
copperv1: received:         x
tagged U_type Instruction_$U_type { imm: 'hxxxxx, rd: , opc: 'hxx }
cycle 1099
copperv1: received:         x
tagged U_type Instruction_$U_type { imm: 'hxxxxx, rd: , opc: 'hxx }
cycle 1100
copperv1: received:         x
tagged U_type Instruction_$U_type { imm: 'hxxxxx, rd: , opc: 'hxx }
cycle 1101
copperv1: received:         x
tagged U_type Instruction_$U_type { imm: 'hxxxxx, rd: , opc: 'hxx }
cycle 1102
copperv1: received:         x
tagged U_type Instruction_$U_type { imm: 'hxxxxx, rd: , opc: 'hxx }
cycle 1103
copperv1: received:         x
tagged U_type Instruction_$U_type { imm: 'hxxxxx, rd: , opc: 'hxx }
cycle 1104
copperv1: received:         x
tagged U_type Instruction_$U_type { imm: 'hxxxxx, rd: , opc: 'hxx }
cycle 1105
copperv1: received:         x
tagged U_type Instruction_$U_type { imm: 'hxxxxx, rd: , opc: 'hxx }
cycle 1106
copperv1: received:         x
tagged U_type Instruction_$U_type { imm: 'hxxxxx, rd: , opc: 'hxx }
cycle 1107
copperv1: received:         x
tagged U_type Instruction_$U_type { imm: 'hxxxxx, rd: , opc: 'hxx }
cycle 1108
copperv1: received:         x
tagged U_type Instruction_$U_type { imm: 'hxxxxx, rd: , opc: 'hxx }
cycle 1109
copperv1: received:         x
tagged U_type Instruction_$U_type { imm: 'hxxxxx, rd: , opc: 'hxx }
cycle 1110
copperv1: received:         x
tagged U_type Instruction_$U_type { imm: 'hxxxxx, rd: , opc: 'hxx }
cycle 1111
copperv1: received:         x
tagged U_type Instruction_$U_type { imm: 'hxxxxx, rd: , opc: 'hxx }
cycle 1112
copperv1: received:         x
tagged U_type Instruction_$U_type { imm: 'hxxxxx, rd: , opc: 'hxx }
cycle 1113
copperv1: received:         x
tagged U_type Instruction_$U_type { imm: 'hxxxxx, rd: , opc: 'hxx }
cycle 1114
copperv1: received:         x
tagged U_type Instruction_$U_type { imm: 'hxxxxx, rd: , opc: 'hxx }
cycle 1115
copperv1: received:         x
tagged U_type Instruction_$U_type { imm: 'hxxxxx, rd: , opc: 'hxx }
cycle 1116
copperv1: received:         x
tagged U_type Instruction_$U_type { imm: 'hxxxxx, rd: , opc: 'hxx }
cycle 1117
copperv1: received:         x
tagged U_type Instruction_$U_type { imm: 'hxxxxx, rd: , opc: 'hxx }
cycle 1118
copperv1: received:         x
tagged U_type Instruction_$U_type { imm: 'hxxxxx, rd: , opc: 'hxx }
cycle 1119
copperv1: received:         x
tagged U_type Instruction_$U_type { imm: 'hxxxxx, rd: , opc: 'hxx }
cycle 1120
copperv1: received:         x
tagged U_type Instruction_$U_type { imm: 'hxxxxx, rd: , opc: 'hxx }
cycle 1121
copperv1: received:         x
tagged U_type Instruction_$U_type { imm: 'hxxxxx, rd: , opc: 'hxx }
cycle 1122
copperv1: received:         x
tagged U_type Instruction_$U_type { imm: 'hxxxxx, rd: , opc: 'hxx }
cycle 1123
copperv1: received:         x
tagged U_type Instruction_$U_type { imm: 'hxxxxx, rd: , opc: 'hxx }
cycle 1124
copperv1: received:         x
tagged U_type Instruction_$U_type { imm: 'hxxxxx, rd: , opc: 'hxx }
cycle 1125
copperv1: received:         x
tagged U_type Instruction_$U_type { imm: 'hxxxxx, rd: , opc: 'hxx }
cycle 1126
copperv1: received:         x
tagged U_type Instruction_$U_type { imm: 'hxxxxx, rd: , opc: 'hxx }
cycle 1127
copperv1: received:         x
tagged U_type Instruction_$U_type { imm: 'hxxxxx, rd: , opc: 'hxx }
cycle 1128
copperv1: received:         x
tagged U_type Instruction_$U_type { imm: 'hxxxxx, rd: , opc: 'hxx }
cycle 1129
copperv1: received:         x
tagged U_type Instruction_$U_type { imm: 'hxxxxx, rd: , opc: 'hxx }
cycle 1130
copperv1: received:         x
tagged U_type Instruction_$U_type { imm: 'hxxxxx, rd: , opc: 'hxx }
cycle 1131
copperv1: received:         x
tagged U_type Instruction_$U_type { imm: 'hxxxxx, rd: , opc: 'hxx }
cycle 1132
copperv1: received:         x
tagged U_type Instruction_$U_type { imm: 'hxxxxx, rd: , opc: 'hxx }
cycle 1133
copperv1: received:         x
tagged U_type Instruction_$U_type { imm: 'hxxxxx, rd: , opc: 'hxx }
cycle 1134
copperv1: received:         x
tagged U_type Instruction_$U_type { imm: 'hxxxxx, rd: , opc: 'hxx }
cycle 1135
copperv1: received:         x
tagged U_type Instruction_$U_type { imm: 'hxxxxx, rd: , opc: 'hxx }
cycle 1136
copperv1: received:         x
tagged U_type Instruction_$U_type { imm: 'hxxxxx, rd: , opc: 'hxx }
cycle 1137
copperv1: received:         x
tagged U_type Instruction_$U_type { imm: 'hxxxxx, rd: , opc: 'hxx }
cycle 1138
copperv1: received:         x
tagged U_type Instruction_$U_type { imm: 'hxxxxx, rd: , opc: 'hxx }
cycle 1139
copperv1: received:         x
tagged U_type Instruction_$U_type { imm: 'hxxxxx, rd: , opc: 'hxx }
cycle 1140
copperv1: received:         x
tagged U_type Instruction_$U_type { imm: 'hxxxxx, rd: , opc: 'hxx }
cycle 1141
copperv1: received:         x
tagged U_type Instruction_$U_type { imm: 'hxxxxx, rd: , opc: 'hxx }
cycle 1142
copperv1: received:         x
tagged U_type Instruction_$U_type { imm: 'hxxxxx, rd: , opc: 'hxx }
cycle 1143
copperv1: received:         x
tagged U_type Instruction_$U_type { imm: 'hxxxxx, rd: , opc: 'hxx }
cycle 1144
copperv1: received:         x
tagged U_type Instruction_$U_type { imm: 'hxxxxx, rd: , opc: 'hxx }
cycle 1145
copperv1: received:         x
tagged U_type Instruction_$U_type { imm: 'hxxxxx, rd: , opc: 'hxx }
cycle 1146
copperv1: received:         x
tagged U_type Instruction_$U_type { imm: 'hxxxxx, rd: , opc: 'hxx }
cycle 1147
copperv1: received:         x
tagged U_type Instruction_$U_type { imm: 'hxxxxx, rd: , opc: 'hxx }
cycle 1148
copperv1: received:         x
tagged U_type Instruction_$U_type { imm: 'hxxxxx, rd: , opc: 'hxx }
cycle 1149
copperv1: received:         x
tagged U_type Instruction_$U_type { imm: 'hxxxxx, rd: , opc: 'hxx }
cycle 1150
copperv1: received:         x
tagged U_type Instruction_$U_type { imm: 'hxxxxx, rd: , opc: 'hxx }
cycle 1151
copperv1: received:         x
tagged U_type Instruction_$U_type { imm: 'hxxxxx, rd: , opc: 'hxx }
cycle 1152
copperv1: received:         x
tagged U_type Instruction_$U_type { imm: 'hxxxxx, rd: , opc: 'hxx }
cycle 1153
copperv1: received:         x
tagged U_type Instruction_$U_type { imm: 'hxxxxx, rd: , opc: 'hxx }
cycle 1154
copperv1: received:         x
tagged U_type Instruction_$U_type { imm: 'hxxxxx, rd: , opc: 'hxx }
cycle 1155
copperv1: received:         x
tagged U_type Instruction_$U_type { imm: 'hxxxxx, rd: , opc: 'hxx }
cycle 1156
copperv1: received:         x
tagged U_type Instruction_$U_type { imm: 'hxxxxx, rd: , opc: 'hxx }
cycle 1157
copperv1: received:         x
tagged U_type Instruction_$U_type { imm: 'hxxxxx, rd: , opc: 'hxx }
cycle 1158
copperv1: received:         x
tagged U_type Instruction_$U_type { imm: 'hxxxxx, rd: , opc: 'hxx }
cycle 1159
copperv1: received:         x
tagged U_type Instruction_$U_type { imm: 'hxxxxx, rd: , opc: 'hxx }
cycle 1160
copperv1: received:         x
tagged U_type Instruction_$U_type { imm: 'hxxxxx, rd: , opc: 'hxx }
cycle 1161
copperv1: received:         x
tagged U_type Instruction_$U_type { imm: 'hxxxxx, rd: , opc: 'hxx }
cycle 1162
copperv1: received:         x
tagged U_type Instruction_$U_type { imm: 'hxxxxx, rd: , opc: 'hxx }
cycle 1163
copperv1: received:         x
tagged U_type Instruction_$U_type { imm: 'hxxxxx, rd: , opc: 'hxx }
cycle 1164
copperv1: received:         x
tagged U_type Instruction_$U_type { imm: 'hxxxxx, rd: , opc: 'hxx }
cycle 1165
copperv1: received:         x
tagged U_type Instruction_$U_type { imm: 'hxxxxx, rd: , opc: 'hxx }
cycle 1166
copperv1: received:         x
tagged U_type Instruction_$U_type { imm: 'hxxxxx, rd: , opc: 'hxx }
cycle 1167
copperv1: received:         x
tagged U_type Instruction_$U_type { imm: 'hxxxxx, rd: , opc: 'hxx }
cycle 1168
copperv1: received:         x
tagged U_type Instruction_$U_type { imm: 'hxxxxx, rd: , opc: 'hxx }
cycle 1169
copperv1: received:         x
tagged U_type Instruction_$U_type { imm: 'hxxxxx, rd: , opc: 'hxx }
cycle 1170
copperv1: received:         x
tagged U_type Instruction_$U_type { imm: 'hxxxxx, rd: , opc: 'hxx }
cycle 1171
copperv1: received:         x
tagged U_type Instruction_$U_type { imm: 'hxxxxx, rd: , opc: 'hxx }
cycle 1172
copperv1: received:         x
tagged U_type Instruction_$U_type { imm: 'hxxxxx, rd: , opc: 'hxx }
cycle 1173
copperv1: received:         x
tagged U_type Instruction_$U_type { imm: 'hxxxxx, rd: , opc: 'hxx }
cycle 1174
copperv1: received:         x
tagged U_type Instruction_$U_type { imm: 'hxxxxx, rd: , opc: 'hxx }
cycle 1175
copperv1: received:         x
tagged U_type Instruction_$U_type { imm: 'hxxxxx, rd: , opc: 'hxx }
cycle 1176
copperv1: received:         x
tagged U_type Instruction_$U_type { imm: 'hxxxxx, rd: , opc: 'hxx }
cycle 1177
copperv1: received:         x
tagged U_type Instruction_$U_type { imm: 'hxxxxx, rd: , opc: 'hxx }
cycle 1178
copperv1: received:         x
tagged U_type Instruction_$U_type { imm: 'hxxxxx, rd: , opc: 'hxx }
cycle 1179
copperv1: received:         x
tagged U_type Instruction_$U_type { imm: 'hxxxxx, rd: , opc: 'hxx }
cycle 1180
copperv1: received:         x
tagged U_type Instruction_$U_type { imm: 'hxxxxx, rd: , opc: 'hxx }
cycle 1181
copperv1: received:         x
tagged U_type Instruction_$U_type { imm: 'hxxxxx, rd: , opc: 'hxx }
cycle 1182
copperv1: received:         x
tagged U_type Instruction_$U_type { imm: 'hxxxxx, rd: , opc: 'hxx }
cycle 1183
copperv1: received:         x
tagged U_type Instruction_$U_type { imm: 'hxxxxx, rd: , opc: 'hxx }
cycle 1184
copperv1: received:         x
tagged U_type Instruction_$U_type { imm: 'hxxxxx, rd: , opc: 'hxx }
cycle 1185
copperv1: received:         x
tagged U_type Instruction_$U_type { imm: 'hxxxxx, rd: , opc: 'hxx }
cycle 1186
copperv1: received:         x
tagged U_type Instruction_$U_type { imm: 'hxxxxx, rd: , opc: 'hxx }
cycle 1187
copperv1: received:         x
tagged U_type Instruction_$U_type { imm: 'hxxxxx, rd: , opc: 'hxx }
cycle 1188
copperv1: received:         x
tagged U_type Instruction_$U_type { imm: 'hxxxxx, rd: , opc: 'hxx }
cycle 1189
copperv1: received:         x
tagged U_type Instruction_$U_type { imm: 'hxxxxx, rd: , opc: 'hxx }
cycle 1190
copperv1: received:         x
tagged U_type Instruction_$U_type { imm: 'hxxxxx, rd: , opc: 'hxx }
cycle 1191
copperv1: received:         x
tagged U_type Instruction_$U_type { imm: 'hxxxxx, rd: , opc: 'hxx }
cycle 1192
copperv1: received:         x
tagged U_type Instruction_$U_type { imm: 'hxxxxx, rd: , opc: 'hxx }
cycle 1193
copperv1: received:         x
tagged U_type Instruction_$U_type { imm: 'hxxxxx, rd: , opc: 'hxx }
cycle 1194
copperv1: received:         x
tagged U_type Instruction_$U_type { imm: 'hxxxxx, rd: , opc: 'hxx }
cycle 1195
copperv1: received:         x
tagged U_type Instruction_$U_type { imm: 'hxxxxx, rd: , opc: 'hxx }
cycle 1196
copperv1: received:         x
tagged U_type Instruction_$U_type { imm: 'hxxxxx, rd: , opc: 'hxx }
cycle 1197
copperv1: received:         x
tagged U_type Instruction_$U_type { imm: 'hxxxxx, rd: , opc: 'hxx }
cycle 1198
copperv1: received:         x
tagged U_type Instruction_$U_type { imm: 'hxxxxx, rd: , opc: 'hxx }
cycle 1199
copperv1: received:         x
tagged U_type Instruction_$U_type { imm: 'hxxxxx, rd: , opc: 'hxx }
cycle 1200
copperv1: received:         x
tagged U_type Instruction_$U_type { imm: 'hxxxxx, rd: , opc: 'hxx }
cycle 1201
copperv1: received:         x
tagged U_type Instruction_$U_type { imm: 'hxxxxx, rd: , opc: 'hxx }
cycle 1202
copperv1: received:         x
tagged U_type Instruction_$U_type { imm: 'hxxxxx, rd: , opc: 'hxx }
cycle 1203
copperv1: received:         x
tagged U_type Instruction_$U_type { imm: 'hxxxxx, rd: , opc: 'hxx }
cycle 1204
copperv1: received:         x
tagged U_type Instruction_$U_type { imm: 'hxxxxx, rd: , opc: 'hxx }
cycle 1205
copperv1: received:         x
tagged U_type Instruction_$U_type { imm: 'hxxxxx, rd: , opc: 'hxx }
cycle 1206
copperv1: received:         x
tagged U_type Instruction_$U_type { imm: 'hxxxxx, rd: , opc: 'hxx }
cycle 1207
copperv1: received:         x
tagged U_type Instruction_$U_type { imm: 'hxxxxx, rd: , opc: 'hxx }
cycle 1208
copperv1: received:         x
tagged U_type Instruction_$U_type { imm: 'hxxxxx, rd: , opc: 'hxx }
cycle 1209
copperv1: received:         x
tagged U_type Instruction_$U_type { imm: 'hxxxxx, rd: , opc: 'hxx }
cycle 1210
copperv1: received:         x
tagged U_type Instruction_$U_type { imm: 'hxxxxx, rd: , opc: 'hxx }
cycle 1211
copperv1: received:         x
tagged U_type Instruction_$U_type { imm: 'hxxxxx, rd: , opc: 'hxx }
cycle 1212
copperv1: received:         x
tagged U_type Instruction_$U_type { imm: 'hxxxxx, rd: , opc: 'hxx }
cycle 1213
copperv1: received:         x
tagged U_type Instruction_$U_type { imm: 'hxxxxx, rd: , opc: 'hxx }
cycle 1214
copperv1: received:         x
tagged U_type Instruction_$U_type { imm: 'hxxxxx, rd: , opc: 'hxx }
cycle 1215
copperv1: received:         x
tagged U_type Instruction_$U_type { imm: 'hxxxxx, rd: , opc: 'hxx }
cycle 1216
copperv1: received:         x
tagged U_type Instruction_$U_type { imm: 'hxxxxx, rd: , opc: 'hxx }
cycle 1217
copperv1: received:         x
tagged U_type Instruction_$U_type { imm: 'hxxxxx, rd: , opc: 'hxx }
cycle 1218
copperv1: received:         x
tagged U_type Instruction_$U_type { imm: 'hxxxxx, rd: , opc: 'hxx }
cycle 1219
copperv1: received:         x
tagged U_type Instruction_$U_type { imm: 'hxxxxx, rd: , opc: 'hxx }
cycle 1220
copperv1: received:         x
tagged U_type Instruction_$U_type { imm: 'hxxxxx, rd: , opc: 'hxx }
cycle 1221
copperv1: received:         x
tagged U_type Instruction_$U_type { imm: 'hxxxxx, rd: , opc: 'hxx }
cycle 1222
copperv1: received:         x
tagged U_type Instruction_$U_type { imm: 'hxxxxx, rd: , opc: 'hxx }
cycle 1223
copperv1: received:         x
tagged U_type Instruction_$U_type { imm: 'hxxxxx, rd: , opc: 'hxx }
cycle 1224
copperv1: received:         x
tagged U_type Instruction_$U_type { imm: 'hxxxxx, rd: , opc: 'hxx }
cycle 1225
copperv1: received:         x
tagged U_type Instruction_$U_type { imm: 'hxxxxx, rd: , opc: 'hxx }
cycle 1226
copperv1: received:         x
tagged U_type Instruction_$U_type { imm: 'hxxxxx, rd: , opc: 'hxx }
cycle 1227
copperv1: received:         x
tagged U_type Instruction_$U_type { imm: 'hxxxxx, rd: , opc: 'hxx }
cycle 1228
copperv1: received:         x
tagged U_type Instruction_$U_type { imm: 'hxxxxx, rd: , opc: 'hxx }
cycle 1229
copperv1: received:         x
tagged U_type Instruction_$U_type { imm: 'hxxxxx, rd: , opc: 'hxx }
cycle 1230
copperv1: received:         x
tagged U_type Instruction_$U_type { imm: 'hxxxxx, rd: , opc: 'hxx }
cycle 1231
copperv1: received:         x
tagged U_type Instruction_$U_type { imm: 'hxxxxx, rd: , opc: 'hxx }
cycle 1232
copperv1: received:         x
tagged U_type Instruction_$U_type { imm: 'hxxxxx, rd: , opc: 'hxx }
cycle 1233
copperv1: received:         x
tagged U_type Instruction_$U_type { imm: 'hxxxxx, rd: , opc: 'hxx }
cycle 1234
copperv1: received:         x
tagged U_type Instruction_$U_type { imm: 'hxxxxx, rd: , opc: 'hxx }
cycle 1235
copperv1: received:         x
tagged U_type Instruction_$U_type { imm: 'hxxxxx, rd: , opc: 'hxx }
cycle 1236
copperv1: received:         x
tagged U_type Instruction_$U_type { imm: 'hxxxxx, rd: , opc: 'hxx }
cycle 1237
copperv1: received:         x
tagged U_type Instruction_$U_type { imm: 'hxxxxx, rd: , opc: 'hxx }
cycle 1238
copperv1: received:         x
tagged U_type Instruction_$U_type { imm: 'hxxxxx, rd: , opc: 'hxx }
cycle 1239
copperv1: received:         x
tagged U_type Instruction_$U_type { imm: 'hxxxxx, rd: , opc: 'hxx }
cycle 1240
copperv1: received:         x
tagged U_type Instruction_$U_type { imm: 'hxxxxx, rd: , opc: 'hxx }
cycle 1241
copperv1: received:         x
tagged U_type Instruction_$U_type { imm: 'hxxxxx, rd: , opc: 'hxx }
cycle 1242
copperv1: received:         x
tagged U_type Instruction_$U_type { imm: 'hxxxxx, rd: , opc: 'hxx }
cycle 1243
copperv1: received:         x
tagged U_type Instruction_$U_type { imm: 'hxxxxx, rd: , opc: 'hxx }
cycle 1244
copperv1: received:         x
tagged U_type Instruction_$U_type { imm: 'hxxxxx, rd: , opc: 'hxx }
cycle 1245
copperv1: received:         x
tagged U_type Instruction_$U_type { imm: 'hxxxxx, rd: , opc: 'hxx }
cycle 1246
copperv1: received:         x
tagged U_type Instruction_$U_type { imm: 'hxxxxx, rd: , opc: 'hxx }
cycle 1247
copperv1: received:         x
tagged U_type Instruction_$U_type { imm: 'hxxxxx, rd: , opc: 'hxx }
cycle 1248
copperv1: received:         x
tagged U_type Instruction_$U_type { imm: 'hxxxxx, rd: , opc: 'hxx }
cycle 1249
copperv1: received:         x
tagged U_type Instruction_$U_type { imm: 'hxxxxx, rd: , opc: 'hxx }
cycle 1250
copperv1: received:         x
tagged U_type Instruction_$U_type { imm: 'hxxxxx, rd: , opc: 'hxx }
cycle 1251
copperv1: received:         x
tagged U_type Instruction_$U_type { imm: 'hxxxxx, rd: , opc: 'hxx }
cycle 1252
copperv1: received:         x
tagged U_type Instruction_$U_type { imm: 'hxxxxx, rd: , opc: 'hxx }
cycle 1253
copperv1: received:         x
tagged U_type Instruction_$U_type { imm: 'hxxxxx, rd: , opc: 'hxx }
cycle 1254
copperv1: received:         x
tagged U_type Instruction_$U_type { imm: 'hxxxxx, rd: , opc: 'hxx }
cycle 1255
copperv1: received:         x
tagged U_type Instruction_$U_type { imm: 'hxxxxx, rd: , opc: 'hxx }
cycle 1256
copperv1: received:         x
tagged U_type Instruction_$U_type { imm: 'hxxxxx, rd: , opc: 'hxx }
cycle 1257
copperv1: received:         x
tagged U_type Instruction_$U_type { imm: 'hxxxxx, rd: , opc: 'hxx }
cycle 1258
copperv1: received:         x
tagged U_type Instruction_$U_type { imm: 'hxxxxx, rd: , opc: 'hxx }
cycle 1259
copperv1: received:         x
tagged U_type Instruction_$U_type { imm: 'hxxxxx, rd: , opc: 'hxx }
cycle 1260
copperv1: received:         x
tagged U_type Instruction_$U_type { imm: 'hxxxxx, rd: , opc: 'hxx }
cycle 1261
copperv1: received:         x
tagged U_type Instruction_$U_type { imm: 'hxxxxx, rd: , opc: 'hxx }
cycle 1262
copperv1: received:         x
tagged U_type Instruction_$U_type { imm: 'hxxxxx, rd: , opc: 'hxx }
cycle 1263
copperv1: received:         x
tagged U_type Instruction_$U_type { imm: 'hxxxxx, rd: , opc: 'hxx }
cycle 1264
copperv1: received:         x
tagged U_type Instruction_$U_type { imm: 'hxxxxx, rd: , opc: 'hxx }
cycle 1265
copperv1: received:         x
tagged U_type Instruction_$U_type { imm: 'hxxxxx, rd: , opc: 'hxx }
cycle 1266
copperv1: received:         x
tagged U_type Instruction_$U_type { imm: 'hxxxxx, rd: , opc: 'hxx }
cycle 1267
copperv1: received:         x
tagged U_type Instruction_$U_type { imm: 'hxxxxx, rd: , opc: 'hxx }
cycle 1268
copperv1: received:         x
tagged U_type Instruction_$U_type { imm: 'hxxxxx, rd: , opc: 'hxx }
cycle 1269
copperv1: received:         x
tagged U_type Instruction_$U_type { imm: 'hxxxxx, rd: , opc: 'hxx }
cycle 1270
copperv1: received:         x
tagged U_type Instruction_$U_type { imm: 'hxxxxx, rd: , opc: 'hxx }
cycle 1271
copperv1: received:         x
tagged U_type Instruction_$U_type { imm: 'hxxxxx, rd: , opc: 'hxx }
cycle 1272
copperv1: received:         x
tagged U_type Instruction_$U_type { imm: 'hxxxxx, rd: , opc: 'hxx }
cycle 1273
copperv1: received:         x
tagged U_type Instruction_$U_type { imm: 'hxxxxx, rd: , opc: 'hxx }
cycle 1274
copperv1: received:         x
tagged U_type Instruction_$U_type { imm: 'hxxxxx, rd: , opc: 'hxx }
cycle 1275
copperv1: received:         x
tagged U_type Instruction_$U_type { imm: 'hxxxxx, rd: , opc: 'hxx }
cycle 1276
copperv1: received:         x
tagged U_type Instruction_$U_type { imm: 'hxxxxx, rd: , opc: 'hxx }
cycle 1277
copperv1: received:         x
tagged U_type Instruction_$U_type { imm: 'hxxxxx, rd: , opc: 'hxx }
cycle 1278
copperv1: received:         x
tagged U_type Instruction_$U_type { imm: 'hxxxxx, rd: , opc: 'hxx }
cycle 1279
copperv1: received:         x
tagged U_type Instruction_$U_type { imm: 'hxxxxx, rd: , opc: 'hxx }
cycle 1280
copperv1: received:         x
tagged U_type Instruction_$U_type { imm: 'hxxxxx, rd: , opc: 'hxx }
cycle 1281
copperv1: received:         x
tagged U_type Instruction_$U_type { imm: 'hxxxxx, rd: , opc: 'hxx }
cycle 1282
copperv1: received:         x
tagged U_type Instruction_$U_type { imm: 'hxxxxx, rd: , opc: 'hxx }
cycle 1283
copperv1: received:         x
tagged U_type Instruction_$U_type { imm: 'hxxxxx, rd: , opc: 'hxx }
cycle 1284
copperv1: received:         x
tagged U_type Instruction_$U_type { imm: 'hxxxxx, rd: , opc: 'hxx }
cycle 1285
copperv1: received:         x
tagged U_type Instruction_$U_type { imm: 'hxxxxx, rd: , opc: 'hxx }
cycle 1286
copperv1: received:         x
tagged U_type Instruction_$U_type { imm: 'hxxxxx, rd: , opc: 'hxx }
cycle 1287
copperv1: received:         x
tagged U_type Instruction_$U_type { imm: 'hxxxxx, rd: , opc: 'hxx }
cycle 1288
copperv1: received:         x
tagged U_type Instruction_$U_type { imm: 'hxxxxx, rd: , opc: 'hxx }
cycle 1289
copperv1: received:         x
tagged U_type Instruction_$U_type { imm: 'hxxxxx, rd: , opc: 'hxx }
cycle 1290
copperv1: received:         x
tagged U_type Instruction_$U_type { imm: 'hxxxxx, rd: , opc: 'hxx }
cycle 1291
copperv1: received:         x
tagged U_type Instruction_$U_type { imm: 'hxxxxx, rd: , opc: 'hxx }
cycle 1292
copperv1: received:         x
tagged U_type Instruction_$U_type { imm: 'hxxxxx, rd: , opc: 'hxx }
cycle 1293
copperv1: received:         x
tagged U_type Instruction_$U_type { imm: 'hxxxxx, rd: , opc: 'hxx }
cycle 1294
copperv1: received:         x
tagged U_type Instruction_$U_type { imm: 'hxxxxx, rd: , opc: 'hxx }
cycle 1295
copperv1: received:         x
tagged U_type Instruction_$U_type { imm: 'hxxxxx, rd: , opc: 'hxx }
cycle 1296
copperv1: received:         x
tagged U_type Instruction_$U_type { imm: 'hxxxxx, rd: , opc: 'hxx }
cycle 1297
copperv1: received:         x
tagged U_type Instruction_$U_type { imm: 'hxxxxx, rd: , opc: 'hxx }
cycle 1298
copperv1: received:         x
tagged U_type Instruction_$U_type { imm: 'hxxxxx, rd: , opc: 'hxx }
cycle 1299
copperv1: received:         x
tagged U_type Instruction_$U_type { imm: 'hxxxxx, rd: , opc: 'hxx }
cycle 1300
copperv1: received:         x
tagged U_type Instruction_$U_type { imm: 'hxxxxx, rd: , opc: 'hxx }
cycle 1301
copperv1: received:         x
tagged U_type Instruction_$U_type { imm: 'hxxxxx, rd: , opc: 'hxx }
cycle 1302
copperv1: received:         x
tagged U_type Instruction_$U_type { imm: 'hxxxxx, rd: , opc: 'hxx }
cycle 1303
copperv1: received:         x
tagged U_type Instruction_$U_type { imm: 'hxxxxx, rd: , opc: 'hxx }
cycle 1304
copperv1: received:         x
tagged U_type Instruction_$U_type { imm: 'hxxxxx, rd: , opc: 'hxx }
cycle 1305
copperv1: received:         x
tagged U_type Instruction_$U_type { imm: 'hxxxxx, rd: , opc: 'hxx }
cycle 1306
copperv1: received:         x
tagged U_type Instruction_$U_type { imm: 'hxxxxx, rd: , opc: 'hxx }
cycle 1307
copperv1: received:         x
tagged U_type Instruction_$U_type { imm: 'hxxxxx, rd: , opc: 'hxx }
cycle 1308
copperv1: received:         x
tagged U_type Instruction_$U_type { imm: 'hxxxxx, rd: , opc: 'hxx }
cycle 1309
copperv1: received:         x
tagged U_type Instruction_$U_type { imm: 'hxxxxx, rd: , opc: 'hxx }
cycle 1310
copperv1: received:         x
tagged U_type Instruction_$U_type { imm: 'hxxxxx, rd: , opc: 'hxx }
cycle 1311
copperv1: received:         x
tagged U_type Instruction_$U_type { imm: 'hxxxxx, rd: , opc: 'hxx }
cycle 1312
copperv1: received:         x
tagged U_type Instruction_$U_type { imm: 'hxxxxx, rd: , opc: 'hxx }
cycle 1313
copperv1: received:         x
tagged U_type Instruction_$U_type { imm: 'hxxxxx, rd: , opc: 'hxx }
cycle 1314
copperv1: received:         x
tagged U_type Instruction_$U_type { imm: 'hxxxxx, rd: , opc: 'hxx }
cycle 1315
copperv1: received:         x
tagged U_type Instruction_$U_type { imm: 'hxxxxx, rd: , opc: 'hxx }
cycle 1316
copperv1: received:         x
tagged U_type Instruction_$U_type { imm: 'hxxxxx, rd: , opc: 'hxx }
cycle 1317
copperv1: received:         x
tagged U_type Instruction_$U_type { imm: 'hxxxxx, rd: , opc: 'hxx }
cycle 1318
copperv1: received:         x
tagged U_type Instruction_$U_type { imm: 'hxxxxx, rd: , opc: 'hxx }
cycle 1319
copperv1: received:         x
tagged U_type Instruction_$U_type { imm: 'hxxxxx, rd: , opc: 'hxx }
cycle 1320
copperv1: received:         x
tagged U_type Instruction_$U_type { imm: 'hxxxxx, rd: , opc: 'hxx }
cycle 1321
copperv1: received:         x
tagged U_type Instruction_$U_type { imm: 'hxxxxx, rd: , opc: 'hxx }
cycle 1322
copperv1: received:         x
tagged U_type Instruction_$U_type { imm: 'hxxxxx, rd: , opc: 'hxx }
cycle 1323
copperv1: received:         x
tagged U_type Instruction_$U_type { imm: 'hxxxxx, rd: , opc: 'hxx }
cycle 1324
copperv1: received:         x
tagged U_type Instruction_$U_type { imm: 'hxxxxx, rd: , opc: 'hxx }
cycle 1325
copperv1: received:         x
tagged U_type Instruction_$U_type { imm: 'hxxxxx, rd: , opc: 'hxx }
cycle 1326
copperv1: received:         x
tagged U_type Instruction_$U_type { imm: 'hxxxxx, rd: , opc: 'hxx }
cycle 1327
copperv1: received:         x
tagged U_type Instruction_$U_type { imm: 'hxxxxx, rd: , opc: 'hxx }
cycle 1328
copperv1: received:         x
tagged U_type Instruction_$U_type { imm: 'hxxxxx, rd: , opc: 'hxx }
cycle 1329
copperv1: received:         x
tagged U_type Instruction_$U_type { imm: 'hxxxxx, rd: , opc: 'hxx }
cycle 1330
copperv1: received:         x
tagged U_type Instruction_$U_type { imm: 'hxxxxx, rd: , opc: 'hxx }
cycle 1331
copperv1: received:         x
tagged U_type Instruction_$U_type { imm: 'hxxxxx, rd: , opc: 'hxx }
cycle 1332
copperv1: received:         x
tagged U_type Instruction_$U_type { imm: 'hxxxxx, rd: , opc: 'hxx }
cycle 1333
copperv1: received:         x
tagged U_type Instruction_$U_type { imm: 'hxxxxx, rd: , opc: 'hxx }
cycle 1334
copperv1: received:         x
tagged U_type Instruction_$U_type { imm: 'hxxxxx, rd: , opc: 'hxx }
cycle 1335
copperv1: received:         x
tagged U_type Instruction_$U_type { imm: 'hxxxxx, rd: , opc: 'hxx }
cycle 1336
copperv1: received:         x
tagged U_type Instruction_$U_type { imm: 'hxxxxx, rd: , opc: 'hxx }
cycle 1337
copperv1: received:         x
tagged U_type Instruction_$U_type { imm: 'hxxxxx, rd: , opc: 'hxx }
cycle 1338
copperv1: received:         x
tagged U_type Instruction_$U_type { imm: 'hxxxxx, rd: , opc: 'hxx }
cycle 1339
copperv1: received:         x
tagged U_type Instruction_$U_type { imm: 'hxxxxx, rd: , opc: 'hxx }
cycle 1340
copperv1: received:         x
tagged U_type Instruction_$U_type { imm: 'hxxxxx, rd: , opc: 'hxx }
cycle 1341
copperv1: received:         x
tagged U_type Instruction_$U_type { imm: 'hxxxxx, rd: , opc: 'hxx }
cycle 1342
copperv1: received:         x
tagged U_type Instruction_$U_type { imm: 'hxxxxx, rd: , opc: 'hxx }
cycle 1343
copperv1: received:         x
tagged U_type Instruction_$U_type { imm: 'hxxxxx, rd: , opc: 'hxx }
cycle 1344
copperv1: received:         x
tagged U_type Instruction_$U_type { imm: 'hxxxxx, rd: , opc: 'hxx }
cycle 1345
copperv1: received:         x
tagged U_type Instruction_$U_type { imm: 'hxxxxx, rd: , opc: 'hxx }
cycle 1346
copperv1: received:         x
tagged U_type Instruction_$U_type { imm: 'hxxxxx, rd: , opc: 'hxx }
cycle 1347
copperv1: received:         x
tagged U_type Instruction_$U_type { imm: 'hxxxxx, rd: , opc: 'hxx }
cycle 1348
copperv1: received:         x
tagged U_type Instruction_$U_type { imm: 'hxxxxx, rd: , opc: 'hxx }
cycle 1349
copperv1: received:         x
tagged U_type Instruction_$U_type { imm: 'hxxxxx, rd: , opc: 'hxx }
cycle 1350
copperv1: received:         x
tagged U_type Instruction_$U_type { imm: 'hxxxxx, rd: , opc: 'hxx }
cycle 1351
copperv1: received:         x
tagged U_type Instruction_$U_type { imm: 'hxxxxx, rd: , opc: 'hxx }
cycle 1352
copperv1: received:         x
tagged U_type Instruction_$U_type { imm: 'hxxxxx, rd: , opc: 'hxx }
cycle 1353
copperv1: received:         x
tagged U_type Instruction_$U_type { imm: 'hxxxxx, rd: , opc: 'hxx }
cycle 1354
copperv1: received:         x
tagged U_type Instruction_$U_type { imm: 'hxxxxx, rd: , opc: 'hxx }
cycle 1355
copperv1: received:         x
tagged U_type Instruction_$U_type { imm: 'hxxxxx, rd: , opc: 'hxx }
cycle 1356
copperv1: received:         x
tagged U_type Instruction_$U_type { imm: 'hxxxxx, rd: , opc: 'hxx }
cycle 1357
copperv1: received:         x
tagged U_type Instruction_$U_type { imm: 'hxxxxx, rd: , opc: 'hxx }
cycle 1358
copperv1: received:         x
tagged U_type Instruction_$U_type { imm: 'hxxxxx, rd: , opc: 'hxx }
cycle 1359
copperv1: received:         x
tagged U_type Instruction_$U_type { imm: 'hxxxxx, rd: , opc: 'hxx }
cycle 1360
copperv1: received:         x
tagged U_type Instruction_$U_type { imm: 'hxxxxx, rd: , opc: 'hxx }
cycle 1361
copperv1: received:         x
tagged U_type Instruction_$U_type { imm: 'hxxxxx, rd: , opc: 'hxx }
cycle 1362
copperv1: received:         x
tagged U_type Instruction_$U_type { imm: 'hxxxxx, rd: , opc: 'hxx }
cycle 1363
copperv1: received:         x
tagged U_type Instruction_$U_type { imm: 'hxxxxx, rd: , opc: 'hxx }
cycle 1364
copperv1: received:         x
tagged U_type Instruction_$U_type { imm: 'hxxxxx, rd: , opc: 'hxx }
cycle 1365
copperv1: received:         x
tagged U_type Instruction_$U_type { imm: 'hxxxxx, rd: , opc: 'hxx }
cycle 1366
copperv1: received:         x
tagged U_type Instruction_$U_type { imm: 'hxxxxx, rd: , opc: 'hxx }
cycle 1367
copperv1: received:         x
tagged U_type Instruction_$U_type { imm: 'hxxxxx, rd: , opc: 'hxx }
cycle 1368
copperv1: received:         x
tagged U_type Instruction_$U_type { imm: 'hxxxxx, rd: , opc: 'hxx }
cycle 1369
copperv1: received:         x
tagged U_type Instruction_$U_type { imm: 'hxxxxx, rd: , opc: 'hxx }
cycle 1370
copperv1: received:         x
tagged U_type Instruction_$U_type { imm: 'hxxxxx, rd: , opc: 'hxx }
cycle 1371
copperv1: received:         x
tagged U_type Instruction_$U_type { imm: 'hxxxxx, rd: , opc: 'hxx }
cycle 1372
copperv1: received:         x
tagged U_type Instruction_$U_type { imm: 'hxxxxx, rd: , opc: 'hxx }
cycle 1373
copperv1: received:         x
tagged U_type Instruction_$U_type { imm: 'hxxxxx, rd: , opc: 'hxx }
cycle 1374
copperv1: received:         x
tagged U_type Instruction_$U_type { imm: 'hxxxxx, rd: , opc: 'hxx }
cycle 1375
copperv1: received:         x
tagged U_type Instruction_$U_type { imm: 'hxxxxx, rd: , opc: 'hxx }
cycle 1376
copperv1: received:         x
tagged U_type Instruction_$U_type { imm: 'hxxxxx, rd: , opc: 'hxx }
cycle 1377
copperv1: received:         x
tagged U_type Instruction_$U_type { imm: 'hxxxxx, rd: , opc: 'hxx }
cycle 1378
copperv1: received:         x
tagged U_type Instruction_$U_type { imm: 'hxxxxx, rd: , opc: 'hxx }
cycle 1379
copperv1: received:         x
tagged U_type Instruction_$U_type { imm: 'hxxxxx, rd: , opc: 'hxx }
cycle 1380
copperv1: received:         x
tagged U_type Instruction_$U_type { imm: 'hxxxxx, rd: , opc: 'hxx }
cycle 1381
copperv1: received:         x
tagged U_type Instruction_$U_type { imm: 'hxxxxx, rd: , opc: 'hxx }
cycle 1382
copperv1: received:         x
tagged U_type Instruction_$U_type { imm: 'hxxxxx, rd: , opc: 'hxx }
cycle 1383
copperv1: received:         x
tagged U_type Instruction_$U_type { imm: 'hxxxxx, rd: , opc: 'hxx }
cycle 1384
copperv1: received:         x
tagged U_type Instruction_$U_type { imm: 'hxxxxx, rd: , opc: 'hxx }
cycle 1385
copperv1: received:         x
tagged U_type Instruction_$U_type { imm: 'hxxxxx, rd: , opc: 'hxx }
cycle 1386
copperv1: received:         x
tagged U_type Instruction_$U_type { imm: 'hxxxxx, rd: , opc: 'hxx }
cycle 1387
copperv1: received:         x
tagged U_type Instruction_$U_type { imm: 'hxxxxx, rd: , opc: 'hxx }
cycle 1388
copperv1: received:         x
tagged U_type Instruction_$U_type { imm: 'hxxxxx, rd: , opc: 'hxx }
cycle 1389
copperv1: received:         x
tagged U_type Instruction_$U_type { imm: 'hxxxxx, rd: , opc: 'hxx }
cycle 1390
copperv1: received:         x
tagged U_type Instruction_$U_type { imm: 'hxxxxx, rd: , opc: 'hxx }
cycle 1391
copperv1: received:         x
tagged U_type Instruction_$U_type { imm: 'hxxxxx, rd: , opc: 'hxx }
cycle 1392
copperv1: received:         x
tagged U_type Instruction_$U_type { imm: 'hxxxxx, rd: , opc: 'hxx }
cycle 1393
copperv1: received:         x
tagged U_type Instruction_$U_type { imm: 'hxxxxx, rd: , opc: 'hxx }
cycle 1394
copperv1: received:         x
tagged U_type Instruction_$U_type { imm: 'hxxxxx, rd: , opc: 'hxx }
cycle 1395
copperv1: received:         x
tagged U_type Instruction_$U_type { imm: 'hxxxxx, rd: , opc: 'hxx }
cycle 1396
copperv1: received:         x
tagged U_type Instruction_$U_type { imm: 'hxxxxx, rd: , opc: 'hxx }
cycle 1397
copperv1: received:         x
tagged U_type Instruction_$U_type { imm: 'hxxxxx, rd: , opc: 'hxx }
cycle 1398
copperv1: received:         x
tagged U_type Instruction_$U_type { imm: 'hxxxxx, rd: , opc: 'hxx }
cycle 1399
copperv1: received:         x
tagged U_type Instruction_$U_type { imm: 'hxxxxx, rd: , opc: 'hxx }
cycle 1400
copperv1: received:         x
tagged U_type Instruction_$U_type { imm: 'hxxxxx, rd: , opc: 'hxx }
cycle 1401
copperv1: received:         x
tagged U_type Instruction_$U_type { imm: 'hxxxxx, rd: , opc: 'hxx }
cycle 1402
copperv1: received:         x
tagged U_type Instruction_$U_type { imm: 'hxxxxx, rd: , opc: 'hxx }
cycle 1403
copperv1: received:         x
tagged U_type Instruction_$U_type { imm: 'hxxxxx, rd: , opc: 'hxx }
cycle 1404
copperv1: received:         x
tagged U_type Instruction_$U_type { imm: 'hxxxxx, rd: , opc: 'hxx }
cycle 1405
copperv1: received:         x
tagged U_type Instruction_$U_type { imm: 'hxxxxx, rd: , opc: 'hxx }
cycle 1406
copperv1: received:         x
tagged U_type Instruction_$U_type { imm: 'hxxxxx, rd: , opc: 'hxx }
cycle 1407
copperv1: received:         x
tagged U_type Instruction_$U_type { imm: 'hxxxxx, rd: , opc: 'hxx }
cycle 1408
copperv1: received:         x
tagged U_type Instruction_$U_type { imm: 'hxxxxx, rd: , opc: 'hxx }
cycle 1409
copperv1: received:         x
tagged U_type Instruction_$U_type { imm: 'hxxxxx, rd: , opc: 'hxx }
cycle 1410
copperv1: received:         x
tagged U_type Instruction_$U_type { imm: 'hxxxxx, rd: , opc: 'hxx }
cycle 1411
copperv1: received:         x
tagged U_type Instruction_$U_type { imm: 'hxxxxx, rd: , opc: 'hxx }
cycle 1412
copperv1: received:         x
tagged U_type Instruction_$U_type { imm: 'hxxxxx, rd: , opc: 'hxx }
cycle 1413
copperv1: received:         x
tagged U_type Instruction_$U_type { imm: 'hxxxxx, rd: , opc: 'hxx }
cycle 1414
copperv1: received:         x
tagged U_type Instruction_$U_type { imm: 'hxxxxx, rd: , opc: 'hxx }
cycle 1415
copperv1: received:         x
tagged U_type Instruction_$U_type { imm: 'hxxxxx, rd: , opc: 'hxx }
cycle 1416
copperv1: received:         x
tagged U_type Instruction_$U_type { imm: 'hxxxxx, rd: , opc: 'hxx }
cycle 1417
copperv1: received:         x
tagged U_type Instruction_$U_type { imm: 'hxxxxx, rd: , opc: 'hxx }
cycle 1418
copperv1: received:         x
tagged U_type Instruction_$U_type { imm: 'hxxxxx, rd: , opc: 'hxx }
cycle 1419
copperv1: received:         x
tagged U_type Instruction_$U_type { imm: 'hxxxxx, rd: , opc: 'hxx }
cycle 1420
copperv1: received:         x
tagged U_type Instruction_$U_type { imm: 'hxxxxx, rd: , opc: 'hxx }
cycle 1421
copperv1: received:         x
tagged U_type Instruction_$U_type { imm: 'hxxxxx, rd: , opc: 'hxx }
cycle 1422
copperv1: received:         x
tagged U_type Instruction_$U_type { imm: 'hxxxxx, rd: , opc: 'hxx }
cycle 1423
copperv1: received:         x
tagged U_type Instruction_$U_type { imm: 'hxxxxx, rd: , opc: 'hxx }
cycle 1424
copperv1: received:         x
tagged U_type Instruction_$U_type { imm: 'hxxxxx, rd: , opc: 'hxx }
cycle 1425
copperv1: received:         x
tagged U_type Instruction_$U_type { imm: 'hxxxxx, rd: , opc: 'hxx }
cycle 1426
copperv1: received:         x
tagged U_type Instruction_$U_type { imm: 'hxxxxx, rd: , opc: 'hxx }
cycle 1427
copperv1: received:         x
tagged U_type Instruction_$U_type { imm: 'hxxxxx, rd: , opc: 'hxx }
cycle 1428
copperv1: received:         x
tagged U_type Instruction_$U_type { imm: 'hxxxxx, rd: , opc: 'hxx }
cycle 1429
copperv1: received:         x
tagged U_type Instruction_$U_type { imm: 'hxxxxx, rd: , opc: 'hxx }
cycle 1430
copperv1: received:         x
tagged U_type Instruction_$U_type { imm: 'hxxxxx, rd: , opc: 'hxx }
cycle 1431
copperv1: received:         x
tagged U_type Instruction_$U_type { imm: 'hxxxxx, rd: , opc: 'hxx }
cycle 1432
copperv1: received:         x
tagged U_type Instruction_$U_type { imm: 'hxxxxx, rd: , opc: 'hxx }
cycle 1433
copperv1: received:         x
tagged U_type Instruction_$U_type { imm: 'hxxxxx, rd: , opc: 'hxx }
cycle 1434
copperv1: received:         x
tagged U_type Instruction_$U_type { imm: 'hxxxxx, rd: , opc: 'hxx }
cycle 1435
copperv1: received:         x
tagged U_type Instruction_$U_type { imm: 'hxxxxx, rd: , opc: 'hxx }
cycle 1436
copperv1: received:         x
tagged U_type Instruction_$U_type { imm: 'hxxxxx, rd: , opc: 'hxx }
cycle 1437
copperv1: received:         x
tagged U_type Instruction_$U_type { imm: 'hxxxxx, rd: , opc: 'hxx }
cycle 1438
copperv1: received:         x
tagged U_type Instruction_$U_type { imm: 'hxxxxx, rd: , opc: 'hxx }
cycle 1439
copperv1: received:         x
tagged U_type Instruction_$U_type { imm: 'hxxxxx, rd: , opc: 'hxx }
cycle 1440
copperv1: received:         x
tagged U_type Instruction_$U_type { imm: 'hxxxxx, rd: , opc: 'hxx }
cycle 1441
copperv1: received:         x
tagged U_type Instruction_$U_type { imm: 'hxxxxx, rd: , opc: 'hxx }
cycle 1442
copperv1: received:         x
tagged U_type Instruction_$U_type { imm: 'hxxxxx, rd: , opc: 'hxx }
cycle 1443
copperv1: received:         x
tagged U_type Instruction_$U_type { imm: 'hxxxxx, rd: , opc: 'hxx }
cycle 1444
copperv1: received:         x
tagged U_type Instruction_$U_type { imm: 'hxxxxx, rd: , opc: 'hxx }
cycle 1445
copperv1: received:         x
tagged U_type Instruction_$U_type { imm: 'hxxxxx, rd: , opc: 'hxx }
cycle 1446
copperv1: received:         x
tagged U_type Instruction_$U_type { imm: 'hxxxxx, rd: , opc: 'hxx }
cycle 1447
copperv1: received:         x
tagged U_type Instruction_$U_type { imm: 'hxxxxx, rd: , opc: 'hxx }
cycle 1448
copperv1: received:         x
tagged U_type Instruction_$U_type { imm: 'hxxxxx, rd: , opc: 'hxx }
cycle 1449
copperv1: received:         x
tagged U_type Instruction_$U_type { imm: 'hxxxxx, rd: , opc: 'hxx }
cycle 1450
copperv1: received:         x
tagged U_type Instruction_$U_type { imm: 'hxxxxx, rd: , opc: 'hxx }
cycle 1451
copperv1: received:         x
tagged U_type Instruction_$U_type { imm: 'hxxxxx, rd: , opc: 'hxx }
cycle 1452
copperv1: received:         x
tagged U_type Instruction_$U_type { imm: 'hxxxxx, rd: , opc: 'hxx }
cycle 1453
copperv1: received:         x
tagged U_type Instruction_$U_type { imm: 'hxxxxx, rd: , opc: 'hxx }
cycle 1454
copperv1: received:         x
tagged U_type Instruction_$U_type { imm: 'hxxxxx, rd: , opc: 'hxx }
cycle 1455
copperv1: received:         x
tagged U_type Instruction_$U_type { imm: 'hxxxxx, rd: , opc: 'hxx }
cycle 1456
copperv1: received:         x
tagged U_type Instruction_$U_type { imm: 'hxxxxx, rd: , opc: 'hxx }
cycle 1457
copperv1: received:         x
tagged U_type Instruction_$U_type { imm: 'hxxxxx, rd: , opc: 'hxx }
cycle 1458
copperv1: received:         x
tagged U_type Instruction_$U_type { imm: 'hxxxxx, rd: , opc: 'hxx }
cycle 1459
copperv1: received:         x
tagged U_type Instruction_$U_type { imm: 'hxxxxx, rd: , opc: 'hxx }
cycle 1460
copperv1: received:         x
tagged U_type Instruction_$U_type { imm: 'hxxxxx, rd: , opc: 'hxx }
cycle 1461
copperv1: received:         x
tagged U_type Instruction_$U_type { imm: 'hxxxxx, rd: , opc: 'hxx }
cycle 1462
copperv1: received:         x
tagged U_type Instruction_$U_type { imm: 'hxxxxx, rd: , opc: 'hxx }
cycle 1463
copperv1: received:         x
tagged U_type Instruction_$U_type { imm: 'hxxxxx, rd: , opc: 'hxx }
cycle 1464
copperv1: received:         x
tagged U_type Instruction_$U_type { imm: 'hxxxxx, rd: , opc: 'hxx }
cycle 1465
copperv1: received:         x
tagged U_type Instruction_$U_type { imm: 'hxxxxx, rd: , opc: 'hxx }
cycle 1466
copperv1: received:         x
tagged U_type Instruction_$U_type { imm: 'hxxxxx, rd: , opc: 'hxx }
cycle 1467
copperv1: received:         x
tagged U_type Instruction_$U_type { imm: 'hxxxxx, rd: , opc: 'hxx }
cycle 1468
copperv1: received:         x
tagged U_type Instruction_$U_type { imm: 'hxxxxx, rd: , opc: 'hxx }
cycle 1469
copperv1: received:         x
tagged U_type Instruction_$U_type { imm: 'hxxxxx, rd: , opc: 'hxx }
cycle 1470
copperv1: received:         x
tagged U_type Instruction_$U_type { imm: 'hxxxxx, rd: , opc: 'hxx }
cycle 1471
copperv1: received:         x
tagged U_type Instruction_$U_type { imm: 'hxxxxx, rd: , opc: 'hxx }
cycle 1472
copperv1: received:         x
tagged U_type Instruction_$U_type { imm: 'hxxxxx, rd: , opc: 'hxx }
cycle 1473
copperv1: received:         x
tagged U_type Instruction_$U_type { imm: 'hxxxxx, rd: , opc: 'hxx }
cycle 1474
copperv1: received:         x
tagged U_type Instruction_$U_type { imm: 'hxxxxx, rd: , opc: 'hxx }
cycle 1475
copperv1: received:         x
tagged U_type Instruction_$U_type { imm: 'hxxxxx, rd: , opc: 'hxx }
cycle 1476
copperv1: received:         x
tagged U_type Instruction_$U_type { imm: 'hxxxxx, rd: , opc: 'hxx }
cycle 1477
copperv1: received:         x
tagged U_type Instruction_$U_type { imm: 'hxxxxx, rd: , opc: 'hxx }
cycle 1478
copperv1: received:         x
tagged U_type Instruction_$U_type { imm: 'hxxxxx, rd: , opc: 'hxx }
cycle 1479
copperv1: received:         x
tagged U_type Instruction_$U_type { imm: 'hxxxxx, rd: , opc: 'hxx }
cycle 1480
copperv1: received:         x
tagged U_type Instruction_$U_type { imm: 'hxxxxx, rd: , opc: 'hxx }
cycle 1481
copperv1: received:         x
tagged U_type Instruction_$U_type { imm: 'hxxxxx, rd: , opc: 'hxx }
cycle 1482
copperv1: received:         x
tagged U_type Instruction_$U_type { imm: 'hxxxxx, rd: , opc: 'hxx }
cycle 1483
copperv1: received:         x
tagged U_type Instruction_$U_type { imm: 'hxxxxx, rd: , opc: 'hxx }
cycle 1484
copperv1: received:         x
tagged U_type Instruction_$U_type { imm: 'hxxxxx, rd: , opc: 'hxx }
cycle 1485
copperv1: received:         x
tagged U_type Instruction_$U_type { imm: 'hxxxxx, rd: , opc: 'hxx }
cycle 1486
copperv1: received:         x
tagged U_type Instruction_$U_type { imm: 'hxxxxx, rd: , opc: 'hxx }
cycle 1487
copperv1: received:         x
tagged U_type Instruction_$U_type { imm: 'hxxxxx, rd: , opc: 'hxx }
cycle 1488
copperv1: received:         x
tagged U_type Instruction_$U_type { imm: 'hxxxxx, rd: , opc: 'hxx }
cycle 1489
copperv1: received:         x
tagged U_type Instruction_$U_type { imm: 'hxxxxx, rd: , opc: 'hxx }
cycle 1490
copperv1: received:         x
tagged U_type Instruction_$U_type { imm: 'hxxxxx, rd: , opc: 'hxx }
cycle 1491
copperv1: received:         x
tagged U_type Instruction_$U_type { imm: 'hxxxxx, rd: , opc: 'hxx }
cycle 1492
copperv1: received:         x
tagged U_type Instruction_$U_type { imm: 'hxxxxx, rd: , opc: 'hxx }
cycle 1493
copperv1: received:         x
tagged U_type Instruction_$U_type { imm: 'hxxxxx, rd: , opc: 'hxx }
cycle 1494
copperv1: received:         x
tagged U_type Instruction_$U_type { imm: 'hxxxxx, rd: , opc: 'hxx }
cycle 1495
copperv1: received:         x
tagged U_type Instruction_$U_type { imm: 'hxxxxx, rd: , opc: 'hxx }
cycle 1496
copperv1: received:         x
tagged U_type Instruction_$U_type { imm: 'hxxxxx, rd: , opc: 'hxx }
cycle 1497
copperv1: received:         x
tagged U_type Instruction_$U_type { imm: 'hxxxxx, rd: , opc: 'hxx }
cycle 1498
copperv1: received:         x
tagged U_type Instruction_$U_type { imm: 'hxxxxx, rd: , opc: 'hxx }
cycle 1499
copperv1: received:         x
tagged U_type Instruction_$U_type { imm: 'hxxxxx, rd: , opc: 'hxx }
cycle 1500
copperv1: received:         x
tagged U_type Instruction_$U_type { imm: 'hxxxxx, rd: , opc: 'hxx }
cycle 1501
copperv1: received:         x
tagged U_type Instruction_$U_type { imm: 'hxxxxx, rd: , opc: 'hxx }
cycle 1502
copperv1: received:         x
tagged U_type Instruction_$U_type { imm: 'hxxxxx, rd: , opc: 'hxx }
cycle 1503
copperv1: received:         x
tagged U_type Instruction_$U_type { imm: 'hxxxxx, rd: , opc: 'hxx }
cycle 1504
copperv1: received:         x
tagged U_type Instruction_$U_type { imm: 'hxxxxx, rd: , opc: 'hxx }
cycle 1505
copperv1: received:         x
tagged U_type Instruction_$U_type { imm: 'hxxxxx, rd: , opc: 'hxx }
cycle 1506
copperv1: received:         x
tagged U_type Instruction_$U_type { imm: 'hxxxxx, rd: , opc: 'hxx }
cycle 1507
copperv1: received:         x
tagged U_type Instruction_$U_type { imm: 'hxxxxx, rd: , opc: 'hxx }
cycle 1508
copperv1: received:         x
tagged U_type Instruction_$U_type { imm: 'hxxxxx, rd: , opc: 'hxx }
cycle 1509
copperv1: received:         x
tagged U_type Instruction_$U_type { imm: 'hxxxxx, rd: , opc: 'hxx }
cycle 1510
copperv1: received:         x
tagged U_type Instruction_$U_type { imm: 'hxxxxx, rd: , opc: 'hxx }
cycle 1511
copperv1: received:         x
tagged U_type Instruction_$U_type { imm: 'hxxxxx, rd: , opc: 'hxx }
cycle 1512
copperv1: received:         x
tagged U_type Instruction_$U_type { imm: 'hxxxxx, rd: , opc: 'hxx }
cycle 1513
copperv1: received:         x
tagged U_type Instruction_$U_type { imm: 'hxxxxx, rd: , opc: 'hxx }
cycle 1514
copperv1: received:         x
tagged U_type Instruction_$U_type { imm: 'hxxxxx, rd: , opc: 'hxx }
cycle 1515
copperv1: received:         x
tagged U_type Instruction_$U_type { imm: 'hxxxxx, rd: , opc: 'hxx }
cycle 1516
copperv1: received:         x
tagged U_type Instruction_$U_type { imm: 'hxxxxx, rd: , opc: 'hxx }
cycle 1517
copperv1: received:         x
tagged U_type Instruction_$U_type { imm: 'hxxxxx, rd: , opc: 'hxx }
cycle 1518
copperv1: received:         x
tagged U_type Instruction_$U_type { imm: 'hxxxxx, rd: , opc: 'hxx }
cycle 1519
copperv1: received:         x
tagged U_type Instruction_$U_type { imm: 'hxxxxx, rd: , opc: 'hxx }
cycle 1520
copperv1: received:         x
tagged U_type Instruction_$U_type { imm: 'hxxxxx, rd: , opc: 'hxx }
cycle 1521
copperv1: received:         x
tagged U_type Instruction_$U_type { imm: 'hxxxxx, rd: , opc: 'hxx }
cycle 1522
copperv1: received:         x
tagged U_type Instruction_$U_type { imm: 'hxxxxx, rd: , opc: 'hxx }
cycle 1523
copperv1: received:         x
tagged U_type Instruction_$U_type { imm: 'hxxxxx, rd: , opc: 'hxx }
cycle 1524
copperv1: received:         x
tagged U_type Instruction_$U_type { imm: 'hxxxxx, rd: , opc: 'hxx }
cycle 1525
copperv1: received:         x
tagged U_type Instruction_$U_type { imm: 'hxxxxx, rd: , opc: 'hxx }
cycle 1526
copperv1: received:         x
tagged U_type Instruction_$U_type { imm: 'hxxxxx, rd: , opc: 'hxx }
cycle 1527
copperv1: received:         x
tagged U_type Instruction_$U_type { imm: 'hxxxxx, rd: , opc: 'hxx }
cycle 1528
copperv1: received:         x
tagged U_type Instruction_$U_type { imm: 'hxxxxx, rd: , opc: 'hxx }
cycle 1529
copperv1: received:         x
tagged U_type Instruction_$U_type { imm: 'hxxxxx, rd: , opc: 'hxx }
cycle 1530
copperv1: received:         x
tagged U_type Instruction_$U_type { imm: 'hxxxxx, rd: , opc: 'hxx }
cycle 1531
copperv1: received:         x
tagged U_type Instruction_$U_type { imm: 'hxxxxx, rd: , opc: 'hxx }
cycle 1532
copperv1: received:         x
tagged U_type Instruction_$U_type { imm: 'hxxxxx, rd: , opc: 'hxx }
cycle 1533
copperv1: received:         x
tagged U_type Instruction_$U_type { imm: 'hxxxxx, rd: , opc: 'hxx }
cycle 1534
copperv1: received:         x
tagged U_type Instruction_$U_type { imm: 'hxxxxx, rd: , opc: 'hxx }
cycle 1535
copperv1: received:         x
tagged U_type Instruction_$U_type { imm: 'hxxxxx, rd: , opc: 'hxx }
cycle 1536
copperv1: received:         x
tagged U_type Instruction_$U_type { imm: 'hxxxxx, rd: , opc: 'hxx }
cycle 1537
copperv1: received:         x
tagged U_type Instruction_$U_type { imm: 'hxxxxx, rd: , opc: 'hxx }
cycle 1538
copperv1: received:         x
tagged U_type Instruction_$U_type { imm: 'hxxxxx, rd: , opc: 'hxx }
cycle 1539
copperv1: received:         x
tagged U_type Instruction_$U_type { imm: 'hxxxxx, rd: , opc: 'hxx }
cycle 1540
copperv1: received:         x
tagged U_type Instruction_$U_type { imm: 'hxxxxx, rd: , opc: 'hxx }
cycle 1541
copperv1: received:         x
tagged U_type Instruction_$U_type { imm: 'hxxxxx, rd: , opc: 'hxx }
cycle 1542
copperv1: received:         x
tagged U_type Instruction_$U_type { imm: 'hxxxxx, rd: , opc: 'hxx }
cycle 1543
copperv1: received:         x
tagged U_type Instruction_$U_type { imm: 'hxxxxx, rd: , opc: 'hxx }
cycle 1544
copperv1: received:         x
tagged U_type Instruction_$U_type { imm: 'hxxxxx, rd: , opc: 'hxx }
cycle 1545
copperv1: received:         x
tagged U_type Instruction_$U_type { imm: 'hxxxxx, rd: , opc: 'hxx }
cycle 1546
copperv1: received:         x
tagged U_type Instruction_$U_type { imm: 'hxxxxx, rd: , opc: 'hxx }
cycle 1547
copperv1: received:         x
tagged U_type Instruction_$U_type { imm: 'hxxxxx, rd: , opc: 'hxx }
cycle 1548
copperv1: received:         x
tagged U_type Instruction_$U_type { imm: 'hxxxxx, rd: , opc: 'hxx }
cycle 1549
copperv1: received:         x
tagged U_type Instruction_$U_type { imm: 'hxxxxx, rd: , opc: 'hxx }
cycle 1550
copperv1: received:         x
tagged U_type Instruction_$U_type { imm: 'hxxxxx, rd: , opc: 'hxx }
cycle 1551
copperv1: received:         x
tagged U_type Instruction_$U_type { imm: 'hxxxxx, rd: , opc: 'hxx }
cycle 1552
copperv1: received:         x
tagged U_type Instruction_$U_type { imm: 'hxxxxx, rd: , opc: 'hxx }
cycle 1553
copperv1: received:         x
tagged U_type Instruction_$U_type { imm: 'hxxxxx, rd: , opc: 'hxx }
cycle 1554
copperv1: received:         x
tagged U_type Instruction_$U_type { imm: 'hxxxxx, rd: , opc: 'hxx }
cycle 1555
copperv1: received:         x
tagged U_type Instruction_$U_type { imm: 'hxxxxx, rd: , opc: 'hxx }
cycle 1556
copperv1: received:         x
tagged U_type Instruction_$U_type { imm: 'hxxxxx, rd: , opc: 'hxx }
cycle 1557
copperv1: received:         x
tagged U_type Instruction_$U_type { imm: 'hxxxxx, rd: , opc: 'hxx }
cycle 1558
copperv1: received:         x
tagged U_type Instruction_$U_type { imm: 'hxxxxx, rd: , opc: 'hxx }
cycle 1559
copperv1: received:         x
tagged U_type Instruction_$U_type { imm: 'hxxxxx, rd: , opc: 'hxx }
cycle 1560
copperv1: received:         x
tagged U_type Instruction_$U_type { imm: 'hxxxxx, rd: , opc: 'hxx }
cycle 1561
copperv1: received:         x
tagged U_type Instruction_$U_type { imm: 'hxxxxx, rd: , opc: 'hxx }
cycle 1562
copperv1: received:         x
tagged U_type Instruction_$U_type { imm: 'hxxxxx, rd: , opc: 'hxx }
cycle 1563
copperv1: received:         x
tagged U_type Instruction_$U_type { imm: 'hxxxxx, rd: , opc: 'hxx }
cycle 1564
copperv1: received:         x
tagged U_type Instruction_$U_type { imm: 'hxxxxx, rd: , opc: 'hxx }
cycle 1565
copperv1: received:         x
tagged U_type Instruction_$U_type { imm: 'hxxxxx, rd: , opc: 'hxx }
cycle 1566
copperv1: received:         x
tagged U_type Instruction_$U_type { imm: 'hxxxxx, rd: , opc: 'hxx }
cycle 1567
copperv1: received:         x
tagged U_type Instruction_$U_type { imm: 'hxxxxx, rd: , opc: 'hxx }
cycle 1568
copperv1: received:         x
tagged U_type Instruction_$U_type { imm: 'hxxxxx, rd: , opc: 'hxx }
cycle 1569
copperv1: received:         x
tagged U_type Instruction_$U_type { imm: 'hxxxxx, rd: , opc: 'hxx }
cycle 1570
copperv1: received:         x
tagged U_type Instruction_$U_type { imm: 'hxxxxx, rd: , opc: 'hxx }
cycle 1571
copperv1: received:         x
tagged U_type Instruction_$U_type { imm: 'hxxxxx, rd: , opc: 'hxx }
cycle 1572
copperv1: received:         x
tagged U_type Instruction_$U_type { imm: 'hxxxxx, rd: , opc: 'hxx }
cycle 1573
copperv1: received:         x
tagged U_type Instruction_$U_type { imm: 'hxxxxx, rd: , opc: 'hxx }
cycle 1574
copperv1: received:         x
tagged U_type Instruction_$U_type { imm: 'hxxxxx, rd: , opc: 'hxx }
cycle 1575
copperv1: received:         x
tagged U_type Instruction_$U_type { imm: 'hxxxxx, rd: , opc: 'hxx }
cycle 1576
copperv1: received:         x
tagged U_type Instruction_$U_type { imm: 'hxxxxx, rd: , opc: 'hxx }
cycle 1577
copperv1: received:         x
tagged U_type Instruction_$U_type { imm: 'hxxxxx, rd: , opc: 'hxx }
cycle 1578
copperv1: received:         x
tagged U_type Instruction_$U_type { imm: 'hxxxxx, rd: , opc: 'hxx }
cycle 1579
copperv1: received:         x
tagged U_type Instruction_$U_type { imm: 'hxxxxx, rd: , opc: 'hxx }
cycle 1580
copperv1: received:         x
tagged U_type Instruction_$U_type { imm: 'hxxxxx, rd: , opc: 'hxx }
cycle 1581
copperv1: received:         x
tagged U_type Instruction_$U_type { imm: 'hxxxxx, rd: , opc: 'hxx }
cycle 1582
copperv1: received:         x
tagged U_type Instruction_$U_type { imm: 'hxxxxx, rd: , opc: 'hxx }
cycle 1583
copperv1: received:         x
tagged U_type Instruction_$U_type { imm: 'hxxxxx, rd: , opc: 'hxx }
cycle 1584
copperv1: received:         x
tagged U_type Instruction_$U_type { imm: 'hxxxxx, rd: , opc: 'hxx }
cycle 1585
copperv1: received:         x
tagged U_type Instruction_$U_type { imm: 'hxxxxx, rd: , opc: 'hxx }
cycle 1586
copperv1: received:         x
tagged U_type Instruction_$U_type { imm: 'hxxxxx, rd: , opc: 'hxx }
cycle 1587
copperv1: received:         x
tagged U_type Instruction_$U_type { imm: 'hxxxxx, rd: , opc: 'hxx }
cycle 1588
copperv1: received:         x
tagged U_type Instruction_$U_type { imm: 'hxxxxx, rd: , opc: 'hxx }
cycle 1589
copperv1: received:         x
tagged U_type Instruction_$U_type { imm: 'hxxxxx, rd: , opc: 'hxx }
cycle 1590
copperv1: received:         x
tagged U_type Instruction_$U_type { imm: 'hxxxxx, rd: , opc: 'hxx }
cycle 1591
copperv1: received:         x
tagged U_type Instruction_$U_type { imm: 'hxxxxx, rd: , opc: 'hxx }
cycle 1592
copperv1: received:         x
tagged U_type Instruction_$U_type { imm: 'hxxxxx, rd: , opc: 'hxx }
cycle 1593
copperv1: received:         x
tagged U_type Instruction_$U_type { imm: 'hxxxxx, rd: , opc: 'hxx }
cycle 1594
copperv1: received:         x
tagged U_type Instruction_$U_type { imm: 'hxxxxx, rd: , opc: 'hxx }
cycle 1595
copperv1: received:         x
tagged U_type Instruction_$U_type { imm: 'hxxxxx, rd: , opc: 'hxx }
cycle 1596
copperv1: received:         x
tagged U_type Instruction_$U_type { imm: 'hxxxxx, rd: , opc: 'hxx }
cycle 1597
copperv1: received:         x
tagged U_type Instruction_$U_type { imm: 'hxxxxx, rd: , opc: 'hxx }
cycle 1598
copperv1: received:         x
tagged U_type Instruction_$U_type { imm: 'hxxxxx, rd: , opc: 'hxx }
cycle 1599
copperv1: received:         x
tagged U_type Instruction_$U_type { imm: 'hxxxxx, rd: , opc: 'hxx }
cycle 1600
copperv1: received:         x
tagged U_type Instruction_$U_type { imm: 'hxxxxx, rd: , opc: 'hxx }
cycle 1601
copperv1: received:         x
tagged U_type Instruction_$U_type { imm: 'hxxxxx, rd: , opc: 'hxx }
cycle 1602
copperv1: received:         x
tagged U_type Instruction_$U_type { imm: 'hxxxxx, rd: , opc: 'hxx }
cycle 1603
copperv1: received:         x
tagged U_type Instruction_$U_type { imm: 'hxxxxx, rd: , opc: 'hxx }
cycle 1604
copperv1: received:         x
tagged U_type Instruction_$U_type { imm: 'hxxxxx, rd: , opc: 'hxx }
cycle 1605
copperv1: received:         x
tagged U_type Instruction_$U_type { imm: 'hxxxxx, rd: , opc: 'hxx }
cycle 1606
copperv1: received:         x
tagged U_type Instruction_$U_type { imm: 'hxxxxx, rd: , opc: 'hxx }
cycle 1607
copperv1: received:         x
tagged U_type Instruction_$U_type { imm: 'hxxxxx, rd: , opc: 'hxx }
cycle 1608
copperv1: received:         x
tagged U_type Instruction_$U_type { imm: 'hxxxxx, rd: , opc: 'hxx }
cycle 1609
copperv1: received:         x
tagged U_type Instruction_$U_type { imm: 'hxxxxx, rd: , opc: 'hxx }
cycle 1610
copperv1: received:         x
tagged U_type Instruction_$U_type { imm: 'hxxxxx, rd: , opc: 'hxx }
cycle 1611
copperv1: received:         x
tagged U_type Instruction_$U_type { imm: 'hxxxxx, rd: , opc: 'hxx }
cycle 1612
copperv1: received:         x
tagged U_type Instruction_$U_type { imm: 'hxxxxx, rd: , opc: 'hxx }
cycle 1613
copperv1: received:         x
tagged U_type Instruction_$U_type { imm: 'hxxxxx, rd: , opc: 'hxx }
cycle 1614
copperv1: received:         x
tagged U_type Instruction_$U_type { imm: 'hxxxxx, rd: , opc: 'hxx }
cycle 1615
copperv1: received:         x
tagged U_type Instruction_$U_type { imm: 'hxxxxx, rd: , opc: 'hxx }
cycle 1616
copperv1: received:         x
tagged U_type Instruction_$U_type { imm: 'hxxxxx, rd: , opc: 'hxx }
cycle 1617
copperv1: received:         x
tagged U_type Instruction_$U_type { imm: 'hxxxxx, rd: , opc: 'hxx }
cycle 1618
copperv1: received:         x
tagged U_type Instruction_$U_type { imm: 'hxxxxx, rd: , opc: 'hxx }
cycle 1619
copperv1: received:         x
tagged U_type Instruction_$U_type { imm: 'hxxxxx, rd: , opc: 'hxx }
cycle 1620
copperv1: received:         x
tagged U_type Instruction_$U_type { imm: 'hxxxxx, rd: , opc: 'hxx }
cycle 1621
copperv1: received:         x
tagged U_type Instruction_$U_type { imm: 'hxxxxx, rd: , opc: 'hxx }
cycle 1622
copperv1: received:         x
tagged U_type Instruction_$U_type { imm: 'hxxxxx, rd: , opc: 'hxx }
cycle 1623
copperv1: received:         x
tagged U_type Instruction_$U_type { imm: 'hxxxxx, rd: , opc: 'hxx }
cycle 1624
copperv1: received:         x
tagged U_type Instruction_$U_type { imm: 'hxxxxx, rd: , opc: 'hxx }
cycle 1625
copperv1: received:         x
tagged U_type Instruction_$U_type { imm: 'hxxxxx, rd: , opc: 'hxx }
cycle 1626
copperv1: received:         x
tagged U_type Instruction_$U_type { imm: 'hxxxxx, rd: , opc: 'hxx }
cycle 1627
copperv1: received:         x
tagged U_type Instruction_$U_type { imm: 'hxxxxx, rd: , opc: 'hxx }
cycle 1628
copperv1: received:         x
tagged U_type Instruction_$U_type { imm: 'hxxxxx, rd: , opc: 'hxx }
cycle 1629
copperv1: received:         x
tagged U_type Instruction_$U_type { imm: 'hxxxxx, rd: , opc: 'hxx }
cycle 1630
copperv1: received:         x
tagged U_type Instruction_$U_type { imm: 'hxxxxx, rd: , opc: 'hxx }
cycle 1631
copperv1: received:         x
tagged U_type Instruction_$U_type { imm: 'hxxxxx, rd: , opc: 'hxx }
cycle 1632
copperv1: received:         x
tagged U_type Instruction_$U_type { imm: 'hxxxxx, rd: , opc: 'hxx }
cycle 1633
copperv1: received:         x
tagged U_type Instruction_$U_type { imm: 'hxxxxx, rd: , opc: 'hxx }
cycle 1634
copperv1: received:         x
tagged U_type Instruction_$U_type { imm: 'hxxxxx, rd: , opc: 'hxx }
cycle 1635
copperv1: received:         x
tagged U_type Instruction_$U_type { imm: 'hxxxxx, rd: , opc: 'hxx }
cycle 1636
copperv1: received:         x
tagged U_type Instruction_$U_type { imm: 'hxxxxx, rd: , opc: 'hxx }
cycle 1637
copperv1: received:         x
tagged U_type Instruction_$U_type { imm: 'hxxxxx, rd: , opc: 'hxx }
cycle 1638
copperv1: received:         x
tagged U_type Instruction_$U_type { imm: 'hxxxxx, rd: , opc: 'hxx }
cycle 1639
copperv1: received:         x
tagged U_type Instruction_$U_type { imm: 'hxxxxx, rd: , opc: 'hxx }
cycle 1640
copperv1: received:         x
tagged U_type Instruction_$U_type { imm: 'hxxxxx, rd: , opc: 'hxx }
cycle 1641
copperv1: received:         x
tagged U_type Instruction_$U_type { imm: 'hxxxxx, rd: , opc: 'hxx }
cycle 1642
copperv1: received:         x
tagged U_type Instruction_$U_type { imm: 'hxxxxx, rd: , opc: 'hxx }
cycle 1643
copperv1: received:         x
tagged U_type Instruction_$U_type { imm: 'hxxxxx, rd: , opc: 'hxx }
cycle 1644
copperv1: received:         x
tagged U_type Instruction_$U_type { imm: 'hxxxxx, rd: , opc: 'hxx }
cycle 1645
copperv1: received:         x
tagged U_type Instruction_$U_type { imm: 'hxxxxx, rd: , opc: 'hxx }
cycle 1646
copperv1: received:         x
tagged U_type Instruction_$U_type { imm: 'hxxxxx, rd: , opc: 'hxx }
cycle 1647
copperv1: received:         x
tagged U_type Instruction_$U_type { imm: 'hxxxxx, rd: , opc: 'hxx }
cycle 1648
copperv1: received:         x
tagged U_type Instruction_$U_type { imm: 'hxxxxx, rd: , opc: 'hxx }
cycle 1649
copperv1: received:         x
tagged U_type Instruction_$U_type { imm: 'hxxxxx, rd: , opc: 'hxx }
cycle 1650
copperv1: received:         x
tagged U_type Instruction_$U_type { imm: 'hxxxxx, rd: , opc: 'hxx }
cycle 1651
copperv1: received:         x
tagged U_type Instruction_$U_type { imm: 'hxxxxx, rd: , opc: 'hxx }
cycle 1652
copperv1: received:         x
tagged U_type Instruction_$U_type { imm: 'hxxxxx, rd: , opc: 'hxx }
cycle 1653
copperv1: received:         x
tagged U_type Instruction_$U_type { imm: 'hxxxxx, rd: , opc: 'hxx }
cycle 1654
copperv1: received:         x
tagged U_type Instruction_$U_type { imm: 'hxxxxx, rd: , opc: 'hxx }
cycle 1655
copperv1: received:         x
tagged U_type Instruction_$U_type { imm: 'hxxxxx, rd: , opc: 'hxx }
cycle 1656
copperv1: received:         x
tagged U_type Instruction_$U_type { imm: 'hxxxxx, rd: , opc: 'hxx }
cycle 1657
copperv1: received:         x
tagged U_type Instruction_$U_type { imm: 'hxxxxx, rd: , opc: 'hxx }
cycle 1658
copperv1: received:         x
tagged U_type Instruction_$U_type { imm: 'hxxxxx, rd: , opc: 'hxx }
cycle 1659
copperv1: received:         x
tagged U_type Instruction_$U_type { imm: 'hxxxxx, rd: , opc: 'hxx }
cycle 1660
copperv1: received:         x
tagged U_type Instruction_$U_type { imm: 'hxxxxx, rd: , opc: 'hxx }
cycle 1661
copperv1: received:         x
tagged U_type Instruction_$U_type { imm: 'hxxxxx, rd: , opc: 'hxx }
cycle 1662
copperv1: received:         x
tagged U_type Instruction_$U_type { imm: 'hxxxxx, rd: , opc: 'hxx }
cycle 1663
copperv1: received:         x
tagged U_type Instruction_$U_type { imm: 'hxxxxx, rd: , opc: 'hxx }
cycle 1664
copperv1: received:         x
tagged U_type Instruction_$U_type { imm: 'hxxxxx, rd: , opc: 'hxx }
cycle 1665
copperv1: received:         x
tagged U_type Instruction_$U_type { imm: 'hxxxxx, rd: , opc: 'hxx }
cycle 1666
copperv1: received:         x
tagged U_type Instruction_$U_type { imm: 'hxxxxx, rd: , opc: 'hxx }
cycle 1667
copperv1: received:         x
tagged U_type Instruction_$U_type { imm: 'hxxxxx, rd: , opc: 'hxx }
cycle 1668
copperv1: received:         x
tagged U_type Instruction_$U_type { imm: 'hxxxxx, rd: , opc: 'hxx }
cycle 1669
copperv1: received:         x
tagged U_type Instruction_$U_type { imm: 'hxxxxx, rd: , opc: 'hxx }
cycle 1670
copperv1: received:         x
tagged U_type Instruction_$U_type { imm: 'hxxxxx, rd: , opc: 'hxx }
cycle 1671
copperv1: received:         x
tagged U_type Instruction_$U_type { imm: 'hxxxxx, rd: , opc: 'hxx }
cycle 1672
copperv1: received:         x
tagged U_type Instruction_$U_type { imm: 'hxxxxx, rd: , opc: 'hxx }
cycle 1673
copperv1: received:         x
tagged U_type Instruction_$U_type { imm: 'hxxxxx, rd: , opc: 'hxx }
cycle 1674
copperv1: received:         x
tagged U_type Instruction_$U_type { imm: 'hxxxxx, rd: , opc: 'hxx }
cycle 1675
copperv1: received:         x
tagged U_type Instruction_$U_type { imm: 'hxxxxx, rd: , opc: 'hxx }
cycle 1676
copperv1: received:         x
tagged U_type Instruction_$U_type { imm: 'hxxxxx, rd: , opc: 'hxx }
cycle 1677
copperv1: received:         x
tagged U_type Instruction_$U_type { imm: 'hxxxxx, rd: , opc: 'hxx }
cycle 1678
copperv1: received:         x
tagged U_type Instruction_$U_type { imm: 'hxxxxx, rd: , opc: 'hxx }
cycle 1679
copperv1: received:         x
tagged U_type Instruction_$U_type { imm: 'hxxxxx, rd: , opc: 'hxx }
cycle 1680
copperv1: received:         x
tagged U_type Instruction_$U_type { imm: 'hxxxxx, rd: , opc: 'hxx }
cycle 1681
copperv1: received:         x
tagged U_type Instruction_$U_type { imm: 'hxxxxx, rd: , opc: 'hxx }
cycle 1682
copperv1: received:         x
tagged U_type Instruction_$U_type { imm: 'hxxxxx, rd: , opc: 'hxx }
cycle 1683
copperv1: received:         x
tagged U_type Instruction_$U_type { imm: 'hxxxxx, rd: , opc: 'hxx }
cycle 1684
copperv1: received:         x
tagged U_type Instruction_$U_type { imm: 'hxxxxx, rd: , opc: 'hxx }
cycle 1685
copperv1: received:         x
tagged U_type Instruction_$U_type { imm: 'hxxxxx, rd: , opc: 'hxx }
cycle 1686
copperv1: received:         x
tagged U_type Instruction_$U_type { imm: 'hxxxxx, rd: , opc: 'hxx }
cycle 1687
copperv1: received:         x
tagged U_type Instruction_$U_type { imm: 'hxxxxx, rd: , opc: 'hxx }
cycle 1688
copperv1: received:         x
tagged U_type Instruction_$U_type { imm: 'hxxxxx, rd: , opc: 'hxx }
cycle 1689
copperv1: received:         x
tagged U_type Instruction_$U_type { imm: 'hxxxxx, rd: , opc: 'hxx }
cycle 1690
copperv1: received:         x
tagged U_type Instruction_$U_type { imm: 'hxxxxx, rd: , opc: 'hxx }
cycle 1691
copperv1: received:         x
tagged U_type Instruction_$U_type { imm: 'hxxxxx, rd: , opc: 'hxx }
cycle 1692
copperv1: received:         x
tagged U_type Instruction_$U_type { imm: 'hxxxxx, rd: , opc: 'hxx }
cycle 1693
copperv1: received:         x
tagged U_type Instruction_$U_type { imm: 'hxxxxx, rd: , opc: 'hxx }
cycle 1694
copperv1: received:         x
tagged U_type Instruction_$U_type { imm: 'hxxxxx, rd: , opc: 'hxx }
cycle 1695
copperv1: received:         x
tagged U_type Instruction_$U_type { imm: 'hxxxxx, rd: , opc: 'hxx }
cycle 1696
copperv1: received:         x
tagged U_type Instruction_$U_type { imm: 'hxxxxx, rd: , opc: 'hxx }
cycle 1697
copperv1: received:         x
tagged U_type Instruction_$U_type { imm: 'hxxxxx, rd: , opc: 'hxx }
cycle 1698
copperv1: received:         x
tagged U_type Instruction_$U_type { imm: 'hxxxxx, rd: , opc: 'hxx }
cycle 1699
copperv1: received:         x
tagged U_type Instruction_$U_type { imm: 'hxxxxx, rd: , opc: 'hxx }
cycle 1700
copperv1: received:         x
tagged U_type Instruction_$U_type { imm: 'hxxxxx, rd: , opc: 'hxx }
cycle 1701
copperv1: received:         x
tagged U_type Instruction_$U_type { imm: 'hxxxxx, rd: , opc: 'hxx }
cycle 1702
copperv1: received:         x
tagged U_type Instruction_$U_type { imm: 'hxxxxx, rd: , opc: 'hxx }
cycle 1703
copperv1: received:         x
tagged U_type Instruction_$U_type { imm: 'hxxxxx, rd: , opc: 'hxx }
cycle 1704
copperv1: received:         x
tagged U_type Instruction_$U_type { imm: 'hxxxxx, rd: , opc: 'hxx }
cycle 1705
copperv1: received:         x
tagged U_type Instruction_$U_type { imm: 'hxxxxx, rd: , opc: 'hxx }
cycle 1706
copperv1: received:         x
tagged U_type Instruction_$U_type { imm: 'hxxxxx, rd: , opc: 'hxx }
cycle 1707
copperv1: received:         x
tagged U_type Instruction_$U_type { imm: 'hxxxxx, rd: , opc: 'hxx }
cycle 1708
copperv1: received:         x
tagged U_type Instruction_$U_type { imm: 'hxxxxx, rd: , opc: 'hxx }
cycle 1709
copperv1: received:         x
tagged U_type Instruction_$U_type { imm: 'hxxxxx, rd: , opc: 'hxx }
cycle 1710
copperv1: received:         x
tagged U_type Instruction_$U_type { imm: 'hxxxxx, rd: , opc: 'hxx }
cycle 1711
copperv1: received:         x
tagged U_type Instruction_$U_type { imm: 'hxxxxx, rd: , opc: 'hxx }
cycle 1712
copperv1: received:         x
tagged U_type Instruction_$U_type { imm: 'hxxxxx, rd: , opc: 'hxx }
cycle 1713
copperv1: received:         x
tagged U_type Instruction_$U_type { imm: 'hxxxxx, rd: , opc: 'hxx }
cycle 1714
copperv1: received:         x
tagged U_type Instruction_$U_type { imm: 'hxxxxx, rd: , opc: 'hxx }
cycle 1715
copperv1: received:         x
tagged U_type Instruction_$U_type { imm: 'hxxxxx, rd: , opc: 'hxx }
cycle 1716
copperv1: received:         x
tagged U_type Instruction_$U_type { imm: 'hxxxxx, rd: , opc: 'hxx }
cycle 1717
copperv1: received:         x
tagged U_type Instruction_$U_type { imm: 'hxxxxx, rd: , opc: 'hxx }
cycle 1718
copperv1: received:         x
tagged U_type Instruction_$U_type { imm: 'hxxxxx, rd: , opc: 'hxx }
cycle 1719
copperv1: received:         x
tagged U_type Instruction_$U_type { imm: 'hxxxxx, rd: , opc: 'hxx }
cycle 1720
copperv1: received:         x
tagged U_type Instruction_$U_type { imm: 'hxxxxx, rd: , opc: 'hxx }
cycle 1721
copperv1: received:         x
tagged U_type Instruction_$U_type { imm: 'hxxxxx, rd: , opc: 'hxx }
cycle 1722
copperv1: received:         x
tagged U_type Instruction_$U_type { imm: 'hxxxxx, rd: , opc: 'hxx }
cycle 1723
copperv1: received:         x
tagged U_type Instruction_$U_type { imm: 'hxxxxx, rd: , opc: 'hxx }
cycle 1724
copperv1: received:         x
tagged U_type Instruction_$U_type { imm: 'hxxxxx, rd: , opc: 'hxx }
cycle 1725
copperv1: received:         x
tagged U_type Instruction_$U_type { imm: 'hxxxxx, rd: , opc: 'hxx }
cycle 1726
copperv1: received:         x
tagged U_type Instruction_$U_type { imm: 'hxxxxx, rd: , opc: 'hxx }
cycle 1727
copperv1: received:         x
tagged U_type Instruction_$U_type { imm: 'hxxxxx, rd: , opc: 'hxx }
cycle 1728
copperv1: received:         x
tagged U_type Instruction_$U_type { imm: 'hxxxxx, rd: , opc: 'hxx }
cycle 1729
copperv1: received:         x
tagged U_type Instruction_$U_type { imm: 'hxxxxx, rd: , opc: 'hxx }
cycle 1730
copperv1: received:         x
tagged U_type Instruction_$U_type { imm: 'hxxxxx, rd: , opc: 'hxx }
cycle 1731
copperv1: received:         x
tagged U_type Instruction_$U_type { imm: 'hxxxxx, rd: , opc: 'hxx }
cycle 1732
copperv1: received:         x
tagged U_type Instruction_$U_type { imm: 'hxxxxx, rd: , opc: 'hxx }
cycle 1733
copperv1: received:         x
tagged U_type Instruction_$U_type { imm: 'hxxxxx, rd: , opc: 'hxx }
cycle 1734
copperv1: received:         x
tagged U_type Instruction_$U_type { imm: 'hxxxxx, rd: , opc: 'hxx }
cycle 1735
copperv1: received:         x
tagged U_type Instruction_$U_type { imm: 'hxxxxx, rd: , opc: 'hxx }
cycle 1736
copperv1: received:         x
tagged U_type Instruction_$U_type { imm: 'hxxxxx, rd: , opc: 'hxx }
cycle 1737
copperv1: received:         x
tagged U_type Instruction_$U_type { imm: 'hxxxxx, rd: , opc: 'hxx }
cycle 1738
copperv1: received:         x
tagged U_type Instruction_$U_type { imm: 'hxxxxx, rd: , opc: 'hxx }
cycle 1739
copperv1: received:         x
tagged U_type Instruction_$U_type { imm: 'hxxxxx, rd: , opc: 'hxx }
cycle 1740
copperv1: received:         x
tagged U_type Instruction_$U_type { imm: 'hxxxxx, rd: , opc: 'hxx }
cycle 1741
copperv1: received:         x
tagged U_type Instruction_$U_type { imm: 'hxxxxx, rd: , opc: 'hxx }
cycle 1742
copperv1: received:         x
tagged U_type Instruction_$U_type { imm: 'hxxxxx, rd: , opc: 'hxx }
cycle 1743
copperv1: received:         x
tagged U_type Instruction_$U_type { imm: 'hxxxxx, rd: , opc: 'hxx }
cycle 1744
copperv1: received:         x
tagged U_type Instruction_$U_type { imm: 'hxxxxx, rd: , opc: 'hxx }
cycle 1745
copperv1: received:         x
tagged U_type Instruction_$U_type { imm: 'hxxxxx, rd: , opc: 'hxx }
cycle 1746
copperv1: received:         x
tagged U_type Instruction_$U_type { imm: 'hxxxxx, rd: , opc: 'hxx }
cycle 1747
copperv1: received:         x
tagged U_type Instruction_$U_type { imm: 'hxxxxx, rd: , opc: 'hxx }
cycle 1748
copperv1: received:         x
tagged U_type Instruction_$U_type { imm: 'hxxxxx, rd: , opc: 'hxx }
cycle 1749
copperv1: received:         x
tagged U_type Instruction_$U_type { imm: 'hxxxxx, rd: , opc: 'hxx }
cycle 1750
copperv1: received:         x
tagged U_type Instruction_$U_type { imm: 'hxxxxx, rd: , opc: 'hxx }
cycle 1751
copperv1: received:         x
tagged U_type Instruction_$U_type { imm: 'hxxxxx, rd: , opc: 'hxx }
cycle 1752
copperv1: received:         x
tagged U_type Instruction_$U_type { imm: 'hxxxxx, rd: , opc: 'hxx }
cycle 1753
copperv1: received:         x
tagged U_type Instruction_$U_type { imm: 'hxxxxx, rd: , opc: 'hxx }
cycle 1754
copperv1: received:         x
tagged U_type Instruction_$U_type { imm: 'hxxxxx, rd: , opc: 'hxx }
cycle 1755
copperv1: received:         x
tagged U_type Instruction_$U_type { imm: 'hxxxxx, rd: , opc: 'hxx }
cycle 1756
copperv1: received:         x
tagged U_type Instruction_$U_type { imm: 'hxxxxx, rd: , opc: 'hxx }
cycle 1757
copperv1: received:         x
tagged U_type Instruction_$U_type { imm: 'hxxxxx, rd: , opc: 'hxx }
cycle 1758
copperv1: received:         x
tagged U_type Instruction_$U_type { imm: 'hxxxxx, rd: , opc: 'hxx }
cycle 1759
copperv1: received:         x
tagged U_type Instruction_$U_type { imm: 'hxxxxx, rd: , opc: 'hxx }
cycle 1760
copperv1: received:         x
tagged U_type Instruction_$U_type { imm: 'hxxxxx, rd: , opc: 'hxx }
cycle 1761
copperv1: received:         x
tagged U_type Instruction_$U_type { imm: 'hxxxxx, rd: , opc: 'hxx }
cycle 1762
copperv1: received:         x
tagged U_type Instruction_$U_type { imm: 'hxxxxx, rd: , opc: 'hxx }
cycle 1763
copperv1: received:         x
tagged U_type Instruction_$U_type { imm: 'hxxxxx, rd: , opc: 'hxx }
cycle 1764
copperv1: received:         x
tagged U_type Instruction_$U_type { imm: 'hxxxxx, rd: , opc: 'hxx }
cycle 1765
copperv1: received:         x
tagged U_type Instruction_$U_type { imm: 'hxxxxx, rd: , opc: 'hxx }
cycle 1766
copperv1: received:         x
tagged U_type Instruction_$U_type { imm: 'hxxxxx, rd: , opc: 'hxx }
cycle 1767
copperv1: received:         x
tagged U_type Instruction_$U_type { imm: 'hxxxxx, rd: , opc: 'hxx }
cycle 1768
copperv1: received:         x
tagged U_type Instruction_$U_type { imm: 'hxxxxx, rd: , opc: 'hxx }
cycle 1769
copperv1: received:         x
tagged U_type Instruction_$U_type { imm: 'hxxxxx, rd: , opc: 'hxx }
cycle 1770
copperv1: received:         x
tagged U_type Instruction_$U_type { imm: 'hxxxxx, rd: , opc: 'hxx }
cycle 1771
copperv1: received:         x
tagged U_type Instruction_$U_type { imm: 'hxxxxx, rd: , opc: 'hxx }
cycle 1772
copperv1: received:         x
tagged U_type Instruction_$U_type { imm: 'hxxxxx, rd: , opc: 'hxx }
cycle 1773
copperv1: received:         x
tagged U_type Instruction_$U_type { imm: 'hxxxxx, rd: , opc: 'hxx }
cycle 1774
copperv1: received:         x
tagged U_type Instruction_$U_type { imm: 'hxxxxx, rd: , opc: 'hxx }
cycle 1775
copperv1: received:         x
tagged U_type Instruction_$U_type { imm: 'hxxxxx, rd: , opc: 'hxx }
cycle 1776
copperv1: received:         x
tagged U_type Instruction_$U_type { imm: 'hxxxxx, rd: , opc: 'hxx }
cycle 1777
copperv1: received:         x
tagged U_type Instruction_$U_type { imm: 'hxxxxx, rd: , opc: 'hxx }
cycle 1778
copperv1: received:         x
tagged U_type Instruction_$U_type { imm: 'hxxxxx, rd: , opc: 'hxx }
cycle 1779
copperv1: received:         x
tagged U_type Instruction_$U_type { imm: 'hxxxxx, rd: , opc: 'hxx }
cycle 1780
copperv1: received:         x
tagged U_type Instruction_$U_type { imm: 'hxxxxx, rd: , opc: 'hxx }
cycle 1781
copperv1: received:         x
tagged U_type Instruction_$U_type { imm: 'hxxxxx, rd: , opc: 'hxx }
cycle 1782
copperv1: received:         x
tagged U_type Instruction_$U_type { imm: 'hxxxxx, rd: , opc: 'hxx }
cycle 1783
copperv1: received:         x
tagged U_type Instruction_$U_type { imm: 'hxxxxx, rd: , opc: 'hxx }
cycle 1784
copperv1: received:         x
tagged U_type Instruction_$U_type { imm: 'hxxxxx, rd: , opc: 'hxx }
cycle 1785
copperv1: received:         x
tagged U_type Instruction_$U_type { imm: 'hxxxxx, rd: , opc: 'hxx }
cycle 1786
copperv1: received:         x
tagged U_type Instruction_$U_type { imm: 'hxxxxx, rd: , opc: 'hxx }
cycle 1787
copperv1: received:         x
tagged U_type Instruction_$U_type { imm: 'hxxxxx, rd: , opc: 'hxx }
cycle 1788
copperv1: received:         x
tagged U_type Instruction_$U_type { imm: 'hxxxxx, rd: , opc: 'hxx }
cycle 1789
copperv1: received:         x
tagged U_type Instruction_$U_type { imm: 'hxxxxx, rd: , opc: 'hxx }
cycle 1790
copperv1: received:         x
tagged U_type Instruction_$U_type { imm: 'hxxxxx, rd: , opc: 'hxx }
cycle 1791
copperv1: received:         x
tagged U_type Instruction_$U_type { imm: 'hxxxxx, rd: , opc: 'hxx }
cycle 1792
copperv1: received:         x
tagged U_type Instruction_$U_type { imm: 'hxxxxx, rd: , opc: 'hxx }
cycle 1793
copperv1: received:         x
tagged U_type Instruction_$U_type { imm: 'hxxxxx, rd: , opc: 'hxx }
cycle 1794
copperv1: received:         x
tagged U_type Instruction_$U_type { imm: 'hxxxxx, rd: , opc: 'hxx }
cycle 1795
copperv1: received:         x
tagged U_type Instruction_$U_type { imm: 'hxxxxx, rd: , opc: 'hxx }
cycle 1796
copperv1: received:         x
tagged U_type Instruction_$U_type { imm: 'hxxxxx, rd: , opc: 'hxx }
cycle 1797
copperv1: received:         x
tagged U_type Instruction_$U_type { imm: 'hxxxxx, rd: , opc: 'hxx }
cycle 1798
copperv1: received:         x
tagged U_type Instruction_$U_type { imm: 'hxxxxx, rd: , opc: 'hxx }
cycle 1799
copperv1: received:         x
tagged U_type Instruction_$U_type { imm: 'hxxxxx, rd: , opc: 'hxx }
cycle 1800
copperv1: received:         x
tagged U_type Instruction_$U_type { imm: 'hxxxxx, rd: , opc: 'hxx }
cycle 1801
copperv1: received:         x
tagged U_type Instruction_$U_type { imm: 'hxxxxx, rd: , opc: 'hxx }
cycle 1802
copperv1: received:         x
tagged U_type Instruction_$U_type { imm: 'hxxxxx, rd: , opc: 'hxx }
cycle 1803
copperv1: received:         x
tagged U_type Instruction_$U_type { imm: 'hxxxxx, rd: , opc: 'hxx }
cycle 1804
copperv1: received:         x
tagged U_type Instruction_$U_type { imm: 'hxxxxx, rd: , opc: 'hxx }
cycle 1805
copperv1: received:         x
tagged U_type Instruction_$U_type { imm: 'hxxxxx, rd: , opc: 'hxx }
cycle 1806
copperv1: received:         x
tagged U_type Instruction_$U_type { imm: 'hxxxxx, rd: , opc: 'hxx }
cycle 1807
copperv1: received:         x
tagged U_type Instruction_$U_type { imm: 'hxxxxx, rd: , opc: 'hxx }
cycle 1808
copperv1: received:         x
tagged U_type Instruction_$U_type { imm: 'hxxxxx, rd: , opc: 'hxx }
cycle 1809
copperv1: received:         x
tagged U_type Instruction_$U_type { imm: 'hxxxxx, rd: , opc: 'hxx }
cycle 1810
copperv1: received:         x
tagged U_type Instruction_$U_type { imm: 'hxxxxx, rd: , opc: 'hxx }
cycle 1811
copperv1: received:         x
tagged U_type Instruction_$U_type { imm: 'hxxxxx, rd: , opc: 'hxx }
cycle 1812
copperv1: received:         x
tagged U_type Instruction_$U_type { imm: 'hxxxxx, rd: , opc: 'hxx }
cycle 1813
copperv1: received:         x
tagged U_type Instruction_$U_type { imm: 'hxxxxx, rd: , opc: 'hxx }
cycle 1814
copperv1: received:         x
tagged U_type Instruction_$U_type { imm: 'hxxxxx, rd: , opc: 'hxx }
cycle 1815
copperv1: received:         x
tagged U_type Instruction_$U_type { imm: 'hxxxxx, rd: , opc: 'hxx }
cycle 1816
copperv1: received:         x
tagged U_type Instruction_$U_type { imm: 'hxxxxx, rd: , opc: 'hxx }
cycle 1817
copperv1: received:         x
tagged U_type Instruction_$U_type { imm: 'hxxxxx, rd: , opc: 'hxx }
cycle 1818
copperv1: received:         x
tagged U_type Instruction_$U_type { imm: 'hxxxxx, rd: , opc: 'hxx }
cycle 1819
copperv1: received:         x
tagged U_type Instruction_$U_type { imm: 'hxxxxx, rd: , opc: 'hxx }
cycle 1820
copperv1: received:         x
tagged U_type Instruction_$U_type { imm: 'hxxxxx, rd: , opc: 'hxx }
cycle 1821
copperv1: received:         x
tagged U_type Instruction_$U_type { imm: 'hxxxxx, rd: , opc: 'hxx }
cycle 1822
copperv1: received:         x
tagged U_type Instruction_$U_type { imm: 'hxxxxx, rd: , opc: 'hxx }
cycle 1823
copperv1: received:         x
tagged U_type Instruction_$U_type { imm: 'hxxxxx, rd: , opc: 'hxx }
cycle 1824
copperv1: received:         x
tagged U_type Instruction_$U_type { imm: 'hxxxxx, rd: , opc: 'hxx }
cycle 1825
copperv1: received:         x
tagged U_type Instruction_$U_type { imm: 'hxxxxx, rd: , opc: 'hxx }
cycle 1826
copperv1: received:         x
tagged U_type Instruction_$U_type { imm: 'hxxxxx, rd: , opc: 'hxx }
cycle 1827
copperv1: received:         x
tagged U_type Instruction_$U_type { imm: 'hxxxxx, rd: , opc: 'hxx }
cycle 1828
copperv1: received:         x
tagged U_type Instruction_$U_type { imm: 'hxxxxx, rd: , opc: 'hxx }
cycle 1829
copperv1: received:         x
tagged U_type Instruction_$U_type { imm: 'hxxxxx, rd: , opc: 'hxx }
cycle 1830
copperv1: received:         x
tagged U_type Instruction_$U_type { imm: 'hxxxxx, rd: , opc: 'hxx }
cycle 1831
copperv1: received:         x
tagged U_type Instruction_$U_type { imm: 'hxxxxx, rd: , opc: 'hxx }
cycle 1832
copperv1: received:         x
tagged U_type Instruction_$U_type { imm: 'hxxxxx, rd: , opc: 'hxx }
cycle 1833
copperv1: received:         x
tagged U_type Instruction_$U_type { imm: 'hxxxxx, rd: , opc: 'hxx }
cycle 1834
copperv1: received:         x
tagged U_type Instruction_$U_type { imm: 'hxxxxx, rd: , opc: 'hxx }
cycle 1835
copperv1: received:         x
tagged U_type Instruction_$U_type { imm: 'hxxxxx, rd: , opc: 'hxx }
cycle 1836
copperv1: received:         x
tagged U_type Instruction_$U_type { imm: 'hxxxxx, rd: , opc: 'hxx }
cycle 1837
copperv1: received:         x
tagged U_type Instruction_$U_type { imm: 'hxxxxx, rd: , opc: 'hxx }
cycle 1838
copperv1: received:         x
tagged U_type Instruction_$U_type { imm: 'hxxxxx, rd: , opc: 'hxx }
cycle 1839
copperv1: received:         x
tagged U_type Instruction_$U_type { imm: 'hxxxxx, rd: , opc: 'hxx }
cycle 1840
copperv1: received:         x
tagged U_type Instruction_$U_type { imm: 'hxxxxx, rd: , opc: 'hxx }
cycle 1841
copperv1: received:         x
tagged U_type Instruction_$U_type { imm: 'hxxxxx, rd: , opc: 'hxx }
cycle 1842
copperv1: received:         x
tagged U_type Instruction_$U_type { imm: 'hxxxxx, rd: , opc: 'hxx }
cycle 1843
copperv1: received:         x
tagged U_type Instruction_$U_type { imm: 'hxxxxx, rd: , opc: 'hxx }
cycle 1844
copperv1: received:         x
tagged U_type Instruction_$U_type { imm: 'hxxxxx, rd: , opc: 'hxx }
cycle 1845
copperv1: received:         x
tagged U_type Instruction_$U_type { imm: 'hxxxxx, rd: , opc: 'hxx }
cycle 1846
copperv1: received:         x
tagged U_type Instruction_$U_type { imm: 'hxxxxx, rd: , opc: 'hxx }
cycle 1847
copperv1: received:         x
tagged U_type Instruction_$U_type { imm: 'hxxxxx, rd: , opc: 'hxx }
cycle 1848
copperv1: received:         x
tagged U_type Instruction_$U_type { imm: 'hxxxxx, rd: , opc: 'hxx }
cycle 1849
copperv1: received:         x
tagged U_type Instruction_$U_type { imm: 'hxxxxx, rd: , opc: 'hxx }
cycle 1850
copperv1: received:         x
tagged U_type Instruction_$U_type { imm: 'hxxxxx, rd: , opc: 'hxx }
cycle 1851
copperv1: received:         x
tagged U_type Instruction_$U_type { imm: 'hxxxxx, rd: , opc: 'hxx }
cycle 1852
copperv1: received:         x
tagged U_type Instruction_$U_type { imm: 'hxxxxx, rd: , opc: 'hxx }
cycle 1853
copperv1: received:         x
tagged U_type Instruction_$U_type { imm: 'hxxxxx, rd: , opc: 'hxx }
cycle 1854
copperv1: received:         x
tagged U_type Instruction_$U_type { imm: 'hxxxxx, rd: , opc: 'hxx }
cycle 1855
copperv1: received:         x
tagged U_type Instruction_$U_type { imm: 'hxxxxx, rd: , opc: 'hxx }
cycle 1856
copperv1: received:         x
tagged U_type Instruction_$U_type { imm: 'hxxxxx, rd: , opc: 'hxx }
cycle 1857
copperv1: received:         x
tagged U_type Instruction_$U_type { imm: 'hxxxxx, rd: , opc: 'hxx }
cycle 1858
copperv1: received:         x
tagged U_type Instruction_$U_type { imm: 'hxxxxx, rd: , opc: 'hxx }
cycle 1859
copperv1: received:         x
tagged U_type Instruction_$U_type { imm: 'hxxxxx, rd: , opc: 'hxx }
cycle 1860
copperv1: received:         x
tagged U_type Instruction_$U_type { imm: 'hxxxxx, rd: , opc: 'hxx }
cycle 1861
copperv1: received:         x
tagged U_type Instruction_$U_type { imm: 'hxxxxx, rd: , opc: 'hxx }
cycle 1862
copperv1: received:         x
tagged U_type Instruction_$U_type { imm: 'hxxxxx, rd: , opc: 'hxx }
cycle 1863
copperv1: received:         x
tagged U_type Instruction_$U_type { imm: 'hxxxxx, rd: , opc: 'hxx }
cycle 1864
copperv1: received:         x
tagged U_type Instruction_$U_type { imm: 'hxxxxx, rd: , opc: 'hxx }
cycle 1865
copperv1: received:         x
tagged U_type Instruction_$U_type { imm: 'hxxxxx, rd: , opc: 'hxx }
cycle 1866
copperv1: received:         x
tagged U_type Instruction_$U_type { imm: 'hxxxxx, rd: , opc: 'hxx }
cycle 1867
copperv1: received:         x
tagged U_type Instruction_$U_type { imm: 'hxxxxx, rd: , opc: 'hxx }
cycle 1868
copperv1: received:         x
tagged U_type Instruction_$U_type { imm: 'hxxxxx, rd: , opc: 'hxx }
cycle 1869
copperv1: received:         x
tagged U_type Instruction_$U_type { imm: 'hxxxxx, rd: , opc: 'hxx }
cycle 1870
copperv1: received:         x
tagged U_type Instruction_$U_type { imm: 'hxxxxx, rd: , opc: 'hxx }
cycle 1871
copperv1: received:         x
tagged U_type Instruction_$U_type { imm: 'hxxxxx, rd: , opc: 'hxx }
cycle 1872
copperv1: received:         x
tagged U_type Instruction_$U_type { imm: 'hxxxxx, rd: , opc: 'hxx }
cycle 1873
copperv1: received:         x
tagged U_type Instruction_$U_type { imm: 'hxxxxx, rd: , opc: 'hxx }
cycle 1874
copperv1: received:         x
tagged U_type Instruction_$U_type { imm: 'hxxxxx, rd: , opc: 'hxx }
cycle 1875
copperv1: received:         x
tagged U_type Instruction_$U_type { imm: 'hxxxxx, rd: , opc: 'hxx }
cycle 1876
copperv1: received:         x
tagged U_type Instruction_$U_type { imm: 'hxxxxx, rd: , opc: 'hxx }
cycle 1877
copperv1: received:         x
tagged U_type Instruction_$U_type { imm: 'hxxxxx, rd: , opc: 'hxx }
cycle 1878
copperv1: received:         x
tagged U_type Instruction_$U_type { imm: 'hxxxxx, rd: , opc: 'hxx }
cycle 1879
copperv1: received:         x
tagged U_type Instruction_$U_type { imm: 'hxxxxx, rd: , opc: 'hxx }
cycle 1880
copperv1: received:         x
tagged U_type Instruction_$U_type { imm: 'hxxxxx, rd: , opc: 'hxx }
cycle 1881
copperv1: received:         x
tagged U_type Instruction_$U_type { imm: 'hxxxxx, rd: , opc: 'hxx }
cycle 1882
copperv1: received:         x
tagged U_type Instruction_$U_type { imm: 'hxxxxx, rd: , opc: 'hxx }
cycle 1883
copperv1: received:         x
tagged U_type Instruction_$U_type { imm: 'hxxxxx, rd: , opc: 'hxx }
cycle 1884
copperv1: received:         x
tagged U_type Instruction_$U_type { imm: 'hxxxxx, rd: , opc: 'hxx }
cycle 1885
copperv1: received:         x
tagged U_type Instruction_$U_type { imm: 'hxxxxx, rd: , opc: 'hxx }
cycle 1886
copperv1: received:         x
tagged U_type Instruction_$U_type { imm: 'hxxxxx, rd: , opc: 'hxx }
cycle 1887
copperv1: received:         x
tagged U_type Instruction_$U_type { imm: 'hxxxxx, rd: , opc: 'hxx }
cycle 1888
copperv1: received:         x
tagged U_type Instruction_$U_type { imm: 'hxxxxx, rd: , opc: 'hxx }
cycle 1889
copperv1: received:         x
tagged U_type Instruction_$U_type { imm: 'hxxxxx, rd: , opc: 'hxx }
cycle 1890
copperv1: received:         x
tagged U_type Instruction_$U_type { imm: 'hxxxxx, rd: , opc: 'hxx }
cycle 1891
copperv1: received:         x
tagged U_type Instruction_$U_type { imm: 'hxxxxx, rd: , opc: 'hxx }
cycle 1892
copperv1: received:         x
tagged U_type Instruction_$U_type { imm: 'hxxxxx, rd: , opc: 'hxx }
cycle 1893
copperv1: received:         x
tagged U_type Instruction_$U_type { imm: 'hxxxxx, rd: , opc: 'hxx }
cycle 1894
copperv1: received:         x
tagged U_type Instruction_$U_type { imm: 'hxxxxx, rd: , opc: 'hxx }
cycle 1895
copperv1: received:         x
tagged U_type Instruction_$U_type { imm: 'hxxxxx, rd: , opc: 'hxx }
cycle 1896
copperv1: received:         x
tagged U_type Instruction_$U_type { imm: 'hxxxxx, rd: , opc: 'hxx }
cycle 1897
copperv1: received:         x
tagged U_type Instruction_$U_type { imm: 'hxxxxx, rd: , opc: 'hxx }
cycle 1898
copperv1: received:         x
tagged U_type Instruction_$U_type { imm: 'hxxxxx, rd: , opc: 'hxx }
cycle 1899
copperv1: received:         x
tagged U_type Instruction_$U_type { imm: 'hxxxxx, rd: , opc: 'hxx }
cycle 1900
copperv1: received:         x
tagged U_type Instruction_$U_type { imm: 'hxxxxx, rd: , opc: 'hxx }
cycle 1901
copperv1: received:         x
tagged U_type Instruction_$U_type { imm: 'hxxxxx, rd: , opc: 'hxx }
cycle 1902
copperv1: received:         x
tagged U_type Instruction_$U_type { imm: 'hxxxxx, rd: , opc: 'hxx }
cycle 1903
copperv1: received:         x
tagged U_type Instruction_$U_type { imm: 'hxxxxx, rd: , opc: 'hxx }
cycle 1904
copperv1: received:         x
tagged U_type Instruction_$U_type { imm: 'hxxxxx, rd: , opc: 'hxx }
cycle 1905
copperv1: received:         x
tagged U_type Instruction_$U_type { imm: 'hxxxxx, rd: , opc: 'hxx }
cycle 1906
copperv1: received:         x
tagged U_type Instruction_$U_type { imm: 'hxxxxx, rd: , opc: 'hxx }
cycle 1907
copperv1: received:         x
tagged U_type Instruction_$U_type { imm: 'hxxxxx, rd: , opc: 'hxx }
cycle 1908
copperv1: received:         x
tagged U_type Instruction_$U_type { imm: 'hxxxxx, rd: , opc: 'hxx }
cycle 1909
copperv1: received:         x
tagged U_type Instruction_$U_type { imm: 'hxxxxx, rd: , opc: 'hxx }
cycle 1910
copperv1: received:         x
tagged U_type Instruction_$U_type { imm: 'hxxxxx, rd: , opc: 'hxx }
cycle 1911
copperv1: received:         x
tagged U_type Instruction_$U_type { imm: 'hxxxxx, rd: , opc: 'hxx }
cycle 1912
copperv1: received:         x
tagged U_type Instruction_$U_type { imm: 'hxxxxx, rd: , opc: 'hxx }
cycle 1913
copperv1: received:         x
tagged U_type Instruction_$U_type { imm: 'hxxxxx, rd: , opc: 'hxx }
cycle 1914
copperv1: received:         x
tagged U_type Instruction_$U_type { imm: 'hxxxxx, rd: , opc: 'hxx }
cycle 1915
copperv1: received:         x
tagged U_type Instruction_$U_type { imm: 'hxxxxx, rd: , opc: 'hxx }
cycle 1916
copperv1: received:         x
tagged U_type Instruction_$U_type { imm: 'hxxxxx, rd: , opc: 'hxx }
cycle 1917
copperv1: received:         x
tagged U_type Instruction_$U_type { imm: 'hxxxxx, rd: , opc: 'hxx }
cycle 1918
copperv1: received:         x
tagged U_type Instruction_$U_type { imm: 'hxxxxx, rd: , opc: 'hxx }
cycle 1919
copperv1: received:         x
tagged U_type Instruction_$U_type { imm: 'hxxxxx, rd: , opc: 'hxx }
cycle 1920
copperv1: received:         x
tagged U_type Instruction_$U_type { imm: 'hxxxxx, rd: , opc: 'hxx }
cycle 1921
copperv1: received:         x
tagged U_type Instruction_$U_type { imm: 'hxxxxx, rd: , opc: 'hxx }
cycle 1922
copperv1: received:         x
tagged U_type Instruction_$U_type { imm: 'hxxxxx, rd: , opc: 'hxx }
cycle 1923
copperv1: received:         x
tagged U_type Instruction_$U_type { imm: 'hxxxxx, rd: , opc: 'hxx }
cycle 1924
copperv1: received:         x
tagged U_type Instruction_$U_type { imm: 'hxxxxx, rd: , opc: 'hxx }
cycle 1925
copperv1: received:         x
tagged U_type Instruction_$U_type { imm: 'hxxxxx, rd: , opc: 'hxx }
cycle 1926
copperv1: received:         x
tagged U_type Instruction_$U_type { imm: 'hxxxxx, rd: , opc: 'hxx }
cycle 1927
copperv1: received:         x
tagged U_type Instruction_$U_type { imm: 'hxxxxx, rd: , opc: 'hxx }
cycle 1928
copperv1: received:         x
tagged U_type Instruction_$U_type { imm: 'hxxxxx, rd: , opc: 'hxx }
cycle 1929
copperv1: received:         x
tagged U_type Instruction_$U_type { imm: 'hxxxxx, rd: , opc: 'hxx }
cycle 1930
copperv1: received:         x
tagged U_type Instruction_$U_type { imm: 'hxxxxx, rd: , opc: 'hxx }
cycle 1931
copperv1: received:         x
tagged U_type Instruction_$U_type { imm: 'hxxxxx, rd: , opc: 'hxx }
cycle 1932
copperv1: received:         x
tagged U_type Instruction_$U_type { imm: 'hxxxxx, rd: , opc: 'hxx }
cycle 1933
copperv1: received:         x
tagged U_type Instruction_$U_type { imm: 'hxxxxx, rd: , opc: 'hxx }
cycle 1934
copperv1: received:         x
tagged U_type Instruction_$U_type { imm: 'hxxxxx, rd: , opc: 'hxx }
cycle 1935
copperv1: received:         x
tagged U_type Instruction_$U_type { imm: 'hxxxxx, rd: , opc: 'hxx }
cycle 1936
copperv1: received:         x
tagged U_type Instruction_$U_type { imm: 'hxxxxx, rd: , opc: 'hxx }
cycle 1937
copperv1: received:         x
tagged U_type Instruction_$U_type { imm: 'hxxxxx, rd: , opc: 'hxx }
cycle 1938
copperv1: received:         x
tagged U_type Instruction_$U_type { imm: 'hxxxxx, rd: , opc: 'hxx }
cycle 1939
copperv1: received:         x
tagged U_type Instruction_$U_type { imm: 'hxxxxx, rd: , opc: 'hxx }
cycle 1940
copperv1: received:         x
tagged U_type Instruction_$U_type { imm: 'hxxxxx, rd: , opc: 'hxx }
cycle 1941
copperv1: received:         x
tagged U_type Instruction_$U_type { imm: 'hxxxxx, rd: , opc: 'hxx }
cycle 1942
copperv1: received:         x
tagged U_type Instruction_$U_type { imm: 'hxxxxx, rd: , opc: 'hxx }
cycle 1943
copperv1: received:         x
tagged U_type Instruction_$U_type { imm: 'hxxxxx, rd: , opc: 'hxx }
cycle 1944
copperv1: received:         x
tagged U_type Instruction_$U_type { imm: 'hxxxxx, rd: , opc: 'hxx }
cycle 1945
copperv1: received:         x
tagged U_type Instruction_$U_type { imm: 'hxxxxx, rd: , opc: 'hxx }
cycle 1946
copperv1: received:         x
tagged U_type Instruction_$U_type { imm: 'hxxxxx, rd: , opc: 'hxx }
cycle 1947
copperv1: received:         x
tagged U_type Instruction_$U_type { imm: 'hxxxxx, rd: , opc: 'hxx }
cycle 1948
copperv1: received:         x
tagged U_type Instruction_$U_type { imm: 'hxxxxx, rd: , opc: 'hxx }
cycle 1949
copperv1: received:         x
tagged U_type Instruction_$U_type { imm: 'hxxxxx, rd: , opc: 'hxx }
cycle 1950
copperv1: received:         x
tagged U_type Instruction_$U_type { imm: 'hxxxxx, rd: , opc: 'hxx }
cycle 1951
copperv1: received:         x
tagged U_type Instruction_$U_type { imm: 'hxxxxx, rd: , opc: 'hxx }
cycle 1952
copperv1: received:         x
tagged U_type Instruction_$U_type { imm: 'hxxxxx, rd: , opc: 'hxx }
cycle 1953
copperv1: received:         x
tagged U_type Instruction_$U_type { imm: 'hxxxxx, rd: , opc: 'hxx }
cycle 1954
copperv1: received:         x
tagged U_type Instruction_$U_type { imm: 'hxxxxx, rd: , opc: 'hxx }
cycle 1955
copperv1: received:         x
tagged U_type Instruction_$U_type { imm: 'hxxxxx, rd: , opc: 'hxx }
cycle 1956
copperv1: received:         x
tagged U_type Instruction_$U_type { imm: 'hxxxxx, rd: , opc: 'hxx }
cycle 1957
copperv1: received:         x
tagged U_type Instruction_$U_type { imm: 'hxxxxx, rd: , opc: 'hxx }
cycle 1958
copperv1: received:         x
tagged U_type Instruction_$U_type { imm: 'hxxxxx, rd: , opc: 'hxx }
cycle 1959
copperv1: received:         x
tagged U_type Instruction_$U_type { imm: 'hxxxxx, rd: , opc: 'hxx }
cycle 1960
copperv1: received:         x
tagged U_type Instruction_$U_type { imm: 'hxxxxx, rd: , opc: 'hxx }
cycle 1961
copperv1: received:         x
tagged U_type Instruction_$U_type { imm: 'hxxxxx, rd: , opc: 'hxx }
cycle 1962
copperv1: received:         x
tagged U_type Instruction_$U_type { imm: 'hxxxxx, rd: , opc: 'hxx }
cycle 1963
copperv1: received:         x
tagged U_type Instruction_$U_type { imm: 'hxxxxx, rd: , opc: 'hxx }
cycle 1964
copperv1: received:         x
tagged U_type Instruction_$U_type { imm: 'hxxxxx, rd: , opc: 'hxx }
cycle 1965
copperv1: received:         x
tagged U_type Instruction_$U_type { imm: 'hxxxxx, rd: , opc: 'hxx }
cycle 1966
copperv1: received:         x
tagged U_type Instruction_$U_type { imm: 'hxxxxx, rd: , opc: 'hxx }
cycle 1967
copperv1: received:         x
tagged U_type Instruction_$U_type { imm: 'hxxxxx, rd: , opc: 'hxx }
cycle 1968
copperv1: received:         x
tagged U_type Instruction_$U_type { imm: 'hxxxxx, rd: , opc: 'hxx }
cycle 1969
copperv1: received:         x
tagged U_type Instruction_$U_type { imm: 'hxxxxx, rd: , opc: 'hxx }
cycle 1970
copperv1: received:         x
tagged U_type Instruction_$U_type { imm: 'hxxxxx, rd: , opc: 'hxx }
cycle 1971
copperv1: received:         x
tagged U_type Instruction_$U_type { imm: 'hxxxxx, rd: , opc: 'hxx }
cycle 1972
copperv1: received:         x
tagged U_type Instruction_$U_type { imm: 'hxxxxx, rd: , opc: 'hxx }
cycle 1973
copperv1: received:         x
tagged U_type Instruction_$U_type { imm: 'hxxxxx, rd: , opc: 'hxx }
cycle 1974
copperv1: received:         x
tagged U_type Instruction_$U_type { imm: 'hxxxxx, rd: , opc: 'hxx }
cycle 1975
copperv1: received:         x
tagged U_type Instruction_$U_type { imm: 'hxxxxx, rd: , opc: 'hxx }
cycle 1976
copperv1: received:         x
tagged U_type Instruction_$U_type { imm: 'hxxxxx, rd: , opc: 'hxx }
cycle 1977
copperv1: received:         x
tagged U_type Instruction_$U_type { imm: 'hxxxxx, rd: , opc: 'hxx }
cycle 1978
copperv1: received:         x
tagged U_type Instruction_$U_type { imm: 'hxxxxx, rd: , opc: 'hxx }
cycle 1979
copperv1: received:         x
tagged U_type Instruction_$U_type { imm: 'hxxxxx, rd: , opc: 'hxx }
cycle 1980
copperv1: received:         x
tagged U_type Instruction_$U_type { imm: 'hxxxxx, rd: , opc: 'hxx }
cycle 1981
copperv1: received:         x
tagged U_type Instruction_$U_type { imm: 'hxxxxx, rd: , opc: 'hxx }
cycle 1982
copperv1: received:         x
tagged U_type Instruction_$U_type { imm: 'hxxxxx, rd: , opc: 'hxx }
cycle 1983
copperv1: received:         x
tagged U_type Instruction_$U_type { imm: 'hxxxxx, rd: , opc: 'hxx }
cycle 1984
copperv1: received:         x
tagged U_type Instruction_$U_type { imm: 'hxxxxx, rd: , opc: 'hxx }
cycle 1985
copperv1: received:         x
tagged U_type Instruction_$U_type { imm: 'hxxxxx, rd: , opc: 'hxx }
cycle 1986
copperv1: received:         x
tagged U_type Instruction_$U_type { imm: 'hxxxxx, rd: , opc: 'hxx }
cycle 1987
copperv1: received:         x
tagged U_type Instruction_$U_type { imm: 'hxxxxx, rd: , opc: 'hxx }
cycle 1988
copperv1: received:         x
tagged U_type Instruction_$U_type { imm: 'hxxxxx, rd: , opc: 'hxx }
cycle 1989
copperv1: received:         x
tagged U_type Instruction_$U_type { imm: 'hxxxxx, rd: , opc: 'hxx }
cycle 1990
copperv1: received:         x
tagged U_type Instruction_$U_type { imm: 'hxxxxx, rd: , opc: 'hxx }
cycle 1991
copperv1: received:         x
tagged U_type Instruction_$U_type { imm: 'hxxxxx, rd: , opc: 'hxx }
cycle 1992
copperv1: received:         x
tagged U_type Instruction_$U_type { imm: 'hxxxxx, rd: , opc: 'hxx }
cycle 1993
copperv1: received:         x
tagged U_type Instruction_$U_type { imm: 'hxxxxx, rd: , opc: 'hxx }
cycle 1994
copperv1: received:         x
tagged U_type Instruction_$U_type { imm: 'hxxxxx, rd: , opc: 'hxx }
cycle 1995
copperv1: received:         x
tagged U_type Instruction_$U_type { imm: 'hxxxxx, rd: , opc: 'hxx }
cycle 1996
copperv1: received:         x
tagged U_type Instruction_$U_type { imm: 'hxxxxx, rd: , opc: 'hxx }
cycle 1997
copperv1: received:         x
tagged U_type Instruction_$U_type { imm: 'hxxxxx, rd: , opc: 'hxx }
cycle 1998
copperv1: received:         x
tagged U_type Instruction_$U_type { imm: 'hxxxxx, rd: , opc: 'hxx }
cycle 1999
copperv1: received:         x
tagged U_type Instruction_$U_type { imm: 'hxxxxx, rd: , opc: 'hxx }
cycle 2000
copperv1: received:         x
tagged U_type Instruction_$U_type { imm: 'hxxxxx, rd: , opc: 'hxx }
cycle 2001
copperv1: received:         x
tagged U_type Instruction_$U_type { imm: 'hxxxxx, rd: , opc: 'hxx }
cycle 2002
copperv1: received:         x
tagged U_type Instruction_$U_type { imm: 'hxxxxx, rd: , opc: 'hxx }
cycle 2003
copperv1: received:         x
tagged U_type Instruction_$U_type { imm: 'hxxxxx, rd: , opc: 'hxx }
cycle 2004
copperv1: received:         x
tagged U_type Instruction_$U_type { imm: 'hxxxxx, rd: , opc: 'hxx }
cycle 2005
copperv1: received:         x
tagged U_type Instruction_$U_type { imm: 'hxxxxx, rd: , opc: 'hxx }
cycle 2006
copperv1: received:         x
tagged U_type Instruction_$U_type { imm: 'hxxxxx, rd: , opc: 'hxx }
cycle 2007
copperv1: received:         x
tagged U_type Instruction_$U_type { imm: 'hxxxxx, rd: , opc: 'hxx }
cycle 2008
copperv1: received:         x
tagged U_type Instruction_$U_type { imm: 'hxxxxx, rd: , opc: 'hxx }
cycle 2009
copperv1: received:         x
tagged U_type Instruction_$U_type { imm: 'hxxxxx, rd: , opc: 'hxx }
cycle 2010
copperv1: received:         x
tagged U_type Instruction_$U_type { imm: 'hxxxxx, rd: , opc: 'hxx }
cycle 2011
copperv1: received:         x
tagged U_type Instruction_$U_type { imm: 'hxxxxx, rd: , opc: 'hxx }
cycle 2012
copperv1: received:         x
tagged U_type Instruction_$U_type { imm: 'hxxxxx, rd: , opc: 'hxx }
cycle 2013
copperv1: received:         x
tagged U_type Instruction_$U_type { imm: 'hxxxxx, rd: , opc: 'hxx }
cycle 2014
copperv1: received:         x
tagged U_type Instruction_$U_type { imm: 'hxxxxx, rd: , opc: 'hxx }
cycle 2015
copperv1: received:         x
tagged U_type Instruction_$U_type { imm: 'hxxxxx, rd: , opc: 'hxx }
cycle 2016
copperv1: received:         x
tagged U_type Instruction_$U_type { imm: 'hxxxxx, rd: , opc: 'hxx }
cycle 2017
copperv1: received:         x
tagged U_type Instruction_$U_type { imm: 'hxxxxx, rd: , opc: 'hxx }
cycle 2018
copperv1: received:         x
tagged U_type Instruction_$U_type { imm: 'hxxxxx, rd: , opc: 'hxx }
cycle 2019
copperv1: received:         x
tagged U_type Instruction_$U_type { imm: 'hxxxxx, rd: , opc: 'hxx }
cycle 2020
copperv1: received:         x
tagged U_type Instruction_$U_type { imm: 'hxxxxx, rd: , opc: 'hxx }
cycle 2021
copperv1: received:         x
tagged U_type Instruction_$U_type { imm: 'hxxxxx, rd: , opc: 'hxx }
cycle 2022
copperv1: received:         x
tagged U_type Instruction_$U_type { imm: 'hxxxxx, rd: , opc: 'hxx }
cycle 2023
copperv1: received:         x
tagged U_type Instruction_$U_type { imm: 'hxxxxx, rd: , opc: 'hxx }
cycle 2024
copperv1: received:         x
tagged U_type Instruction_$U_type { imm: 'hxxxxx, rd: , opc: 'hxx }
cycle 2025
copperv1: received:         x
tagged U_type Instruction_$U_type { imm: 'hxxxxx, rd: , opc: 'hxx }
cycle 2026
copperv1: received:         x
tagged U_type Instruction_$U_type { imm: 'hxxxxx, rd: , opc: 'hxx }
cycle 2027
copperv1: received:         x
tagged U_type Instruction_$U_type { imm: 'hxxxxx, rd: , opc: 'hxx }
cycle 2028
copperv1: received:         x
tagged U_type Instruction_$U_type { imm: 'hxxxxx, rd: , opc: 'hxx }
cycle 2029
copperv1: received:         x
tagged U_type Instruction_$U_type { imm: 'hxxxxx, rd: , opc: 'hxx }
cycle 2030
copperv1: received:         x
tagged U_type Instruction_$U_type { imm: 'hxxxxx, rd: , opc: 'hxx }
cycle 2031
copperv1: received:         x
tagged U_type Instruction_$U_type { imm: 'hxxxxx, rd: , opc: 'hxx }
cycle 2032
copperv1: received:         x
tagged U_type Instruction_$U_type { imm: 'hxxxxx, rd: , opc: 'hxx }
cycle 2033
copperv1: received:         x
tagged U_type Instruction_$U_type { imm: 'hxxxxx, rd: , opc: 'hxx }
cycle 2034
copperv1: received:         x
tagged U_type Instruction_$U_type { imm: 'hxxxxx, rd: , opc: 'hxx }
cycle 2035
copperv1: received:         x
tagged U_type Instruction_$U_type { imm: 'hxxxxx, rd: , opc: 'hxx }
cycle 2036
copperv1: received:         x
tagged U_type Instruction_$U_type { imm: 'hxxxxx, rd: , opc: 'hxx }
cycle 2037
copperv1: received:         x
tagged U_type Instruction_$U_type { imm: 'hxxxxx, rd: , opc: 'hxx }
cycle 2038
copperv1: received:         x
tagged U_type Instruction_$U_type { imm: 'hxxxxx, rd: , opc: 'hxx }
cycle 2039
copperv1: received:         x
tagged U_type Instruction_$U_type { imm: 'hxxxxx, rd: , opc: 'hxx }
cycle 2040
copperv1: received:         x
tagged U_type Instruction_$U_type { imm: 'hxxxxx, rd: , opc: 'hxx }
cycle 2041
copperv1: received:         x
tagged U_type Instruction_$U_type { imm: 'hxxxxx, rd: , opc: 'hxx }
cycle 2042
copperv1: received:         x
tagged U_type Instruction_$U_type { imm: 'hxxxxx, rd: , opc: 'hxx }
cycle 2043
copperv1: received:         x
tagged U_type Instruction_$U_type { imm: 'hxxxxx, rd: , opc: 'hxx }
cycle 2044
copperv1: received:         x
tagged U_type Instruction_$U_type { imm: 'hxxxxx, rd: , opc: 'hxx }
cycle 2045
copperv1: received:         x
tagged U_type Instruction_$U_type { imm: 'hxxxxx, rd: , opc: 'hxx }
cycle 2046
copperv1: received:         x
tagged U_type Instruction_$U_type { imm: 'hxxxxx, rd: , opc: 'hxx }
cycle 2047
copperv1: received:         x
tagged U_type Instruction_$U_type { imm: 'hxxxxx, rd: , opc: 'hxx }
cycle 2048
copperv1: received:         x
tagged U_type Instruction_$U_type { imm: 'hxxxxx, rd: , opc: 'hxx }
cycle 2049
copperv1: received:         x
tagged U_type Instruction_$U_type { imm: 'hxxxxx, rd: , opc: 'hxx }
cycle 2050
copperv1: received:         x
tagged U_type Instruction_$U_type { imm: 'hxxxxx, rd: , opc: 'hxx }
cycle 2051
copperv1: received:         x
tagged U_type Instruction_$U_type { imm: 'hxxxxx, rd: , opc: 'hxx }
cycle 2052
copperv1: received:         x
tagged U_type Instruction_$U_type { imm: 'hxxxxx, rd: , opc: 'hxx }
cycle 2053
copperv1: received:         x
tagged U_type Instruction_$U_type { imm: 'hxxxxx, rd: , opc: 'hxx }
cycle 2054
copperv1: received:         x
tagged U_type Instruction_$U_type { imm: 'hxxxxx, rd: , opc: 'hxx }
cycle 2055
copperv1: received:         x
tagged U_type Instruction_$U_type { imm: 'hxxxxx, rd: , opc: 'hxx }
cycle 2056
copperv1: received:         x
tagged U_type Instruction_$U_type { imm: 'hxxxxx, rd: , opc: 'hxx }
cycle 2057
copperv1: received:         x
tagged U_type Instruction_$U_type { imm: 'hxxxxx, rd: , opc: 'hxx }
cycle 2058
copperv1: received:         x
tagged U_type Instruction_$U_type { imm: 'hxxxxx, rd: , opc: 'hxx }
cycle 2059
copperv1: received:         x
tagged U_type Instruction_$U_type { imm: 'hxxxxx, rd: , opc: 'hxx }
cycle 2060
copperv1: received:         x
tagged U_type Instruction_$U_type { imm: 'hxxxxx, rd: , opc: 'hxx }
cycle 2061
copperv1: received:         x
tagged U_type Instruction_$U_type { imm: 'hxxxxx, rd: , opc: 'hxx }
cycle 2062
copperv1: received:         x
tagged U_type Instruction_$U_type { imm: 'hxxxxx, rd: , opc: 'hxx }
cycle 2063
copperv1: received:         x
tagged U_type Instruction_$U_type { imm: 'hxxxxx, rd: , opc: 'hxx }
cycle 2064
copperv1: received:         x
tagged U_type Instruction_$U_type { imm: 'hxxxxx, rd: , opc: 'hxx }
cycle 2065
copperv1: received:         x
tagged U_type Instruction_$U_type { imm: 'hxxxxx, rd: , opc: 'hxx }
cycle 2066
copperv1: received:         x
tagged U_type Instruction_$U_type { imm: 'hxxxxx, rd: , opc: 'hxx }
cycle 2067
copperv1: received:         x
tagged U_type Instruction_$U_type { imm: 'hxxxxx, rd: , opc: 'hxx }
cycle 2068
copperv1: received:         x
tagged U_type Instruction_$U_type { imm: 'hxxxxx, rd: , opc: 'hxx }
cycle 2069
copperv1: received:         x
tagged U_type Instruction_$U_type { imm: 'hxxxxx, rd: , opc: 'hxx }
cycle 2070
copperv1: received:         x
tagged U_type Instruction_$U_type { imm: 'hxxxxx, rd: , opc: 'hxx }
cycle 2071
copperv1: received:         x
tagged U_type Instruction_$U_type { imm: 'hxxxxx, rd: , opc: 'hxx }
cycle 2072
copperv1: received:         x
tagged U_type Instruction_$U_type { imm: 'hxxxxx, rd: , opc: 'hxx }
cycle 2073
copperv1: received:         x
tagged U_type Instruction_$U_type { imm: 'hxxxxx, rd: , opc: 'hxx }
cycle 2074
copperv1: received:         x
tagged U_type Instruction_$U_type { imm: 'hxxxxx, rd: , opc: 'hxx }
cycle 2075
copperv1: received:         x
tagged U_type Instruction_$U_type { imm: 'hxxxxx, rd: , opc: 'hxx }
cycle 2076
copperv1: received:         x
tagged U_type Instruction_$U_type { imm: 'hxxxxx, rd: , opc: 'hxx }
cycle 2077
copperv1: received:         x
tagged U_type Instruction_$U_type { imm: 'hxxxxx, rd: , opc: 'hxx }
cycle 2078
copperv1: received:         x
tagged U_type Instruction_$U_type { imm: 'hxxxxx, rd: , opc: 'hxx }
cycle 2079
copperv1: received:         x
tagged U_type Instruction_$U_type { imm: 'hxxxxx, rd: , opc: 'hxx }
cycle 2080
copperv1: received:         x
tagged U_type Instruction_$U_type { imm: 'hxxxxx, rd: , opc: 'hxx }
cycle 2081
copperv1: received:         x
tagged U_type Instruction_$U_type { imm: 'hxxxxx, rd: , opc: 'hxx }
cycle 2082
copperv1: received:         x
tagged U_type Instruction_$U_type { imm: 'hxxxxx, rd: , opc: 'hxx }
cycle 2083
copperv1: received:         x
tagged U_type Instruction_$U_type { imm: 'hxxxxx, rd: , opc: 'hxx }
cycle 2084
copperv1: received:         x
tagged U_type Instruction_$U_type { imm: 'hxxxxx, rd: , opc: 'hxx }
cycle 2085
copperv1: received:         x
tagged U_type Instruction_$U_type { imm: 'hxxxxx, rd: , opc: 'hxx }
cycle 2086
copperv1: received:         x
tagged U_type Instruction_$U_type { imm: 'hxxxxx, rd: , opc: 'hxx }
cycle 2087
copperv1: received:         x
tagged U_type Instruction_$U_type { imm: 'hxxxxx, rd: , opc: 'hxx }
cycle 2088
copperv1: received:         x
tagged U_type Instruction_$U_type { imm: 'hxxxxx, rd: , opc: 'hxx }
cycle 2089
copperv1: received:         x
tagged U_type Instruction_$U_type { imm: 'hxxxxx, rd: , opc: 'hxx }
cycle 2090
copperv1: received:         x
tagged U_type Instruction_$U_type { imm: 'hxxxxx, rd: , opc: 'hxx }
cycle 2091
copperv1: received:         x
tagged U_type Instruction_$U_type { imm: 'hxxxxx, rd: , opc: 'hxx }
cycle 2092
copperv1: received:         x
tagged U_type Instruction_$U_type { imm: 'hxxxxx, rd: , opc: 'hxx }
cycle 2093
copperv1: received:         x
tagged U_type Instruction_$U_type { imm: 'hxxxxx, rd: , opc: 'hxx }
cycle 2094
copperv1: received:         x
tagged U_type Instruction_$U_type { imm: 'hxxxxx, rd: , opc: 'hxx }
cycle 2095
copperv1: received:         x
tagged U_type Instruction_$U_type { imm: 'hxxxxx, rd: , opc: 'hxx }
cycle 2096
copperv1: received:         x
tagged U_type Instruction_$U_type { imm: 'hxxxxx, rd: , opc: 'hxx }
cycle 2097
copperv1: received:         x
tagged U_type Instruction_$U_type { imm: 'hxxxxx, rd: , opc: 'hxx }
cycle 2098
copperv1: received:         x
tagged U_type Instruction_$U_type { imm: 'hxxxxx, rd: , opc: 'hxx }
cycle 2099
copperv1: received:         x
tagged U_type Instruction_$U_type { imm: 'hxxxxx, rd: , opc: 'hxx }
cycle 2100
copperv1: received:         x
tagged U_type Instruction_$U_type { imm: 'hxxxxx, rd: , opc: 'hxx }
cycle 2101
copperv1: received:         x
tagged U_type Instruction_$U_type { imm: 'hxxxxx, rd: , opc: 'hxx }
cycle 2102
copperv1: received:         x
tagged U_type Instruction_$U_type { imm: 'hxxxxx, rd: , opc: 'hxx }
cycle 2103
copperv1: received:         x
tagged U_type Instruction_$U_type { imm: 'hxxxxx, rd: , opc: 'hxx }
cycle 2104
copperv1: received:         x
tagged U_type Instruction_$U_type { imm: 'hxxxxx, rd: , opc: 'hxx }
cycle 2105
copperv1: received:         x
tagged U_type Instruction_$U_type { imm: 'hxxxxx, rd: , opc: 'hxx }
cycle 2106
copperv1: received:         x
tagged U_type Instruction_$U_type { imm: 'hxxxxx, rd: , opc: 'hxx }
cycle 2107
copperv1: received:         x
tagged U_type Instruction_$U_type { imm: 'hxxxxx, rd: , opc: 'hxx }
cycle 2108
copperv1: received:         x
tagged U_type Instruction_$U_type { imm: 'hxxxxx, rd: , opc: 'hxx }
cycle 2109
copperv1: received:         x
tagged U_type Instruction_$U_type { imm: 'hxxxxx, rd: , opc: 'hxx }
cycle 2110
copperv1: received:         x
tagged U_type Instruction_$U_type { imm: 'hxxxxx, rd: , opc: 'hxx }
cycle 2111
copperv1: received:         x
tagged U_type Instruction_$U_type { imm: 'hxxxxx, rd: , opc: 'hxx }
cycle 2112
copperv1: received:         x
tagged U_type Instruction_$U_type { imm: 'hxxxxx, rd: , opc: 'hxx }
cycle 2113
copperv1: received:         x
tagged U_type Instruction_$U_type { imm: 'hxxxxx, rd: , opc: 'hxx }
cycle 2114
copperv1: received:         x
tagged U_type Instruction_$U_type { imm: 'hxxxxx, rd: , opc: 'hxx }
cycle 2115
copperv1: received:         x
tagged U_type Instruction_$U_type { imm: 'hxxxxx, rd: , opc: 'hxx }
cycle 2116
copperv1: received:         x
tagged U_type Instruction_$U_type { imm: 'hxxxxx, rd: , opc: 'hxx }
cycle 2117
copperv1: received:         x
tagged U_type Instruction_$U_type { imm: 'hxxxxx, rd: , opc: 'hxx }
cycle 2118
copperv1: received:         x
tagged U_type Instruction_$U_type { imm: 'hxxxxx, rd: , opc: 'hxx }
cycle 2119
copperv1: received:         x
tagged U_type Instruction_$U_type { imm: 'hxxxxx, rd: , opc: 'hxx }
cycle 2120
copperv1: received:         x
tagged U_type Instruction_$U_type { imm: 'hxxxxx, rd: , opc: 'hxx }
cycle 2121
copperv1: received:         x
tagged U_type Instruction_$U_type { imm: 'hxxxxx, rd: , opc: 'hxx }
cycle 2122
copperv1: received:         x
tagged U_type Instruction_$U_type { imm: 'hxxxxx, rd: , opc: 'hxx }
cycle 2123
copperv1: received:         x
tagged U_type Instruction_$U_type { imm: 'hxxxxx, rd: , opc: 'hxx }
cycle 2124
copperv1: received:         x
tagged U_type Instruction_$U_type { imm: 'hxxxxx, rd: , opc: 'hxx }
cycle 2125
copperv1: received:         x
tagged U_type Instruction_$U_type { imm: 'hxxxxx, rd: , opc: 'hxx }
cycle 2126
copperv1: received:         x
tagged U_type Instruction_$U_type { imm: 'hxxxxx, rd: , opc: 'hxx }
cycle 2127
copperv1: received:         x
tagged U_type Instruction_$U_type { imm: 'hxxxxx, rd: , opc: 'hxx }
cycle 2128
copperv1: received:         x
tagged U_type Instruction_$U_type { imm: 'hxxxxx, rd: , opc: 'hxx }
cycle 2129
copperv1: received:         x
tagged U_type Instruction_$U_type { imm: 'hxxxxx, rd: , opc: 'hxx }
cycle 2130
copperv1: received:         x
tagged U_type Instruction_$U_type { imm: 'hxxxxx, rd: , opc: 'hxx }
cycle 2131
copperv1: received:         x
tagged U_type Instruction_$U_type { imm: 'hxxxxx, rd: , opc: 'hxx }
cycle 2132
copperv1: received:         x
tagged U_type Instruction_$U_type { imm: 'hxxxxx, rd: , opc: 'hxx }
cycle 2133
copperv1: received:         x
tagged U_type Instruction_$U_type { imm: 'hxxxxx, rd: , opc: 'hxx }
cycle 2134
copperv1: received:         x
tagged U_type Instruction_$U_type { imm: 'hxxxxx, rd: , opc: 'hxx }
cycle 2135
copperv1: received:         x
tagged U_type Instruction_$U_type { imm: 'hxxxxx, rd: , opc: 'hxx }
cycle 2136
copperv1: received:         x
tagged U_type Instruction_$U_type { imm: 'hxxxxx, rd: , opc: 'hxx }
cycle 2137
copperv1: received:         x
tagged U_type Instruction_$U_type { imm: 'hxxxxx, rd: , opc: 'hxx }
cycle 2138
copperv1: received:         x
tagged U_type Instruction_$U_type { imm: 'hxxxxx, rd: , opc: 'hxx }
cycle 2139
copperv1: received:         x
tagged U_type Instruction_$U_type { imm: 'hxxxxx, rd: , opc: 'hxx }
cycle 2140
copperv1: received:         x
tagged U_type Instruction_$U_type { imm: 'hxxxxx, rd: , opc: 'hxx }
cycle 2141
copperv1: received:         x
tagged U_type Instruction_$U_type { imm: 'hxxxxx, rd: , opc: 'hxx }
cycle 2142
copperv1: received:         x
tagged U_type Instruction_$U_type { imm: 'hxxxxx, rd: , opc: 'hxx }
cycle 2143
copperv1: received:         x
tagged U_type Instruction_$U_type { imm: 'hxxxxx, rd: , opc: 'hxx }
cycle 2144
copperv1: received:         x
tagged U_type Instruction_$U_type { imm: 'hxxxxx, rd: , opc: 'hxx }
cycle 2145
copperv1: received:         x
tagged U_type Instruction_$U_type { imm: 'hxxxxx, rd: , opc: 'hxx }
cycle 2146
copperv1: received:         x
tagged U_type Instruction_$U_type { imm: 'hxxxxx, rd: , opc: 'hxx }
cycle 2147
copperv1: received:         x
tagged U_type Instruction_$U_type { imm: 'hxxxxx, rd: , opc: 'hxx }
cycle 2148
copperv1: received:         x
tagged U_type Instruction_$U_type { imm: 'hxxxxx, rd: , opc: 'hxx }
cycle 2149
copperv1: received:         x
tagged U_type Instruction_$U_type { imm: 'hxxxxx, rd: , opc: 'hxx }
cycle 2150
copperv1: received:         x
tagged U_type Instruction_$U_type { imm: 'hxxxxx, rd: , opc: 'hxx }
cycle 2151
copperv1: received:         x
tagged U_type Instruction_$U_type { imm: 'hxxxxx, rd: , opc: 'hxx }
cycle 2152
copperv1: received:         x
tagged U_type Instruction_$U_type { imm: 'hxxxxx, rd: , opc: 'hxx }
cycle 2153
copperv1: received:         x
tagged U_type Instruction_$U_type { imm: 'hxxxxx, rd: , opc: 'hxx }
cycle 2154
copperv1: received:         x
tagged U_type Instruction_$U_type { imm: 'hxxxxx, rd: , opc: 'hxx }
cycle 2155
copperv1: received:         x
tagged U_type Instruction_$U_type { imm: 'hxxxxx, rd: , opc: 'hxx }
cycle 2156
copperv1: received:         x
tagged U_type Instruction_$U_type { imm: 'hxxxxx, rd: , opc: 'hxx }
cycle 2157
copperv1: received:         x
tagged U_type Instruction_$U_type { imm: 'hxxxxx, rd: , opc: 'hxx }
cycle 2158
copperv1: received:         x
tagged U_type Instruction_$U_type { imm: 'hxxxxx, rd: , opc: 'hxx }
cycle 2159
copperv1: received:         x
tagged U_type Instruction_$U_type { imm: 'hxxxxx, rd: , opc: 'hxx }
cycle 2160
copperv1: received:         x
tagged U_type Instruction_$U_type { imm: 'hxxxxx, rd: , opc: 'hxx }
cycle 2161
copperv1: received:         x
tagged U_type Instruction_$U_type { imm: 'hxxxxx, rd: , opc: 'hxx }
cycle 2162
copperv1: received:         x
tagged U_type Instruction_$U_type { imm: 'hxxxxx, rd: , opc: 'hxx }
cycle 2163
copperv1: received:         x
tagged U_type Instruction_$U_type { imm: 'hxxxxx, rd: , opc: 'hxx }
cycle 2164
copperv1: received:         x
tagged U_type Instruction_$U_type { imm: 'hxxxxx, rd: , opc: 'hxx }
cycle 2165
copperv1: received:         x
tagged U_type Instruction_$U_type { imm: 'hxxxxx, rd: , opc: 'hxx }
cycle 2166
copperv1: received:         x
tagged U_type Instruction_$U_type { imm: 'hxxxxx, rd: , opc: 'hxx }
cycle 2167
copperv1: received:         x
tagged U_type Instruction_$U_type { imm: 'hxxxxx, rd: , opc: 'hxx }
cycle 2168
copperv1: received:         x
tagged U_type Instruction_$U_type { imm: 'hxxxxx, rd: , opc: 'hxx }
cycle 2169
copperv1: received:         x
tagged U_type Instruction_$U_type { imm: 'hxxxxx, rd: , opc: 'hxx }
cycle 2170
copperv1: received:         x
tagged U_type Instruction_$U_type { imm: 'hxxxxx, rd: , opc: 'hxx }
cycle 2171
copperv1: received:         x
tagged U_type Instruction_$U_type { imm: 'hxxxxx, rd: , opc: 'hxx }
cycle 2172
copperv1: received:         x
tagged U_type Instruction_$U_type { imm: 'hxxxxx, rd: , opc: 'hxx }
cycle 2173
copperv1: received:         x
tagged U_type Instruction_$U_type { imm: 'hxxxxx, rd: , opc: 'hxx }
cycle 2174
copperv1: received:         x
tagged U_type Instruction_$U_type { imm: 'hxxxxx, rd: , opc: 'hxx }
cycle 2175
copperv1: received:         x
tagged U_type Instruction_$U_type { imm: 'hxxxxx, rd: , opc: 'hxx }
cycle 2176
copperv1: received:         x
tagged U_type Instruction_$U_type { imm: 'hxxxxx, rd: , opc: 'hxx }
cycle 2177
copperv1: received:         x
tagged U_type Instruction_$U_type { imm: 'hxxxxx, rd: , opc: 'hxx }
cycle 2178
copperv1: received:         x
tagged U_type Instruction_$U_type { imm: 'hxxxxx, rd: , opc: 'hxx }
cycle 2179
copperv1: received:         x
tagged U_type Instruction_$U_type { imm: 'hxxxxx, rd: , opc: 'hxx }
cycle 2180
copperv1: received:         x
tagged U_type Instruction_$U_type { imm: 'hxxxxx, rd: , opc: 'hxx }
cycle 2181
copperv1: received:         x
tagged U_type Instruction_$U_type { imm: 'hxxxxx, rd: , opc: 'hxx }
cycle 2182
copperv1: received:         x
tagged U_type Instruction_$U_type { imm: 'hxxxxx, rd: , opc: 'hxx }
cycle 2183
copperv1: received:         x
tagged U_type Instruction_$U_type { imm: 'hxxxxx, rd: , opc: 'hxx }
cycle 2184
copperv1: received:         x
tagged U_type Instruction_$U_type { imm: 'hxxxxx, rd: , opc: 'hxx }
cycle 2185
copperv1: received:         x
tagged U_type Instruction_$U_type { imm: 'hxxxxx, rd: , opc: 'hxx }
cycle 2186
copperv1: received:         x
tagged U_type Instruction_$U_type { imm: 'hxxxxx, rd: , opc: 'hxx }
cycle 2187
copperv1: received:         x
tagged U_type Instruction_$U_type { imm: 'hxxxxx, rd: , opc: 'hxx }
cycle 2188
copperv1: received:         x
tagged U_type Instruction_$U_type { imm: 'hxxxxx, rd: , opc: 'hxx }
cycle 2189
copperv1: received:         x
tagged U_type Instruction_$U_type { imm: 'hxxxxx, rd: , opc: 'hxx }
cycle 2190
copperv1: received:         x
tagged U_type Instruction_$U_type { imm: 'hxxxxx, rd: , opc: 'hxx }
cycle 2191
copperv1: received:         x
tagged U_type Instruction_$U_type { imm: 'hxxxxx, rd: , opc: 'hxx }
cycle 2192
copperv1: received:         x
tagged U_type Instruction_$U_type { imm: 'hxxxxx, rd: , opc: 'hxx }
cycle 2193
copperv1: received:         x
tagged U_type Instruction_$U_type { imm: 'hxxxxx, rd: , opc: 'hxx }
cycle 2194
copperv1: received:         x
tagged U_type Instruction_$U_type { imm: 'hxxxxx, rd: , opc: 'hxx }
cycle 2195
copperv1: received:         x
tagged U_type Instruction_$U_type { imm: 'hxxxxx, rd: , opc: 'hxx }
cycle 2196
copperv1: received:         x
tagged U_type Instruction_$U_type { imm: 'hxxxxx, rd: , opc: 'hxx }
cycle 2197
copperv1: received:         x
tagged U_type Instruction_$U_type { imm: 'hxxxxx, rd: , opc: 'hxx }
cycle 2198
copperv1: received:         x
tagged U_type Instruction_$U_type { imm: 'hxxxxx, rd: , opc: 'hxx }
cycle 2199
copperv1: received:         x
tagged U_type Instruction_$U_type { imm: 'hxxxxx, rd: , opc: 'hxx }
cycle 2200
copperv1: received:         x
tagged U_type Instruction_$U_type { imm: 'hxxxxx, rd: , opc: 'hxx }
cycle 2201
copperv1: received:         x
tagged U_type Instruction_$U_type { imm: 'hxxxxx, rd: , opc: 'hxx }
cycle 2202
copperv1: received:         x
tagged U_type Instruction_$U_type { imm: 'hxxxxx, rd: , opc: 'hxx }
cycle 2203
copperv1: received:         x
tagged U_type Instruction_$U_type { imm: 'hxxxxx, rd: , opc: 'hxx }
cycle 2204
copperv1: received:         x
tagged U_type Instruction_$U_type { imm: 'hxxxxx, rd: , opc: 'hxx }
cycle 2205
copperv1: received:         x
tagged U_type Instruction_$U_type { imm: 'hxxxxx, rd: , opc: 'hxx }
cycle 2206
copperv1: received:         x
tagged U_type Instruction_$U_type { imm: 'hxxxxx, rd: , opc: 'hxx }
cycle 2207
copperv1: received:         x
tagged U_type Instruction_$U_type { imm: 'hxxxxx, rd: , opc: 'hxx }
cycle 2208
copperv1: received:         x
tagged U_type Instruction_$U_type { imm: 'hxxxxx, rd: , opc: 'hxx }
cycle 2209
copperv1: received:         x
tagged U_type Instruction_$U_type { imm: 'hxxxxx, rd: , opc: 'hxx }
cycle 2210
copperv1: received:         x
tagged U_type Instruction_$U_type { imm: 'hxxxxx, rd: , opc: 'hxx }
cycle 2211
copperv1: received:         x
tagged U_type Instruction_$U_type { imm: 'hxxxxx, rd: , opc: 'hxx }
cycle 2212
copperv1: received:         x
tagged U_type Instruction_$U_type { imm: 'hxxxxx, rd: , opc: 'hxx }
cycle 2213
copperv1: received:         x
tagged U_type Instruction_$U_type { imm: 'hxxxxx, rd: , opc: 'hxx }
cycle 2214
copperv1: received:         x
tagged U_type Instruction_$U_type { imm: 'hxxxxx, rd: , opc: 'hxx }
cycle 2215
copperv1: received:         x
tagged U_type Instruction_$U_type { imm: 'hxxxxx, rd: , opc: 'hxx }
cycle 2216
copperv1: received:         x
tagged U_type Instruction_$U_type { imm: 'hxxxxx, rd: , opc: 'hxx }
cycle 2217
copperv1: received:         x
tagged U_type Instruction_$U_type { imm: 'hxxxxx, rd: , opc: 'hxx }
cycle 2218
copperv1: received:         x
tagged U_type Instruction_$U_type { imm: 'hxxxxx, rd: , opc: 'hxx }
cycle 2219
copperv1: received:         x
tagged U_type Instruction_$U_type { imm: 'hxxxxx, rd: , opc: 'hxx }
cycle 2220
copperv1: received:         x
tagged U_type Instruction_$U_type { imm: 'hxxxxx, rd: , opc: 'hxx }
cycle 2221
copperv1: received:         x
tagged U_type Instruction_$U_type { imm: 'hxxxxx, rd: , opc: 'hxx }
cycle 2222
copperv1: received:         x
tagged U_type Instruction_$U_type { imm: 'hxxxxx, rd: , opc: 'hxx }
cycle 2223
copperv1: received:         x
tagged U_type Instruction_$U_type { imm: 'hxxxxx, rd: , opc: 'hxx }
cycle 2224
copperv1: received:         x
tagged U_type Instruction_$U_type { imm: 'hxxxxx, rd: , opc: 'hxx }
cycle 2225
copperv1: received:         x
tagged U_type Instruction_$U_type { imm: 'hxxxxx, rd: , opc: 'hxx }
cycle 2226
copperv1: received:         x
tagged U_type Instruction_$U_type { imm: 'hxxxxx, rd: , opc: 'hxx }
cycle 2227
copperv1: received:         x
tagged U_type Instruction_$U_type { imm: 'hxxxxx, rd: , opc: 'hxx }
cycle 2228
copperv1: received:         x
tagged U_type Instruction_$U_type { imm: 'hxxxxx, rd: , opc: 'hxx }
cycle 2229
copperv1: received:         x
tagged U_type Instruction_$U_type { imm: 'hxxxxx, rd: , opc: 'hxx }
cycle 2230
copperv1: received:         x
tagged U_type Instruction_$U_type { imm: 'hxxxxx, rd: , opc: 'hxx }
cycle 2231
copperv1: received:         x
tagged U_type Instruction_$U_type { imm: 'hxxxxx, rd: , opc: 'hxx }
cycle 2232
copperv1: received:         x
tagged U_type Instruction_$U_type { imm: 'hxxxxx, rd: , opc: 'hxx }
cycle 2233
copperv1: received:         x
tagged U_type Instruction_$U_type { imm: 'hxxxxx, rd: , opc: 'hxx }
cycle 2234
copperv1: received:         x
tagged U_type Instruction_$U_type { imm: 'hxxxxx, rd: , opc: 'hxx }
cycle 2235
copperv1: received:         x
tagged U_type Instruction_$U_type { imm: 'hxxxxx, rd: , opc: 'hxx }
cycle 2236
copperv1: received:         x
tagged U_type Instruction_$U_type { imm: 'hxxxxx, rd: , opc: 'hxx }
cycle 2237
copperv1: received:         x
tagged U_type Instruction_$U_type { imm: 'hxxxxx, rd: , opc: 'hxx }
cycle 2238
copperv1: received:         x
tagged U_type Instruction_$U_type { imm: 'hxxxxx, rd: , opc: 'hxx }
cycle 2239
copperv1: received:         x
tagged U_type Instruction_$U_type { imm: 'hxxxxx, rd: , opc: 'hxx }
cycle 2240
copperv1: received:         x
tagged U_type Instruction_$U_type { imm: 'hxxxxx, rd: , opc: 'hxx }
cycle 2241
copperv1: received:         x
tagged U_type Instruction_$U_type { imm: 'hxxxxx, rd: , opc: 'hxx }
cycle 2242
copperv1: received:         x
tagged U_type Instruction_$U_type { imm: 'hxxxxx, rd: , opc: 'hxx }
cycle 2243
copperv1: received:         x
tagged U_type Instruction_$U_type { imm: 'hxxxxx, rd: , opc: 'hxx }
cycle 2244
copperv1: received:         x
tagged U_type Instruction_$U_type { imm: 'hxxxxx, rd: , opc: 'hxx }
cycle 2245
copperv1: received:         x
tagged U_type Instruction_$U_type { imm: 'hxxxxx, rd: , opc: 'hxx }
cycle 2246
copperv1: received:         x
tagged U_type Instruction_$U_type { imm: 'hxxxxx, rd: , opc: 'hxx }
cycle 2247
copperv1: received:         x
tagged U_type Instruction_$U_type { imm: 'hxxxxx, rd: , opc: 'hxx }
cycle 2248
copperv1: received:         x
tagged U_type Instruction_$U_type { imm: 'hxxxxx, rd: , opc: 'hxx }
cycle 2249
copperv1: received:         x
tagged U_type Instruction_$U_type { imm: 'hxxxxx, rd: , opc: 'hxx }
cycle 2250
copperv1: received:         x
tagged U_type Instruction_$U_type { imm: 'hxxxxx, rd: , opc: 'hxx }
cycle 2251
copperv1: received:         x
tagged U_type Instruction_$U_type { imm: 'hxxxxx, rd: , opc: 'hxx }
cycle 2252
copperv1: received:         x
tagged U_type Instruction_$U_type { imm: 'hxxxxx, rd: , opc: 'hxx }
cycle 2253
copperv1: received:         x
tagged U_type Instruction_$U_type { imm: 'hxxxxx, rd: , opc: 'hxx }
cycle 2254
copperv1: received:         x
tagged U_type Instruction_$U_type { imm: 'hxxxxx, rd: , opc: 'hxx }
cycle 2255
copperv1: received:         x
tagged U_type Instruction_$U_type { imm: 'hxxxxx, rd: , opc: 'hxx }
cycle 2256
copperv1: received:         x
tagged U_type Instruction_$U_type { imm: 'hxxxxx, rd: , opc: 'hxx }
cycle 2257
copperv1: received:         x
tagged U_type Instruction_$U_type { imm: 'hxxxxx, rd: , opc: 'hxx }
cycle 2258
copperv1: received:         x
tagged U_type Instruction_$U_type { imm: 'hxxxxx, rd: , opc: 'hxx }
cycle 2259
copperv1: received:         x
tagged U_type Instruction_$U_type { imm: 'hxxxxx, rd: , opc: 'hxx }
cycle 2260
copperv1: received:         x
tagged U_type Instruction_$U_type { imm: 'hxxxxx, rd: , opc: 'hxx }
cycle 2261
copperv1: received:         x
tagged U_type Instruction_$U_type { imm: 'hxxxxx, rd: , opc: 'hxx }
cycle 2262
copperv1: received:         x
tagged U_type Instruction_$U_type { imm: 'hxxxxx, rd: , opc: 'hxx }
cycle 2263
copperv1: received:         x
tagged U_type Instruction_$U_type { imm: 'hxxxxx, rd: , opc: 'hxx }
cycle 2264
copperv1: received:         x
tagged U_type Instruction_$U_type { imm: 'hxxxxx, rd: , opc: 'hxx }
cycle 2265
copperv1: received:         x
tagged U_type Instruction_$U_type { imm: 'hxxxxx, rd: , opc: 'hxx }
cycle 2266
copperv1: received:         x
tagged U_type Instruction_$U_type { imm: 'hxxxxx, rd: , opc: 'hxx }
cycle 2267
copperv1: received:         x
tagged U_type Instruction_$U_type { imm: 'hxxxxx, rd: , opc: 'hxx }
cycle 2268
copperv1: received:         x
tagged U_type Instruction_$U_type { imm: 'hxxxxx, rd: , opc: 'hxx }
cycle 2269
copperv1: received:         x
tagged U_type Instruction_$U_type { imm: 'hxxxxx, rd: , opc: 'hxx }
cycle 2270
copperv1: received:         x
tagged U_type Instruction_$U_type { imm: 'hxxxxx, rd: , opc: 'hxx }
cycle 2271
copperv1: received:         x
tagged U_type Instruction_$U_type { imm: 'hxxxxx, rd: , opc: 'hxx }
cycle 2272
copperv1: received:         x
tagged U_type Instruction_$U_type { imm: 'hxxxxx, rd: , opc: 'hxx }
cycle 2273
copperv1: received:         x
tagged U_type Instruction_$U_type { imm: 'hxxxxx, rd: , opc: 'hxx }
cycle 2274
copperv1: received:         x
tagged U_type Instruction_$U_type { imm: 'hxxxxx, rd: , opc: 'hxx }
cycle 2275
copperv1: received:         x
tagged U_type Instruction_$U_type { imm: 'hxxxxx, rd: , opc: 'hxx }
cycle 2276
copperv1: received:         x
tagged U_type Instruction_$U_type { imm: 'hxxxxx, rd: , opc: 'hxx }
cycle 2277
copperv1: received:         x
tagged U_type Instruction_$U_type { imm: 'hxxxxx, rd: , opc: 'hxx }
cycle 2278
copperv1: received:         x
tagged U_type Instruction_$U_type { imm: 'hxxxxx, rd: , opc: 'hxx }
cycle 2279
copperv1: received:         x
tagged U_type Instruction_$U_type { imm: 'hxxxxx, rd: , opc: 'hxx }
cycle 2280
copperv1: received:         x
tagged U_type Instruction_$U_type { imm: 'hxxxxx, rd: , opc: 'hxx }
cycle 2281
copperv1: received:         x
tagged U_type Instruction_$U_type { imm: 'hxxxxx, rd: , opc: 'hxx }
cycle 2282
copperv1: received:         x
tagged U_type Instruction_$U_type { imm: 'hxxxxx, rd: , opc: 'hxx }
cycle 2283
copperv1: received:         x
tagged U_type Instruction_$U_type { imm: 'hxxxxx, rd: , opc: 'hxx }
cycle 2284
copperv1: received:         x
tagged U_type Instruction_$U_type { imm: 'hxxxxx, rd: , opc: 'hxx }
cycle 2285
copperv1: received:         x
tagged U_type Instruction_$U_type { imm: 'hxxxxx, rd: , opc: 'hxx }
cycle 2286
copperv1: received:         x
tagged U_type Instruction_$U_type { imm: 'hxxxxx, rd: , opc: 'hxx }
cycle 2287
copperv1: received:         x
tagged U_type Instruction_$U_type { imm: 'hxxxxx, rd: , opc: 'hxx }
cycle 2288
copperv1: received:         x
tagged U_type Instruction_$U_type { imm: 'hxxxxx, rd: , opc: 'hxx }
cycle 2289
copperv1: received:         x
tagged U_type Instruction_$U_type { imm: 'hxxxxx, rd: , opc: 'hxx }
cycle 2290
copperv1: received:         x
tagged U_type Instruction_$U_type { imm: 'hxxxxx, rd: , opc: 'hxx }
cycle 2291
copperv1: received:         x
tagged U_type Instruction_$U_type { imm: 'hxxxxx, rd: , opc: 'hxx }
cycle 2292
copperv1: received:         x
tagged U_type Instruction_$U_type { imm: 'hxxxxx, rd: , opc: 'hxx }
cycle 2293
copperv1: received:         x
tagged U_type Instruction_$U_type { imm: 'hxxxxx, rd: , opc: 'hxx }
cycle 2294
copperv1: received:         x
tagged U_type Instruction_$U_type { imm: 'hxxxxx, rd: , opc: 'hxx }
cycle 2295
copperv1: received:         x
tagged U_type Instruction_$U_type { imm: 'hxxxxx, rd: , opc: 'hxx }
cycle 2296
copperv1: received:         x
tagged U_type Instruction_$U_type { imm: 'hxxxxx, rd: , opc: 'hxx }
cycle 2297
copperv1: received:         x
tagged U_type Instruction_$U_type { imm: 'hxxxxx, rd: , opc: 'hxx }
cycle 2298
copperv1: received:         x
tagged U_type Instruction_$U_type { imm: 'hxxxxx, rd: , opc: 'hxx }
cycle 2299
copperv1: received:         x
tagged U_type Instruction_$U_type { imm: 'hxxxxx, rd: , opc: 'hxx }
cycle 2300
copperv1: received:         x
tagged U_type Instruction_$U_type { imm: 'hxxxxx, rd: , opc: 'hxx }
cycle 2301
copperv1: received:         x
tagged U_type Instruction_$U_type { imm: 'hxxxxx, rd: , opc: 'hxx }
cycle 2302
copperv1: received:         x
tagged U_type Instruction_$U_type { imm: 'hxxxxx, rd: , opc: 'hxx }
cycle 2303
copperv1: received:         x
tagged U_type Instruction_$U_type { imm: 'hxxxxx, rd: , opc: 'hxx }
cycle 2304
copperv1: received:         x
tagged U_type Instruction_$U_type { imm: 'hxxxxx, rd: , opc: 'hxx }
cycle 2305
copperv1: received:         x
tagged U_type Instruction_$U_type { imm: 'hxxxxx, rd: , opc: 'hxx }
cycle 2306
copperv1: received:         x
tagged U_type Instruction_$U_type { imm: 'hxxxxx, rd: , opc: 'hxx }
cycle 2307
copperv1: received:         x
tagged U_type Instruction_$U_type { imm: 'hxxxxx, rd: , opc: 'hxx }
cycle 2308
copperv1: received:         x
tagged U_type Instruction_$U_type { imm: 'hxxxxx, rd: , opc: 'hxx }
cycle 2309
copperv1: received:         x
tagged U_type Instruction_$U_type { imm: 'hxxxxx, rd: , opc: 'hxx }
cycle 2310
copperv1: received:         x
tagged U_type Instruction_$U_type { imm: 'hxxxxx, rd: , opc: 'hxx }
cycle 2311
copperv1: received:         x
tagged U_type Instruction_$U_type { imm: 'hxxxxx, rd: , opc: 'hxx }
cycle 2312
copperv1: received:         x
tagged U_type Instruction_$U_type { imm: 'hxxxxx, rd: , opc: 'hxx }
cycle 2313
copperv1: received:         x
tagged U_type Instruction_$U_type { imm: 'hxxxxx, rd: , opc: 'hxx }
cycle 2314
copperv1: received:         x
tagged U_type Instruction_$U_type { imm: 'hxxxxx, rd: , opc: 'hxx }
cycle 2315
copperv1: received:         x
tagged U_type Instruction_$U_type { imm: 'hxxxxx, rd: , opc: 'hxx }
cycle 2316
copperv1: received:         x
tagged U_type Instruction_$U_type { imm: 'hxxxxx, rd: , opc: 'hxx }
cycle 2317
copperv1: received:         x
tagged U_type Instruction_$U_type { imm: 'hxxxxx, rd: , opc: 'hxx }
cycle 2318
copperv1: received:         x
tagged U_type Instruction_$U_type { imm: 'hxxxxx, rd: , opc: 'hxx }
cycle 2319
copperv1: received:         x
tagged U_type Instruction_$U_type { imm: 'hxxxxx, rd: , opc: 'hxx }
cycle 2320
copperv1: received:         x
tagged U_type Instruction_$U_type { imm: 'hxxxxx, rd: , opc: 'hxx }
cycle 2321
copperv1: received:         x
tagged U_type Instruction_$U_type { imm: 'hxxxxx, rd: , opc: 'hxx }
cycle 2322
copperv1: received:         x
tagged U_type Instruction_$U_type { imm: 'hxxxxx, rd: , opc: 'hxx }
cycle 2323
copperv1: received:         x
tagged U_type Instruction_$U_type { imm: 'hxxxxx, rd: , opc: 'hxx }
cycle 2324
copperv1: received:         x
tagged U_type Instruction_$U_type { imm: 'hxxxxx, rd: , opc: 'hxx }
cycle 2325
copperv1: received:         x
tagged U_type Instruction_$U_type { imm: 'hxxxxx, rd: , opc: 'hxx }
cycle 2326
copperv1: received:         x
tagged U_type Instruction_$U_type { imm: 'hxxxxx, rd: , opc: 'hxx }
cycle 2327
copperv1: received:         x
tagged U_type Instruction_$U_type { imm: 'hxxxxx, rd: , opc: 'hxx }
cycle 2328
copperv1: received:         x
tagged U_type Instruction_$U_type { imm: 'hxxxxx, rd: , opc: 'hxx }
cycle 2329
copperv1: received:         x
tagged U_type Instruction_$U_type { imm: 'hxxxxx, rd: , opc: 'hxx }
cycle 2330
copperv1: received:         x
tagged U_type Instruction_$U_type { imm: 'hxxxxx, rd: , opc: 'hxx }
cycle 2331
copperv1: received:         x
tagged U_type Instruction_$U_type { imm: 'hxxxxx, rd: , opc: 'hxx }
cycle 2332
copperv1: received:         x
tagged U_type Instruction_$U_type { imm: 'hxxxxx, rd: , opc: 'hxx }
cycle 2333
copperv1: received:         x
tagged U_type Instruction_$U_type { imm: 'hxxxxx, rd: , opc: 'hxx }
cycle 2334
copperv1: received:         x
tagged U_type Instruction_$U_type { imm: 'hxxxxx, rd: , opc: 'hxx }
cycle 2335
copperv1: received:         x
tagged U_type Instruction_$U_type { imm: 'hxxxxx, rd: , opc: 'hxx }
cycle 2336
copperv1: received:         x
tagged U_type Instruction_$U_type { imm: 'hxxxxx, rd: , opc: 'hxx }
cycle 2337
copperv1: received:         x
tagged U_type Instruction_$U_type { imm: 'hxxxxx, rd: , opc: 'hxx }
cycle 2338
copperv1: received:         x
tagged U_type Instruction_$U_type { imm: 'hxxxxx, rd: , opc: 'hxx }
cycle 2339
copperv1: received:         x
tagged U_type Instruction_$U_type { imm: 'hxxxxx, rd: , opc: 'hxx }
cycle 2340
copperv1: received:         x
tagged U_type Instruction_$U_type { imm: 'hxxxxx, rd: , opc: 'hxx }
cycle 2341
copperv1: received:         x
tagged U_type Instruction_$U_type { imm: 'hxxxxx, rd: , opc: 'hxx }
cycle 2342
copperv1: received:         x
tagged U_type Instruction_$U_type { imm: 'hxxxxx, rd: , opc: 'hxx }
cycle 2343
copperv1: received:         x
tagged U_type Instruction_$U_type { imm: 'hxxxxx, rd: , opc: 'hxx }
cycle 2344
copperv1: received:         x
tagged U_type Instruction_$U_type { imm: 'hxxxxx, rd: , opc: 'hxx }
cycle 2345
copperv1: received:         x
tagged U_type Instruction_$U_type { imm: 'hxxxxx, rd: , opc: 'hxx }
cycle 2346
copperv1: received:         x
tagged U_type Instruction_$U_type { imm: 'hxxxxx, rd: , opc: 'hxx }
cycle 2347
copperv1: received:         x
tagged U_type Instruction_$U_type { imm: 'hxxxxx, rd: , opc: 'hxx }
cycle 2348
copperv1: received:         x
tagged U_type Instruction_$U_type { imm: 'hxxxxx, rd: , opc: 'hxx }
cycle 2349
copperv1: received:         x
tagged U_type Instruction_$U_type { imm: 'hxxxxx, rd: , opc: 'hxx }
cycle 2350
copperv1: received:         x
tagged U_type Instruction_$U_type { imm: 'hxxxxx, rd: , opc: 'hxx }
cycle 2351
copperv1: received:         x
tagged U_type Instruction_$U_type { imm: 'hxxxxx, rd: , opc: 'hxx }
cycle 2352
copperv1: received:         x
tagged U_type Instruction_$U_type { imm: 'hxxxxx, rd: , opc: 'hxx }
cycle 2353
copperv1: received:         x
tagged U_type Instruction_$U_type { imm: 'hxxxxx, rd: , opc: 'hxx }
cycle 2354
copperv1: received:         x
tagged U_type Instruction_$U_type { imm: 'hxxxxx, rd: , opc: 'hxx }
cycle 2355
copperv1: received:         x
tagged U_type Instruction_$U_type { imm: 'hxxxxx, rd: , opc: 'hxx }
cycle 2356
copperv1: received:         x
tagged U_type Instruction_$U_type { imm: 'hxxxxx, rd: , opc: 'hxx }
cycle 2357
copperv1: received:         x
tagged U_type Instruction_$U_type { imm: 'hxxxxx, rd: , opc: 'hxx }
cycle 2358
copperv1: received:         x
tagged U_type Instruction_$U_type { imm: 'hxxxxx, rd: , opc: 'hxx }
cycle 2359
copperv1: received:         x
tagged U_type Instruction_$U_type { imm: 'hxxxxx, rd: , opc: 'hxx }
cycle 2360
copperv1: received:         x
tagged U_type Instruction_$U_type { imm: 'hxxxxx, rd: , opc: 'hxx }
cycle 2361
copperv1: received:         x
tagged U_type Instruction_$U_type { imm: 'hxxxxx, rd: , opc: 'hxx }
cycle 2362
copperv1: received:         x
tagged U_type Instruction_$U_type { imm: 'hxxxxx, rd: , opc: 'hxx }
cycle 2363
copperv1: received:         x
tagged U_type Instruction_$U_type { imm: 'hxxxxx, rd: , opc: 'hxx }
cycle 2364
copperv1: received:         x
tagged U_type Instruction_$U_type { imm: 'hxxxxx, rd: , opc: 'hxx }
cycle 2365
copperv1: received:         x
tagged U_type Instruction_$U_type { imm: 'hxxxxx, rd: , opc: 'hxx }
cycle 2366
copperv1: received:         x
tagged U_type Instruction_$U_type { imm: 'hxxxxx, rd: , opc: 'hxx }
cycle 2367
copperv1: received:         x
tagged U_type Instruction_$U_type { imm: 'hxxxxx, rd: , opc: 'hxx }
cycle 2368
copperv1: received:         x
tagged U_type Instruction_$U_type { imm: 'hxxxxx, rd: , opc: 'hxx }
cycle 2369
copperv1: received:         x
tagged U_type Instruction_$U_type { imm: 'hxxxxx, rd: , opc: 'hxx }
cycle 2370
copperv1: received:         x
tagged U_type Instruction_$U_type { imm: 'hxxxxx, rd: , opc: 'hxx }
cycle 2371
copperv1: received:         x
tagged U_type Instruction_$U_type { imm: 'hxxxxx, rd: , opc: 'hxx }
cycle 2372
copperv1: received:         x
tagged U_type Instruction_$U_type { imm: 'hxxxxx, rd: , opc: 'hxx }
cycle 2373
copperv1: received:         x
tagged U_type Instruction_$U_type { imm: 'hxxxxx, rd: , opc: 'hxx }
cycle 2374
copperv1: received:         x
tagged U_type Instruction_$U_type { imm: 'hxxxxx, rd: , opc: 'hxx }
cycle 2375
copperv1: received:         x
tagged U_type Instruction_$U_type { imm: 'hxxxxx, rd: , opc: 'hxx }
cycle 2376
copperv1: received:         x
tagged U_type Instruction_$U_type { imm: 'hxxxxx, rd: , opc: 'hxx }
cycle 2377
copperv1: received:         x
tagged U_type Instruction_$U_type { imm: 'hxxxxx, rd: , opc: 'hxx }
cycle 2378
copperv1: received:         x
tagged U_type Instruction_$U_type { imm: 'hxxxxx, rd: , opc: 'hxx }
cycle 2379
copperv1: received:         x
tagged U_type Instruction_$U_type { imm: 'hxxxxx, rd: , opc: 'hxx }
cycle 2380
copperv1: received:         x
tagged U_type Instruction_$U_type { imm: 'hxxxxx, rd: , opc: 'hxx }
cycle 2381
copperv1: received:         x
tagged U_type Instruction_$U_type { imm: 'hxxxxx, rd: , opc: 'hxx }
cycle 2382
copperv1: received:         x
tagged U_type Instruction_$U_type { imm: 'hxxxxx, rd: , opc: 'hxx }
cycle 2383
copperv1: received:         x
tagged U_type Instruction_$U_type { imm: 'hxxxxx, rd: , opc: 'hxx }
cycle 2384
copperv1: received:         x
tagged U_type Instruction_$U_type { imm: 'hxxxxx, rd: , opc: 'hxx }
cycle 2385
copperv1: received:         x
tagged U_type Instruction_$U_type { imm: 'hxxxxx, rd: , opc: 'hxx }
cycle 2386
copperv1: received:         x
tagged U_type Instruction_$U_type { imm: 'hxxxxx, rd: , opc: 'hxx }
cycle 2387
copperv1: received:         x
tagged U_type Instruction_$U_type { imm: 'hxxxxx, rd: , opc: 'hxx }
cycle 2388
copperv1: received:         x
tagged U_type Instruction_$U_type { imm: 'hxxxxx, rd: , opc: 'hxx }
cycle 2389
copperv1: received:         x
tagged U_type Instruction_$U_type { imm: 'hxxxxx, rd: , opc: 'hxx }
cycle 2390
copperv1: received:         x
tagged U_type Instruction_$U_type { imm: 'hxxxxx, rd: , opc: 'hxx }
cycle 2391
copperv1: received:         x
tagged U_type Instruction_$U_type { imm: 'hxxxxx, rd: , opc: 'hxx }
cycle 2392
copperv1: received:         x
tagged U_type Instruction_$U_type { imm: 'hxxxxx, rd: , opc: 'hxx }
cycle 2393
copperv1: received:         x
tagged U_type Instruction_$U_type { imm: 'hxxxxx, rd: , opc: 'hxx }
cycle 2394
copperv1: received:         x
tagged U_type Instruction_$U_type { imm: 'hxxxxx, rd: , opc: 'hxx }
cycle 2395
copperv1: received:         x
tagged U_type Instruction_$U_type { imm: 'hxxxxx, rd: , opc: 'hxx }
cycle 2396
copperv1: received:         x
tagged U_type Instruction_$U_type { imm: 'hxxxxx, rd: , opc: 'hxx }
cycle 2397
copperv1: received:         x
tagged U_type Instruction_$U_type { imm: 'hxxxxx, rd: , opc: 'hxx }
cycle 2398
copperv1: received:         x
tagged U_type Instruction_$U_type { imm: 'hxxxxx, rd: , opc: 'hxx }
cycle 2399
copperv1: received:         x
tagged U_type Instruction_$U_type { imm: 'hxxxxx, rd: , opc: 'hxx }
cycle 2400
copperv1: received:         x
tagged U_type Instruction_$U_type { imm: 'hxxxxx, rd: , opc: 'hxx }
cycle 2401
copperv1: received:         x
tagged U_type Instruction_$U_type { imm: 'hxxxxx, rd: , opc: 'hxx }
cycle 2402
copperv1: received:         x
tagged U_type Instruction_$U_type { imm: 'hxxxxx, rd: , opc: 'hxx }
cycle 2403
copperv1: received:         x
tagged U_type Instruction_$U_type { imm: 'hxxxxx, rd: , opc: 'hxx }
cycle 2404
copperv1: received:         x
tagged U_type Instruction_$U_type { imm: 'hxxxxx, rd: , opc: 'hxx }
cycle 2405
copperv1: received:         x
tagged U_type Instruction_$U_type { imm: 'hxxxxx, rd: , opc: 'hxx }
cycle 2406
copperv1: received:         x
tagged U_type Instruction_$U_type { imm: 'hxxxxx, rd: , opc: 'hxx }
cycle 2407
copperv1: received:         x
tagged U_type Instruction_$U_type { imm: 'hxxxxx, rd: , opc: 'hxx }
cycle 2408
copperv1: received:         x
tagged U_type Instruction_$U_type { imm: 'hxxxxx, rd: , opc: 'hxx }
cycle 2409
copperv1: received:         x
tagged U_type Instruction_$U_type { imm: 'hxxxxx, rd: , opc: 'hxx }
cycle 2410
copperv1: received:         x
tagged U_type Instruction_$U_type { imm: 'hxxxxx, rd: , opc: 'hxx }
cycle 2411
copperv1: received:         x
tagged U_type Instruction_$U_type { imm: 'hxxxxx, rd: , opc: 'hxx }
cycle 2412
copperv1: received:         x
tagged U_type Instruction_$U_type { imm: 'hxxxxx, rd: , opc: 'hxx }
cycle 2413
copperv1: received:         x
tagged U_type Instruction_$U_type { imm: 'hxxxxx, rd: , opc: 'hxx }
cycle 2414
copperv1: received:         x
tagged U_type Instruction_$U_type { imm: 'hxxxxx, rd: , opc: 'hxx }
cycle 2415
copperv1: received:         x
tagged U_type Instruction_$U_type { imm: 'hxxxxx, rd: , opc: 'hxx }
cycle 2416
copperv1: received:         x
tagged U_type Instruction_$U_type { imm: 'hxxxxx, rd: , opc: 'hxx }
cycle 2417
copperv1: received:         x
tagged U_type Instruction_$U_type { imm: 'hxxxxx, rd: , opc: 'hxx }
cycle 2418
copperv1: received:         x
tagged U_type Instruction_$U_type { imm: 'hxxxxx, rd: , opc: 'hxx }
cycle 2419
copperv1: received:         x
tagged U_type Instruction_$U_type { imm: 'hxxxxx, rd: , opc: 'hxx }
cycle 2420
copperv1: received:         x
tagged U_type Instruction_$U_type { imm: 'hxxxxx, rd: , opc: 'hxx }
cycle 2421
copperv1: received:         x
tagged U_type Instruction_$U_type { imm: 'hxxxxx, rd: , opc: 'hxx }
cycle 2422
copperv1: received:         x
tagged U_type Instruction_$U_type { imm: 'hxxxxx, rd: , opc: 'hxx }
cycle 2423
copperv1: received:         x
tagged U_type Instruction_$U_type { imm: 'hxxxxx, rd: , opc: 'hxx }
cycle 2424
copperv1: received:         x
tagged U_type Instruction_$U_type { imm: 'hxxxxx, rd: , opc: 'hxx }
cycle 2425
copperv1: received:         x
tagged U_type Instruction_$U_type { imm: 'hxxxxx, rd: , opc: 'hxx }
cycle 2426
copperv1: received:         x
tagged U_type Instruction_$U_type { imm: 'hxxxxx, rd: , opc: 'hxx }
cycle 2427
copperv1: received:         x
tagged U_type Instruction_$U_type { imm: 'hxxxxx, rd: , opc: 'hxx }
cycle 2428
copperv1: received:         x
tagged U_type Instruction_$U_type { imm: 'hxxxxx, rd: , opc: 'hxx }
cycle 2429
copperv1: received:         x
tagged U_type Instruction_$U_type { imm: 'hxxxxx, rd: , opc: 'hxx }
cycle 2430
copperv1: received:         x
tagged U_type Instruction_$U_type { imm: 'hxxxxx, rd: , opc: 'hxx }
cycle 2431
copperv1: received:         x
tagged U_type Instruction_$U_type { imm: 'hxxxxx, rd: , opc: 'hxx }
cycle 2432
copperv1: received:         x
tagged U_type Instruction_$U_type { imm: 'hxxxxx, rd: , opc: 'hxx }
cycle 2433
copperv1: received:         x
tagged U_type Instruction_$U_type { imm: 'hxxxxx, rd: , opc: 'hxx }
cycle 2434
copperv1: received:         x
tagged U_type Instruction_$U_type { imm: 'hxxxxx, rd: , opc: 'hxx }
cycle 2435
copperv1: received:         x
tagged U_type Instruction_$U_type { imm: 'hxxxxx, rd: , opc: 'hxx }
cycle 2436
copperv1: received:         x
tagged U_type Instruction_$U_type { imm: 'hxxxxx, rd: , opc: 'hxx }
cycle 2437
copperv1: received:         x
tagged U_type Instruction_$U_type { imm: 'hxxxxx, rd: , opc: 'hxx }
cycle 2438
copperv1: received:         x
tagged U_type Instruction_$U_type { imm: 'hxxxxx, rd: , opc: 'hxx }
cycle 2439
copperv1: received:         x
tagged U_type Instruction_$U_type { imm: 'hxxxxx, rd: , opc: 'hxx }
cycle 2440
copperv1: received:         x
tagged U_type Instruction_$U_type { imm: 'hxxxxx, rd: , opc: 'hxx }
cycle 2441
copperv1: received:         x
tagged U_type Instruction_$U_type { imm: 'hxxxxx, rd: , opc: 'hxx }
cycle 2442
copperv1: received:         x
tagged U_type Instruction_$U_type { imm: 'hxxxxx, rd: , opc: 'hxx }
cycle 2443
copperv1: received:         x
tagged U_type Instruction_$U_type { imm: 'hxxxxx, rd: , opc: 'hxx }
cycle 2444
copperv1: received:         x
tagged U_type Instruction_$U_type { imm: 'hxxxxx, rd: , opc: 'hxx }
cycle 2445
copperv1: received:         x
tagged U_type Instruction_$U_type { imm: 'hxxxxx, rd: , opc: 'hxx }
cycle 2446
copperv1: received:         x
tagged U_type Instruction_$U_type { imm: 'hxxxxx, rd: , opc: 'hxx }
cycle 2447
copperv1: received:         x
tagged U_type Instruction_$U_type { imm: 'hxxxxx, rd: , opc: 'hxx }
cycle 2448
copperv1: received:         x
tagged U_type Instruction_$U_type { imm: 'hxxxxx, rd: , opc: 'hxx }
cycle 2449
copperv1: received:         x
tagged U_type Instruction_$U_type { imm: 'hxxxxx, rd: , opc: 'hxx }
cycle 2450
copperv1: received:         x
tagged U_type Instruction_$U_type { imm: 'hxxxxx, rd: , opc: 'hxx }
cycle 2451
copperv1: received:         x
tagged U_type Instruction_$U_type { imm: 'hxxxxx, rd: , opc: 'hxx }
cycle 2452
copperv1: received:         x
tagged U_type Instruction_$U_type { imm: 'hxxxxx, rd: , opc: 'hxx }
cycle 2453
copperv1: received:         x
tagged U_type Instruction_$U_type { imm: 'hxxxxx, rd: , opc: 'hxx }
cycle 2454
copperv1: received:         x
tagged U_type Instruction_$U_type { imm: 'hxxxxx, rd: , opc: 'hxx }
cycle 2455
copperv1: received:         x
tagged U_type Instruction_$U_type { imm: 'hxxxxx, rd: , opc: 'hxx }
cycle 2456
copperv1: received:         x
tagged U_type Instruction_$U_type { imm: 'hxxxxx, rd: , opc: 'hxx }
cycle 2457
copperv1: received:         x
tagged U_type Instruction_$U_type { imm: 'hxxxxx, rd: , opc: 'hxx }
cycle 2458
copperv1: received:         x
tagged U_type Instruction_$U_type { imm: 'hxxxxx, rd: , opc: 'hxx }
cycle 2459
copperv1: received:         x
tagged U_type Instruction_$U_type { imm: 'hxxxxx, rd: , opc: 'hxx }
cycle 2460
copperv1: received:         x
tagged U_type Instruction_$U_type { imm: 'hxxxxx, rd: , opc: 'hxx }
cycle 2461
copperv1: received:         x
tagged U_type Instruction_$U_type { imm: 'hxxxxx, rd: , opc: 'hxx }
cycle 2462
copperv1: received:         x
tagged U_type Instruction_$U_type { imm: 'hxxxxx, rd: , opc: 'hxx }
cycle 2463
copperv1: received:         x
tagged U_type Instruction_$U_type { imm: 'hxxxxx, rd: , opc: 'hxx }
cycle 2464
copperv1: received:         x
tagged U_type Instruction_$U_type { imm: 'hxxxxx, rd: , opc: 'hxx }
cycle 2465
copperv1: received:         x
tagged U_type Instruction_$U_type { imm: 'hxxxxx, rd: , opc: 'hxx }
cycle 2466
copperv1: received:         x
tagged U_type Instruction_$U_type { imm: 'hxxxxx, rd: , opc: 'hxx }
cycle 2467
copperv1: received:         x
tagged U_type Instruction_$U_type { imm: 'hxxxxx, rd: , opc: 'hxx }
cycle 2468
copperv1: received:         x
tagged U_type Instruction_$U_type { imm: 'hxxxxx, rd: , opc: 'hxx }
cycle 2469
copperv1: received:         x
tagged U_type Instruction_$U_type { imm: 'hxxxxx, rd: , opc: 'hxx }
cycle 2470
copperv1: received:         x
tagged U_type Instruction_$U_type { imm: 'hxxxxx, rd: , opc: 'hxx }
cycle 2471
copperv1: received:         x
tagged U_type Instruction_$U_type { imm: 'hxxxxx, rd: , opc: 'hxx }
cycle 2472
copperv1: received:         x
tagged U_type Instruction_$U_type { imm: 'hxxxxx, rd: , opc: 'hxx }
cycle 2473
copperv1: received:         x
tagged U_type Instruction_$U_type { imm: 'hxxxxx, rd: , opc: 'hxx }
cycle 2474
copperv1: received:         x
tagged U_type Instruction_$U_type { imm: 'hxxxxx, rd: , opc: 'hxx }
cycle 2475
copperv1: received:         x
tagged U_type Instruction_$U_type { imm: 'hxxxxx, rd: , opc: 'hxx }
cycle 2476
copperv1: received:         x
tagged U_type Instruction_$U_type { imm: 'hxxxxx, rd: , opc: 'hxx }
cycle 2477
copperv1: received:         x
tagged U_type Instruction_$U_type { imm: 'hxxxxx, rd: , opc: 'hxx }
cycle 2478
copperv1: received:         x
tagged U_type Instruction_$U_type { imm: 'hxxxxx, rd: , opc: 'hxx }
cycle 2479
copperv1: received:         x
tagged U_type Instruction_$U_type { imm: 'hxxxxx, rd: , opc: 'hxx }
cycle 2480
copperv1: received:         x
tagged U_type Instruction_$U_type { imm: 'hxxxxx, rd: , opc: 'hxx }
cycle 2481
copperv1: received:         x
tagged U_type Instruction_$U_type { imm: 'hxxxxx, rd: , opc: 'hxx }
cycle 2482
copperv1: received:         x
tagged U_type Instruction_$U_type { imm: 'hxxxxx, rd: , opc: 'hxx }
cycle 2483
copperv1: received:         x
tagged U_type Instruction_$U_type { imm: 'hxxxxx, rd: , opc: 'hxx }
cycle 2484
copperv1: received:         x
tagged U_type Instruction_$U_type { imm: 'hxxxxx, rd: , opc: 'hxx }
cycle 2485
copperv1: received:         x
tagged U_type Instruction_$U_type { imm: 'hxxxxx, rd: , opc: 'hxx }
cycle 2486
copperv1: received:         x
tagged U_type Instruction_$U_type { imm: 'hxxxxx, rd: , opc: 'hxx }
cycle 2487
copperv1: received:         x
tagged U_type Instruction_$U_type { imm: 'hxxxxx, rd: , opc: 'hxx }
cycle 2488
copperv1: received:         x
tagged U_type Instruction_$U_type { imm: 'hxxxxx, rd: , opc: 'hxx }
cycle 2489
copperv1: received:         x
tagged U_type Instruction_$U_type { imm: 'hxxxxx, rd: , opc: 'hxx }
cycle 2490
copperv1: received:         x
tagged U_type Instruction_$U_type { imm: 'hxxxxx, rd: , opc: 'hxx }
cycle 2491
copperv1: received:         x
tagged U_type Instruction_$U_type { imm: 'hxxxxx, rd: , opc: 'hxx }
cycle 2492
copperv1: received:         x
tagged U_type Instruction_$U_type { imm: 'hxxxxx, rd: , opc: 'hxx }
cycle 2493
copperv1: received:         x
tagged U_type Instruction_$U_type { imm: 'hxxxxx, rd: , opc: 'hxx }
cycle 2494
copperv1: received:         x
tagged U_type Instruction_$U_type { imm: 'hxxxxx, rd: , opc: 'hxx }
cycle 2495
copperv1: received:         x
tagged U_type Instruction_$U_type { imm: 'hxxxxx, rd: , opc: 'hxx }
cycle 2496
copperv1: received:         x
tagged U_type Instruction_$U_type { imm: 'hxxxxx, rd: , opc: 'hxx }
cycle 2497
copperv1: received:         x
tagged U_type Instruction_$U_type { imm: 'hxxxxx, rd: , opc: 'hxx }
cycle 2498
copperv1: received:         x
tagged U_type Instruction_$U_type { imm: 'hxxxxx, rd: , opc: 'hxx }
cycle 2499
copperv1: received:         x
tagged U_type Instruction_$U_type { imm: 'hxxxxx, rd: , opc: 'hxx }
cycle 2500
copperv1: received:         x
tagged U_type Instruction_$U_type { imm: 'hxxxxx, rd: , opc: 'hxx }
cycle 2501
copperv1: received:         x
tagged U_type Instruction_$U_type { imm: 'hxxxxx, rd: , opc: 'hxx }
cycle 2502
copperv1: received:         x
tagged U_type Instruction_$U_type { imm: 'hxxxxx, rd: , opc: 'hxx }
cycle 2503
copperv1: received:         x
tagged U_type Instruction_$U_type { imm: 'hxxxxx, rd: , opc: 'hxx }
cycle 2504
copperv1: received:         x
tagged U_type Instruction_$U_type { imm: 'hxxxxx, rd: , opc: 'hxx }
cycle 2505
copperv1: received:         x
tagged U_type Instruction_$U_type { imm: 'hxxxxx, rd: , opc: 'hxx }
cycle 2506
copperv1: received:         x
tagged U_type Instruction_$U_type { imm: 'hxxxxx, rd: , opc: 'hxx }
cycle 2507
copperv1: received:         x
tagged U_type Instruction_$U_type { imm: 'hxxxxx, rd: , opc: 'hxx }
cycle 2508
copperv1: received:         x
tagged U_type Instruction_$U_type { imm: 'hxxxxx, rd: , opc: 'hxx }
cycle 2509
copperv1: received:         x
tagged U_type Instruction_$U_type { imm: 'hxxxxx, rd: , opc: 'hxx }
cycle 2510
copperv1: received:         x
tagged U_type Instruction_$U_type { imm: 'hxxxxx, rd: , opc: 'hxx }
cycle 2511
copperv1: received:         x
tagged U_type Instruction_$U_type { imm: 'hxxxxx, rd: , opc: 'hxx }
cycle 2512
copperv1: received:         x
tagged U_type Instruction_$U_type { imm: 'hxxxxx, rd: , opc: 'hxx }
cycle 2513
copperv1: received:         x
tagged U_type Instruction_$U_type { imm: 'hxxxxx, rd: , opc: 'hxx }
cycle 2514
copperv1: received:         x
tagged U_type Instruction_$U_type { imm: 'hxxxxx, rd: , opc: 'hxx }
cycle 2515
copperv1: received:         x
tagged U_type Instruction_$U_type { imm: 'hxxxxx, rd: , opc: 'hxx }
cycle 2516
copperv1: received:         x
tagged U_type Instruction_$U_type { imm: 'hxxxxx, rd: , opc: 'hxx }
cycle 2517
copperv1: received:         x
tagged U_type Instruction_$U_type { imm: 'hxxxxx, rd: , opc: 'hxx }
cycle 2518
copperv1: received:         x
tagged U_type Instruction_$U_type { imm: 'hxxxxx, rd: , opc: 'hxx }
cycle 2519
copperv1: received:         x
tagged U_type Instruction_$U_type { imm: 'hxxxxx, rd: , opc: 'hxx }
cycle 2520
copperv1: received:         x
tagged U_type Instruction_$U_type { imm: 'hxxxxx, rd: , opc: 'hxx }
cycle 2521
copperv1: received:         x
tagged U_type Instruction_$U_type { imm: 'hxxxxx, rd: , opc: 'hxx }
cycle 2522
copperv1: received:         x
tagged U_type Instruction_$U_type { imm: 'hxxxxx, rd: , opc: 'hxx }
cycle 2523
copperv1: received:         x
tagged U_type Instruction_$U_type { imm: 'hxxxxx, rd: , opc: 'hxx }
cycle 2524
copperv1: received:         x
tagged U_type Instruction_$U_type { imm: 'hxxxxx, rd: , opc: 'hxx }
cycle 2525
copperv1: received:         x
tagged U_type Instruction_$U_type { imm: 'hxxxxx, rd: , opc: 'hxx }
cycle 2526
copperv1: received:         x
tagged U_type Instruction_$U_type { imm: 'hxxxxx, rd: , opc: 'hxx }
cycle 2527
copperv1: received:         x
tagged U_type Instruction_$U_type { imm: 'hxxxxx, rd: , opc: 'hxx }
cycle 2528
copperv1: received:         x
tagged U_type Instruction_$U_type { imm: 'hxxxxx, rd: , opc: 'hxx }
cycle 2529
copperv1: received:         x
tagged U_type Instruction_$U_type { imm: 'hxxxxx, rd: , opc: 'hxx }
cycle 2530
copperv1: received:         x
tagged U_type Instruction_$U_type { imm: 'hxxxxx, rd: , opc: 'hxx }
cycle 2531
copperv1: received:         x
tagged U_type Instruction_$U_type { imm: 'hxxxxx, rd: , opc: 'hxx }
cycle 2532
copperv1: received:         x
tagged U_type Instruction_$U_type { imm: 'hxxxxx, rd: , opc: 'hxx }
cycle 2533
copperv1: received:         x
tagged U_type Instruction_$U_type { imm: 'hxxxxx, rd: , opc: 'hxx }
cycle 2534
copperv1: received:         x
tagged U_type Instruction_$U_type { imm: 'hxxxxx, rd: , opc: 'hxx }
cycle 2535
copperv1: received:         x
tagged U_type Instruction_$U_type { imm: 'hxxxxx, rd: , opc: 'hxx }
cycle 2536
copperv1: received:         x
tagged U_type Instruction_$U_type { imm: 'hxxxxx, rd: , opc: 'hxx }
cycle 2537
copperv1: received:         x
tagged U_type Instruction_$U_type { imm: 'hxxxxx, rd: , opc: 'hxx }
cycle 2538
copperv1: received:         x
tagged U_type Instruction_$U_type { imm: 'hxxxxx, rd: , opc: 'hxx }
cycle 2539
copperv1: received:         x
tagged U_type Instruction_$U_type { imm: 'hxxxxx, rd: , opc: 'hxx }
cycle 2540
copperv1: received:         x
tagged U_type Instruction_$U_type { imm: 'hxxxxx, rd: , opc: 'hxx }
cycle 2541
copperv1: received:         x
tagged U_type Instruction_$U_type { imm: 'hxxxxx, rd: , opc: 'hxx }
cycle 2542
copperv1: received:         x
tagged U_type Instruction_$U_type { imm: 'hxxxxx, rd: , opc: 'hxx }
cycle 2543
copperv1: received:         x
tagged U_type Instruction_$U_type { imm: 'hxxxxx, rd: , opc: 'hxx }
cycle 2544
copperv1: received:         x
tagged U_type Instruction_$U_type { imm: 'hxxxxx, rd: , opc: 'hxx }
cycle 2545
copperv1: received:         x
tagged U_type Instruction_$U_type { imm: 'hxxxxx, rd: , opc: 'hxx }
cycle 2546
copperv1: received:         x
tagged U_type Instruction_$U_type { imm: 'hxxxxx, rd: , opc: 'hxx }
cycle 2547
copperv1: received:         x
tagged U_type Instruction_$U_type { imm: 'hxxxxx, rd: , opc: 'hxx }
cycle 2548
copperv1: received:         x
tagged U_type Instruction_$U_type { imm: 'hxxxxx, rd: , opc: 'hxx }
cycle 2549
copperv1: received:         x
tagged U_type Instruction_$U_type { imm: 'hxxxxx, rd: , opc: 'hxx }
cycle 2550
copperv1: received:         x
tagged U_type Instruction_$U_type { imm: 'hxxxxx, rd: , opc: 'hxx }
cycle 2551
copperv1: received:         x
tagged U_type Instruction_$U_type { imm: 'hxxxxx, rd: , opc: 'hxx }
cycle 2552
copperv1: received:         x
tagged U_type Instruction_$U_type { imm: 'hxxxxx, rd: , opc: 'hxx }
cycle 2553
copperv1: received:         x
tagged U_type Instruction_$U_type { imm: 'hxxxxx, rd: , opc: 'hxx }
cycle 2554
copperv1: received:         x
tagged U_type Instruction_$U_type { imm: 'hxxxxx, rd: , opc: 'hxx }
cycle 2555
copperv1: received:         x
tagged U_type Instruction_$U_type { imm: 'hxxxxx, rd: , opc: 'hxx }
cycle 2556
copperv1: received:         x
tagged U_type Instruction_$U_type { imm: 'hxxxxx, rd: , opc: 'hxx }
cycle 2557
copperv1: received:         x
tagged U_type Instruction_$U_type { imm: 'hxxxxx, rd: , opc: 'hxx }
cycle 2558
copperv1: received:         x
tagged U_type Instruction_$U_type { imm: 'hxxxxx, rd: , opc: 'hxx }
cycle 2559
copperv1: received:         x
tagged U_type Instruction_$U_type { imm: 'hxxxxx, rd: , opc: 'hxx }
cycle 2560
copperv1: received:         x
tagged U_type Instruction_$U_type { imm: 'hxxxxx, rd: , opc: 'hxx }
cycle 2561
copperv1: received:         x
tagged U_type Instruction_$U_type { imm: 'hxxxxx, rd: , opc: 'hxx }
cycle 2562
copperv1: received:         x
tagged U_type Instruction_$U_type { imm: 'hxxxxx, rd: , opc: 'hxx }
cycle 2563
copperv1: received:         x
tagged U_type Instruction_$U_type { imm: 'hxxxxx, rd: , opc: 'hxx }
cycle 2564
copperv1: received:         x
tagged U_type Instruction_$U_type { imm: 'hxxxxx, rd: , opc: 'hxx }
cycle 2565
copperv1: received:         x
tagged U_type Instruction_$U_type { imm: 'hxxxxx, rd: , opc: 'hxx }
cycle 2566
copperv1: received:         x
tagged U_type Instruction_$U_type { imm: 'hxxxxx, rd: , opc: 'hxx }
cycle 2567
copperv1: received:         x
tagged U_type Instruction_$U_type { imm: 'hxxxxx, rd: , opc: 'hxx }
cycle 2568
copperv1: received:         x
tagged U_type Instruction_$U_type { imm: 'hxxxxx, rd: , opc: 'hxx }
cycle 2569
copperv1: received:         x
tagged U_type Instruction_$U_type { imm: 'hxxxxx, rd: , opc: 'hxx }
cycle 2570
copperv1: received:         x
tagged U_type Instruction_$U_type { imm: 'hxxxxx, rd: , opc: 'hxx }
cycle 2571
copperv1: received:         x
tagged U_type Instruction_$U_type { imm: 'hxxxxx, rd: , opc: 'hxx }
cycle 2572
copperv1: received:         x
tagged U_type Instruction_$U_type { imm: 'hxxxxx, rd: , opc: 'hxx }
cycle 2573
copperv1: received:         x
tagged U_type Instruction_$U_type { imm: 'hxxxxx, rd: , opc: 'hxx }
cycle 2574
copperv1: received:         x
tagged U_type Instruction_$U_type { imm: 'hxxxxx, rd: , opc: 'hxx }
cycle 2575
copperv1: received:         x
tagged U_type Instruction_$U_type { imm: 'hxxxxx, rd: , opc: 'hxx }
cycle 2576
copperv1: received:         x
tagged U_type Instruction_$U_type { imm: 'hxxxxx, rd: , opc: 'hxx }
cycle 2577
copperv1: received:         x
tagged U_type Instruction_$U_type { imm: 'hxxxxx, rd: , opc: 'hxx }
cycle 2578
copperv1: received:         x
tagged U_type Instruction_$U_type { imm: 'hxxxxx, rd: , opc: 'hxx }
cycle 2579
copperv1: received:         x
tagged U_type Instruction_$U_type { imm: 'hxxxxx, rd: , opc: 'hxx }
cycle 2580
copperv1: received:         x
tagged U_type Instruction_$U_type { imm: 'hxxxxx, rd: , opc: 'hxx }
cycle 2581
copperv1: received:         x
tagged U_type Instruction_$U_type { imm: 'hxxxxx, rd: , opc: 'hxx }
cycle 2582
copperv1: received:         x
tagged U_type Instruction_$U_type { imm: 'hxxxxx, rd: , opc: 'hxx }
cycle 2583
copperv1: received:         x
tagged U_type Instruction_$U_type { imm: 'hxxxxx, rd: , opc: 'hxx }
cycle 2584
copperv1: received:         x
tagged U_type Instruction_$U_type { imm: 'hxxxxx, rd: , opc: 'hxx }
cycle 2585
copperv1: received:         x
tagged U_type Instruction_$U_type { imm: 'hxxxxx, rd: , opc: 'hxx }
cycle 2586
copperv1: received:         x
tagged U_type Instruction_$U_type { imm: 'hxxxxx, rd: , opc: 'hxx }
cycle 2587
copperv1: received:         x
tagged U_type Instruction_$U_type { imm: 'hxxxxx, rd: , opc: 'hxx }
cycle 2588
copperv1: received:         x
tagged U_type Instruction_$U_type { imm: 'hxxxxx, rd: , opc: 'hxx }
cycle 2589
copperv1: received:         x
tagged U_type Instruction_$U_type { imm: 'hxxxxx, rd: , opc: 'hxx }
cycle 2590
copperv1: received:         x
tagged U_type Instruction_$U_type { imm: 'hxxxxx, rd: , opc: 'hxx }
cycle 2591
copperv1: received:         x
tagged U_type Instruction_$U_type { imm: 'hxxxxx, rd: , opc: 'hxx }
cycle 2592
copperv1: received:         x
tagged U_type Instruction_$U_type { imm: 'hxxxxx, rd: , opc: 'hxx }
cycle 2593
copperv1: received:         x
tagged U_type Instruction_$U_type { imm: 'hxxxxx, rd: , opc: 'hxx }
cycle 2594
copperv1: received:         x
tagged U_type Instruction_$U_type { imm: 'hxxxxx, rd: , opc: 'hxx }
cycle 2595
copperv1: received:         x
tagged U_type Instruction_$U_type { imm: 'hxxxxx, rd: , opc: 'hxx }
cycle 2596
copperv1: received:         x
tagged U_type Instruction_$U_type { imm: 'hxxxxx, rd: , opc: 'hxx }
cycle 2597
copperv1: received:         x
tagged U_type Instruction_$U_type { imm: 'hxxxxx, rd: , opc: 'hxx }
cycle 2598
copperv1: received:         x
tagged U_type Instruction_$U_type { imm: 'hxxxxx, rd: , opc: 'hxx }
cycle 2599
copperv1: received:         x
tagged U_type Instruction_$U_type { imm: 'hxxxxx, rd: , opc: 'hxx }
cycle 2600
copperv1: received:         x
tagged U_type Instruction_$U_type { imm: 'hxxxxx, rd: , opc: 'hxx }
cycle 2601
copperv1: received:         x
tagged U_type Instruction_$U_type { imm: 'hxxxxx, rd: , opc: 'hxx }
cycle 2602
copperv1: received:         x
tagged U_type Instruction_$U_type { imm: 'hxxxxx, rd: , opc: 'hxx }
cycle 2603
copperv1: received:         x
tagged U_type Instruction_$U_type { imm: 'hxxxxx, rd: , opc: 'hxx }
cycle 2604
copperv1: received:         x
tagged U_type Instruction_$U_type { imm: 'hxxxxx, rd: , opc: 'hxx }
cycle 2605
copperv1: received:         x
tagged U_type Instruction_$U_type { imm: 'hxxxxx, rd: , opc: 'hxx }
cycle 2606
copperv1: received:         x
tagged U_type Instruction_$U_type { imm: 'hxxxxx, rd: , opc: 'hxx }
cycle 2607
copperv1: received:         x
tagged U_type Instruction_$U_type { imm: 'hxxxxx, rd: , opc: 'hxx }
cycle 2608
copperv1: received:         x
tagged U_type Instruction_$U_type { imm: 'hxxxxx, rd: , opc: 'hxx }
cycle 2609
copperv1: received:         x
tagged U_type Instruction_$U_type { imm: 'hxxxxx, rd: , opc: 'hxx }
cycle 2610
copperv1: received:         x
tagged U_type Instruction_$U_type { imm: 'hxxxxx, rd: , opc: 'hxx }
cycle 2611
copperv1: received:         x
tagged U_type Instruction_$U_type { imm: 'hxxxxx, rd: , opc: 'hxx }
cycle 2612
copperv1: received:         x
tagged U_type Instruction_$U_type { imm: 'hxxxxx, rd: , opc: 'hxx }
cycle 2613
copperv1: received:         x
tagged U_type Instruction_$U_type { imm: 'hxxxxx, rd: , opc: 'hxx }
cycle 2614
copperv1: received:         x
tagged U_type Instruction_$U_type { imm: 'hxxxxx, rd: , opc: 'hxx }
cycle 2615
copperv1: received:         x
tagged U_type Instruction_$U_type { imm: 'hxxxxx, rd: , opc: 'hxx }
cycle 2616
copperv1: received:         x
tagged U_type Instruction_$U_type { imm: 'hxxxxx, rd: , opc: 'hxx }
cycle 2617
copperv1: received:         x
tagged U_type Instruction_$U_type { imm: 'hxxxxx, rd: , opc: 'hxx }
cycle 2618
copperv1: received:         x
tagged U_type Instruction_$U_type { imm: 'hxxxxx, rd: , opc: 'hxx }
cycle 2619
copperv1: received:         x
tagged U_type Instruction_$U_type { imm: 'hxxxxx, rd: , opc: 'hxx }
cycle 2620
copperv1: received:         x
tagged U_type Instruction_$U_type { imm: 'hxxxxx, rd: , opc: 'hxx }
cycle 2621
copperv1: received:         x
tagged U_type Instruction_$U_type { imm: 'hxxxxx, rd: , opc: 'hxx }
cycle 2622
copperv1: received:         x
tagged U_type Instruction_$U_type { imm: 'hxxxxx, rd: , opc: 'hxx }
cycle 2623
copperv1: received:         x
tagged U_type Instruction_$U_type { imm: 'hxxxxx, rd: , opc: 'hxx }
cycle 2624
copperv1: received:         x
tagged U_type Instruction_$U_type { imm: 'hxxxxx, rd: , opc: 'hxx }
cycle 2625
copperv1: received:         x
tagged U_type Instruction_$U_type { imm: 'hxxxxx, rd: , opc: 'hxx }
cycle 2626
copperv1: received:         x
tagged U_type Instruction_$U_type { imm: 'hxxxxx, rd: , opc: 'hxx }
cycle 2627
copperv1: received:         x
tagged U_type Instruction_$U_type { imm: 'hxxxxx, rd: , opc: 'hxx }
cycle 2628
copperv1: received:         x
tagged U_type Instruction_$U_type { imm: 'hxxxxx, rd: , opc: 'hxx }
cycle 2629
copperv1: received:         x
tagged U_type Instruction_$U_type { imm: 'hxxxxx, rd: , opc: 'hxx }
cycle 2630
copperv1: received:         x
tagged U_type Instruction_$U_type { imm: 'hxxxxx, rd: , opc: 'hxx }
cycle 2631
copperv1: received:         x
tagged U_type Instruction_$U_type { imm: 'hxxxxx, rd: , opc: 'hxx }
cycle 2632
copperv1: received:         x
tagged U_type Instruction_$U_type { imm: 'hxxxxx, rd: , opc: 'hxx }
cycle 2633
copperv1: received:         x
tagged U_type Instruction_$U_type { imm: 'hxxxxx, rd: , opc: 'hxx }
cycle 2634
copperv1: received:         x
tagged U_type Instruction_$U_type { imm: 'hxxxxx, rd: , opc: 'hxx }
cycle 2635
copperv1: received:         x
tagged U_type Instruction_$U_type { imm: 'hxxxxx, rd: , opc: 'hxx }
cycle 2636
copperv1: received:         x
tagged U_type Instruction_$U_type { imm: 'hxxxxx, rd: , opc: 'hxx }
cycle 2637
copperv1: received:         x
tagged U_type Instruction_$U_type { imm: 'hxxxxx, rd: , opc: 'hxx }
cycle 2638
copperv1: received:         x
tagged U_type Instruction_$U_type { imm: 'hxxxxx, rd: , opc: 'hxx }
cycle 2639
copperv1: received:         x
tagged U_type Instruction_$U_type { imm: 'hxxxxx, rd: , opc: 'hxx }
cycle 2640
copperv1: received:         x
tagged U_type Instruction_$U_type { imm: 'hxxxxx, rd: , opc: 'hxx }
cycle 2641
copperv1: received:         x
tagged U_type Instruction_$U_type { imm: 'hxxxxx, rd: , opc: 'hxx }
cycle 2642
copperv1: received:         x
tagged U_type Instruction_$U_type { imm: 'hxxxxx, rd: , opc: 'hxx }
cycle 2643
copperv1: received:         x
tagged U_type Instruction_$U_type { imm: 'hxxxxx, rd: , opc: 'hxx }
cycle 2644
copperv1: received:         x
tagged U_type Instruction_$U_type { imm: 'hxxxxx, rd: , opc: 'hxx }
cycle 2645
copperv1: received:         x
tagged U_type Instruction_$U_type { imm: 'hxxxxx, rd: , opc: 'hxx }
cycle 2646
copperv1: received:         x
tagged U_type Instruction_$U_type { imm: 'hxxxxx, rd: , opc: 'hxx }
cycle 2647
copperv1: received:         x
tagged U_type Instruction_$U_type { imm: 'hxxxxx, rd: , opc: 'hxx }
cycle 2648
copperv1: received:         x
tagged U_type Instruction_$U_type { imm: 'hxxxxx, rd: , opc: 'hxx }
cycle 2649
copperv1: received:         x
tagged U_type Instruction_$U_type { imm: 'hxxxxx, rd: , opc: 'hxx }
cycle 2650
copperv1: received:         x
tagged U_type Instruction_$U_type { imm: 'hxxxxx, rd: , opc: 'hxx }
cycle 2651
copperv1: received:         x
tagged U_type Instruction_$U_type { imm: 'hxxxxx, rd: , opc: 'hxx }
cycle 2652
copperv1: received:         x
tagged U_type Instruction_$U_type { imm: 'hxxxxx, rd: , opc: 'hxx }
cycle 2653
copperv1: received:         x
tagged U_type Instruction_$U_type { imm: 'hxxxxx, rd: , opc: 'hxx }
cycle 2654
copperv1: received:         x
tagged U_type Instruction_$U_type { imm: 'hxxxxx, rd: , opc: 'hxx }
cycle 2655
copperv1: received:         x
tagged U_type Instruction_$U_type { imm: 'hxxxxx, rd: , opc: 'hxx }
cycle 2656
copperv1: received:         x
tagged U_type Instruction_$U_type { imm: 'hxxxxx, rd: , opc: 'hxx }
cycle 2657
copperv1: received:         x
tagged U_type Instruction_$U_type { imm: 'hxxxxx, rd: , opc: 'hxx }
cycle 2658
copperv1: received:         x
tagged U_type Instruction_$U_type { imm: 'hxxxxx, rd: , opc: 'hxx }
cycle 2659
copperv1: received:         x
tagged U_type Instruction_$U_type { imm: 'hxxxxx, rd: , opc: 'hxx }
cycle 2660
copperv1: received:         x
tagged U_type Instruction_$U_type { imm: 'hxxxxx, rd: , opc: 'hxx }
cycle 2661
copperv1: received:         x
tagged U_type Instruction_$U_type { imm: 'hxxxxx, rd: , opc: 'hxx }
cycle 2662
copperv1: received:         x
tagged U_type Instruction_$U_type { imm: 'hxxxxx, rd: , opc: 'hxx }
cycle 2663
copperv1: received:         x
tagged U_type Instruction_$U_type { imm: 'hxxxxx, rd: , opc: 'hxx }
cycle 2664
copperv1: received:         x
tagged U_type Instruction_$U_type { imm: 'hxxxxx, rd: , opc: 'hxx }
cycle 2665
copperv1: received:         x
tagged U_type Instruction_$U_type { imm: 'hxxxxx, rd: , opc: 'hxx }
cycle 2666
copperv1: received:         x
tagged U_type Instruction_$U_type { imm: 'hxxxxx, rd: , opc: 'hxx }
cycle 2667
copperv1: received:         x
tagged U_type Instruction_$U_type { imm: 'hxxxxx, rd: , opc: 'hxx }
cycle 2668
copperv1: received:         x
tagged U_type Instruction_$U_type { imm: 'hxxxxx, rd: , opc: 'hxx }
cycle 2669
copperv1: received:         x
tagged U_type Instruction_$U_type { imm: 'hxxxxx, rd: , opc: 'hxx }
cycle 2670
copperv1: received:         x
tagged U_type Instruction_$U_type { imm: 'hxxxxx, rd: , opc: 'hxx }
cycle 2671
copperv1: received:         x
tagged U_type Instruction_$U_type { imm: 'hxxxxx, rd: , opc: 'hxx }
cycle 2672
copperv1: received:         x
tagged U_type Instruction_$U_type { imm: 'hxxxxx, rd: , opc: 'hxx }
cycle 2673
copperv1: received:         x
tagged U_type Instruction_$U_type { imm: 'hxxxxx, rd: , opc: 'hxx }
cycle 2674
copperv1: received:         x
tagged U_type Instruction_$U_type { imm: 'hxxxxx, rd: , opc: 'hxx }
cycle 2675
copperv1: received:         x
tagged U_type Instruction_$U_type { imm: 'hxxxxx, rd: , opc: 'hxx }
cycle 2676
copperv1: received:         x
tagged U_type Instruction_$U_type { imm: 'hxxxxx, rd: , opc: 'hxx }
cycle 2677
copperv1: received:         x
tagged U_type Instruction_$U_type { imm: 'hxxxxx, rd: , opc: 'hxx }
cycle 2678
copperv1: received:         x
tagged U_type Instruction_$U_type { imm: 'hxxxxx, rd: , opc: 'hxx }
cycle 2679
copperv1: received:         x
tagged U_type Instruction_$U_type { imm: 'hxxxxx, rd: , opc: 'hxx }
cycle 2680
copperv1: received:         x
tagged U_type Instruction_$U_type { imm: 'hxxxxx, rd: , opc: 'hxx }
cycle 2681
copperv1: received:         x
tagged U_type Instruction_$U_type { imm: 'hxxxxx, rd: , opc: 'hxx }
cycle 2682
copperv1: received:         x
tagged U_type Instruction_$U_type { imm: 'hxxxxx, rd: , opc: 'hxx }
cycle 2683
copperv1: received:         x
tagged U_type Instruction_$U_type { imm: 'hxxxxx, rd: , opc: 'hxx }
cycle 2684
copperv1: received:         x
tagged U_type Instruction_$U_type { imm: 'hxxxxx, rd: , opc: 'hxx }
cycle 2685
copperv1: received:         x
tagged U_type Instruction_$U_type { imm: 'hxxxxx, rd: , opc: 'hxx }
cycle 2686
copperv1: received:         x
tagged U_type Instruction_$U_type { imm: 'hxxxxx, rd: , opc: 'hxx }
cycle 2687
copperv1: received:         x
tagged U_type Instruction_$U_type { imm: 'hxxxxx, rd: , opc: 'hxx }
cycle 2688
copperv1: received:         x
tagged U_type Instruction_$U_type { imm: 'hxxxxx, rd: , opc: 'hxx }
cycle 2689
copperv1: received:         x
tagged U_type Instruction_$U_type { imm: 'hxxxxx, rd: , opc: 'hxx }
cycle 2690
copperv1: received:         x
tagged U_type Instruction_$U_type { imm: 'hxxxxx, rd: , opc: 'hxx }
cycle 2691
copperv1: received:         x
tagged U_type Instruction_$U_type { imm: 'hxxxxx, rd: , opc: 'hxx }
cycle 2692
copperv1: received:         x
tagged U_type Instruction_$U_type { imm: 'hxxxxx, rd: , opc: 'hxx }
cycle 2693
copperv1: received:         x
tagged U_type Instruction_$U_type { imm: 'hxxxxx, rd: , opc: 'hxx }
cycle 2694
copperv1: received:         x
tagged U_type Instruction_$U_type { imm: 'hxxxxx, rd: , opc: 'hxx }
cycle 2695
copperv1: received:         x
tagged U_type Instruction_$U_type { imm: 'hxxxxx, rd: , opc: 'hxx }
cycle 2696
copperv1: received:         x
tagged U_type Instruction_$U_type { imm: 'hxxxxx, rd: , opc: 'hxx }
cycle 2697
copperv1: received:         x
tagged U_type Instruction_$U_type { imm: 'hxxxxx, rd: , opc: 'hxx }
cycle 2698
copperv1: received:         x
tagged U_type Instruction_$U_type { imm: 'hxxxxx, rd: , opc: 'hxx }
cycle 2699
copperv1: received:         x
tagged U_type Instruction_$U_type { imm: 'hxxxxx, rd: , opc: 'hxx }
cycle 2700
copperv1: received:         x
tagged U_type Instruction_$U_type { imm: 'hxxxxx, rd: , opc: 'hxx }
cycle 2701
copperv1: received:         x
tagged U_type Instruction_$U_type { imm: 'hxxxxx, rd: , opc: 'hxx }
cycle 2702
copperv1: received:         x
tagged U_type Instruction_$U_type { imm: 'hxxxxx, rd: , opc: 'hxx }
cycle 2703
copperv1: received:         x
tagged U_type Instruction_$U_type { imm: 'hxxxxx, rd: , opc: 'hxx }
cycle 2704
copperv1: received:         x
tagged U_type Instruction_$U_type { imm: 'hxxxxx, rd: , opc: 'hxx }
cycle 2705
copperv1: received:         x
tagged U_type Instruction_$U_type { imm: 'hxxxxx, rd: , opc: 'hxx }
cycle 2706
copperv1: received:         x
tagged U_type Instruction_$U_type { imm: 'hxxxxx, rd: , opc: 'hxx }
cycle 2707
copperv1: received:         x
tagged U_type Instruction_$U_type { imm: 'hxxxxx, rd: , opc: 'hxx }
cycle 2708
copperv1: received:         x
tagged U_type Instruction_$U_type { imm: 'hxxxxx, rd: , opc: 'hxx }
cycle 2709
copperv1: received:         x
tagged U_type Instruction_$U_type { imm: 'hxxxxx, rd: , opc: 'hxx }
cycle 2710
copperv1: received:         x
tagged U_type Instruction_$U_type { imm: 'hxxxxx, rd: , opc: 'hxx }
cycle 2711
copperv1: received:         x
tagged U_type Instruction_$U_type { imm: 'hxxxxx, rd: , opc: 'hxx }
cycle 2712
copperv1: received:         x
tagged U_type Instruction_$U_type { imm: 'hxxxxx, rd: , opc: 'hxx }
cycle 2713
copperv1: received:         x
tagged U_type Instruction_$U_type { imm: 'hxxxxx, rd: , opc: 'hxx }
cycle 2714
copperv1: received:         x
tagged U_type Instruction_$U_type { imm: 'hxxxxx, rd: , opc: 'hxx }
cycle 2715
copperv1: received:         x
tagged U_type Instruction_$U_type { imm: 'hxxxxx, rd: , opc: 'hxx }
cycle 2716
copperv1: received:         x
tagged U_type Instruction_$U_type { imm: 'hxxxxx, rd: , opc: 'hxx }
cycle 2717
copperv1: received:         x
tagged U_type Instruction_$U_type { imm: 'hxxxxx, rd: , opc: 'hxx }
cycle 2718
copperv1: received:         x
tagged U_type Instruction_$U_type { imm: 'hxxxxx, rd: , opc: 'hxx }
cycle 2719
copperv1: received:         x
tagged U_type Instruction_$U_type { imm: 'hxxxxx, rd: , opc: 'hxx }
cycle 2720
copperv1: received:         x
tagged U_type Instruction_$U_type { imm: 'hxxxxx, rd: , opc: 'hxx }
cycle 2721
copperv1: received:         x
tagged U_type Instruction_$U_type { imm: 'hxxxxx, rd: , opc: 'hxx }
cycle 2722
copperv1: received:         x
tagged U_type Instruction_$U_type { imm: 'hxxxxx, rd: , opc: 'hxx }
cycle 2723
copperv1: received:         x
tagged U_type Instruction_$U_type { imm: 'hxxxxx, rd: , opc: 'hxx }
cycle 2724
copperv1: received:         x
tagged U_type Instruction_$U_type { imm: 'hxxxxx, rd: , opc: 'hxx }
cycle 2725
copperv1: received:         x
tagged U_type Instruction_$U_type { imm: 'hxxxxx, rd: , opc: 'hxx }
cycle 2726
copperv1: received:         x
tagged U_type Instruction_$U_type { imm: 'hxxxxx, rd: , opc: 'hxx }
cycle 2727
copperv1: received:         x
tagged U_type Instruction_$U_type { imm: 'hxxxxx, rd: , opc: 'hxx }
cycle 2728
copperv1: received:         x
tagged U_type Instruction_$U_type { imm: 'hxxxxx, rd: , opc: 'hxx }
cycle 2729
copperv1: received:         x
tagged U_type Instruction_$U_type { imm: 'hxxxxx, rd: , opc: 'hxx }
cycle 2730
copperv1: received:         x
tagged U_type Instruction_$U_type { imm: 'hxxxxx, rd: , opc: 'hxx }
cycle 2731
copperv1: received:         x
tagged U_type Instruction_$U_type { imm: 'hxxxxx, rd: , opc: 'hxx }
cycle 2732
copperv1: received:         x
tagged U_type Instruction_$U_type { imm: 'hxxxxx, rd: , opc: 'hxx }
cycle 2733
copperv1: received:         x
tagged U_type Instruction_$U_type { imm: 'hxxxxx, rd: , opc: 'hxx }
cycle 2734
copperv1: received:         x
tagged U_type Instruction_$U_type { imm: 'hxxxxx, rd: , opc: 'hxx }
cycle 2735
copperv1: received:         x
tagged U_type Instruction_$U_type { imm: 'hxxxxx, rd: , opc: 'hxx }
cycle 2736
copperv1: received:         x
tagged U_type Instruction_$U_type { imm: 'hxxxxx, rd: , opc: 'hxx }
cycle 2737
copperv1: received:         x
tagged U_type Instruction_$U_type { imm: 'hxxxxx, rd: , opc: 'hxx }
cycle 2738
copperv1: received:         x
tagged U_type Instruction_$U_type { imm: 'hxxxxx, rd: , opc: 'hxx }
cycle 2739
copperv1: received:         x
tagged U_type Instruction_$U_type { imm: 'hxxxxx, rd: , opc: 'hxx }
cycle 2740
copperv1: received:         x
tagged U_type Instruction_$U_type { imm: 'hxxxxx, rd: , opc: 'hxx }
cycle 2741
copperv1: received:         x
tagged U_type Instruction_$U_type { imm: 'hxxxxx, rd: , opc: 'hxx }
cycle 2742
copperv1: received:         x
tagged U_type Instruction_$U_type { imm: 'hxxxxx, rd: , opc: 'hxx }
cycle 2743
copperv1: received:         x
tagged U_type Instruction_$U_type { imm: 'hxxxxx, rd: , opc: 'hxx }
cycle 2744
copperv1: received:         x
tagged U_type Instruction_$U_type { imm: 'hxxxxx, rd: , opc: 'hxx }
cycle 2745
copperv1: received:         x
tagged U_type Instruction_$U_type { imm: 'hxxxxx, rd: , opc: 'hxx }
cycle 2746
copperv1: received:         x
tagged U_type Instruction_$U_type { imm: 'hxxxxx, rd: , opc: 'hxx }
cycle 2747
copperv1: received:         x
tagged U_type Instruction_$U_type { imm: 'hxxxxx, rd: , opc: 'hxx }
cycle 2748
copperv1: received:         x
tagged U_type Instruction_$U_type { imm: 'hxxxxx, rd: , opc: 'hxx }
cycle 2749
copperv1: received:         x
tagged U_type Instruction_$U_type { imm: 'hxxxxx, rd: , opc: 'hxx }
cycle 2750
copperv1: received:         x
tagged U_type Instruction_$U_type { imm: 'hxxxxx, rd: , opc: 'hxx }
cycle 2751
copperv1: received:         x
tagged U_type Instruction_$U_type { imm: 'hxxxxx, rd: , opc: 'hxx }
cycle 2752
copperv1: received:         x
tagged U_type Instruction_$U_type { imm: 'hxxxxx, rd: , opc: 'hxx }
cycle 2753
copperv1: received:         x
tagged U_type Instruction_$U_type { imm: 'hxxxxx, rd: , opc: 'hxx }
cycle 2754
copperv1: received:         x
tagged U_type Instruction_$U_type { imm: 'hxxxxx, rd: , opc: 'hxx }
cycle 2755
copperv1: received:         x
tagged U_type Instruction_$U_type { imm: 'hxxxxx, rd: , opc: 'hxx }
cycle 2756
copperv1: received:         x
tagged U_type Instruction_$U_type { imm: 'hxxxxx, rd: , opc: 'hxx }
cycle 2757
copperv1: received:         x
tagged U_type Instruction_$U_type { imm: 'hxxxxx, rd: , opc: 'hxx }
cycle 2758
copperv1: received:         x
tagged U_type Instruction_$U_type { imm: 'hxxxxx, rd: , opc: 'hxx }
cycle 2759
copperv1: received:         x
tagged U_type Instruction_$U_type { imm: 'hxxxxx, rd: , opc: 'hxx }
cycle 2760
copperv1: received:         x
tagged U_type Instruction_$U_type { imm: 'hxxxxx, rd: , opc: 'hxx }
cycle 2761
copperv1: received:         x
tagged U_type Instruction_$U_type { imm: 'hxxxxx, rd: , opc: 'hxx }
cycle 2762
copperv1: received:         x
tagged U_type Instruction_$U_type { imm: 'hxxxxx, rd: , opc: 'hxx }
cycle 2763
copperv1: received:         x
tagged U_type Instruction_$U_type { imm: 'hxxxxx, rd: , opc: 'hxx }
cycle 2764
copperv1: received:         x
tagged U_type Instruction_$U_type { imm: 'hxxxxx, rd: , opc: 'hxx }
cycle 2765
copperv1: received:         x
tagged U_type Instruction_$U_type { imm: 'hxxxxx, rd: , opc: 'hxx }
cycle 2766
copperv1: received:         x
tagged U_type Instruction_$U_type { imm: 'hxxxxx, rd: , opc: 'hxx }
cycle 2767
copperv1: received:         x
tagged U_type Instruction_$U_type { imm: 'hxxxxx, rd: , opc: 'hxx }
cycle 2768
copperv1: received:         x
tagged U_type Instruction_$U_type { imm: 'hxxxxx, rd: , opc: 'hxx }
cycle 2769
copperv1: received:         x
tagged U_type Instruction_$U_type { imm: 'hxxxxx, rd: , opc: 'hxx }
cycle 2770
copperv1: received:         x
tagged U_type Instruction_$U_type { imm: 'hxxxxx, rd: , opc: 'hxx }
cycle 2771
copperv1: received:         x
tagged U_type Instruction_$U_type { imm: 'hxxxxx, rd: , opc: 'hxx }
cycle 2772
copperv1: received:         x
tagged U_type Instruction_$U_type { imm: 'hxxxxx, rd: , opc: 'hxx }
cycle 2773
copperv1: received:         x
tagged U_type Instruction_$U_type { imm: 'hxxxxx, rd: , opc: 'hxx }
cycle 2774
copperv1: received:         x
tagged U_type Instruction_$U_type { imm: 'hxxxxx, rd: , opc: 'hxx }
cycle 2775
copperv1: received:         x
tagged U_type Instruction_$U_type { imm: 'hxxxxx, rd: , opc: 'hxx }
cycle 2776
copperv1: received:         x
tagged U_type Instruction_$U_type { imm: 'hxxxxx, rd: , opc: 'hxx }
cycle 2777
copperv1: received:         x
tagged U_type Instruction_$U_type { imm: 'hxxxxx, rd: , opc: 'hxx }
cycle 2778
copperv1: received:         x
tagged U_type Instruction_$U_type { imm: 'hxxxxx, rd: , opc: 'hxx }
cycle 2779
copperv1: received:         x
tagged U_type Instruction_$U_type { imm: 'hxxxxx, rd: , opc: 'hxx }
cycle 2780
copperv1: received:         x
tagged U_type Instruction_$U_type { imm: 'hxxxxx, rd: , opc: 'hxx }
cycle 2781
copperv1: received:         x
tagged U_type Instruction_$U_type { imm: 'hxxxxx, rd: , opc: 'hxx }
cycle 2782
copperv1: received:         x
tagged U_type Instruction_$U_type { imm: 'hxxxxx, rd: , opc: 'hxx }
cycle 2783
copperv1: received:         x
tagged U_type Instruction_$U_type { imm: 'hxxxxx, rd: , opc: 'hxx }
cycle 2784
copperv1: received:         x
tagged U_type Instruction_$U_type { imm: 'hxxxxx, rd: , opc: 'hxx }
cycle 2785
copperv1: received:         x
tagged U_type Instruction_$U_type { imm: 'hxxxxx, rd: , opc: 'hxx }
cycle 2786
copperv1: received:         x
tagged U_type Instruction_$U_type { imm: 'hxxxxx, rd: , opc: 'hxx }
cycle 2787
copperv1: received:         x
tagged U_type Instruction_$U_type { imm: 'hxxxxx, rd: , opc: 'hxx }
cycle 2788
copperv1: received:         x
tagged U_type Instruction_$U_type { imm: 'hxxxxx, rd: , opc: 'hxx }
cycle 2789
copperv1: received:         x
tagged U_type Instruction_$U_type { imm: 'hxxxxx, rd: , opc: 'hxx }
cycle 2790
copperv1: received:         x
tagged U_type Instruction_$U_type { imm: 'hxxxxx, rd: , opc: 'hxx }
cycle 2791
copperv1: received:         x
tagged U_type Instruction_$U_type { imm: 'hxxxxx, rd: , opc: 'hxx }
cycle 2792
copperv1: received:         x
tagged U_type Instruction_$U_type { imm: 'hxxxxx, rd: , opc: 'hxx }
cycle 2793
copperv1: received:         x
tagged U_type Instruction_$U_type { imm: 'hxxxxx, rd: , opc: 'hxx }
cycle 2794
copperv1: received:         x
tagged U_type Instruction_$U_type { imm: 'hxxxxx, rd: , opc: 'hxx }
cycle 2795
copperv1: received:         x
tagged U_type Instruction_$U_type { imm: 'hxxxxx, rd: , opc: 'hxx }
cycle 2796
copperv1: received:         x
tagged U_type Instruction_$U_type { imm: 'hxxxxx, rd: , opc: 'hxx }
cycle 2797
copperv1: received:         x
tagged U_type Instruction_$U_type { imm: 'hxxxxx, rd: , opc: 'hxx }
cycle 2798
copperv1: received:         x
tagged U_type Instruction_$U_type { imm: 'hxxxxx, rd: , opc: 'hxx }
cycle 2799
copperv1: received:         x
tagged U_type Instruction_$U_type { imm: 'hxxxxx, rd: , opc: 'hxx }
cycle 2800
copperv1: received:         x
tagged U_type Instruction_$U_type { imm: 'hxxxxx, rd: , opc: 'hxx }
cycle 2801
copperv1: received:         x
tagged U_type Instruction_$U_type { imm: 'hxxxxx, rd: , opc: 'hxx }
cycle 2802
copperv1: received:         x
tagged U_type Instruction_$U_type { imm: 'hxxxxx, rd: , opc: 'hxx }
cycle 2803
copperv1: received:         x
tagged U_type Instruction_$U_type { imm: 'hxxxxx, rd: , opc: 'hxx }
cycle 2804
copperv1: received:         x
tagged U_type Instruction_$U_type { imm: 'hxxxxx, rd: , opc: 'hxx }
cycle 2805
copperv1: received:         x
tagged U_type Instruction_$U_type { imm: 'hxxxxx, rd: , opc: 'hxx }
cycle 2806
copperv1: received:         x
tagged U_type Instruction_$U_type { imm: 'hxxxxx, rd: , opc: 'hxx }
cycle 2807
copperv1: received:         x
tagged U_type Instruction_$U_type { imm: 'hxxxxx, rd: , opc: 'hxx }
cycle 2808
copperv1: received:         x
tagged U_type Instruction_$U_type { imm: 'hxxxxx, rd: , opc: 'hxx }
cycle 2809
copperv1: received:         x
tagged U_type Instruction_$U_type { imm: 'hxxxxx, rd: , opc: 'hxx }
cycle 2810
copperv1: received:         x
tagged U_type Instruction_$U_type { imm: 'hxxxxx, rd: , opc: 'hxx }
cycle 2811
copperv1: received:         x
tagged U_type Instruction_$U_type { imm: 'hxxxxx, rd: , opc: 'hxx }
cycle 2812
copperv1: received:         x
tagged U_type Instruction_$U_type { imm: 'hxxxxx, rd: , opc: 'hxx }
cycle 2813
copperv1: received:         x
tagged U_type Instruction_$U_type { imm: 'hxxxxx, rd: , opc: 'hxx }
cycle 2814
copperv1: received:         x
tagged U_type Instruction_$U_type { imm: 'hxxxxx, rd: , opc: 'hxx }
cycle 2815
copperv1: received:         x
tagged U_type Instruction_$U_type { imm: 'hxxxxx, rd: , opc: 'hxx }
cycle 2816
copperv1: received:         x
tagged U_type Instruction_$U_type { imm: 'hxxxxx, rd: , opc: 'hxx }
cycle 2817
copperv1: received:         x
tagged U_type Instruction_$U_type { imm: 'hxxxxx, rd: , opc: 'hxx }
cycle 2818
copperv1: received:         x
tagged U_type Instruction_$U_type { imm: 'hxxxxx, rd: , opc: 'hxx }
cycle 2819
copperv1: received:         x
tagged U_type Instruction_$U_type { imm: 'hxxxxx, rd: , opc: 'hxx }
cycle 2820
copperv1: received:         x
tagged U_type Instruction_$U_type { imm: 'hxxxxx, rd: , opc: 'hxx }
cycle 2821
copperv1: received:         x
tagged U_type Instruction_$U_type { imm: 'hxxxxx, rd: , opc: 'hxx }
cycle 2822
copperv1: received:         x
tagged U_type Instruction_$U_type { imm: 'hxxxxx, rd: , opc: 'hxx }
cycle 2823
copperv1: received:         x
tagged U_type Instruction_$U_type { imm: 'hxxxxx, rd: , opc: 'hxx }
cycle 2824
copperv1: received:         x
tagged U_type Instruction_$U_type { imm: 'hxxxxx, rd: , opc: 'hxx }
cycle 2825
copperv1: received:         x
tagged U_type Instruction_$U_type { imm: 'hxxxxx, rd: , opc: 'hxx }
cycle 2826
copperv1: received:         x
tagged U_type Instruction_$U_type { imm: 'hxxxxx, rd: , opc: 'hxx }
cycle 2827
copperv1: received:         x
tagged U_type Instruction_$U_type { imm: 'hxxxxx, rd: , opc: 'hxx }
cycle 2828
copperv1: received:         x
tagged U_type Instruction_$U_type { imm: 'hxxxxx, rd: , opc: 'hxx }
cycle 2829
copperv1: received:         x
tagged U_type Instruction_$U_type { imm: 'hxxxxx, rd: , opc: 'hxx }
cycle 2830
copperv1: received:         x
tagged U_type Instruction_$U_type { imm: 'hxxxxx, rd: , opc: 'hxx }
cycle 2831
copperv1: received:         x
tagged U_type Instruction_$U_type { imm: 'hxxxxx, rd: , opc: 'hxx }
cycle 2832
copperv1: received:         x
tagged U_type Instruction_$U_type { imm: 'hxxxxx, rd: , opc: 'hxx }
cycle 2833
copperv1: received:         x
tagged U_type Instruction_$U_type { imm: 'hxxxxx, rd: , opc: 'hxx }
cycle 2834
copperv1: received:         x
tagged U_type Instruction_$U_type { imm: 'hxxxxx, rd: , opc: 'hxx }
cycle 2835
copperv1: received:         x
tagged U_type Instruction_$U_type { imm: 'hxxxxx, rd: , opc: 'hxx }
cycle 2836
copperv1: received:         x
tagged U_type Instruction_$U_type { imm: 'hxxxxx, rd: , opc: 'hxx }
cycle 2837
copperv1: received:         x
tagged U_type Instruction_$U_type { imm: 'hxxxxx, rd: , opc: 'hxx }
cycle 2838
copperv1: received:         x
tagged U_type Instruction_$U_type { imm: 'hxxxxx, rd: , opc: 'hxx }
cycle 2839
copperv1: received:         x
tagged U_type Instruction_$U_type { imm: 'hxxxxx, rd: , opc: 'hxx }
cycle 2840
copperv1: received:         x
tagged U_type Instruction_$U_type { imm: 'hxxxxx, rd: , opc: 'hxx }
cycle 2841
copperv1: received:         x
tagged U_type Instruction_$U_type { imm: 'hxxxxx, rd: , opc: 'hxx }
cycle 2842
copperv1: received:         x
tagged U_type Instruction_$U_type { imm: 'hxxxxx, rd: , opc: 'hxx }
cycle 2843
copperv1: received:         x
tagged U_type Instruction_$U_type { imm: 'hxxxxx, rd: , opc: 'hxx }
cycle 2844
copperv1: received:         x
tagged U_type Instruction_$U_type { imm: 'hxxxxx, rd: , opc: 'hxx }
cycle 2845
copperv1: received:         x
tagged U_type Instruction_$U_type { imm: 'hxxxxx, rd: , opc: 'hxx }
cycle 2846
copperv1: received:         x
tagged U_type Instruction_$U_type { imm: 'hxxxxx, rd: , opc: 'hxx }
cycle 2847
copperv1: received:         x
tagged U_type Instruction_$U_type { imm: 'hxxxxx, rd: , opc: 'hxx }
cycle 2848
copperv1: received:         x
tagged U_type Instruction_$U_type { imm: 'hxxxxx, rd: , opc: 'hxx }
cycle 2849
copperv1: received:         x
tagged U_type Instruction_$U_type { imm: 'hxxxxx, rd: , opc: 'hxx }
cycle 2850
copperv1: received:         x
tagged U_type Instruction_$U_type { imm: 'hxxxxx, rd: , opc: 'hxx }
cycle 2851
copperv1: received:         x
tagged U_type Instruction_$U_type { imm: 'hxxxxx, rd: , opc: 'hxx }
cycle 2852
copperv1: received:         x
tagged U_type Instruction_$U_type { imm: 'hxxxxx, rd: , opc: 'hxx }
cycle 2853
copperv1: received:         x
tagged U_type Instruction_$U_type { imm: 'hxxxxx, rd: , opc: 'hxx }
cycle 2854
copperv1: received:         x
tagged U_type Instruction_$U_type { imm: 'hxxxxx, rd: , opc: 'hxx }
cycle 2855
copperv1: received:         x
tagged U_type Instruction_$U_type { imm: 'hxxxxx, rd: , opc: 'hxx }
cycle 2856
copperv1: received:         x
tagged U_type Instruction_$U_type { imm: 'hxxxxx, rd: , opc: 'hxx }
cycle 2857
copperv1: received:         x
tagged U_type Instruction_$U_type { imm: 'hxxxxx, rd: , opc: 'hxx }
cycle 2858
copperv1: received:         x
tagged U_type Instruction_$U_type { imm: 'hxxxxx, rd: , opc: 'hxx }
cycle 2859
copperv1: received:         x
tagged U_type Instruction_$U_type { imm: 'hxxxxx, rd: , opc: 'hxx }
cycle 2860
copperv1: received:         x
tagged U_type Instruction_$U_type { imm: 'hxxxxx, rd: , opc: 'hxx }
cycle 2861
copperv1: received:         x
tagged U_type Instruction_$U_type { imm: 'hxxxxx, rd: , opc: 'hxx }
cycle 2862
copperv1: received:         x
tagged U_type Instruction_$U_type { imm: 'hxxxxx, rd: , opc: 'hxx }
cycle 2863
copperv1: received:         x
tagged U_type Instruction_$U_type { imm: 'hxxxxx, rd: , opc: 'hxx }
cycle 2864
copperv1: received:         x
tagged U_type Instruction_$U_type { imm: 'hxxxxx, rd: , opc: 'hxx }
cycle 2865
copperv1: received:         x
tagged U_type Instruction_$U_type { imm: 'hxxxxx, rd: , opc: 'hxx }
cycle 2866
copperv1: received:         x
tagged U_type Instruction_$U_type { imm: 'hxxxxx, rd: , opc: 'hxx }
cycle 2867
copperv1: received:         x
tagged U_type Instruction_$U_type { imm: 'hxxxxx, rd: , opc: 'hxx }
cycle 2868
copperv1: received:         x
tagged U_type Instruction_$U_type { imm: 'hxxxxx, rd: , opc: 'hxx }
cycle 2869
copperv1: received:         x
tagged U_type Instruction_$U_type { imm: 'hxxxxx, rd: , opc: 'hxx }
cycle 2870
copperv1: received:         x
tagged U_type Instruction_$U_type { imm: 'hxxxxx, rd: , opc: 'hxx }
cycle 2871
copperv1: received:         x
tagged U_type Instruction_$U_type { imm: 'hxxxxx, rd: , opc: 'hxx }
cycle 2872
copperv1: received:         x
tagged U_type Instruction_$U_type { imm: 'hxxxxx, rd: , opc: 'hxx }
cycle 2873
copperv1: received:         x
tagged U_type Instruction_$U_type { imm: 'hxxxxx, rd: , opc: 'hxx }
cycle 2874
copperv1: received:         x
tagged U_type Instruction_$U_type { imm: 'hxxxxx, rd: , opc: 'hxx }
cycle 2875
copperv1: received:         x
tagged U_type Instruction_$U_type { imm: 'hxxxxx, rd: , opc: 'hxx }
cycle 2876
copperv1: received:         x
tagged U_type Instruction_$U_type { imm: 'hxxxxx, rd: , opc: 'hxx }
cycle 2877
copperv1: received:         x
tagged U_type Instruction_$U_type { imm: 'hxxxxx, rd: , opc: 'hxx }
cycle 2878
copperv1: received:         x
tagged U_type Instruction_$U_type { imm: 'hxxxxx, rd: , opc: 'hxx }
cycle 2879
copperv1: received:         x
tagged U_type Instruction_$U_type { imm: 'hxxxxx, rd: , opc: 'hxx }
cycle 2880
copperv1: received:         x
tagged U_type Instruction_$U_type { imm: 'hxxxxx, rd: , opc: 'hxx }
cycle 2881
copperv1: received:         x
tagged U_type Instruction_$U_type { imm: 'hxxxxx, rd: , opc: 'hxx }
cycle 2882
copperv1: received:         x
tagged U_type Instruction_$U_type { imm: 'hxxxxx, rd: , opc: 'hxx }
cycle 2883
copperv1: received:         x
tagged U_type Instruction_$U_type { imm: 'hxxxxx, rd: , opc: 'hxx }
cycle 2884
copperv1: received:         x
tagged U_type Instruction_$U_type { imm: 'hxxxxx, rd: , opc: 'hxx }
cycle 2885
copperv1: received:         x
tagged U_type Instruction_$U_type { imm: 'hxxxxx, rd: , opc: 'hxx }
cycle 2886
copperv1: received:         x
tagged U_type Instruction_$U_type { imm: 'hxxxxx, rd: , opc: 'hxx }
cycle 2887
copperv1: received:         x
tagged U_type Instruction_$U_type { imm: 'hxxxxx, rd: , opc: 'hxx }
cycle 2888
copperv1: received:         x
tagged U_type Instruction_$U_type { imm: 'hxxxxx, rd: , opc: 'hxx }
cycle 2889
copperv1: received:         x
tagged U_type Instruction_$U_type { imm: 'hxxxxx, rd: , opc: 'hxx }
cycle 2890
copperv1: received:         x
tagged U_type Instruction_$U_type { imm: 'hxxxxx, rd: , opc: 'hxx }
cycle 2891
copperv1: received:         x
tagged U_type Instruction_$U_type { imm: 'hxxxxx, rd: , opc: 'hxx }
cycle 2892
copperv1: received:         x
tagged U_type Instruction_$U_type { imm: 'hxxxxx, rd: , opc: 'hxx }
cycle 2893
copperv1: received:         x
tagged U_type Instruction_$U_type { imm: 'hxxxxx, rd: , opc: 'hxx }
cycle 2894
copperv1: received:         x
tagged U_type Instruction_$U_type { imm: 'hxxxxx, rd: , opc: 'hxx }
cycle 2895
copperv1: received:         x
tagged U_type Instruction_$U_type { imm: 'hxxxxx, rd: , opc: 'hxx }
cycle 2896
copperv1: received:         x
tagged U_type Instruction_$U_type { imm: 'hxxxxx, rd: , opc: 'hxx }
cycle 2897
copperv1: received:         x
tagged U_type Instruction_$U_type { imm: 'hxxxxx, rd: , opc: 'hxx }
cycle 2898
copperv1: received:         x
tagged U_type Instruction_$U_type { imm: 'hxxxxx, rd: , opc: 'hxx }
cycle 2899
copperv1: received:         x
tagged U_type Instruction_$U_type { imm: 'hxxxxx, rd: , opc: 'hxx }
cycle 2900
copperv1: received:         x
tagged U_type Instruction_$U_type { imm: 'hxxxxx, rd: , opc: 'hxx }
cycle 2901
copperv1: received:         x
tagged U_type Instruction_$U_type { imm: 'hxxxxx, rd: , opc: 'hxx }
cycle 2902
copperv1: received:         x
tagged U_type Instruction_$U_type { imm: 'hxxxxx, rd: , opc: 'hxx }
cycle 2903
copperv1: received:         x
tagged U_type Instruction_$U_type { imm: 'hxxxxx, rd: , opc: 'hxx }
cycle 2904
copperv1: received:         x
tagged U_type Instruction_$U_type { imm: 'hxxxxx, rd: , opc: 'hxx }
cycle 2905
copperv1: received:         x
tagged U_type Instruction_$U_type { imm: 'hxxxxx, rd: , opc: 'hxx }
cycle 2906
copperv1: received:         x
tagged U_type Instruction_$U_type { imm: 'hxxxxx, rd: , opc: 'hxx }
cycle 2907
copperv1: received:         x
tagged U_type Instruction_$U_type { imm: 'hxxxxx, rd: , opc: 'hxx }
cycle 2908
copperv1: received:         x
tagged U_type Instruction_$U_type { imm: 'hxxxxx, rd: , opc: 'hxx }
cycle 2909
copperv1: received:         x
tagged U_type Instruction_$U_type { imm: 'hxxxxx, rd: , opc: 'hxx }
cycle 2910
copperv1: received:         x
tagged U_type Instruction_$U_type { imm: 'hxxxxx, rd: , opc: 'hxx }
cycle 2911
copperv1: received:         x
tagged U_type Instruction_$U_type { imm: 'hxxxxx, rd: , opc: 'hxx }
cycle 2912
copperv1: received:         x
tagged U_type Instruction_$U_type { imm: 'hxxxxx, rd: , opc: 'hxx }
cycle 2913
copperv1: received:         x
tagged U_type Instruction_$U_type { imm: 'hxxxxx, rd: , opc: 'hxx }
cycle 2914
copperv1: received:         x
tagged U_type Instruction_$U_type { imm: 'hxxxxx, rd: , opc: 'hxx }
cycle 2915
copperv1: received:         x
tagged U_type Instruction_$U_type { imm: 'hxxxxx, rd: , opc: 'hxx }
cycle 2916
copperv1: received:         x
tagged U_type Instruction_$U_type { imm: 'hxxxxx, rd: , opc: 'hxx }
cycle 2917
copperv1: received:         x
tagged U_type Instruction_$U_type { imm: 'hxxxxx, rd: , opc: 'hxx }
cycle 2918
copperv1: received:         x
tagged U_type Instruction_$U_type { imm: 'hxxxxx, rd: , opc: 'hxx }
cycle 2919
copperv1: received:         x
tagged U_type Instruction_$U_type { imm: 'hxxxxx, rd: , opc: 'hxx }
cycle 2920
copperv1: received:         x
tagged U_type Instruction_$U_type { imm: 'hxxxxx, rd: , opc: 'hxx }
cycle 2921
copperv1: received:         x
tagged U_type Instruction_$U_type { imm: 'hxxxxx, rd: , opc: 'hxx }
cycle 2922
copperv1: received:         x
tagged U_type Instruction_$U_type { imm: 'hxxxxx, rd: , opc: 'hxx }
cycle 2923
copperv1: received:         x
tagged U_type Instruction_$U_type { imm: 'hxxxxx, rd: , opc: 'hxx }
cycle 2924
copperv1: received:         x
tagged U_type Instruction_$U_type { imm: 'hxxxxx, rd: , opc: 'hxx }
cycle 2925
copperv1: received:         x
tagged U_type Instruction_$U_type { imm: 'hxxxxx, rd: , opc: 'hxx }
cycle 2926
copperv1: received:         x
tagged U_type Instruction_$U_type { imm: 'hxxxxx, rd: , opc: 'hxx }
cycle 2927
copperv1: received:         x
tagged U_type Instruction_$U_type { imm: 'hxxxxx, rd: , opc: 'hxx }
cycle 2928
copperv1: received:         x
tagged U_type Instruction_$U_type { imm: 'hxxxxx, rd: , opc: 'hxx }
cycle 2929
copperv1: received:         x
tagged U_type Instruction_$U_type { imm: 'hxxxxx, rd: , opc: 'hxx }
cycle 2930
copperv1: received:         x
tagged U_type Instruction_$U_type { imm: 'hxxxxx, rd: , opc: 'hxx }
cycle 2931
copperv1: received:         x
tagged U_type Instruction_$U_type { imm: 'hxxxxx, rd: , opc: 'hxx }
cycle 2932
copperv1: received:         x
tagged U_type Instruction_$U_type { imm: 'hxxxxx, rd: , opc: 'hxx }
cycle 2933
copperv1: received:         x
tagged U_type Instruction_$U_type { imm: 'hxxxxx, rd: , opc: 'hxx }
cycle 2934
copperv1: received:         x
tagged U_type Instruction_$U_type { imm: 'hxxxxx, rd: , opc: 'hxx }
cycle 2935
copperv1: received:         x
tagged U_type Instruction_$U_type { imm: 'hxxxxx, rd: , opc: 'hxx }
cycle 2936
copperv1: received:         x
tagged U_type Instruction_$U_type { imm: 'hxxxxx, rd: , opc: 'hxx }
cycle 2937
copperv1: received:         x
tagged U_type Instruction_$U_type { imm: 'hxxxxx, rd: , opc: 'hxx }
cycle 2938
copperv1: received:         x
tagged U_type Instruction_$U_type { imm: 'hxxxxx, rd: , opc: 'hxx }
cycle 2939
copperv1: received:         x
tagged U_type Instruction_$U_type { imm: 'hxxxxx, rd: , opc: 'hxx }
cycle 2940
copperv1: received:         x
tagged U_type Instruction_$U_type { imm: 'hxxxxx, rd: , opc: 'hxx }
cycle 2941
copperv1: received:         x
tagged U_type Instruction_$U_type { imm: 'hxxxxx, rd: , opc: 'hxx }
cycle 2942
copperv1: received:         x
tagged U_type Instruction_$U_type { imm: 'hxxxxx, rd: , opc: 'hxx }
cycle 2943
copperv1: received:         x
tagged U_type Instruction_$U_type { imm: 'hxxxxx, rd: , opc: 'hxx }
cycle 2944
copperv1: received:         x
tagged U_type Instruction_$U_type { imm: 'hxxxxx, rd: , opc: 'hxx }
cycle 2945
copperv1: received:         x
tagged U_type Instruction_$U_type { imm: 'hxxxxx, rd: , opc: 'hxx }
cycle 2946
copperv1: received:         x
tagged U_type Instruction_$U_type { imm: 'hxxxxx, rd: , opc: 'hxx }
cycle 2947
copperv1: received:         x
tagged U_type Instruction_$U_type { imm: 'hxxxxx, rd: , opc: 'hxx }
cycle 2948
copperv1: received:         x
tagged U_type Instruction_$U_type { imm: 'hxxxxx, rd: , opc: 'hxx }
cycle 2949
copperv1: received:         x
tagged U_type Instruction_$U_type { imm: 'hxxxxx, rd: , opc: 'hxx }
cycle 2950
copperv1: received:         x
tagged U_type Instruction_$U_type { imm: 'hxxxxx, rd: , opc: 'hxx }
cycle 2951
copperv1: received:         x
tagged U_type Instruction_$U_type { imm: 'hxxxxx, rd: , opc: 'hxx }
cycle 2952
copperv1: received:         x
tagged U_type Instruction_$U_type { imm: 'hxxxxx, rd: , opc: 'hxx }
cycle 2953
copperv1: received:         x
tagged U_type Instruction_$U_type { imm: 'hxxxxx, rd: , opc: 'hxx }
cycle 2954
copperv1: received:         x
tagged U_type Instruction_$U_type { imm: 'hxxxxx, rd: , opc: 'hxx }
cycle 2955
copperv1: received:         x
tagged U_type Instruction_$U_type { imm: 'hxxxxx, rd: , opc: 'hxx }
cycle 2956
copperv1: received:         x
tagged U_type Instruction_$U_type { imm: 'hxxxxx, rd: , opc: 'hxx }
cycle 2957
copperv1: received:         x
tagged U_type Instruction_$U_type { imm: 'hxxxxx, rd: , opc: 'hxx }
cycle 2958
copperv1: received:         x
tagged U_type Instruction_$U_type { imm: 'hxxxxx, rd: , opc: 'hxx }
cycle 2959
copperv1: received:         x
tagged U_type Instruction_$U_type { imm: 'hxxxxx, rd: , opc: 'hxx }
cycle 2960
copperv1: received:         x
tagged U_type Instruction_$U_type { imm: 'hxxxxx, rd: , opc: 'hxx }
cycle 2961
copperv1: received:         x
tagged U_type Instruction_$U_type { imm: 'hxxxxx, rd: , opc: 'hxx }
cycle 2962
copperv1: received:         x
tagged U_type Instruction_$U_type { imm: 'hxxxxx, rd: , opc: 'hxx }
cycle 2963
copperv1: received:         x
tagged U_type Instruction_$U_type { imm: 'hxxxxx, rd: , opc: 'hxx }
cycle 2964
copperv1: received:         x
tagged U_type Instruction_$U_type { imm: 'hxxxxx, rd: , opc: 'hxx }
cycle 2965
copperv1: received:         x
tagged U_type Instruction_$U_type { imm: 'hxxxxx, rd: , opc: 'hxx }
cycle 2966
copperv1: received:         x
tagged U_type Instruction_$U_type { imm: 'hxxxxx, rd: , opc: 'hxx }
cycle 2967
copperv1: received:         x
tagged U_type Instruction_$U_type { imm: 'hxxxxx, rd: , opc: 'hxx }
cycle 2968
copperv1: received:         x
tagged U_type Instruction_$U_type { imm: 'hxxxxx, rd: , opc: 'hxx }
cycle 2969
copperv1: received:         x
tagged U_type Instruction_$U_type { imm: 'hxxxxx, rd: , opc: 'hxx }
cycle 2970
copperv1: received:         x
tagged U_type Instruction_$U_type { imm: 'hxxxxx, rd: , opc: 'hxx }
cycle 2971
copperv1: received:         x
tagged U_type Instruction_$U_type { imm: 'hxxxxx, rd: , opc: 'hxx }
cycle 2972
copperv1: received:         x
tagged U_type Instruction_$U_type { imm: 'hxxxxx, rd: , opc: 'hxx }
cycle 2973
copperv1: received:         x
tagged U_type Instruction_$U_type { imm: 'hxxxxx, rd: , opc: 'hxx }
cycle 2974
copperv1: received:         x
tagged U_type Instruction_$U_type { imm: 'hxxxxx, rd: , opc: 'hxx }
cycle 2975
copperv1: received:         x
tagged U_type Instruction_$U_type { imm: 'hxxxxx, rd: , opc: 'hxx }
cycle 2976
copperv1: received:         x
tagged U_type Instruction_$U_type { imm: 'hxxxxx, rd: , opc: 'hxx }
cycle 2977
copperv1: received:         x
tagged U_type Instruction_$U_type { imm: 'hxxxxx, rd: , opc: 'hxx }
cycle 2978
copperv1: received:         x
tagged U_type Instruction_$U_type { imm: 'hxxxxx, rd: , opc: 'hxx }
cycle 2979
copperv1: received:         x
tagged U_type Instruction_$U_type { imm: 'hxxxxx, rd: , opc: 'hxx }
cycle 2980
copperv1: received:         x
tagged U_type Instruction_$U_type { imm: 'hxxxxx, rd: , opc: 'hxx }
cycle 2981
copperv1: received:         x
tagged U_type Instruction_$U_type { imm: 'hxxxxx, rd: , opc: 'hxx }
cycle 2982
copperv1: received:         x
tagged U_type Instruction_$U_type { imm: 'hxxxxx, rd: , opc: 'hxx }
cycle 2983
copperv1: received:         x
tagged U_type Instruction_$U_type { imm: 'hxxxxx, rd: , opc: 'hxx }
cycle 2984
copperv1: received:         x
tagged U_type Instruction_$U_type { imm: 'hxxxxx, rd: , opc: 'hxx }
cycle 2985
copperv1: received:         x
tagged U_type Instruction_$U_type { imm: 'hxxxxx, rd: , opc: 'hxx }
cycle 2986
copperv1: received:         x
tagged U_type Instruction_$U_type { imm: 'hxxxxx, rd: , opc: 'hxx }
cycle 2987
copperv1: received:         x
tagged U_type Instruction_$U_type { imm: 'hxxxxx, rd: , opc: 'hxx }
cycle 2988
copperv1: received:         x
tagged U_type Instruction_$U_type { imm: 'hxxxxx, rd: , opc: 'hxx }
cycle 2989
copperv1: received:         x
tagged U_type Instruction_$U_type { imm: 'hxxxxx, rd: , opc: 'hxx }
cycle 2990
copperv1: received:         x
tagged U_type Instruction_$U_type { imm: 'hxxxxx, rd: , opc: 'hxx }
cycle 2991
copperv1: received:         x
tagged U_type Instruction_$U_type { imm: 'hxxxxx, rd: , opc: 'hxx }
cycle 2992
copperv1: received:         x
tagged U_type Instruction_$U_type { imm: 'hxxxxx, rd: , opc: 'hxx }
cycle 2993
copperv1: received:         x
tagged U_type Instruction_$U_type { imm: 'hxxxxx, rd: , opc: 'hxx }
cycle 2994
copperv1: received:         x
tagged U_type Instruction_$U_type { imm: 'hxxxxx, rd: , opc: 'hxx }
cycle 2995
copperv1: received:         x
tagged U_type Instruction_$U_type { imm: 'hxxxxx, rd: , opc: 'hxx }
cycle 2996
copperv1: received:         x
tagged U_type Instruction_$U_type { imm: 'hxxxxx, rd: , opc: 'hxx }
cycle 2997
copperv1: received:         x
tagged U_type Instruction_$U_type { imm: 'hxxxxx, rd: , opc: 'hxx }
cycle 2998
copperv1: received:         x
tagged U_type Instruction_$U_type { imm: 'hxxxxx, rd: , opc: 'hxx }
cycle 2999
copperv1: received:         x
tagged U_type Instruction_$U_type { imm: 'hxxxxx, rd: , opc: 'hxx }
cycle 3000
copperv1: received:         x
tagged U_type Instruction_$U_type { imm: 'hxxxxx, rd: , opc: 'hxx }
cycle 3001
copperv1: received:         x
tagged U_type Instruction_$U_type { imm: 'hxxxxx, rd: , opc: 'hxx }
cycle 3002
copperv1: received:         x
tagged U_type Instruction_$U_type { imm: 'hxxxxx, rd: , opc: 'hxx }
cycle 3003
copperv1: received:         x
tagged U_type Instruction_$U_type { imm: 'hxxxxx, rd: , opc: 'hxx }
cycle 3004
copperv1: received:         x
tagged U_type Instruction_$U_type { imm: 'hxxxxx, rd: , opc: 'hxx }
cycle 3005
copperv1: received:         x
tagged U_type Instruction_$U_type { imm: 'hxxxxx, rd: , opc: 'hxx }
cycle 3006
copperv1: received:         x
tagged U_type Instruction_$U_type { imm: 'hxxxxx, rd: , opc: 'hxx }
cycle 3007
copperv1: received:         x
tagged U_type Instruction_$U_type { imm: 'hxxxxx, rd: , opc: 'hxx }
cycle 3008
copperv1: received:         x
tagged U_type Instruction_$U_type { imm: 'hxxxxx, rd: , opc: 'hxx }
cycle 3009
copperv1: received:         x
tagged U_type Instruction_$U_type { imm: 'hxxxxx, rd: , opc: 'hxx }
cycle 3010
copperv1: received:         x
tagged U_type Instruction_$U_type { imm: 'hxxxxx, rd: , opc: 'hxx }
cycle 3011
copperv1: received:         x
tagged U_type Instruction_$U_type { imm: 'hxxxxx, rd: , opc: 'hxx }
cycle 3012
copperv1: received:         x
tagged U_type Instruction_$U_type { imm: 'hxxxxx, rd: , opc: 'hxx }
cycle 3013
copperv1: received:         x
tagged U_type Instruction_$U_type { imm: 'hxxxxx, rd: , opc: 'hxx }
cycle 3014
copperv1: received:         x
tagged U_type Instruction_$U_type { imm: 'hxxxxx, rd: , opc: 'hxx }
cycle 3015
copperv1: received:         x
tagged U_type Instruction_$U_type { imm: 'hxxxxx, rd: , opc: 'hxx }
cycle 3016
copperv1: received:         x
tagged U_type Instruction_$U_type { imm: 'hxxxxx, rd: , opc: 'hxx }
cycle 3017
copperv1: received:         x
tagged U_type Instruction_$U_type { imm: 'hxxxxx, rd: , opc: 'hxx }
cycle 3018
copperv1: received:         x
tagged U_type Instruction_$U_type { imm: 'hxxxxx, rd: , opc: 'hxx }
cycle 3019
copperv1: received:         x
tagged U_type Instruction_$U_type { imm: 'hxxxxx, rd: , opc: 'hxx }
cycle 3020
copperv1: received:         x
tagged U_type Instruction_$U_type { imm: 'hxxxxx, rd: , opc: 'hxx }
cycle 3021
copperv1: received:         x
tagged U_type Instruction_$U_type { imm: 'hxxxxx, rd: , opc: 'hxx }
cycle 3022
copperv1: received:         x
tagged U_type Instruction_$U_type { imm: 'hxxxxx, rd: , opc: 'hxx }
cycle 3023
copperv1: received:         x
tagged U_type Instruction_$U_type { imm: 'hxxxxx, rd: , opc: 'hxx }
cycle 3024
copperv1: received:         x
tagged U_type Instruction_$U_type { imm: 'hxxxxx, rd: , opc: 'hxx }
cycle 3025
copperv1: received:         x
tagged U_type Instruction_$U_type { imm: 'hxxxxx, rd: , opc: 'hxx }
cycle 3026
copperv1: received:         x
tagged U_type Instruction_$U_type { imm: 'hxxxxx, rd: , opc: 'hxx }
cycle 3027
copperv1: received:         x
tagged U_type Instruction_$U_type { imm: 'hxxxxx, rd: , opc: 'hxx }
cycle 3028
copperv1: received:         x
tagged U_type Instruction_$U_type { imm: 'hxxxxx, rd: , opc: 'hxx }
cycle 3029
copperv1: received:         x
tagged U_type Instruction_$U_type { imm: 'hxxxxx, rd: , opc: 'hxx }
cycle 3030
copperv1: received:         x
tagged U_type Instruction_$U_type { imm: 'hxxxxx, rd: , opc: 'hxx }
cycle 3031
copperv1: received:         x
tagged U_type Instruction_$U_type { imm: 'hxxxxx, rd: , opc: 'hxx }
cycle 3032
copperv1: received:         x
tagged U_type Instruction_$U_type { imm: 'hxxxxx, rd: , opc: 'hxx }
cycle 3033
copperv1: received:         x
tagged U_type Instruction_$U_type { imm: 'hxxxxx, rd: , opc: 'hxx }
cycle 3034
copperv1: received:         x
tagged U_type Instruction_$U_type { imm: 'hxxxxx, rd: , opc: 'hxx }
cycle 3035
copperv1: received:         x
tagged U_type Instruction_$U_type { imm: 'hxxxxx, rd: , opc: 'hxx }
cycle 3036
copperv1: received:         x
tagged U_type Instruction_$U_type { imm: 'hxxxxx, rd: , opc: 'hxx }
cycle 3037
copperv1: received:         x
tagged U_type Instruction_$U_type { imm: 'hxxxxx, rd: , opc: 'hxx }
cycle 3038
copperv1: received:         x
tagged U_type Instruction_$U_type { imm: 'hxxxxx, rd: , opc: 'hxx }
cycle 3039
copperv1: received:         x
tagged U_type Instruction_$U_type { imm: 'hxxxxx, rd: , opc: 'hxx }
cycle 3040
copperv1: received:         x
tagged U_type Instruction_$U_type { imm: 'hxxxxx, rd: , opc: 'hxx }
cycle 3041
copperv1: received:         x
tagged U_type Instruction_$U_type { imm: 'hxxxxx, rd: , opc: 'hxx }
cycle 3042
copperv1: received:         x
tagged U_type Instruction_$U_type { imm: 'hxxxxx, rd: , opc: 'hxx }
cycle 3043
copperv1: received:         x
tagged U_type Instruction_$U_type { imm: 'hxxxxx, rd: , opc: 'hxx }
cycle 3044
copperv1: received:         x
tagged U_type Instruction_$U_type { imm: 'hxxxxx, rd: , opc: 'hxx }
cycle 3045
copperv1: received:         x
tagged U_type Instruction_$U_type { imm: 'hxxxxx, rd: , opc: 'hxx }
cycle 3046
copperv1: received:         x
tagged U_type Instruction_$U_type { imm: 'hxxxxx, rd: , opc: 'hxx }
cycle 3047
copperv1: received:         x
tagged U_type Instruction_$U_type { imm: 'hxxxxx, rd: , opc: 'hxx }
cycle 3048
copperv1: received:         x
tagged U_type Instruction_$U_type { imm: 'hxxxxx, rd: , opc: 'hxx }
cycle 3049
copperv1: received:         x
tagged U_type Instruction_$U_type { imm: 'hxxxxx, rd: , opc: 'hxx }
cycle 3050
copperv1: received:         x
tagged U_type Instruction_$U_type { imm: 'hxxxxx, rd: , opc: 'hxx }
cycle 3051
copperv1: received:         x
tagged U_type Instruction_$U_type { imm: 'hxxxxx, rd: , opc: 'hxx }
cycle 3052
copperv1: received:         x
tagged U_type Instruction_$U_type { imm: 'hxxxxx, rd: , opc: 'hxx }
cycle 3053
copperv1: received:         x
tagged U_type Instruction_$U_type { imm: 'hxxxxx, rd: , opc: 'hxx }
cycle 3054
copperv1: received:         x
tagged U_type Instruction_$U_type { imm: 'hxxxxx, rd: , opc: 'hxx }
cycle 3055
copperv1: received:         x
tagged U_type Instruction_$U_type { imm: 'hxxxxx, rd: , opc: 'hxx }
cycle 3056
copperv1: received:         x
tagged U_type Instruction_$U_type { imm: 'hxxxxx, rd: , opc: 'hxx }
cycle 3057
copperv1: received:         x
tagged U_type Instruction_$U_type { imm: 'hxxxxx, rd: , opc: 'hxx }
cycle 3058
copperv1: received:         x
tagged U_type Instruction_$U_type { imm: 'hxxxxx, rd: , opc: 'hxx }
cycle 3059
copperv1: received:         x
tagged U_type Instruction_$U_type { imm: 'hxxxxx, rd: , opc: 'hxx }
cycle 3060
copperv1: received:         x
tagged U_type Instruction_$U_type { imm: 'hxxxxx, rd: , opc: 'hxx }
cycle 3061
copperv1: received:         x
tagged U_type Instruction_$U_type { imm: 'hxxxxx, rd: , opc: 'hxx }
cycle 3062
copperv1: received:         x
tagged U_type Instruction_$U_type { imm: 'hxxxxx, rd: , opc: 'hxx }
cycle 3063
copperv1: received:         x
tagged U_type Instruction_$U_type { imm: 'hxxxxx, rd: , opc: 'hxx }
cycle 3064
copperv1: received:         x
tagged U_type Instruction_$U_type { imm: 'hxxxxx, rd: , opc: 'hxx }
cycle 3065
copperv1: received:         x
tagged U_type Instruction_$U_type { imm: 'hxxxxx, rd: , opc: 'hxx }
cycle 3066
copperv1: received:         x
tagged U_type Instruction_$U_type { imm: 'hxxxxx, rd: , opc: 'hxx }
cycle 3067
copperv1: received:         x
tagged U_type Instruction_$U_type { imm: 'hxxxxx, rd: , opc: 'hxx }
cycle 3068
copperv1: received:         x
tagged U_type Instruction_$U_type { imm: 'hxxxxx, rd: , opc: 'hxx }
cycle 3069
copperv1: received:         x
tagged U_type Instruction_$U_type { imm: 'hxxxxx, rd: , opc: 'hxx }
cycle 3070
copperv1: received:         x
tagged U_type Instruction_$U_type { imm: 'hxxxxx, rd: , opc: 'hxx }
cycle 3071
copperv1: received:         x
tagged U_type Instruction_$U_type { imm: 'hxxxxx, rd: , opc: 'hxx }
cycle 3072
copperv1: received:         x
tagged U_type Instruction_$U_type { imm: 'hxxxxx, rd: , opc: 'hxx }
cycle 3073
copperv1: received:         x
tagged U_type Instruction_$U_type { imm: 'hxxxxx, rd: , opc: 'hxx }
cycle 3074
copperv1: received:         x
tagged U_type Instruction_$U_type { imm: 'hxxxxx, rd: , opc: 'hxx }
cycle 3075
copperv1: received:         x
tagged U_type Instruction_$U_type { imm: 'hxxxxx, rd: , opc: 'hxx }
cycle 3076
copperv1: received:         x
tagged U_type Instruction_$U_type { imm: 'hxxxxx, rd: , opc: 'hxx }
cycle 3077
copperv1: received:         x
tagged U_type Instruction_$U_type { imm: 'hxxxxx, rd: , opc: 'hxx }
cycle 3078
copperv1: received:         x
tagged U_type Instruction_$U_type { imm: 'hxxxxx, rd: , opc: 'hxx }
cycle 3079
copperv1: received:         x
tagged U_type Instruction_$U_type { imm: 'hxxxxx, rd: , opc: 'hxx }
cycle 3080
copperv1: received:         x
tagged U_type Instruction_$U_type { imm: 'hxxxxx, rd: , opc: 'hxx }
cycle 3081
copperv1: received:         x
tagged U_type Instruction_$U_type { imm: 'hxxxxx, rd: , opc: 'hxx }
cycle 3082
copperv1: received:         x
tagged U_type Instruction_$U_type { imm: 'hxxxxx, rd: , opc: 'hxx }
cycle 3083
copperv1: received:         x
tagged U_type Instruction_$U_type { imm: 'hxxxxx, rd: , opc: 'hxx }
cycle 3084
copperv1: received:         x
tagged U_type Instruction_$U_type { imm: 'hxxxxx, rd: , opc: 'hxx }
cycle 3085
copperv1: received:         x
tagged U_type Instruction_$U_type { imm: 'hxxxxx, rd: , opc: 'hxx }
cycle 3086
copperv1: received:         x
tagged U_type Instruction_$U_type { imm: 'hxxxxx, rd: , opc: 'hxx }
cycle 3087
copperv1: received:         x
tagged U_type Instruction_$U_type { imm: 'hxxxxx, rd: , opc: 'hxx }
cycle 3088
copperv1: received:         x
tagged U_type Instruction_$U_type { imm: 'hxxxxx, rd: , opc: 'hxx }
cycle 3089
copperv1: received:         x
tagged U_type Instruction_$U_type { imm: 'hxxxxx, rd: , opc: 'hxx }
cycle 3090
copperv1: received:         x
tagged U_type Instruction_$U_type { imm: 'hxxxxx, rd: , opc: 'hxx }
cycle 3091
copperv1: received:         x
tagged U_type Instruction_$U_type { imm: 'hxxxxx, rd: , opc: 'hxx }
cycle 3092
copperv1: received:         x
tagged U_type Instruction_$U_type { imm: 'hxxxxx, rd: , opc: 'hxx }
cycle 3093
copperv1: received:         x
tagged U_type Instruction_$U_type { imm: 'hxxxxx, rd: , opc: 'hxx }
cycle 3094
copperv1: received:         x
tagged U_type Instruction_$U_type { imm: 'hxxxxx, rd: , opc: 'hxx }
cycle 3095
copperv1: received:         x
tagged U_type Instruction_$U_type { imm: 'hxxxxx, rd: , opc: 'hxx }
cycle 3096
copperv1: received:         x
tagged U_type Instruction_$U_type { imm: 'hxxxxx, rd: , opc: 'hxx }
cycle 3097
copperv1: received:         x
tagged U_type Instruction_$U_type { imm: 'hxxxxx, rd: , opc: 'hxx }
cycle 3098
copperv1: received:         x
tagged U_type Instruction_$U_type { imm: 'hxxxxx, rd: , opc: 'hxx }
cycle 3099
copperv1: received:         x
tagged U_type Instruction_$U_type { imm: 'hxxxxx, rd: , opc: 'hxx }
cycle 3100
copperv1: received:         x
tagged U_type Instruction_$U_type { imm: 'hxxxxx, rd: , opc: 'hxx }
cycle 3101
copperv1: received:         x
tagged U_type Instruction_$U_type { imm: 'hxxxxx, rd: , opc: 'hxx }
cycle 3102
copperv1: received:         x
tagged U_type Instruction_$U_type { imm: 'hxxxxx, rd: , opc: 'hxx }
cycle 3103
copperv1: received:         x
tagged U_type Instruction_$U_type { imm: 'hxxxxx, rd: , opc: 'hxx }
cycle 3104
copperv1: received:         x
tagged U_type Instruction_$U_type { imm: 'hxxxxx, rd: , opc: 'hxx }
cycle 3105
copperv1: received:         x
tagged U_type Instruction_$U_type { imm: 'hxxxxx, rd: , opc: 'hxx }
cycle 3106
copperv1: received:         x
tagged U_type Instruction_$U_type { imm: 'hxxxxx, rd: , opc: 'hxx }
cycle 3107
copperv1: received:         x
tagged U_type Instruction_$U_type { imm: 'hxxxxx, rd: , opc: 'hxx }
cycle 3108
copperv1: received:         x
tagged U_type Instruction_$U_type { imm: 'hxxxxx, rd: , opc: 'hxx }
cycle 3109
copperv1: received:         x
tagged U_type Instruction_$U_type { imm: 'hxxxxx, rd: , opc: 'hxx }
cycle 3110
copperv1: received:         x
tagged U_type Instruction_$U_type { imm: 'hxxxxx, rd: , opc: 'hxx }
cycle 3111
copperv1: received:         x
tagged U_type Instruction_$U_type { imm: 'hxxxxx, rd: , opc: 'hxx }
cycle 3112
copperv1: received:         x
tagged U_type Instruction_$U_type { imm: 'hxxxxx, rd: , opc: 'hxx }
cycle 3113
copperv1: received:         x
tagged U_type Instruction_$U_type { imm: 'hxxxxx, rd: , opc: 'hxx }
cycle 3114
copperv1: received:         x
tagged U_type Instruction_$U_type { imm: 'hxxxxx, rd: , opc: 'hxx }
cycle 3115
copperv1: received:         x
tagged U_type Instruction_$U_type { imm: 'hxxxxx, rd: , opc: 'hxx }
cycle 3116
copperv1: received:         x
tagged U_type Instruction_$U_type { imm: 'hxxxxx, rd: , opc: 'hxx }
cycle 3117
copperv1: received:         x
tagged U_type Instruction_$U_type { imm: 'hxxxxx, rd: , opc: 'hxx }
cycle 3118
copperv1: received:         x
tagged U_type Instruction_$U_type { imm: 'hxxxxx, rd: , opc: 'hxx }
cycle 3119
copperv1: received:         x
tagged U_type Instruction_$U_type { imm: 'hxxxxx, rd: , opc: 'hxx }
cycle 3120
copperv1: received:         x
tagged U_type Instruction_$U_type { imm: 'hxxxxx, rd: , opc: 'hxx }
cycle 3121
copperv1: received:         x
tagged U_type Instruction_$U_type { imm: 'hxxxxx, rd: , opc: 'hxx }
cycle 3122
copperv1: received:         x
tagged U_type Instruction_$U_type { imm: 'hxxxxx, rd: , opc: 'hxx }
cycle 3123
copperv1: received:         x
tagged U_type Instruction_$U_type { imm: 'hxxxxx, rd: , opc: 'hxx }
cycle 3124
copperv1: received:         x
tagged U_type Instruction_$U_type { imm: 'hxxxxx, rd: , opc: 'hxx }
cycle 3125
copperv1: received:         x
tagged U_type Instruction_$U_type { imm: 'hxxxxx, rd: , opc: 'hxx }
cycle 3126
copperv1: received:         x
tagged U_type Instruction_$U_type { imm: 'hxxxxx, rd: , opc: 'hxx }
cycle 3127
copperv1: received:         x
tagged U_type Instruction_$U_type { imm: 'hxxxxx, rd: , opc: 'hxx }
cycle 3128
copperv1: received:         x
tagged U_type Instruction_$U_type { imm: 'hxxxxx, rd: , opc: 'hxx }
cycle 3129
copperv1: received:         x
tagged U_type Instruction_$U_type { imm: 'hxxxxx, rd: , opc: 'hxx }
cycle 3130
copperv1: received:         x
tagged U_type Instruction_$U_type { imm: 'hxxxxx, rd: , opc: 'hxx }
cycle 3131
copperv1: received:         x
tagged U_type Instruction_$U_type { imm: 'hxxxxx, rd: , opc: 'hxx }
cycle 3132
copperv1: received:         x
tagged U_type Instruction_$U_type { imm: 'hxxxxx, rd: , opc: 'hxx }
cycle 3133
copperv1: received:         x
tagged U_type Instruction_$U_type { imm: 'hxxxxx, rd: , opc: 'hxx }
cycle 3134
copperv1: received:         x
tagged U_type Instruction_$U_type { imm: 'hxxxxx, rd: , opc: 'hxx }
cycle 3135
copperv1: received:         x
tagged U_type Instruction_$U_type { imm: 'hxxxxx, rd: , opc: 'hxx }
cycle 3136
copperv1: received:         x
tagged U_type Instruction_$U_type { imm: 'hxxxxx, rd: , opc: 'hxx }
cycle 3137
copperv1: received:         x
tagged U_type Instruction_$U_type { imm: 'hxxxxx, rd: , opc: 'hxx }
cycle 3138
copperv1: received:         x
tagged U_type Instruction_$U_type { imm: 'hxxxxx, rd: , opc: 'hxx }
cycle 3139
copperv1: received:         x
tagged U_type Instruction_$U_type { imm: 'hxxxxx, rd: , opc: 'hxx }
cycle 3140
copperv1: received:         x
tagged U_type Instruction_$U_type { imm: 'hxxxxx, rd: , opc: 'hxx }
cycle 3141
copperv1: received:         x
tagged U_type Instruction_$U_type { imm: 'hxxxxx, rd: , opc: 'hxx }
cycle 3142
copperv1: received:         x
tagged U_type Instruction_$U_type { imm: 'hxxxxx, rd: , opc: 'hxx }
cycle 3143
copperv1: received:         x
tagged U_type Instruction_$U_type { imm: 'hxxxxx, rd: , opc: 'hxx }
cycle 3144
copperv1: received:         x
tagged U_type Instruction_$U_type { imm: 'hxxxxx, rd: , opc: 'hxx }
cycle 3145
copperv1: received:         x
tagged U_type Instruction_$U_type { imm: 'hxxxxx, rd: , opc: 'hxx }
cycle 3146
copperv1: received:         x
tagged U_type Instruction_$U_type { imm: 'hxxxxx, rd: , opc: 'hxx }
cycle 3147
copperv1: received:         x
tagged U_type Instruction_$U_type { imm: 'hxxxxx, rd: , opc: 'hxx }
cycle 3148
copperv1: received:         x
tagged U_type Instruction_$U_type { imm: 'hxxxxx, rd: , opc: 'hxx }
cycle 3149
copperv1: received:         x
tagged U_type Instruction_$U_type { imm: 'hxxxxx, rd: , opc: 'hxx }
cycle 3150
copperv1: received:         x
tagged U_type Instruction_$U_type { imm: 'hxxxxx, rd: , opc: 'hxx }
cycle 3151
copperv1: received:         x
tagged U_type Instruction_$U_type { imm: 'hxxxxx, rd: , opc: 'hxx }
cycle 3152
copperv1: received:         x
tagged U_type Instruction_$U_type { imm: 'hxxxxx, rd: , opc: 'hxx }
cycle 3153
copperv1: received:         x
tagged U_type Instruction_$U_type { imm: 'hxxxxx, rd: , opc: 'hxx }
cycle 3154
copperv1: received:         x
tagged U_type Instruction_$U_type { imm: 'hxxxxx, rd: , opc: 'hxx }
cycle 3155
copperv1: received:         x
tagged U_type Instruction_$U_type { imm: 'hxxxxx, rd: , opc: 'hxx }
cycle 3156
copperv1: received:         x
tagged U_type Instruction_$U_type { imm: 'hxxxxx, rd: , opc: 'hxx }
cycle 3157
copperv1: received:         x
tagged U_type Instruction_$U_type { imm: 'hxxxxx, rd: , opc: 'hxx }
cycle 3158
copperv1: received:         x
tagged U_type Instruction_$U_type { imm: 'hxxxxx, rd: , opc: 'hxx }
cycle 3159
copperv1: received:         x
tagged U_type Instruction_$U_type { imm: 'hxxxxx, rd: , opc: 'hxx }
cycle 3160
copperv1: received:         x
tagged U_type Instruction_$U_type { imm: 'hxxxxx, rd: , opc: 'hxx }
cycle 3161
copperv1: received:         x
tagged U_type Instruction_$U_type { imm: 'hxxxxx, rd: , opc: 'hxx }
cycle 3162
copperv1: received:         x
tagged U_type Instruction_$U_type { imm: 'hxxxxx, rd: , opc: 'hxx }
cycle 3163
copperv1: received:         x
tagged U_type Instruction_$U_type { imm: 'hxxxxx, rd: , opc: 'hxx }
cycle 3164
copperv1: received:         x
tagged U_type Instruction_$U_type { imm: 'hxxxxx, rd: , opc: 'hxx }
cycle 3165
copperv1: received:         x
tagged U_type Instruction_$U_type { imm: 'hxxxxx, rd: , opc: 'hxx }
cycle 3166
copperv1: received:         x
tagged U_type Instruction_$U_type { imm: 'hxxxxx, rd: , opc: 'hxx }
cycle 3167
copperv1: received:         x
tagged U_type Instruction_$U_type { imm: 'hxxxxx, rd: , opc: 'hxx }
cycle 3168
copperv1: received:         x
tagged U_type Instruction_$U_type { imm: 'hxxxxx, rd: , opc: 'hxx }
cycle 3169
copperv1: received:         x
tagged U_type Instruction_$U_type { imm: 'hxxxxx, rd: , opc: 'hxx }
cycle 3170
copperv1: received:         x
tagged U_type Instruction_$U_type { imm: 'hxxxxx, rd: , opc: 'hxx }
cycle 3171
copperv1: received:         x
tagged U_type Instruction_$U_type { imm: 'hxxxxx, rd: , opc: 'hxx }
cycle 3172
copperv1: received:         x
tagged U_type Instruction_$U_type { imm: 'hxxxxx, rd: , opc: 'hxx }
cycle 3173
copperv1: received:         x
tagged U_type Instruction_$U_type { imm: 'hxxxxx, rd: , opc: 'hxx }
cycle 3174
copperv1: received:         x
tagged U_type Instruction_$U_type { imm: 'hxxxxx, rd: , opc: 'hxx }
cycle 3175
copperv1: received:         x
tagged U_type Instruction_$U_type { imm: 'hxxxxx, rd: , opc: 'hxx }
cycle 3176
copperv1: received:         x
tagged U_type Instruction_$U_type { imm: 'hxxxxx, rd: , opc: 'hxx }
cycle 3177
copperv1: received:         x
tagged U_type Instruction_$U_type { imm: 'hxxxxx, rd: , opc: 'hxx }
cycle 3178
copperv1: received:         x
tagged U_type Instruction_$U_type { imm: 'hxxxxx, rd: , opc: 'hxx }
cycle 3179
copperv1: received:         x
tagged U_type Instruction_$U_type { imm: 'hxxxxx, rd: , opc: 'hxx }
cycle 3180
copperv1: received:         x
tagged U_type Instruction_$U_type { imm: 'hxxxxx, rd: , opc: 'hxx }
cycle 3181
copperv1: received:         x
tagged U_type Instruction_$U_type { imm: 'hxxxxx, rd: , opc: 'hxx }
cycle 3182
copperv1: received:         x
tagged U_type Instruction_$U_type { imm: 'hxxxxx, rd: , opc: 'hxx }
cycle 3183
copperv1: received:         x
tagged U_type Instruction_$U_type { imm: 'hxxxxx, rd: , opc: 'hxx }
cycle 3184
copperv1: received:         x
tagged U_type Instruction_$U_type { imm: 'hxxxxx, rd: , opc: 'hxx }
cycle 3185
copperv1: received:         x
tagged U_type Instruction_$U_type { imm: 'hxxxxx, rd: , opc: 'hxx }
cycle 3186
copperv1: received:         x
tagged U_type Instruction_$U_type { imm: 'hxxxxx, rd: , opc: 'hxx }
cycle 3187
copperv1: received:         x
tagged U_type Instruction_$U_type { imm: 'hxxxxx, rd: , opc: 'hxx }
cycle 3188
copperv1: received:         x
tagged U_type Instruction_$U_type { imm: 'hxxxxx, rd: , opc: 'hxx }
cycle 3189
copperv1: received:         x
tagged U_type Instruction_$U_type { imm: 'hxxxxx, rd: , opc: 'hxx }
cycle 3190
copperv1: received:         x
tagged U_type Instruction_$U_type { imm: 'hxxxxx, rd: , opc: 'hxx }
cycle 3191
copperv1: received:         x
tagged U_type Instruction_$U_type { imm: 'hxxxxx, rd: , opc: 'hxx }
cycle 3192
copperv1: received:         x
tagged U_type Instruction_$U_type { imm: 'hxxxxx, rd: , opc: 'hxx }
cycle 3193
copperv1: received:         x
tagged U_type Instruction_$U_type { imm: 'hxxxxx, rd: , opc: 'hxx }
cycle 3194
copperv1: received:         x
tagged U_type Instruction_$U_type { imm: 'hxxxxx, rd: , opc: 'hxx }
cycle 3195
copperv1: received:         x
tagged U_type Instruction_$U_type { imm: 'hxxxxx, rd: , opc: 'hxx }
cycle 3196
copperv1: received:         x
tagged U_type Instruction_$U_type { imm: 'hxxxxx, rd: , opc: 'hxx }
cycle 3197
copperv1: received:         x
tagged U_type Instruction_$U_type { imm: 'hxxxxx, rd: , opc: 'hxx }
cycle 3198
copperv1: received:         x
tagged U_type Instruction_$U_type { imm: 'hxxxxx, rd: , opc: 'hxx }
cycle 3199
copperv1: received:         x
tagged U_type Instruction_$U_type { imm: 'hxxxxx, rd: , opc: 'hxx }
cycle 3200
copperv1: received:         x
tagged U_type Instruction_$U_type { imm: 'hxxxxx, rd: , opc: 'hxx }
cycle 3201
copperv1: received:         x
tagged U_type Instruction_$U_type { imm: 'hxxxxx, rd: , opc: 'hxx }
cycle 3202
copperv1: received:         x
tagged U_type Instruction_$U_type { imm: 'hxxxxx, rd: , opc: 'hxx }
cycle 3203
copperv1: received:         x
tagged U_type Instruction_$U_type { imm: 'hxxxxx, rd: , opc: 'hxx }
cycle 3204
copperv1: received:         x
tagged U_type Instruction_$U_type { imm: 'hxxxxx, rd: , opc: 'hxx }
cycle 3205
copperv1: received:         x
tagged U_type Instruction_$U_type { imm: 'hxxxxx, rd: , opc: 'hxx }
cycle 3206
copperv1: received:         x
tagged U_type Instruction_$U_type { imm: 'hxxxxx, rd: , opc: 'hxx }
cycle 3207
copperv1: received:         x
tagged U_type Instruction_$U_type { imm: 'hxxxxx, rd: , opc: 'hxx }
cycle 3208
copperv1: received:         x
tagged U_type Instruction_$U_type { imm: 'hxxxxx, rd: , opc: 'hxx }
cycle 3209
copperv1: received:         x
tagged U_type Instruction_$U_type { imm: 'hxxxxx, rd: , opc: 'hxx }
cycle 3210
copperv1: received:         x
tagged U_type Instruction_$U_type { imm: 'hxxxxx, rd: , opc: 'hxx }
cycle 3211
copperv1: received:         x
tagged U_type Instruction_$U_type { imm: 'hxxxxx, rd: , opc: 'hxx }
cycle 3212
copperv1: received:         x
tagged U_type Instruction_$U_type { imm: 'hxxxxx, rd: , opc: 'hxx }
cycle 3213
copperv1: received:         x
tagged U_type Instruction_$U_type { imm: 'hxxxxx, rd: , opc: 'hxx }
cycle 3214
copperv1: received:         x
tagged U_type Instruction_$U_type { imm: 'hxxxxx, rd: , opc: 'hxx }
cycle 3215
copperv1: received:         x
tagged U_type Instruction_$U_type { imm: 'hxxxxx, rd: , opc: 'hxx }
cycle 3216
copperv1: received:         x
tagged U_type Instruction_$U_type { imm: 'hxxxxx, rd: , opc: 'hxx }
cycle 3217
copperv1: received:         x
tagged U_type Instruction_$U_type { imm: 'hxxxxx, rd: , opc: 'hxx }
cycle 3218
copperv1: received:         x
tagged U_type Instruction_$U_type { imm: 'hxxxxx, rd: , opc: 'hxx }
cycle 3219
copperv1: received:         x
tagged U_type Instruction_$U_type { imm: 'hxxxxx, rd: , opc: 'hxx }
cycle 3220
copperv1: received:         x
tagged U_type Instruction_$U_type { imm: 'hxxxxx, rd: , opc: 'hxx }
cycle 3221
copperv1: received:         x
tagged U_type Instruction_$U_type { imm: 'hxxxxx, rd: , opc: 'hxx }
cycle 3222
copperv1: received:         x
tagged U_type Instruction_$U_type { imm: 'hxxxxx, rd: , opc: 'hxx }
cycle 3223
copperv1: received:         x
tagged U_type Instruction_$U_type { imm: 'hxxxxx, rd: , opc: 'hxx }
cycle 3224
copperv1: received:         x
tagged U_type Instruction_$U_type { imm: 'hxxxxx, rd: , opc: 'hxx }
cycle 3225
copperv1: received:         x
tagged U_type Instruction_$U_type { imm: 'hxxxxx, rd: , opc: 'hxx }
cycle 3226
copperv1: received:         x
tagged U_type Instruction_$U_type { imm: 'hxxxxx, rd: , opc: 'hxx }
cycle 3227
copperv1: received:         x
tagged U_type Instruction_$U_type { imm: 'hxxxxx, rd: , opc: 'hxx }
cycle 3228
copperv1: received:         x
tagged U_type Instruction_$U_type { imm: 'hxxxxx, rd: , opc: 'hxx }
cycle 3229
copperv1: received:         x
tagged U_type Instruction_$U_type { imm: 'hxxxxx, rd: , opc: 'hxx }
cycle 3230
copperv1: received:         x
tagged U_type Instruction_$U_type { imm: 'hxxxxx, rd: , opc: 'hxx }
cycle 3231
copperv1: received:         x
tagged U_type Instruction_$U_type { imm: 'hxxxxx, rd: , opc: 'hxx }
cycle 3232
copperv1: received:         x
tagged U_type Instruction_$U_type { imm: 'hxxxxx, rd: , opc: 'hxx }
cycle 3233
copperv1: received:         x
tagged U_type Instruction_$U_type { imm: 'hxxxxx, rd: , opc: 'hxx }
cycle 3234
copperv1: received:         x
tagged U_type Instruction_$U_type { imm: 'hxxxxx, rd: , opc: 'hxx }
cycle 3235
copperv1: received:         x
tagged U_type Instruction_$U_type { imm: 'hxxxxx, rd: , opc: 'hxx }
cycle 3236
copperv1: received:         x
tagged U_type Instruction_$U_type { imm: 'hxxxxx, rd: , opc: 'hxx }
cycle 3237
copperv1: received:         x
tagged U_type Instruction_$U_type { imm: 'hxxxxx, rd: , opc: 'hxx }
cycle 3238
copperv1: received:         x
tagged U_type Instruction_$U_type { imm: 'hxxxxx, rd: , opc: 'hxx }
cycle 3239
copperv1: received:         x
tagged U_type Instruction_$U_type { imm: 'hxxxxx, rd: , opc: 'hxx }
cycle 3240
copperv1: received:         x
tagged U_type Instruction_$U_type { imm: 'hxxxxx, rd: , opc: 'hxx }
cycle 3241
copperv1: received:         x
tagged U_type Instruction_$U_type { imm: 'hxxxxx, rd: , opc: 'hxx }
cycle 3242
copperv1: received:         x
tagged U_type Instruction_$U_type { imm: 'hxxxxx, rd: , opc: 'hxx }
cycle 3243
copperv1: received:         x
tagged U_type Instruction_$U_type { imm: 'hxxxxx, rd: , opc: 'hxx }
cycle 3244
copperv1: received:         x
tagged U_type Instruction_$U_type { imm: 'hxxxxx, rd: , opc: 'hxx }
cycle 3245
copperv1: received:         x
tagged U_type Instruction_$U_type { imm: 'hxxxxx, rd: , opc: 'hxx }
cycle 3246
copperv1: received:         x
tagged U_type Instruction_$U_type { imm: 'hxxxxx, rd: , opc: 'hxx }
cycle 3247
copperv1: received:         x
tagged U_type Instruction_$U_type { imm: 'hxxxxx, rd: , opc: 'hxx }
cycle 3248
copperv1: received:         x
tagged U_type Instruction_$U_type { imm: 'hxxxxx, rd: , opc: 'hxx }
cycle 3249
copperv1: received:         x
tagged U_type Instruction_$U_type { imm: 'hxxxxx, rd: , opc: 'hxx }
cycle 3250
copperv1: received:         x
tagged U_type Instruction_$U_type { imm: 'hxxxxx, rd: , opc: 'hxx }
cycle 3251
copperv1: received:         x
tagged U_type Instruction_$U_type { imm: 'hxxxxx, rd: , opc: 'hxx }
cycle 3252
copperv1: received:         x
tagged U_type Instruction_$U_type { imm: 'hxxxxx, rd: , opc: 'hxx }
cycle 3253
copperv1: received:         x
tagged U_type Instruction_$U_type { imm: 'hxxxxx, rd: , opc: 'hxx }
cycle 3254
copperv1: received:         x
tagged U_type Instruction_$U_type { imm: 'hxxxxx, rd: , opc: 'hxx }
cycle 3255
copperv1: received:         x
tagged U_type Instruction_$U_type { imm: 'hxxxxx, rd: , opc: 'hxx }
cycle 3256
copperv1: received:         x
tagged U_type Instruction_$U_type { imm: 'hxxxxx, rd: , opc: 'hxx }
cycle 3257
copperv1: received:         x
tagged U_type Instruction_$U_type { imm: 'hxxxxx, rd: , opc: 'hxx }
cycle 3258
copperv1: received:         x
tagged U_type Instruction_$U_type { imm: 'hxxxxx, rd: , opc: 'hxx }
cycle 3259
copperv1: received:         x
tagged U_type Instruction_$U_type { imm: 'hxxxxx, rd: , opc: 'hxx }
cycle 3260
copperv1: received:         x
tagged U_type Instruction_$U_type { imm: 'hxxxxx, rd: , opc: 'hxx }
cycle 3261
copperv1: received:         x
tagged U_type Instruction_$U_type { imm: 'hxxxxx, rd: , opc: 'hxx }
cycle 3262
copperv1: received:         x
tagged U_type Instruction_$U_type { imm: 'hxxxxx, rd: , opc: 'hxx }
cycle 3263
copperv1: received:         x
tagged U_type Instruction_$U_type { imm: 'hxxxxx, rd: , opc: 'hxx }
cycle 3264
copperv1: received:         x
tagged U_type Instruction_$U_type { imm: 'hxxxxx, rd: , opc: 'hxx }
cycle 3265
copperv1: received:         x
tagged U_type Instruction_$U_type { imm: 'hxxxxx, rd: , opc: 'hxx }
cycle 3266
copperv1: received:         x
tagged U_type Instruction_$U_type { imm: 'hxxxxx, rd: , opc: 'hxx }
cycle 3267
copperv1: received:         x
tagged U_type Instruction_$U_type { imm: 'hxxxxx, rd: , opc: 'hxx }
cycle 3268
copperv1: received:         x
tagged U_type Instruction_$U_type { imm: 'hxxxxx, rd: , opc: 'hxx }
cycle 3269
copperv1: received:         x
tagged U_type Instruction_$U_type { imm: 'hxxxxx, rd: , opc: 'hxx }
cycle 3270
copperv1: received:         x
tagged U_type Instruction_$U_type { imm: 'hxxxxx, rd: , opc: 'hxx }
cycle 3271
copperv1: received:         x
tagged U_type Instruction_$U_type { imm: 'hxxxxx, rd: , opc: 'hxx }
cycle 3272
copperv1: received:         x
tagged U_type Instruction_$U_type { imm: 'hxxxxx, rd: , opc: 'hxx }
cycle 3273
copperv1: received:         x
tagged U_type Instruction_$U_type { imm: 'hxxxxx, rd: , opc: 'hxx }
cycle 3274
copperv1: received:         x
tagged U_type Instruction_$U_type { imm: 'hxxxxx, rd: , opc: 'hxx }
cycle 3275
copperv1: received:         x
tagged U_type Instruction_$U_type { imm: 'hxxxxx, rd: , opc: 'hxx }
cycle 3276
copperv1: received:         x
tagged U_type Instruction_$U_type { imm: 'hxxxxx, rd: , opc: 'hxx }
cycle 3277
copperv1: received:         x
tagged U_type Instruction_$U_type { imm: 'hxxxxx, rd: , opc: 'hxx }
cycle 3278
copperv1: received:         x
tagged U_type Instruction_$U_type { imm: 'hxxxxx, rd: , opc: 'hxx }
cycle 3279
copperv1: received:         x
tagged U_type Instruction_$U_type { imm: 'hxxxxx, rd: , opc: 'hxx }
cycle 3280
copperv1: received:         x
tagged U_type Instruction_$U_type { imm: 'hxxxxx, rd: , opc: 'hxx }
cycle 3281
copperv1: received:         x
tagged U_type Instruction_$U_type { imm: 'hxxxxx, rd: , opc: 'hxx }
cycle 3282
copperv1: received:         x
tagged U_type Instruction_$U_type { imm: 'hxxxxx, rd: , opc: 'hxx }
cycle 3283
copperv1: received:         x
tagged U_type Instruction_$U_type { imm: 'hxxxxx, rd: , opc: 'hxx }
cycle 3284
copperv1: received:         x
tagged U_type Instruction_$U_type { imm: 'hxxxxx, rd: , opc: 'hxx }
cycle 3285
copperv1: received:         x
tagged U_type Instruction_$U_type { imm: 'hxxxxx, rd: , opc: 'hxx }
cycle 3286
copperv1: received:         x
tagged U_type Instruction_$U_type { imm: 'hxxxxx, rd: , opc: 'hxx }
cycle 3287
copperv1: received:         x
tagged U_type Instruction_$U_type { imm: 'hxxxxx, rd: , opc: 'hxx }
cycle 3288
copperv1: received:         x
tagged U_type Instruction_$U_type { imm: 'hxxxxx, rd: , opc: 'hxx }
cycle 3289
copperv1: received:         x
tagged U_type Instruction_$U_type { imm: 'hxxxxx, rd: , opc: 'hxx }
cycle 3290
copperv1: received:         x
tagged U_type Instruction_$U_type { imm: 'hxxxxx, rd: , opc: 'hxx }
cycle 3291
copperv1: received:         x
tagged U_type Instruction_$U_type { imm: 'hxxxxx, rd: , opc: 'hxx }
cycle 3292
copperv1: received:         x
tagged U_type Instruction_$U_type { imm: 'hxxxxx, rd: , opc: 'hxx }
cycle 3293
copperv1: received:         x
tagged U_type Instruction_$U_type { imm: 'hxxxxx, rd: , opc: 'hxx }
cycle 3294
copperv1: received:         x
tagged U_type Instruction_$U_type { imm: 'hxxxxx, rd: , opc: 'hxx }
cycle 3295
copperv1: received:         x
tagged U_type Instruction_$U_type { imm: 'hxxxxx, rd: , opc: 'hxx }
cycle 3296
copperv1: received:         x
tagged U_type Instruction_$U_type { imm: 'hxxxxx, rd: , opc: 'hxx }
cycle 3297
copperv1: received:         x
tagged U_type Instruction_$U_type { imm: 'hxxxxx, rd: , opc: 'hxx }
cycle 3298
copperv1: received:         x
tagged U_type Instruction_$U_type { imm: 'hxxxxx, rd: , opc: 'hxx }
cycle 3299
copperv1: received:         x
tagged U_type Instruction_$U_type { imm: 'hxxxxx, rd: , opc: 'hxx }
cycle 3300
copperv1: received:         x
tagged U_type Instruction_$U_type { imm: 'hxxxxx, rd: , opc: 'hxx }
cycle 3301
copperv1: received:         x
tagged U_type Instruction_$U_type { imm: 'hxxxxx, rd: , opc: 'hxx }
cycle 3302
copperv1: received:         x
tagged U_type Instruction_$U_type { imm: 'hxxxxx, rd: , opc: 'hxx }
cycle 3303
copperv1: received:         x
tagged U_type Instruction_$U_type { imm: 'hxxxxx, rd: , opc: 'hxx }
cycle 3304
copperv1: received:         x
tagged U_type Instruction_$U_type { imm: 'hxxxxx, rd: , opc: 'hxx }
cycle 3305
copperv1: received:         x
tagged U_type Instruction_$U_type { imm: 'hxxxxx, rd: , opc: 'hxx }
cycle 3306
copperv1: received:         x
tagged U_type Instruction_$U_type { imm: 'hxxxxx, rd: , opc: 'hxx }
cycle 3307
copperv1: received:         x
tagged U_type Instruction_$U_type { imm: 'hxxxxx, rd: , opc: 'hxx }
cycle 3308
copperv1: received:         x
tagged U_type Instruction_$U_type { imm: 'hxxxxx, rd: , opc: 'hxx }
cycle 3309
copperv1: received:         x
tagged U_type Instruction_$U_type { imm: 'hxxxxx, rd: , opc: 'hxx }
cycle 3310
copperv1: received:         x
tagged U_type Instruction_$U_type { imm: 'hxxxxx, rd: , opc: 'hxx }
cycle 3311
copperv1: received:         x
tagged U_type Instruction_$U_type { imm: 'hxxxxx, rd: , opc: 'hxx }
cycle 3312
copperv1: received:         x
tagged U_type Instruction_$U_type { imm: 'hxxxxx, rd: , opc: 'hxx }
cycle 3313
copperv1: received:         x
tagged U_type Instruction_$U_type { imm: 'hxxxxx, rd: , opc: 'hxx }
cycle 3314
copperv1: received:         x
tagged U_type Instruction_$U_type { imm: 'hxxxxx, rd: , opc: 'hxx }
cycle 3315
copperv1: received:         x
tagged U_type Instruction_$U_type { imm: 'hxxxxx, rd: , opc: 'hxx }
cycle 3316
copperv1: received:         x
tagged U_type Instruction_$U_type { imm: 'hxxxxx, rd: , opc: 'hxx }
cycle 3317
copperv1: received:         x
tagged U_type Instruction_$U_type { imm: 'hxxxxx, rd: , opc: 'hxx }
cycle 3318
copperv1: received:         x
tagged U_type Instruction_$U_type { imm: 'hxxxxx, rd: , opc: 'hxx }
cycle 3319
copperv1: received:         x
tagged U_type Instruction_$U_type { imm: 'hxxxxx, rd: , opc: 'hxx }
cycle 3320
copperv1: received:         x
tagged U_type Instruction_$U_type { imm: 'hxxxxx, rd: , opc: 'hxx }
cycle 3321
copperv1: received:         x
tagged U_type Instruction_$U_type { imm: 'hxxxxx, rd: , opc: 'hxx }
cycle 3322
copperv1: received:         x
tagged U_type Instruction_$U_type { imm: 'hxxxxx, rd: , opc: 'hxx }
cycle 3323
copperv1: received:         x
tagged U_type Instruction_$U_type { imm: 'hxxxxx, rd: , opc: 'hxx }
cycle 3324
copperv1: received:         x
tagged U_type Instruction_$U_type { imm: 'hxxxxx, rd: , opc: 'hxx }
cycle 3325
copperv1: received:         x
tagged U_type Instruction_$U_type { imm: 'hxxxxx, rd: , opc: 'hxx }
cycle 3326
copperv1: received:         x
tagged U_type Instruction_$U_type { imm: 'hxxxxx, rd: , opc: 'hxx }
cycle 3327
copperv1: received:         x
tagged U_type Instruction_$U_type { imm: 'hxxxxx, rd: , opc: 'hxx }
cycle 3328
copperv1: received:         x
tagged U_type Instruction_$U_type { imm: 'hxxxxx, rd: , opc: 'hxx }
cycle 3329
copperv1: received:         x
tagged U_type Instruction_$U_type { imm: 'hxxxxx, rd: , opc: 'hxx }
cycle 3330
copperv1: received:         x
tagged U_type Instruction_$U_type { imm: 'hxxxxx, rd: , opc: 'hxx }
cycle 3331
copperv1: received:         x
tagged U_type Instruction_$U_type { imm: 'hxxxxx, rd: , opc: 'hxx }
cycle 3332
copperv1: received:         x
tagged U_type Instruction_$U_type { imm: 'hxxxxx, rd: , opc: 'hxx }
cycle 3333
copperv1: received:         x
tagged U_type Instruction_$U_type { imm: 'hxxxxx, rd: , opc: 'hxx }
cycle 3334
copperv1: received:         x
tagged U_type Instruction_$U_type { imm: 'hxxxxx, rd: , opc: 'hxx }
cycle 3335
copperv1: received:         x
tagged U_type Instruction_$U_type { imm: 'hxxxxx, rd: , opc: 'hxx }
cycle 3336
copperv1: received:         x
tagged U_type Instruction_$U_type { imm: 'hxxxxx, rd: , opc: 'hxx }
cycle 3337
copperv1: received:         x
tagged U_type Instruction_$U_type { imm: 'hxxxxx, rd: , opc: 'hxx }
cycle 3338
copperv1: received:         x
tagged U_type Instruction_$U_type { imm: 'hxxxxx, rd: , opc: 'hxx }
cycle 3339
copperv1: received:         x
tagged U_type Instruction_$U_type { imm: 'hxxxxx, rd: , opc: 'hxx }
cycle 3340
copperv1: received:         x
tagged U_type Instruction_$U_type { imm: 'hxxxxx, rd: , opc: 'hxx }
cycle 3341
copperv1: received:         x
tagged U_type Instruction_$U_type { imm: 'hxxxxx, rd: , opc: 'hxx }
cycle 3342
copperv1: received:         x
tagged U_type Instruction_$U_type { imm: 'hxxxxx, rd: , opc: 'hxx }
cycle 3343
copperv1: received:         x
tagged U_type Instruction_$U_type { imm: 'hxxxxx, rd: , opc: 'hxx }
cycle 3344
copperv1: received:         x
tagged U_type Instruction_$U_type { imm: 'hxxxxx, rd: , opc: 'hxx }
cycle 3345
copperv1: received:         x
tagged U_type Instruction_$U_type { imm: 'hxxxxx, rd: , opc: 'hxx }
cycle 3346
copperv1: received:         x
tagged U_type Instruction_$U_type { imm: 'hxxxxx, rd: , opc: 'hxx }
cycle 3347
copperv1: received:         x
tagged U_type Instruction_$U_type { imm: 'hxxxxx, rd: , opc: 'hxx }
cycle 3348
copperv1: received:         x
tagged U_type Instruction_$U_type { imm: 'hxxxxx, rd: , opc: 'hxx }
cycle 3349
copperv1: received:         x
tagged U_type Instruction_$U_type { imm: 'hxxxxx, rd: , opc: 'hxx }
cycle 3350
copperv1: received:         x
tagged U_type Instruction_$U_type { imm: 'hxxxxx, rd: , opc: 'hxx }
cycle 3351
copperv1: received:         x
tagged U_type Instruction_$U_type { imm: 'hxxxxx, rd: , opc: 'hxx }
cycle 3352
copperv1: received:         x
tagged U_type Instruction_$U_type { imm: 'hxxxxx, rd: , opc: 'hxx }
cycle 3353
copperv1: received:         x
tagged U_type Instruction_$U_type { imm: 'hxxxxx, rd: , opc: 'hxx }
cycle 3354
copperv1: received:         x
tagged U_type Instruction_$U_type { imm: 'hxxxxx, rd: , opc: 'hxx }
cycle 3355
copperv1: received:         x
tagged U_type Instruction_$U_type { imm: 'hxxxxx, rd: , opc: 'hxx }
cycle 3356
copperv1: received:         x
tagged U_type Instruction_$U_type { imm: 'hxxxxx, rd: , opc: 'hxx }
cycle 3357
copperv1: received:         x
tagged U_type Instruction_$U_type { imm: 'hxxxxx, rd: , opc: 'hxx }
cycle 3358
copperv1: received:         x
tagged U_type Instruction_$U_type { imm: 'hxxxxx, rd: , opc: 'hxx }
cycle 3359
copperv1: received:         x
tagged U_type Instruction_$U_type { imm: 'hxxxxx, rd: , opc: 'hxx }
cycle 3360
copperv1: received:         x
tagged U_type Instruction_$U_type { imm: 'hxxxxx, rd: , opc: 'hxx }
cycle 3361
copperv1: received:         x
tagged U_type Instruction_$U_type { imm: 'hxxxxx, rd: , opc: 'hxx }
cycle 3362
copperv1: received:         x
tagged U_type Instruction_$U_type { imm: 'hxxxxx, rd: , opc: 'hxx }
cycle 3363
copperv1: received:         x
tagged U_type Instruction_$U_type { imm: 'hxxxxx, rd: , opc: 'hxx }
cycle 3364
copperv1: received:         x
tagged U_type Instruction_$U_type { imm: 'hxxxxx, rd: , opc: 'hxx }
cycle 3365
copperv1: received:         x
tagged U_type Instruction_$U_type { imm: 'hxxxxx, rd: , opc: 'hxx }
cycle 3366
copperv1: received:         x
tagged U_type Instruction_$U_type { imm: 'hxxxxx, rd: , opc: 'hxx }
cycle 3367
copperv1: received:         x
tagged U_type Instruction_$U_type { imm: 'hxxxxx, rd: , opc: 'hxx }
cycle 3368
copperv1: received:         x
tagged U_type Instruction_$U_type { imm: 'hxxxxx, rd: , opc: 'hxx }
cycle 3369
copperv1: received:         x
tagged U_type Instruction_$U_type { imm: 'hxxxxx, rd: , opc: 'hxx }
cycle 3370
copperv1: received:         x
tagged U_type Instruction_$U_type { imm: 'hxxxxx, rd: , opc: 'hxx }
cycle 3371
copperv1: received:         x
tagged U_type Instruction_$U_type { imm: 'hxxxxx, rd: , opc: 'hxx }
cycle 3372
copperv1: received:         x
tagged U_type Instruction_$U_type { imm: 'hxxxxx, rd: , opc: 'hxx }
cycle 3373
copperv1: received:         x
tagged U_type Instruction_$U_type { imm: 'hxxxxx, rd: , opc: 'hxx }
cycle 3374
copperv1: received:         x
tagged U_type Instruction_$U_type { imm: 'hxxxxx, rd: , opc: 'hxx }
cycle 3375
copperv1: received:         x
tagged U_type Instruction_$U_type { imm: 'hxxxxx, rd: , opc: 'hxx }
cycle 3376
copperv1: received:         x
tagged U_type Instruction_$U_type { imm: 'hxxxxx, rd: , opc: 'hxx }
cycle 3377
copperv1: received:         x
tagged U_type Instruction_$U_type { imm: 'hxxxxx, rd: , opc: 'hxx }
cycle 3378
copperv1: received:         x
tagged U_type Instruction_$U_type { imm: 'hxxxxx, rd: , opc: 'hxx }
cycle 3379
copperv1: received:         x
tagged U_type Instruction_$U_type { imm: 'hxxxxx, rd: , opc: 'hxx }
cycle 3380
copperv1: received:         x
tagged U_type Instruction_$U_type { imm: 'hxxxxx, rd: , opc: 'hxx }
cycle 3381
copperv1: received:         x
tagged U_type Instruction_$U_type { imm: 'hxxxxx, rd: , opc: 'hxx }
cycle 3382
copperv1: received:         x
tagged U_type Instruction_$U_type { imm: 'hxxxxx, rd: , opc: 'hxx }
cycle 3383
copperv1: received:         x
tagged U_type Instruction_$U_type { imm: 'hxxxxx, rd: , opc: 'hxx }
cycle 3384
copperv1: received:         x
tagged U_type Instruction_$U_type { imm: 'hxxxxx, rd: , opc: 'hxx }
cycle 3385
copperv1: received:         x
tagged U_type Instruction_$U_type { imm: 'hxxxxx, rd: , opc: 'hxx }
cycle 3386
copperv1: received:         x
tagged U_type Instruction_$U_type { imm: 'hxxxxx, rd: , opc: 'hxx }
cycle 3387
copperv1: received:         x
tagged U_type Instruction_$U_type { imm: 'hxxxxx, rd: , opc: 'hxx }
cycle 3388
copperv1: received:         x
tagged U_type Instruction_$U_type { imm: 'hxxxxx, rd: , opc: 'hxx }
cycle 3389
copperv1: received:         x
tagged U_type Instruction_$U_type { imm: 'hxxxxx, rd: , opc: 'hxx }
cycle 3390
copperv1: received:         x
tagged U_type Instruction_$U_type { imm: 'hxxxxx, rd: , opc: 'hxx }
cycle 3391
copperv1: received:         x
tagged U_type Instruction_$U_type { imm: 'hxxxxx, rd: , opc: 'hxx }
cycle 3392
copperv1: received:         x
tagged U_type Instruction_$U_type { imm: 'hxxxxx, rd: , opc: 'hxx }
cycle 3393
copperv1: received:         x
tagged U_type Instruction_$U_type { imm: 'hxxxxx, rd: , opc: 'hxx }
cycle 3394
copperv1: received:         x
tagged U_type Instruction_$U_type { imm: 'hxxxxx, rd: , opc: 'hxx }
cycle 3395
copperv1: received:         x
tagged U_type Instruction_$U_type { imm: 'hxxxxx, rd: , opc: 'hxx }
cycle 3396
copperv1: received:         x
tagged U_type Instruction_$U_type { imm: 'hxxxxx, rd: , opc: 'hxx }
cycle 3397
copperv1: received:         x
tagged U_type Instruction_$U_type { imm: 'hxxxxx, rd: , opc: 'hxx }
cycle 3398
copperv1: received:         x
tagged U_type Instruction_$U_type { imm: 'hxxxxx, rd: , opc: 'hxx }
cycle 3399
copperv1: received:         x
tagged U_type Instruction_$U_type { imm: 'hxxxxx, rd: , opc: 'hxx }
cycle 3400
copperv1: received:         x
tagged U_type Instruction_$U_type { imm: 'hxxxxx, rd: , opc: 'hxx }
cycle 3401
copperv1: received:         x
tagged U_type Instruction_$U_type { imm: 'hxxxxx, rd: , opc: 'hxx }
cycle 3402
copperv1: received:         x
tagged U_type Instruction_$U_type { imm: 'hxxxxx, rd: , opc: 'hxx }
cycle 3403
copperv1: received:         x
tagged U_type Instruction_$U_type { imm: 'hxxxxx, rd: , opc: 'hxx }
cycle 3404
copperv1: received:         x
tagged U_type Instruction_$U_type { imm: 'hxxxxx, rd: , opc: 'hxx }
cycle 3405
copperv1: received:         x
tagged U_type Instruction_$U_type { imm: 'hxxxxx, rd: , opc: 'hxx }
cycle 3406
copperv1: received:         x
tagged U_type Instruction_$U_type { imm: 'hxxxxx, rd: , opc: 'hxx }
cycle 3407
copperv1: received:         x
tagged U_type Instruction_$U_type { imm: 'hxxxxx, rd: , opc: 'hxx }
cycle 3408
copperv1: received:         x
tagged U_type Instruction_$U_type { imm: 'hxxxxx, rd: , opc: 'hxx }
cycle 3409
copperv1: received:         x
tagged U_type Instruction_$U_type { imm: 'hxxxxx, rd: , opc: 'hxx }
cycle 3410
copperv1: received:         x
tagged U_type Instruction_$U_type { imm: 'hxxxxx, rd: , opc: 'hxx }
cycle 3411
copperv1: received:         x
tagged U_type Instruction_$U_type { imm: 'hxxxxx, rd: , opc: 'hxx }
cycle 3412
copperv1: received:         x
tagged U_type Instruction_$U_type { imm: 'hxxxxx, rd: , opc: 'hxx }
cycle 3413
copperv1: received:         x
tagged U_type Instruction_$U_type { imm: 'hxxxxx, rd: , opc: 'hxx }
cycle 3414
copperv1: received:         x
tagged U_type Instruction_$U_type { imm: 'hxxxxx, rd: , opc: 'hxx }
cycle 3415
copperv1: received:         x
tagged U_type Instruction_$U_type { imm: 'hxxxxx, rd: , opc: 'hxx }
cycle 3416
copperv1: received:         x
tagged U_type Instruction_$U_type { imm: 'hxxxxx, rd: , opc: 'hxx }
cycle 3417
copperv1: received:         x
tagged U_type Instruction_$U_type { imm: 'hxxxxx, rd: , opc: 'hxx }
cycle 3418
copperv1: received:         x
tagged U_type Instruction_$U_type { imm: 'hxxxxx, rd: , opc: 'hxx }
cycle 3419
copperv1: received:         x
tagged U_type Instruction_$U_type { imm: 'hxxxxx, rd: , opc: 'hxx }
cycle 3420
copperv1: received:         x
tagged U_type Instruction_$U_type { imm: 'hxxxxx, rd: , opc: 'hxx }
cycle 3421
copperv1: received:         x
tagged U_type Instruction_$U_type { imm: 'hxxxxx, rd: , opc: 'hxx }
cycle 3422
copperv1: received:         x
tagged U_type Instruction_$U_type { imm: 'hxxxxx, rd: , opc: 'hxx }
cycle 3423
copperv1: received:         x
tagged U_type Instruction_$U_type { imm: 'hxxxxx, rd: , opc: 'hxx }
cycle 3424
copperv1: received:         x
tagged U_type Instruction_$U_type { imm: 'hxxxxx, rd: , opc: 'hxx }
cycle 3425
copperv1: received:         x
tagged U_type Instruction_$U_type { imm: 'hxxxxx, rd: , opc: 'hxx }
cycle 3426
copperv1: received:         x
tagged U_type Instruction_$U_type { imm: 'hxxxxx, rd: , opc: 'hxx }
cycle 3427
copperv1: received:         x
tagged U_type Instruction_$U_type { imm: 'hxxxxx, rd: , opc: 'hxx }
cycle 3428
copperv1: received:         x
tagged U_type Instruction_$U_type { imm: 'hxxxxx, rd: , opc: 'hxx }
cycle 3429
copperv1: received:         x
tagged U_type Instruction_$U_type { imm: 'hxxxxx, rd: , opc: 'hxx }
cycle 3430
copperv1: received:         x
tagged U_type Instruction_$U_type { imm: 'hxxxxx, rd: , opc: 'hxx }
cycle 3431
copperv1: received:         x
tagged U_type Instruction_$U_type { imm: 'hxxxxx, rd: , opc: 'hxx }
cycle 3432
copperv1: received:         x
tagged U_type Instruction_$U_type { imm: 'hxxxxx, rd: , opc: 'hxx }
cycle 3433
copperv1: received:         x
tagged U_type Instruction_$U_type { imm: 'hxxxxx, rd: , opc: 'hxx }
cycle 3434
copperv1: received:         x
tagged U_type Instruction_$U_type { imm: 'hxxxxx, rd: , opc: 'hxx }
cycle 3435
copperv1: received:         x
tagged U_type Instruction_$U_type { imm: 'hxxxxx, rd: , opc: 'hxx }
cycle 3436
copperv1: received:         x
tagged U_type Instruction_$U_type { imm: 'hxxxxx, rd: , opc: 'hxx }
cycle 3437
copperv1: received:         x
tagged U_type Instruction_$U_type { imm: 'hxxxxx, rd: , opc: 'hxx }
cycle 3438
copperv1: received:         x
tagged U_type Instruction_$U_type { imm: 'hxxxxx, rd: , opc: 'hxx }
cycle 3439
copperv1: received:         x
tagged U_type Instruction_$U_type { imm: 'hxxxxx, rd: , opc: 'hxx }
cycle 3440
copperv1: received:         x
tagged U_type Instruction_$U_type { imm: 'hxxxxx, rd: , opc: 'hxx }
cycle 3441
copperv1: received:         x
tagged U_type Instruction_$U_type { imm: 'hxxxxx, rd: , opc: 'hxx }
cycle 3442
copperv1: received:         x
tagged U_type Instruction_$U_type { imm: 'hxxxxx, rd: , opc: 'hxx }
cycle 3443
copperv1: received:         x
tagged U_type Instruction_$U_type { imm: 'hxxxxx, rd: , opc: 'hxx }
cycle 3444
copperv1: received:         x
tagged U_type Instruction_$U_type { imm: 'hxxxxx, rd: , opc: 'hxx }
cycle 3445
copperv1: received:         x
tagged U_type Instruction_$U_type { imm: 'hxxxxx, rd: , opc: 'hxx }
cycle 3446
copperv1: received:         x
tagged U_type Instruction_$U_type { imm: 'hxxxxx, rd: , opc: 'hxx }
cycle 3447
copperv1: received:         x
tagged U_type Instruction_$U_type { imm: 'hxxxxx, rd: , opc: 'hxx }
cycle 3448
copperv1: received:         x
tagged U_type Instruction_$U_type { imm: 'hxxxxx, rd: , opc: 'hxx }
cycle 3449
copperv1: received:         x
tagged U_type Instruction_$U_type { imm: 'hxxxxx, rd: , opc: 'hxx }
cycle 3450
copperv1: received:         x
tagged U_type Instruction_$U_type { imm: 'hxxxxx, rd: , opc: 'hxx }
cycle 3451
copperv1: received:         x
tagged U_type Instruction_$U_type { imm: 'hxxxxx, rd: , opc: 'hxx }
cycle 3452
copperv1: received:         x
tagged U_type Instruction_$U_type { imm: 'hxxxxx, rd: , opc: 'hxx }
cycle 3453
copperv1: received:         x
tagged U_type Instruction_$U_type { imm: 'hxxxxx, rd: , opc: 'hxx }
cycle 3454
copperv1: received:         x
tagged U_type Instruction_$U_type { imm: 'hxxxxx, rd: , opc: 'hxx }
cycle 3455
copperv1: received:         x
tagged U_type Instruction_$U_type { imm: 'hxxxxx, rd: , opc: 'hxx }
cycle 3456
copperv1: received:         x
tagged U_type Instruction_$U_type { imm: 'hxxxxx, rd: , opc: 'hxx }
cycle 3457
copperv1: received:         x
tagged U_type Instruction_$U_type { imm: 'hxxxxx, rd: , opc: 'hxx }
cycle 3458
copperv1: received:         x
tagged U_type Instruction_$U_type { imm: 'hxxxxx, rd: , opc: 'hxx }
cycle 3459
copperv1: received:         x
tagged U_type Instruction_$U_type { imm: 'hxxxxx, rd: , opc: 'hxx }
cycle 3460
copperv1: received:         x
tagged U_type Instruction_$U_type { imm: 'hxxxxx, rd: , opc: 'hxx }
cycle 3461
copperv1: received:         x
tagged U_type Instruction_$U_type { imm: 'hxxxxx, rd: , opc: 'hxx }
cycle 3462
copperv1: received:         x
tagged U_type Instruction_$U_type { imm: 'hxxxxx, rd: , opc: 'hxx }
cycle 3463
copperv1: received:         x
tagged U_type Instruction_$U_type { imm: 'hxxxxx, rd: , opc: 'hxx }
cycle 3464
copperv1: received:         x
tagged U_type Instruction_$U_type { imm: 'hxxxxx, rd: , opc: 'hxx }
cycle 3465
copperv1: received:         x
tagged U_type Instruction_$U_type { imm: 'hxxxxx, rd: , opc: 'hxx }
cycle 3466
copperv1: received:         x
tagged U_type Instruction_$U_type { imm: 'hxxxxx, rd: , opc: 'hxx }
cycle 3467
copperv1: received:         x
tagged U_type Instruction_$U_type { imm: 'hxxxxx, rd: , opc: 'hxx }
cycle 3468
copperv1: received:         x
tagged U_type Instruction_$U_type { imm: 'hxxxxx, rd: , opc: 'hxx }
cycle 3469
copperv1: received:         x
tagged U_type Instruction_$U_type { imm: 'hxxxxx, rd: , opc: 'hxx }
cycle 3470
copperv1: received:         x
tagged U_type Instruction_$U_type { imm: 'hxxxxx, rd: , opc: 'hxx }
cycle 3471
copperv1: received:         x
tagged U_type Instruction_$U_type { imm: 'hxxxxx, rd: , opc: 'hxx }
cycle 3472
copperv1: received:         x
tagged U_type Instruction_$U_type { imm: 'hxxxxx, rd: , opc: 'hxx }
cycle 3473
copperv1: received:         x
tagged U_type Instruction_$U_type { imm: 'hxxxxx, rd: , opc: 'hxx }
cycle 3474
copperv1: received:         x
tagged U_type Instruction_$U_type { imm: 'hxxxxx, rd: , opc: 'hxx }
cycle 3475
copperv1: received:         x
tagged U_type Instruction_$U_type { imm: 'hxxxxx, rd: , opc: 'hxx }
cycle 3476
copperv1: received:         x
tagged U_type Instruction_$U_type { imm: 'hxxxxx, rd: , opc: 'hxx }
cycle 3477
copperv1: received:         x
tagged U_type Instruction_$U_type { imm: 'hxxxxx, rd: , opc: 'hxx }
cycle 3478
copperv1: received:         x
tagged U_type Instruction_$U_type { imm: 'hxxxxx, rd: , opc: 'hxx }
cycle 3479
copperv1: received:         x
tagged U_type Instruction_$U_type { imm: 'hxxxxx, rd: , opc: 'hxx }
cycle 3480
copperv1: received:         x
tagged U_type Instruction_$U_type { imm: 'hxxxxx, rd: , opc: 'hxx }
cycle 3481
copperv1: received:         x
tagged U_type Instruction_$U_type { imm: 'hxxxxx, rd: , opc: 'hxx }
cycle 3482
copperv1: received:         x
tagged U_type Instruction_$U_type { imm: 'hxxxxx, rd: , opc: 'hxx }
cycle 3483
copperv1: received:         x
tagged U_type Instruction_$U_type { imm: 'hxxxxx, rd: , opc: 'hxx }
cycle 3484
copperv1: received:         x
tagged U_type Instruction_$U_type { imm: 'hxxxxx, rd: , opc: 'hxx }
cycle 3485
copperv1: received:         x
tagged U_type Instruction_$U_type { imm: 'hxxxxx, rd: , opc: 'hxx }
cycle 3486
copperv1: received:         x
tagged U_type Instruction_$U_type { imm: 'hxxxxx, rd: , opc: 'hxx }
cycle 3487
copperv1: received:         x
tagged U_type Instruction_$U_type { imm: 'hxxxxx, rd: , opc: 'hxx }
cycle 3488
copperv1: received:         x
tagged U_type Instruction_$U_type { imm: 'hxxxxx, rd: , opc: 'hxx }
cycle 3489
copperv1: received:         x
tagged U_type Instruction_$U_type { imm: 'hxxxxx, rd: , opc: 'hxx }
cycle 3490
copperv1: received:         x
tagged U_type Instruction_$U_type { imm: 'hxxxxx, rd: , opc: 'hxx }
cycle 3491
copperv1: received:         x
tagged U_type Instruction_$U_type { imm: 'hxxxxx, rd: , opc: 'hxx }
cycle 3492
copperv1: received:         x
tagged U_type Instruction_$U_type { imm: 'hxxxxx, rd: , opc: 'hxx }
cycle 3493
copperv1: received:         x
tagged U_type Instruction_$U_type { imm: 'hxxxxx, rd: , opc: 'hxx }
cycle 3494
copperv1: received:         x
tagged U_type Instruction_$U_type { imm: 'hxxxxx, rd: , opc: 'hxx }
cycle 3495
copperv1: received:         x
tagged U_type Instruction_$U_type { imm: 'hxxxxx, rd: , opc: 'hxx }
cycle 3496
copperv1: received:         x
tagged U_type Instruction_$U_type { imm: 'hxxxxx, rd: , opc: 'hxx }
cycle 3497
copperv1: received:         x
tagged U_type Instruction_$U_type { imm: 'hxxxxx, rd: , opc: 'hxx }
cycle 3498
copperv1: received:         x
tagged U_type Instruction_$U_type { imm: 'hxxxxx, rd: , opc: 'hxx }
cycle 3499
copperv1: received:         x
tagged U_type Instruction_$U_type { imm: 'hxxxxx, rd: , opc: 'hxx }
cycle 3500
copperv1: received:         x
tagged U_type Instruction_$U_type { imm: 'hxxxxx, rd: , opc: 'hxx }
cycle 3501
copperv1: received:         x
tagged U_type Instruction_$U_type { imm: 'hxxxxx, rd: , opc: 'hxx }
cycle 3502
copperv1: received:         x
tagged U_type Instruction_$U_type { imm: 'hxxxxx, rd: , opc: 'hxx }
cycle 3503
copperv1: received:         x
tagged U_type Instruction_$U_type { imm: 'hxxxxx, rd: , opc: 'hxx }
cycle 3504
copperv1: received:         x
tagged U_type Instruction_$U_type { imm: 'hxxxxx, rd: , opc: 'hxx }
cycle 3505
copperv1: received:         x
tagged U_type Instruction_$U_type { imm: 'hxxxxx, rd: , opc: 'hxx }
cycle 3506
copperv1: received:         x
tagged U_type Instruction_$U_type { imm: 'hxxxxx, rd: , opc: 'hxx }
cycle 3507
copperv1: received:         x
tagged U_type Instruction_$U_type { imm: 'hxxxxx, rd: , opc: 'hxx }
cycle 3508
copperv1: received:         x
tagged U_type Instruction_$U_type { imm: 'hxxxxx, rd: , opc: 'hxx }
cycle 3509
copperv1: received:         x
tagged U_type Instruction_$U_type { imm: 'hxxxxx, rd: , opc: 'hxx }
cycle 3510
copperv1: received:         x
tagged U_type Instruction_$U_type { imm: 'hxxxxx, rd: , opc: 'hxx }
cycle 3511
copperv1: received:         x
tagged U_type Instruction_$U_type { imm: 'hxxxxx, rd: , opc: 'hxx }
cycle 3512
copperv1: received:         x
tagged U_type Instruction_$U_type { imm: 'hxxxxx, rd: , opc: 'hxx }
cycle 3513
copperv1: received:         x
tagged U_type Instruction_$U_type { imm: 'hxxxxx, rd: , opc: 'hxx }
cycle 3514
copperv1: received:         x
tagged U_type Instruction_$U_type { imm: 'hxxxxx, rd: , opc: 'hxx }
cycle 3515
copperv1: received:         x
tagged U_type Instruction_$U_type { imm: 'hxxxxx, rd: , opc: 'hxx }
cycle 3516
copperv1: received:         x
tagged U_type Instruction_$U_type { imm: 'hxxxxx, rd: , opc: 'hxx }
cycle 3517
copperv1: received:         x
tagged U_type Instruction_$U_type { imm: 'hxxxxx, rd: , opc: 'hxx }
cycle 3518
copperv1: received:         x
tagged U_type Instruction_$U_type { imm: 'hxxxxx, rd: , opc: 'hxx }
cycle 3519
copperv1: received:         x
tagged U_type Instruction_$U_type { imm: 'hxxxxx, rd: , opc: 'hxx }
cycle 3520
copperv1: received:         x
tagged U_type Instruction_$U_type { imm: 'hxxxxx, rd: , opc: 'hxx }
cycle 3521
copperv1: received:         x
tagged U_type Instruction_$U_type { imm: 'hxxxxx, rd: , opc: 'hxx }
cycle 3522
copperv1: received:         x
tagged U_type Instruction_$U_type { imm: 'hxxxxx, rd: , opc: 'hxx }
cycle 3523
copperv1: received:         x
tagged U_type Instruction_$U_type { imm: 'hxxxxx, rd: , opc: 'hxx }
cycle 3524
copperv1: received:         x
tagged U_type Instruction_$U_type { imm: 'hxxxxx, rd: , opc: 'hxx }
cycle 3525
copperv1: received:         x
tagged U_type Instruction_$U_type { imm: 'hxxxxx, rd: , opc: 'hxx }
cycle 3526
copperv1: received:         x
tagged U_type Instruction_$U_type { imm: 'hxxxxx, rd: , opc: 'hxx }
cycle 3527
copperv1: received:         x
tagged U_type Instruction_$U_type { imm: 'hxxxxx, rd: , opc: 'hxx }
cycle 3528
copperv1: received:         x
tagged U_type Instruction_$U_type { imm: 'hxxxxx, rd: , opc: 'hxx }
cycle 3529
copperv1: received:         x
tagged U_type Instruction_$U_type { imm: 'hxxxxx, rd: , opc: 'hxx }
cycle 3530
copperv1: received:         x
tagged U_type Instruction_$U_type { imm: 'hxxxxx, rd: , opc: 'hxx }
cycle 3531
copperv1: received:         x
tagged U_type Instruction_$U_type { imm: 'hxxxxx, rd: , opc: 'hxx }
cycle 3532
copperv1: received:         x
tagged U_type Instruction_$U_type { imm: 'hxxxxx, rd: , opc: 'hxx }
cycle 3533
copperv1: received:         x
tagged U_type Instruction_$U_type { imm: 'hxxxxx, rd: , opc: 'hxx }
cycle 3534
copperv1: received:         x
tagged U_type Instruction_$U_type { imm: 'hxxxxx, rd: , opc: 'hxx }
cycle 3535
copperv1: received:         x
tagged U_type Instruction_$U_type { imm: 'hxxxxx, rd: , opc: 'hxx }
cycle 3536
copperv1: received:         x
tagged U_type Instruction_$U_type { imm: 'hxxxxx, rd: , opc: 'hxx }
cycle 3537
copperv1: received:         x
tagged U_type Instruction_$U_type { imm: 'hxxxxx, rd: , opc: 'hxx }
cycle 3538
copperv1: received:         x
tagged U_type Instruction_$U_type { imm: 'hxxxxx, rd: , opc: 'hxx }
cycle 3539
copperv1: received:         x
tagged U_type Instruction_$U_type { imm: 'hxxxxx, rd: , opc: 'hxx }
cycle 3540
copperv1: received:         x
tagged U_type Instruction_$U_type { imm: 'hxxxxx, rd: , opc: 'hxx }
cycle 3541
copperv1: received:         x
tagged U_type Instruction_$U_type { imm: 'hxxxxx, rd: , opc: 'hxx }
cycle 3542
copperv1: received:         x
tagged U_type Instruction_$U_type { imm: 'hxxxxx, rd: , opc: 'hxx }
cycle 3543
copperv1: received:         x
tagged U_type Instruction_$U_type { imm: 'hxxxxx, rd: , opc: 'hxx }
cycle 3544
copperv1: received:         x
tagged U_type Instruction_$U_type { imm: 'hxxxxx, rd: , opc: 'hxx }
cycle 3545
copperv1: received:         x
tagged U_type Instruction_$U_type { imm: 'hxxxxx, rd: , opc: 'hxx }
cycle 3546
copperv1: received:         x
tagged U_type Instruction_$U_type { imm: 'hxxxxx, rd: , opc: 'hxx }
cycle 3547
copperv1: received:         x
tagged U_type Instruction_$U_type { imm: 'hxxxxx, rd: , opc: 'hxx }
cycle 3548
copperv1: received:         x
tagged U_type Instruction_$U_type { imm: 'hxxxxx, rd: , opc: 'hxx }
cycle 3549
copperv1: received:         x
tagged U_type Instruction_$U_type { imm: 'hxxxxx, rd: , opc: 'hxx }
cycle 3550
copperv1: received:         x
tagged U_type Instruction_$U_type { imm: 'hxxxxx, rd: , opc: 'hxx }
cycle 3551
copperv1: received:         x
tagged U_type Instruction_$U_type { imm: 'hxxxxx, rd: , opc: 'hxx }
cycle 3552
copperv1: received:         x
tagged U_type Instruction_$U_type { imm: 'hxxxxx, rd: , opc: 'hxx }
cycle 3553
copperv1: received:         x
tagged U_type Instruction_$U_type { imm: 'hxxxxx, rd: , opc: 'hxx }
cycle 3554
copperv1: received:         x
tagged U_type Instruction_$U_type { imm: 'hxxxxx, rd: , opc: 'hxx }
cycle 3555
copperv1: received:         x
tagged U_type Instruction_$U_type { imm: 'hxxxxx, rd: , opc: 'hxx }
cycle 3556
copperv1: received:         x
tagged U_type Instruction_$U_type { imm: 'hxxxxx, rd: , opc: 'hxx }
cycle 3557
copperv1: received:         x
tagged U_type Instruction_$U_type { imm: 'hxxxxx, rd: , opc: 'hxx }
cycle 3558
copperv1: received:         x
tagged U_type Instruction_$U_type { imm: 'hxxxxx, rd: , opc: 'hxx }
cycle 3559
copperv1: received:         x
tagged U_type Instruction_$U_type { imm: 'hxxxxx, rd: , opc: 'hxx }
cycle 3560
copperv1: received:         x
tagged U_type Instruction_$U_type { imm: 'hxxxxx, rd: , opc: 'hxx }
cycle 3561
copperv1: received:         x
tagged U_type Instruction_$U_type { imm: 'hxxxxx, rd: , opc: 'hxx }
cycle 3562
copperv1: received:         x
tagged U_type Instruction_$U_type { imm: 'hxxxxx, rd: , opc: 'hxx }
cycle 3563
copperv1: received:         x
tagged U_type Instruction_$U_type { imm: 'hxxxxx, rd: , opc: 'hxx }
cycle 3564
copperv1: received:         x
tagged U_type Instruction_$U_type { imm: 'hxxxxx, rd: , opc: 'hxx }
cycle 3565
copperv1: received:         x
tagged U_type Instruction_$U_type { imm: 'hxxxxx, rd: , opc: 'hxx }
cycle 3566
copperv1: received:         x
tagged U_type Instruction_$U_type { imm: 'hxxxxx, rd: , opc: 'hxx }
cycle 3567
copperv1: received:         x
tagged U_type Instruction_$U_type { imm: 'hxxxxx, rd: , opc: 'hxx }
cycle 3568
copperv1: received:         x
tagged U_type Instruction_$U_type { imm: 'hxxxxx, rd: , opc: 'hxx }
cycle 3569
copperv1: received:         x
tagged U_type Instruction_$U_type { imm: 'hxxxxx, rd: , opc: 'hxx }
cycle 3570
copperv1: received:         x
tagged U_type Instruction_$U_type { imm: 'hxxxxx, rd: , opc: 'hxx }
cycle 3571
copperv1: received:         x
tagged U_type Instruction_$U_type { imm: 'hxxxxx, rd: , opc: 'hxx }
cycle 3572
copperv1: received:         x
tagged U_type Instruction_$U_type { imm: 'hxxxxx, rd: , opc: 'hxx }
cycle 3573
copperv1: received:         x
tagged U_type Instruction_$U_type { imm: 'hxxxxx, rd: , opc: 'hxx }
cycle 3574
copperv1: received:         x
tagged U_type Instruction_$U_type { imm: 'hxxxxx, rd: , opc: 'hxx }
cycle 3575
copperv1: received:         x
tagged U_type Instruction_$U_type { imm: 'hxxxxx, rd: , opc: 'hxx }
cycle 3576
copperv1: received:         x
tagged U_type Instruction_$U_type { imm: 'hxxxxx, rd: , opc: 'hxx }
cycle 3577
copperv1: received:         x
tagged U_type Instruction_$U_type { imm: 'hxxxxx, rd: , opc: 'hxx }
cycle 3578
copperv1: received:         x
tagged U_type Instruction_$U_type { imm: 'hxxxxx, rd: , opc: 'hxx }
cycle 3579
copperv1: received:         x
tagged U_type Instruction_$U_type { imm: 'hxxxxx, rd: , opc: 'hxx }
cycle 3580
copperv1: received:         x
tagged U_type Instruction_$U_type { imm: 'hxxxxx, rd: , opc: 'hxx }
cycle 3581
copperv1: received:         x
tagged U_type Instruction_$U_type { imm: 'hxxxxx, rd: , opc: 'hxx }
cycle 3582
copperv1: received:         x
tagged U_type Instruction_$U_type { imm: 'hxxxxx, rd: , opc: 'hxx }
cycle 3583
copperv1: received:         x
tagged U_type Instruction_$U_type { imm: 'hxxxxx, rd: , opc: 'hxx }
cycle 3584
copperv1: received:         x
tagged U_type Instruction_$U_type { imm: 'hxxxxx, rd: , opc: 'hxx }
cycle 3585
copperv1: received:         x
tagged U_type Instruction_$U_type { imm: 'hxxxxx, rd: , opc: 'hxx }
cycle 3586
copperv1: received:         x
tagged U_type Instruction_$U_type { imm: 'hxxxxx, rd: , opc: 'hxx }
cycle 3587
copperv1: received:         x
tagged U_type Instruction_$U_type { imm: 'hxxxxx, rd: , opc: 'hxx }
cycle 3588
copperv1: received:         x
tagged U_type Instruction_$U_type { imm: 'hxxxxx, rd: , opc: 'hxx }
cycle 3589
copperv1: received:         x
tagged U_type Instruction_$U_type { imm: 'hxxxxx, rd: , opc: 'hxx }
cycle 3590
copperv1: received:         x
tagged U_type Instruction_$U_type { imm: 'hxxxxx, rd: , opc: 'hxx }
cycle 3591
copperv1: received:         x
tagged U_type Instruction_$U_type { imm: 'hxxxxx, rd: , opc: 'hxx }
cycle 3592
copperv1: received:         x
tagged U_type Instruction_$U_type { imm: 'hxxxxx, rd: , opc: 'hxx }
cycle 3593
copperv1: received:         x
tagged U_type Instruction_$U_type { imm: 'hxxxxx, rd: , opc: 'hxx }
cycle 3594
copperv1: received:         x
tagged U_type Instruction_$U_type { imm: 'hxxxxx, rd: , opc: 'hxx }
cycle 3595
copperv1: received:         x
tagged U_type Instruction_$U_type { imm: 'hxxxxx, rd: , opc: 'hxx }
cycle 3596
copperv1: received:         x
tagged U_type Instruction_$U_type { imm: 'hxxxxx, rd: , opc: 'hxx }
cycle 3597
copperv1: received:         x
tagged U_type Instruction_$U_type { imm: 'hxxxxx, rd: , opc: 'hxx }
cycle 3598
copperv1: received:         x
tagged U_type Instruction_$U_type { imm: 'hxxxxx, rd: , opc: 'hxx }
cycle 3599
copperv1: received:         x
tagged U_type Instruction_$U_type { imm: 'hxxxxx, rd: , opc: 'hxx }
cycle 3600
copperv1: received:         x
tagged U_type Instruction_$U_type { imm: 'hxxxxx, rd: , opc: 'hxx }
cycle 3601
copperv1: received:         x
tagged U_type Instruction_$U_type { imm: 'hxxxxx, rd: , opc: 'hxx }
cycle 3602
copperv1: received:         x
tagged U_type Instruction_$U_type { imm: 'hxxxxx, rd: , opc: 'hxx }
cycle 3603
copperv1: received:         x
tagged U_type Instruction_$U_type { imm: 'hxxxxx, rd: , opc: 'hxx }
cycle 3604
copperv1: received:         x
tagged U_type Instruction_$U_type { imm: 'hxxxxx, rd: , opc: 'hxx }
cycle 3605
copperv1: received:         x
tagged U_type Instruction_$U_type { imm: 'hxxxxx, rd: , opc: 'hxx }
cycle 3606
copperv1: received:         x
tagged U_type Instruction_$U_type { imm: 'hxxxxx, rd: , opc: 'hxx }
cycle 3607
copperv1: received:         x
tagged U_type Instruction_$U_type { imm: 'hxxxxx, rd: , opc: 'hxx }
cycle 3608
copperv1: received:         x
tagged U_type Instruction_$U_type { imm: 'hxxxxx, rd: , opc: 'hxx }
cycle 3609
copperv1: received:         x
tagged U_type Instruction_$U_type { imm: 'hxxxxx, rd: , opc: 'hxx }
cycle 3610
copperv1: received:         x
tagged U_type Instruction_$U_type { imm: 'hxxxxx, rd: , opc: 'hxx }
cycle 3611
copperv1: received:         x
tagged U_type Instruction_$U_type { imm: 'hxxxxx, rd: , opc: 'hxx }
cycle 3612
copperv1: received:         x
tagged U_type Instruction_$U_type { imm: 'hxxxxx, rd: , opc: 'hxx }
cycle 3613
copperv1: received:         x
tagged U_type Instruction_$U_type { imm: 'hxxxxx, rd: , opc: 'hxx }
cycle 3614
copperv1: received:         x
tagged U_type Instruction_$U_type { imm: 'hxxxxx, rd: , opc: 'hxx }
cycle 3615
copperv1: received:         x
tagged U_type Instruction_$U_type { imm: 'hxxxxx, rd: , opc: 'hxx }
cycle 3616
copperv1: received:         x
tagged U_type Instruction_$U_type { imm: 'hxxxxx, rd: , opc: 'hxx }
cycle 3617
copperv1: received:         x
tagged U_type Instruction_$U_type { imm: 'hxxxxx, rd: , opc: 'hxx }
cycle 3618
copperv1: received:         x
tagged U_type Instruction_$U_type { imm: 'hxxxxx, rd: , opc: 'hxx }
cycle 3619
copperv1: received:         x
tagged U_type Instruction_$U_type { imm: 'hxxxxx, rd: , opc: 'hxx }
cycle 3620
copperv1: received:         x
tagged U_type Instruction_$U_type { imm: 'hxxxxx, rd: , opc: 'hxx }
cycle 3621
copperv1: received:         x
tagged U_type Instruction_$U_type { imm: 'hxxxxx, rd: , opc: 'hxx }
cycle 3622
copperv1: received:         x
tagged U_type Instruction_$U_type { imm: 'hxxxxx, rd: , opc: 'hxx }
cycle 3623
copperv1: received:         x
tagged U_type Instruction_$U_type { imm: 'hxxxxx, rd: , opc: 'hxx }
cycle 3624
copperv1: received:         x
tagged U_type Instruction_$U_type { imm: 'hxxxxx, rd: , opc: 'hxx }
cycle 3625
copperv1: received:         x
tagged U_type Instruction_$U_type { imm: 'hxxxxx, rd: , opc: 'hxx }
cycle 3626
copperv1: received:         x
tagged U_type Instruction_$U_type { imm: 'hxxxxx, rd: , opc: 'hxx }
cycle 3627
copperv1: received:         x
tagged U_type Instruction_$U_type { imm: 'hxxxxx, rd: , opc: 'hxx }
cycle 3628
copperv1: received:         x
tagged U_type Instruction_$U_type { imm: 'hxxxxx, rd: , opc: 'hxx }
cycle 3629
copperv1: received:         x
tagged U_type Instruction_$U_type { imm: 'hxxxxx, rd: , opc: 'hxx }
cycle 3630
copperv1: received:         x
tagged U_type Instruction_$U_type { imm: 'hxxxxx, rd: , opc: 'hxx }
cycle 3631
copperv1: received:         x
tagged U_type Instruction_$U_type { imm: 'hxxxxx, rd: , opc: 'hxx }
cycle 3632
copperv1: received:         x
tagged U_type Instruction_$U_type { imm: 'hxxxxx, rd: , opc: 'hxx }
cycle 3633
copperv1: received:         x
tagged U_type Instruction_$U_type { imm: 'hxxxxx, rd: , opc: 'hxx }
cycle 3634
copperv1: received:         x
tagged U_type Instruction_$U_type { imm: 'hxxxxx, rd: , opc: 'hxx }
cycle 3635
copperv1: received:         x
tagged U_type Instruction_$U_type { imm: 'hxxxxx, rd: , opc: 'hxx }
cycle 3636
copperv1: received:         x
tagged U_type Instruction_$U_type { imm: 'hxxxxx, rd: , opc: 'hxx }
cycle 3637
copperv1: received:         x
tagged U_type Instruction_$U_type { imm: 'hxxxxx, rd: , opc: 'hxx }
cycle 3638
copperv1: received:         x
tagged U_type Instruction_$U_type { imm: 'hxxxxx, rd: , opc: 'hxx }
cycle 3639
copperv1: received:         x
tagged U_type Instruction_$U_type { imm: 'hxxxxx, rd: , opc: 'hxx }
cycle 3640
copperv1: received:         x
tagged U_type Instruction_$U_type { imm: 'hxxxxx, rd: , opc: 'hxx }
cycle 3641
copperv1: received:         x
tagged U_type Instruction_$U_type { imm: 'hxxxxx, rd: , opc: 'hxx }
cycle 3642
copperv1: received:         x
tagged U_type Instruction_$U_type { imm: 'hxxxxx, rd: , opc: 'hxx }
cycle 3643
copperv1: received:         x
tagged U_type Instruction_$U_type { imm: 'hxxxxx, rd: , opc: 'hxx }
cycle 3644
copperv1: received:         x
tagged U_type Instruction_$U_type { imm: 'hxxxxx, rd: , opc: 'hxx }
cycle 3645
copperv1: received:         x
tagged U_type Instruction_$U_type { imm: 'hxxxxx, rd: , opc: 'hxx }
cycle 3646
copperv1: received:         x
tagged U_type Instruction_$U_type { imm: 'hxxxxx, rd: , opc: 'hxx }
cycle 3647
copperv1: received:         x
tagged U_type Instruction_$U_type { imm: 'hxxxxx, rd: , opc: 'hxx }
cycle 3648
copperv1: received:         x
tagged U_type Instruction_$U_type { imm: 'hxxxxx, rd: , opc: 'hxx }
cycle 3649
copperv1: received:         x
tagged U_type Instruction_$U_type { imm: 'hxxxxx, rd: , opc: 'hxx }
cycle 3650
copperv1: received:         x
tagged U_type Instruction_$U_type { imm: 'hxxxxx, rd: , opc: 'hxx }
cycle 3651
copperv1: received:         x
tagged U_type Instruction_$U_type { imm: 'hxxxxx, rd: , opc: 'hxx }
cycle 3652
copperv1: received:         x
tagged U_type Instruction_$U_type { imm: 'hxxxxx, rd: , opc: 'hxx }
cycle 3653
copperv1: received:         x
tagged U_type Instruction_$U_type { imm: 'hxxxxx, rd: , opc: 'hxx }
cycle 3654
copperv1: received:         x
tagged U_type Instruction_$U_type { imm: 'hxxxxx, rd: , opc: 'hxx }
cycle 3655
copperv1: received:         x
tagged U_type Instruction_$U_type { imm: 'hxxxxx, rd: , opc: 'hxx }
cycle 3656
copperv1: received:         x
tagged U_type Instruction_$U_type { imm: 'hxxxxx, rd: , opc: 'hxx }
cycle 3657
copperv1: received:         x
tagged U_type Instruction_$U_type { imm: 'hxxxxx, rd: , opc: 'hxx }
cycle 3658
copperv1: received:         x
tagged U_type Instruction_$U_type { imm: 'hxxxxx, rd: , opc: 'hxx }
cycle 3659
copperv1: received:         x
tagged U_type Instruction_$U_type { imm: 'hxxxxx, rd: , opc: 'hxx }
cycle 3660
copperv1: received:         x
tagged U_type Instruction_$U_type { imm: 'hxxxxx, rd: , opc: 'hxx }
cycle 3661
copperv1: received:         x
tagged U_type Instruction_$U_type { imm: 'hxxxxx, rd: , opc: 'hxx }
cycle 3662
copperv1: received:         x
tagged U_type Instruction_$U_type { imm: 'hxxxxx, rd: , opc: 'hxx }
cycle 3663
copperv1: received:         x
tagged U_type Instruction_$U_type { imm: 'hxxxxx, rd: , opc: 'hxx }
cycle 3664
copperv1: received:         x
tagged U_type Instruction_$U_type { imm: 'hxxxxx, rd: , opc: 'hxx }
cycle 3665
copperv1: received:         x
tagged U_type Instruction_$U_type { imm: 'hxxxxx, rd: , opc: 'hxx }
cycle 3666
copperv1: received:         x
tagged U_type Instruction_$U_type { imm: 'hxxxxx, rd: , opc: 'hxx }
cycle 3667
copperv1: received:         x
tagged U_type Instruction_$U_type { imm: 'hxxxxx, rd: , opc: 'hxx }
cycle 3668
copperv1: received:         x
tagged U_type Instruction_$U_type { imm: 'hxxxxx, rd: , opc: 'hxx }
cycle 3669
copperv1: received:         x
tagged U_type Instruction_$U_type { imm: 'hxxxxx, rd: , opc: 'hxx }
cycle 3670
copperv1: received:         x
tagged U_type Instruction_$U_type { imm: 'hxxxxx, rd: , opc: 'hxx }
cycle 3671
copperv1: received:         x
tagged U_type Instruction_$U_type { imm: 'hxxxxx, rd: , opc: 'hxx }
cycle 3672
copperv1: received:         x
tagged U_type Instruction_$U_type { imm: 'hxxxxx, rd: , opc: 'hxx }
cycle 3673
copperv1: received:         x
tagged U_type Instruction_$U_type { imm: 'hxxxxx, rd: , opc: 'hxx }
cycle 3674
copperv1: received:         x
tagged U_type Instruction_$U_type { imm: 'hxxxxx, rd: , opc: 'hxx }
cycle 3675
copperv1: received:         x
tagged U_type Instruction_$U_type { imm: 'hxxxxx, rd: , opc: 'hxx }
cycle 3676
copperv1: received:         x
tagged U_type Instruction_$U_type { imm: 'hxxxxx, rd: , opc: 'hxx }
cycle 3677
copperv1: received:         x
tagged U_type Instruction_$U_type { imm: 'hxxxxx, rd: , opc: 'hxx }
cycle 3678
copperv1: received:         x
tagged U_type Instruction_$U_type { imm: 'hxxxxx, rd: , opc: 'hxx }
cycle 3679
copperv1: received:         x
tagged U_type Instruction_$U_type { imm: 'hxxxxx, rd: , opc: 'hxx }
cycle 3680
copperv1: received:         x
tagged U_type Instruction_$U_type { imm: 'hxxxxx, rd: , opc: 'hxx }
cycle 3681
copperv1: received:         x
tagged U_type Instruction_$U_type { imm: 'hxxxxx, rd: , opc: 'hxx }
cycle 3682
copperv1: received:         x
tagged U_type Instruction_$U_type { imm: 'hxxxxx, rd: , opc: 'hxx }
cycle 3683
copperv1: received:         x
tagged U_type Instruction_$U_type { imm: 'hxxxxx, rd: , opc: 'hxx }
cycle 3684
copperv1: received:         x
tagged U_type Instruction_$U_type { imm: 'hxxxxx, rd: , opc: 'hxx }
cycle 3685
copperv1: received:         x
tagged U_type Instruction_$U_type { imm: 'hxxxxx, rd: , opc: 'hxx }
cycle 3686
copperv1: received:         x
tagged U_type Instruction_$U_type { imm: 'hxxxxx, rd: , opc: 'hxx }
cycle 3687
copperv1: received:         x
tagged U_type Instruction_$U_type { imm: 'hxxxxx, rd: , opc: 'hxx }
cycle 3688
copperv1: received:         x
tagged U_type Instruction_$U_type { imm: 'hxxxxx, rd: , opc: 'hxx }
cycle 3689
copperv1: received:         x
tagged U_type Instruction_$U_type { imm: 'hxxxxx, rd: , opc: 'hxx }
cycle 3690
copperv1: received:         x
tagged U_type Instruction_$U_type { imm: 'hxxxxx, rd: , opc: 'hxx }
cycle 3691
copperv1: received:         x
tagged U_type Instruction_$U_type { imm: 'hxxxxx, rd: , opc: 'hxx }
cycle 3692
copperv1: received:         x
tagged U_type Instruction_$U_type { imm: 'hxxxxx, rd: , opc: 'hxx }
cycle 3693
copperv1: received:         x
tagged U_type Instruction_$U_type { imm: 'hxxxxx, rd: , opc: 'hxx }
cycle 3694
copperv1: received:         x
tagged U_type Instruction_$U_type { imm: 'hxxxxx, rd: , opc: 'hxx }
cycle 3695
copperv1: received:         x
tagged U_type Instruction_$U_type { imm: 'hxxxxx, rd: , opc: 'hxx }
cycle 3696
copperv1: received:         x
tagged U_type Instruction_$U_type { imm: 'hxxxxx, rd: , opc: 'hxx }
cycle 3697
copperv1: received:         x
tagged U_type Instruction_$U_type { imm: 'hxxxxx, rd: , opc: 'hxx }
cycle 3698
copperv1: received:         x
tagged U_type Instruction_$U_type { imm: 'hxxxxx, rd: , opc: 'hxx }
cycle 3699
copperv1: received:         x
tagged U_type Instruction_$U_type { imm: 'hxxxxx, rd: , opc: 'hxx }
cycle 3700
copperv1: received:         x
tagged U_type Instruction_$U_type { imm: 'hxxxxx, rd: , opc: 'hxx }
cycle 3701
copperv1: received:         x
tagged U_type Instruction_$U_type { imm: 'hxxxxx, rd: , opc: 'hxx }
cycle 3702
copperv1: received:         x
tagged U_type Instruction_$U_type { imm: 'hxxxxx, rd: , opc: 'hxx }
cycle 3703
copperv1: received:         x
tagged U_type Instruction_$U_type { imm: 'hxxxxx, rd: , opc: 'hxx }
cycle 3704
copperv1: received:         x
tagged U_type Instruction_$U_type { imm: 'hxxxxx, rd: , opc: 'hxx }
cycle 3705
copperv1: received:         x
tagged U_type Instruction_$U_type { imm: 'hxxxxx, rd: , opc: 'hxx }
cycle 3706
copperv1: received:         x
tagged U_type Instruction_$U_type { imm: 'hxxxxx, rd: , opc: 'hxx }
cycle 3707
copperv1: received:         x
tagged U_type Instruction_$U_type { imm: 'hxxxxx, rd: , opc: 'hxx }
cycle 3708
copperv1: received:         x
tagged U_type Instruction_$U_type { imm: 'hxxxxx, rd: , opc: 'hxx }
cycle 3709
copperv1: received:         x
tagged U_type Instruction_$U_type { imm: 'hxxxxx, rd: , opc: 'hxx }
cycle 3710
copperv1: received:         x
tagged U_type Instruction_$U_type { imm: 'hxxxxx, rd: , opc: 'hxx }
cycle 3711
copperv1: received:         x
tagged U_type Instruction_$U_type { imm: 'hxxxxx, rd: , opc: 'hxx }
cycle 3712
copperv1: received:         x
tagged U_type Instruction_$U_type { imm: 'hxxxxx, rd: , opc: 'hxx }
cycle 3713
copperv1: received:         x
tagged U_type Instruction_$U_type { imm: 'hxxxxx, rd: , opc: 'hxx }
cycle 3714
copperv1: received:         x
tagged U_type Instruction_$U_type { imm: 'hxxxxx, rd: , opc: 'hxx }
cycle 3715
copperv1: received:         x
tagged U_type Instruction_$U_type { imm: 'hxxxxx, rd: , opc: 'hxx }
cycle 3716
copperv1: received:         x
tagged U_type Instruction_$U_type { imm: 'hxxxxx, rd: , opc: 'hxx }
cycle 3717
copperv1: received:         x
tagged U_type Instruction_$U_type { imm: 'hxxxxx, rd: , opc: 'hxx }
cycle 3718
copperv1: received:         x
tagged U_type Instruction_$U_type { imm: 'hxxxxx, rd: , opc: 'hxx }
cycle 3719
copperv1: received:         x
tagged U_type Instruction_$U_type { imm: 'hxxxxx, rd: , opc: 'hxx }
cycle 3720
copperv1: received:         x
tagged U_type Instruction_$U_type { imm: 'hxxxxx, rd: , opc: 'hxx }
cycle 3721
copperv1: received:         x
tagged U_type Instruction_$U_type { imm: 'hxxxxx, rd: , opc: 'hxx }
cycle 3722
copperv1: received:         x
tagged U_type Instruction_$U_type { imm: 'hxxxxx, rd: , opc: 'hxx }
cycle 3723
copperv1: received:         x
tagged U_type Instruction_$U_type { imm: 'hxxxxx, rd: , opc: 'hxx }
cycle 3724
copperv1: received:         x
tagged U_type Instruction_$U_type { imm: 'hxxxxx, rd: , opc: 'hxx }
cycle 3725
copperv1: received:         x
tagged U_type Instruction_$U_type { imm: 'hxxxxx, rd: , opc: 'hxx }
cycle 3726
copperv1: received:         x
tagged U_type Instruction_$U_type { imm: 'hxxxxx, rd: , opc: 'hxx }
cycle 3727
copperv1: received:         x
tagged U_type Instruction_$U_type { imm: 'hxxxxx, rd: , opc: 'hxx }
cycle 3728
copperv1: received:         x
tagged U_type Instruction_$U_type { imm: 'hxxxxx, rd: , opc: 'hxx }
cycle 3729
copperv1: received:         x
tagged U_type Instruction_$U_type { imm: 'hxxxxx, rd: , opc: 'hxx }
cycle 3730
copperv1: received:         x
tagged U_type Instruction_$U_type { imm: 'hxxxxx, rd: , opc: 'hxx }
cycle 3731
copperv1: received:         x
tagged U_type Instruction_$U_type { imm: 'hxxxxx, rd: , opc: 'hxx }
cycle 3732
copperv1: received:         x
tagged U_type Instruction_$U_type { imm: 'hxxxxx, rd: , opc: 'hxx }
cycle 3733
copperv1: received:         x
tagged U_type Instruction_$U_type { imm: 'hxxxxx, rd: , opc: 'hxx }
cycle 3734
copperv1: received:         x
tagged U_type Instruction_$U_type { imm: 'hxxxxx, rd: , opc: 'hxx }
cycle 3735
copperv1: received:         x
tagged U_type Instruction_$U_type { imm: 'hxxxxx, rd: , opc: 'hxx }
cycle 3736
copperv1: received:         x
tagged U_type Instruction_$U_type { imm: 'hxxxxx, rd: , opc: 'hxx }
cycle 3737
copperv1: received:         x
tagged U_type Instruction_$U_type { imm: 'hxxxxx, rd: , opc: 'hxx }
cycle 3738
copperv1: received:         x
tagged U_type Instruction_$U_type { imm: 'hxxxxx, rd: , opc: 'hxx }
cycle 3739
copperv1: received:         x
tagged U_type Instruction_$U_type { imm: 'hxxxxx, rd: , opc: 'hxx }
cycle 3740
copperv1: received:         x
tagged U_type Instruction_$U_type { imm: 'hxxxxx, rd: , opc: 'hxx }
cycle 3741
copperv1: received:         x
tagged U_type Instruction_$U_type { imm: 'hxxxxx, rd: , opc: 'hxx }
cycle 3742
copperv1: received:         x
tagged U_type Instruction_$U_type { imm: 'hxxxxx, rd: , opc: 'hxx }
cycle 3743
copperv1: received:         x
tagged U_type Instruction_$U_type { imm: 'hxxxxx, rd: , opc: 'hxx }
cycle 3744
copperv1: received:         x
tagged U_type Instruction_$U_type { imm: 'hxxxxx, rd: , opc: 'hxx }
cycle 3745
copperv1: received:         x
tagged U_type Instruction_$U_type { imm: 'hxxxxx, rd: , opc: 'hxx }
cycle 3746
copperv1: received:         x
tagged U_type Instruction_$U_type { imm: 'hxxxxx, rd: , opc: 'hxx }
cycle 3747
copperv1: received:         x
tagged U_type Instruction_$U_type { imm: 'hxxxxx, rd: , opc: 'hxx }
cycle 3748
copperv1: received:         x
tagged U_type Instruction_$U_type { imm: 'hxxxxx, rd: , opc: 'hxx }
cycle 3749
copperv1: received:         x
tagged U_type Instruction_$U_type { imm: 'hxxxxx, rd: , opc: 'hxx }
cycle 3750
copperv1: received:         x
tagged U_type Instruction_$U_type { imm: 'hxxxxx, rd: , opc: 'hxx }
cycle 3751
copperv1: received:         x
tagged U_type Instruction_$U_type { imm: 'hxxxxx, rd: , opc: 'hxx }
cycle 3752
copperv1: received:         x
tagged U_type Instruction_$U_type { imm: 'hxxxxx, rd: , opc: 'hxx }
cycle 3753
copperv1: received:         x
tagged U_type Instruction_$U_type { imm: 'hxxxxx, rd: , opc: 'hxx }
cycle 3754
copperv1: received:         x
tagged U_type Instruction_$U_type { imm: 'hxxxxx, rd: , opc: 'hxx }
cycle 3755
copperv1: received:         x
tagged U_type Instruction_$U_type { imm: 'hxxxxx, rd: , opc: 'hxx }
cycle 3756
copperv1: received:         x
tagged U_type Instruction_$U_type { imm: 'hxxxxx, rd: , opc: 'hxx }
cycle 3757
copperv1: received:         x
tagged U_type Instruction_$U_type { imm: 'hxxxxx, rd: , opc: 'hxx }
cycle 3758
copperv1: received:         x
tagged U_type Instruction_$U_type { imm: 'hxxxxx, rd: , opc: 'hxx }
cycle 3759
copperv1: received:         x
tagged U_type Instruction_$U_type { imm: 'hxxxxx, rd: , opc: 'hxx }
cycle 3760
copperv1: received:         x
tagged U_type Instruction_$U_type { imm: 'hxxxxx, rd: , opc: 'hxx }
cycle 3761
copperv1: received:         x
tagged U_type Instruction_$U_type { imm: 'hxxxxx, rd: , opc: 'hxx }
cycle 3762
copperv1: received:         x
tagged U_type Instruction_$U_type { imm: 'hxxxxx, rd: , opc: 'hxx }
cycle 3763
copperv1: received:         x
tagged U_type Instruction_$U_type { imm: 'hxxxxx, rd: , opc: 'hxx }
cycle 3764
copperv1: received:         x
tagged U_type Instruction_$U_type { imm: 'hxxxxx, rd: , opc: 'hxx }
cycle 3765
copperv1: received:         x
tagged U_type Instruction_$U_type { imm: 'hxxxxx, rd: , opc: 'hxx }
cycle 3766
copperv1: received:         x
tagged U_type Instruction_$U_type { imm: 'hxxxxx, rd: , opc: 'hxx }
cycle 3767
copperv1: received:         x
tagged U_type Instruction_$U_type { imm: 'hxxxxx, rd: , opc: 'hxx }
cycle 3768
copperv1: received:         x
tagged U_type Instruction_$U_type { imm: 'hxxxxx, rd: , opc: 'hxx }
cycle 3769
copperv1: received:         x
tagged U_type Instruction_$U_type { imm: 'hxxxxx, rd: , opc: 'hxx }
cycle 3770
copperv1: received:         x
tagged U_type Instruction_$U_type { imm: 'hxxxxx, rd: , opc: 'hxx }
cycle 3771
copperv1: received:         x
tagged U_type Instruction_$U_type { imm: 'hxxxxx, rd: , opc: 'hxx }
cycle 3772
copperv1: received:         x
tagged U_type Instruction_$U_type { imm: 'hxxxxx, rd: , opc: 'hxx }
cycle 3773
copperv1: received:         x
tagged U_type Instruction_$U_type { imm: 'hxxxxx, rd: , opc: 'hxx }
cycle 3774
copperv1: received:         x
tagged U_type Instruction_$U_type { imm: 'hxxxxx, rd: , opc: 'hxx }
cycle 3775
copperv1: received:         x
tagged U_type Instruction_$U_type { imm: 'hxxxxx, rd: , opc: 'hxx }
cycle 3776
copperv1: received:         x
tagged U_type Instruction_$U_type { imm: 'hxxxxx, rd: , opc: 'hxx }
cycle 3777
copperv1: received:         x
tagged U_type Instruction_$U_type { imm: 'hxxxxx, rd: , opc: 'hxx }
cycle 3778
copperv1: received:         x
tagged U_type Instruction_$U_type { imm: 'hxxxxx, rd: , opc: 'hxx }
cycle 3779
copperv1: received:         x
tagged U_type Instruction_$U_type { imm: 'hxxxxx, rd: , opc: 'hxx }
cycle 3780
copperv1: received:         x
tagged U_type Instruction_$U_type { imm: 'hxxxxx, rd: , opc: 'hxx }
cycle 3781
copperv1: received:         x
tagged U_type Instruction_$U_type { imm: 'hxxxxx, rd: , opc: 'hxx }
cycle 3782
copperv1: received:         x
tagged U_type Instruction_$U_type { imm: 'hxxxxx, rd: , opc: 'hxx }
cycle 3783
copperv1: received:         x
tagged U_type Instruction_$U_type { imm: 'hxxxxx, rd: , opc: 'hxx }
cycle 3784
copperv1: received:         x
tagged U_type Instruction_$U_type { imm: 'hxxxxx, rd: , opc: 'hxx }
cycle 3785
copperv1: received:         x
tagged U_type Instruction_$U_type { imm: 'hxxxxx, rd: , opc: 'hxx }
cycle 3786
copperv1: received:         x
tagged U_type Instruction_$U_type { imm: 'hxxxxx, rd: , opc: 'hxx }
cycle 3787
copperv1: received:         x
tagged U_type Instruction_$U_type { imm: 'hxxxxx, rd: , opc: 'hxx }
cycle 3788
copperv1: received:         x
tagged U_type Instruction_$U_type { imm: 'hxxxxx, rd: , opc: 'hxx }
cycle 3789
copperv1: received:         x
tagged U_type Instruction_$U_type { imm: 'hxxxxx, rd: , opc: 'hxx }
cycle 3790
copperv1: received:         x
tagged U_type Instruction_$U_type { imm: 'hxxxxx, rd: , opc: 'hxx }
cycle 3791
copperv1: received:         x
tagged U_type Instruction_$U_type { imm: 'hxxxxx, rd: , opc: 'hxx }
cycle 3792
copperv1: received:         x
tagged U_type Instruction_$U_type { imm: 'hxxxxx, rd: , opc: 'hxx }
cycle 3793
copperv1: received:         x
tagged U_type Instruction_$U_type { imm: 'hxxxxx, rd: , opc: 'hxx }
cycle 3794
copperv1: received:         x
tagged U_type Instruction_$U_type { imm: 'hxxxxx, rd: , opc: 'hxx }
cycle 3795
copperv1: received:         x
tagged U_type Instruction_$U_type { imm: 'hxxxxx, rd: , opc: 'hxx }
cycle 3796
copperv1: received:         x
tagged U_type Instruction_$U_type { imm: 'hxxxxx, rd: , opc: 'hxx }
cycle 3797
copperv1: received:         x
tagged U_type Instruction_$U_type { imm: 'hxxxxx, rd: , opc: 'hxx }
cycle 3798
copperv1: received:         x
tagged U_type Instruction_$U_type { imm: 'hxxxxx, rd: , opc: 'hxx }
cycle 3799
copperv1: received:         x
tagged U_type Instruction_$U_type { imm: 'hxxxxx, rd: , opc: 'hxx }
cycle 3800
copperv1: received:         x
tagged U_type Instruction_$U_type { imm: 'hxxxxx, rd: , opc: 'hxx }
cycle 3801
copperv1: received:         x
tagged U_type Instruction_$U_type { imm: 'hxxxxx, rd: , opc: 'hxx }
cycle 3802
copperv1: received:         x
tagged U_type Instruction_$U_type { imm: 'hxxxxx, rd: , opc: 'hxx }
cycle 3803
copperv1: received:         x
tagged U_type Instruction_$U_type { imm: 'hxxxxx, rd: , opc: 'hxx }
cycle 3804
copperv1: received:         x
tagged U_type Instruction_$U_type { imm: 'hxxxxx, rd: , opc: 'hxx }
cycle 3805
copperv1: received:         x
tagged U_type Instruction_$U_type { imm: 'hxxxxx, rd: , opc: 'hxx }
cycle 3806
copperv1: received:         x
tagged U_type Instruction_$U_type { imm: 'hxxxxx, rd: , opc: 'hxx }
cycle 3807
copperv1: received:         x
tagged U_type Instruction_$U_type { imm: 'hxxxxx, rd: , opc: 'hxx }
cycle 3808
copperv1: received:         x
tagged U_type Instruction_$U_type { imm: 'hxxxxx, rd: , opc: 'hxx }
cycle 3809
copperv1: received:         x
tagged U_type Instruction_$U_type { imm: 'hxxxxx, rd: , opc: 'hxx }
cycle 3810
copperv1: received:         x
tagged U_type Instruction_$U_type { imm: 'hxxxxx, rd: , opc: 'hxx }
cycle 3811
copperv1: received:         x
tagged U_type Instruction_$U_type { imm: 'hxxxxx, rd: , opc: 'hxx }
cycle 3812
copperv1: received:         x
tagged U_type Instruction_$U_type { imm: 'hxxxxx, rd: , opc: 'hxx }
cycle 3813
copperv1: received:         x
tagged U_type Instruction_$U_type { imm: 'hxxxxx, rd: , opc: 'hxx }
cycle 3814
copperv1: received:         x
tagged U_type Instruction_$U_type { imm: 'hxxxxx, rd: , opc: 'hxx }
cycle 3815
copperv1: received:         x
tagged U_type Instruction_$U_type { imm: 'hxxxxx, rd: , opc: 'hxx }
cycle 3816
copperv1: received:         x
tagged U_type Instruction_$U_type { imm: 'hxxxxx, rd: , opc: 'hxx }
cycle 3817
copperv1: received:         x
tagged U_type Instruction_$U_type { imm: 'hxxxxx, rd: , opc: 'hxx }
cycle 3818
copperv1: received:         x
tagged U_type Instruction_$U_type { imm: 'hxxxxx, rd: , opc: 'hxx }
cycle 3819
copperv1: received:         x
tagged U_type Instruction_$U_type { imm: 'hxxxxx, rd: , opc: 'hxx }
cycle 3820
copperv1: received:         x
tagged U_type Instruction_$U_type { imm: 'hxxxxx, rd: , opc: 'hxx }
cycle 3821
copperv1: received:         x
tagged U_type Instruction_$U_type { imm: 'hxxxxx, rd: , opc: 'hxx }
cycle 3822
copperv1: received:         x
tagged U_type Instruction_$U_type { imm: 'hxxxxx, rd: , opc: 'hxx }
cycle 3823
copperv1: received:         x
tagged U_type Instruction_$U_type { imm: 'hxxxxx, rd: , opc: 'hxx }
cycle 3824
copperv1: received:         x
tagged U_type Instruction_$U_type { imm: 'hxxxxx, rd: , opc: 'hxx }
cycle 3825
copperv1: received:         x
tagged U_type Instruction_$U_type { imm: 'hxxxxx, rd: , opc: 'hxx }
cycle 3826
copperv1: received:         x
tagged U_type Instruction_$U_type { imm: 'hxxxxx, rd: , opc: 'hxx }
cycle 3827
copperv1: received:         x
tagged U_type Instruction_$U_type { imm: 'hxxxxx, rd: , opc: 'hxx }
cycle 3828
copperv1: received:         x
tagged U_type Instruction_$U_type { imm: 'hxxxxx, rd: , opc: 'hxx }
cycle 3829
copperv1: received:         x
tagged U_type Instruction_$U_type { imm: 'hxxxxx, rd: , opc: 'hxx }
cycle 3830
copperv1: received:         x
tagged U_type Instruction_$U_type { imm: 'hxxxxx, rd: , opc: 'hxx }
cycle 3831
copperv1: received:         x
tagged U_type Instruction_$U_type { imm: 'hxxxxx, rd: , opc: 'hxx }
cycle 3832
copperv1: received:         x
tagged U_type Instruction_$U_type { imm: 'hxxxxx, rd: , opc: 'hxx }
cycle 3833
copperv1: received:         x
tagged U_type Instruction_$U_type { imm: 'hxxxxx, rd: , opc: 'hxx }
cycle 3834
copperv1: received:         x
tagged U_type Instruction_$U_type { imm: 'hxxxxx, rd: , opc: 'hxx }
cycle 3835
copperv1: received:         x
tagged U_type Instruction_$U_type { imm: 'hxxxxx, rd: , opc: 'hxx }
cycle 3836
copperv1: received:         x
tagged U_type Instruction_$U_type { imm: 'hxxxxx, rd: , opc: 'hxx }
cycle 3837
copperv1: received:         x
tagged U_type Instruction_$U_type { imm: 'hxxxxx, rd: , opc: 'hxx }
cycle 3838
copperv1: received:         x
tagged U_type Instruction_$U_type { imm: 'hxxxxx, rd: , opc: 'hxx }
cycle 3839
copperv1: received:         x
tagged U_type Instruction_$U_type { imm: 'hxxxxx, rd: , opc: 'hxx }
cycle 3840
copperv1: received:         x
tagged U_type Instruction_$U_type { imm: 'hxxxxx, rd: , opc: 'hxx }
cycle 3841
copperv1: received:         x
tagged U_type Instruction_$U_type { imm: 'hxxxxx, rd: , opc: 'hxx }
cycle 3842
copperv1: received:         x
tagged U_type Instruction_$U_type { imm: 'hxxxxx, rd: , opc: 'hxx }
cycle 3843
copperv1: received:         x
tagged U_type Instruction_$U_type { imm: 'hxxxxx, rd: , opc: 'hxx }
cycle 3844
copperv1: received:         x
tagged U_type Instruction_$U_type { imm: 'hxxxxx, rd: , opc: 'hxx }
cycle 3845
copperv1: received:         x
tagged U_type Instruction_$U_type { imm: 'hxxxxx, rd: , opc: 'hxx }
cycle 3846
copperv1: received:         x
tagged U_type Instruction_$U_type { imm: 'hxxxxx, rd: , opc: 'hxx }
cycle 3847
copperv1: received:         x
tagged U_type Instruction_$U_type { imm: 'hxxxxx, rd: , opc: 'hxx }
cycle 3848
copperv1: received:         x
tagged U_type Instruction_$U_type { imm: 'hxxxxx, rd: , opc: 'hxx }
cycle 3849
copperv1: received:         x
tagged U_type Instruction_$U_type { imm: 'hxxxxx, rd: , opc: 'hxx }
cycle 3850
copperv1: received:         x
tagged U_type Instruction_$U_type { imm: 'hxxxxx, rd: , opc: 'hxx }
cycle 3851
copperv1: received:         x
tagged U_type Instruction_$U_type { imm: 'hxxxxx, rd: , opc: 'hxx }
cycle 3852
copperv1: received:         x
tagged U_type Instruction_$U_type { imm: 'hxxxxx, rd: , opc: 'hxx }
cycle 3853
copperv1: received:         x
tagged U_type Instruction_$U_type { imm: 'hxxxxx, rd: , opc: 'hxx }
cycle 3854
copperv1: received:         x
tagged U_type Instruction_$U_type { imm: 'hxxxxx, rd: , opc: 'hxx }
cycle 3855
copperv1: received:         x
tagged U_type Instruction_$U_type { imm: 'hxxxxx, rd: , opc: 'hxx }
cycle 3856
copperv1: received:         x
tagged U_type Instruction_$U_type { imm: 'hxxxxx, rd: , opc: 'hxx }
cycle 3857
copperv1: received:         x
tagged U_type Instruction_$U_type { imm: 'hxxxxx, rd: , opc: 'hxx }
cycle 3858
copperv1: received:         x
tagged U_type Instruction_$U_type { imm: 'hxxxxx, rd: , opc: 'hxx }
cycle 3859
copperv1: received:         x
tagged U_type Instruction_$U_type { imm: 'hxxxxx, rd: , opc: 'hxx }
cycle 3860
copperv1: received:         x
tagged U_type Instruction_$U_type { imm: 'hxxxxx, rd: , opc: 'hxx }
cycle 3861
copperv1: received:         x
tagged U_type Instruction_$U_type { imm: 'hxxxxx, rd: , opc: 'hxx }
cycle 3862
copperv1: received:         x
tagged U_type Instruction_$U_type { imm: 'hxxxxx, rd: , opc: 'hxx }
cycle 3863
copperv1: received:         x
tagged U_type Instruction_$U_type { imm: 'hxxxxx, rd: , opc: 'hxx }
cycle 3864
copperv1: received:         x
tagged U_type Instruction_$U_type { imm: 'hxxxxx, rd: , opc: 'hxx }
cycle 3865
copperv1: received:         x
tagged U_type Instruction_$U_type { imm: 'hxxxxx, rd: , opc: 'hxx }
cycle 3866
copperv1: received:         x
tagged U_type Instruction_$U_type { imm: 'hxxxxx, rd: , opc: 'hxx }
cycle 3867
copperv1: received:         x
tagged U_type Instruction_$U_type { imm: 'hxxxxx, rd: , opc: 'hxx }
cycle 3868
copperv1: received:         x
tagged U_type Instruction_$U_type { imm: 'hxxxxx, rd: , opc: 'hxx }
cycle 3869
copperv1: received:         x
tagged U_type Instruction_$U_type { imm: 'hxxxxx, rd: , opc: 'hxx }
cycle 3870
copperv1: received:         x
tagged U_type Instruction_$U_type { imm: 'hxxxxx, rd: , opc: 'hxx }
cycle 3871
copperv1: received:         x
tagged U_type Instruction_$U_type { imm: 'hxxxxx, rd: , opc: 'hxx }
cycle 3872
copperv1: received:         x
tagged U_type Instruction_$U_type { imm: 'hxxxxx, rd: , opc: 'hxx }
cycle 3873
copperv1: received:         x
tagged U_type Instruction_$U_type { imm: 'hxxxxx, rd: , opc: 'hxx }
cycle 3874
copperv1: received:         x
tagged U_type Instruction_$U_type { imm: 'hxxxxx, rd: , opc: 'hxx }
cycle 3875
copperv1: received:         x
tagged U_type Instruction_$U_type { imm: 'hxxxxx, rd: , opc: 'hxx }
cycle 3876
copperv1: received:         x
tagged U_type Instruction_$U_type { imm: 'hxxxxx, rd: , opc: 'hxx }
cycle 3877
copperv1: received:         x
tagged U_type Instruction_$U_type { imm: 'hxxxxx, rd: , opc: 'hxx }
cycle 3878
copperv1: received:         x
tagged U_type Instruction_$U_type { imm: 'hxxxxx, rd: , opc: 'hxx }
cycle 3879
copperv1: received:         x
tagged U_type Instruction_$U_type { imm: 'hxxxxx, rd: , opc: 'hxx }
cycle 3880
copperv1: received:         x
tagged U_type Instruction_$U_type { imm: 'hxxxxx, rd: , opc: 'hxx }
cycle 3881
copperv1: received:         x
tagged U_type Instruction_$U_type { imm: 'hxxxxx, rd: , opc: 'hxx }
cycle 3882
copperv1: received:         x
tagged U_type Instruction_$U_type { imm: 'hxxxxx, rd: , opc: 'hxx }
cycle 3883
copperv1: received:         x
tagged U_type Instruction_$U_type { imm: 'hxxxxx, rd: , opc: 'hxx }
cycle 3884
copperv1: received:         x
tagged U_type Instruction_$U_type { imm: 'hxxxxx, rd: , opc: 'hxx }
cycle 3885
copperv1: received:         x
tagged U_type Instruction_$U_type { imm: 'hxxxxx, rd: , opc: 'hxx }
cycle 3886
copperv1: received:         x
tagged U_type Instruction_$U_type { imm: 'hxxxxx, rd: , opc: 'hxx }
cycle 3887
copperv1: received:         x
tagged U_type Instruction_$U_type { imm: 'hxxxxx, rd: , opc: 'hxx }
cycle 3888
copperv1: received:         x
tagged U_type Instruction_$U_type { imm: 'hxxxxx, rd: , opc: 'hxx }
cycle 3889
copperv1: received:         x
tagged U_type Instruction_$U_type { imm: 'hxxxxx, rd: , opc: 'hxx }
cycle 3890
copperv1: received:         x
tagged U_type Instruction_$U_type { imm: 'hxxxxx, rd: , opc: 'hxx }
cycle 3891
copperv1: received:         x
tagged U_type Instruction_$U_type { imm: 'hxxxxx, rd: , opc: 'hxx }
cycle 3892
copperv1: received:         x
tagged U_type Instruction_$U_type { imm: 'hxxxxx, rd: , opc: 'hxx }
cycle 3893
copperv1: received:         x
tagged U_type Instruction_$U_type { imm: 'hxxxxx, rd: , opc: 'hxx }
cycle 3894
copperv1: received:         x
tagged U_type Instruction_$U_type { imm: 'hxxxxx, rd: , opc: 'hxx }
cycle 3895
copperv1: received:         x
tagged U_type Instruction_$U_type { imm: 'hxxxxx, rd: , opc: 'hxx }
cycle 3896
copperv1: received:         x
tagged U_type Instruction_$U_type { imm: 'hxxxxx, rd: , opc: 'hxx }
cycle 3897
copperv1: received:         x
tagged U_type Instruction_$U_type { imm: 'hxxxxx, rd: , opc: 'hxx }
cycle 3898
copperv1: received:         x
tagged U_type Instruction_$U_type { imm: 'hxxxxx, rd: , opc: 'hxx }
cycle 3899
copperv1: received:         x
tagged U_type Instruction_$U_type { imm: 'hxxxxx, rd: , opc: 'hxx }
cycle 3900
copperv1: received:         x
tagged U_type Instruction_$U_type { imm: 'hxxxxx, rd: , opc: 'hxx }
cycle 3901
copperv1: received:         x
tagged U_type Instruction_$U_type { imm: 'hxxxxx, rd: , opc: 'hxx }
cycle 3902
copperv1: received:         x
tagged U_type Instruction_$U_type { imm: 'hxxxxx, rd: , opc: 'hxx }
cycle 3903
copperv1: received:         x
tagged U_type Instruction_$U_type { imm: 'hxxxxx, rd: , opc: 'hxx }
cycle 3904
copperv1: received:         x
tagged U_type Instruction_$U_type { imm: 'hxxxxx, rd: , opc: 'hxx }
cycle 3905
copperv1: received:         x
tagged U_type Instruction_$U_type { imm: 'hxxxxx, rd: , opc: 'hxx }
cycle 3906
copperv1: received:         x
tagged U_type Instruction_$U_type { imm: 'hxxxxx, rd: , opc: 'hxx }
cycle 3907
copperv1: received:         x
tagged U_type Instruction_$U_type { imm: 'hxxxxx, rd: , opc: 'hxx }
cycle 3908
copperv1: received:         x
tagged U_type Instruction_$U_type { imm: 'hxxxxx, rd: , opc: 'hxx }
cycle 3909
copperv1: received:         x
tagged U_type Instruction_$U_type { imm: 'hxxxxx, rd: , opc: 'hxx }
cycle 3910
copperv1: received:         x
tagged U_type Instruction_$U_type { imm: 'hxxxxx, rd: , opc: 'hxx }
cycle 3911
copperv1: received:         x
tagged U_type Instruction_$U_type { imm: 'hxxxxx, rd: , opc: 'hxx }
cycle 3912
copperv1: received:         x
tagged U_type Instruction_$U_type { imm: 'hxxxxx, rd: , opc: 'hxx }
cycle 3913
copperv1: received:         x
tagged U_type Instruction_$U_type { imm: 'hxxxxx, rd: , opc: 'hxx }
cycle 3914
copperv1: received:         x
tagged U_type Instruction_$U_type { imm: 'hxxxxx, rd: , opc: 'hxx }
cycle 3915
copperv1: received:         x
tagged U_type Instruction_$U_type { imm: 'hxxxxx, rd: , opc: 'hxx }
cycle 3916
copperv1: received:         x
tagged U_type Instruction_$U_type { imm: 'hxxxxx, rd: , opc: 'hxx }
cycle 3917
copperv1: received:         x
tagged U_type Instruction_$U_type { imm: 'hxxxxx, rd: , opc: 'hxx }
cycle 3918
copperv1: received:         x
tagged U_type Instruction_$U_type { imm: 'hxxxxx, rd: , opc: 'hxx }
cycle 3919
copperv1: received:         x
tagged U_type Instruction_$U_type { imm: 'hxxxxx, rd: , opc: 'hxx }
cycle 3920
copperv1: received:         x
tagged U_type Instruction_$U_type { imm: 'hxxxxx, rd: , opc: 'hxx }
cycle 3921
copperv1: received:         x
tagged U_type Instruction_$U_type { imm: 'hxxxxx, rd: , opc: 'hxx }
cycle 3922
copperv1: received:         x
tagged U_type Instruction_$U_type { imm: 'hxxxxx, rd: , opc: 'hxx }
cycle 3923
copperv1: received:         x
tagged U_type Instruction_$U_type { imm: 'hxxxxx, rd: , opc: 'hxx }
cycle 3924
copperv1: received:         x
tagged U_type Instruction_$U_type { imm: 'hxxxxx, rd: , opc: 'hxx }
cycle 3925
copperv1: received:         x
tagged U_type Instruction_$U_type { imm: 'hxxxxx, rd: , opc: 'hxx }
cycle 3926
copperv1: received:         x
tagged U_type Instruction_$U_type { imm: 'hxxxxx, rd: , opc: 'hxx }
cycle 3927
copperv1: received:         x
tagged U_type Instruction_$U_type { imm: 'hxxxxx, rd: , opc: 'hxx }
cycle 3928
copperv1: received:         x
tagged U_type Instruction_$U_type { imm: 'hxxxxx, rd: , opc: 'hxx }
cycle 3929
copperv1: received:         x
tagged U_type Instruction_$U_type { imm: 'hxxxxx, rd: , opc: 'hxx }
cycle 3930
copperv1: received:         x
tagged U_type Instruction_$U_type { imm: 'hxxxxx, rd: , opc: 'hxx }
cycle 3931
copperv1: received:         x
tagged U_type Instruction_$U_type { imm: 'hxxxxx, rd: , opc: 'hxx }
cycle 3932
copperv1: received:         x
tagged U_type Instruction_$U_type { imm: 'hxxxxx, rd: , opc: 'hxx }
cycle 3933
copperv1: received:         x
tagged U_type Instruction_$U_type { imm: 'hxxxxx, rd: , opc: 'hxx }
cycle 3934
copperv1: received:         x
tagged U_type Instruction_$U_type { imm: 'hxxxxx, rd: , opc: 'hxx }
cycle 3935
copperv1: received:         x
tagged U_type Instruction_$U_type { imm: 'hxxxxx, rd: , opc: 'hxx }
cycle 3936
copperv1: received:         x
tagged U_type Instruction_$U_type { imm: 'hxxxxx, rd: , opc: 'hxx }
cycle 3937
copperv1: received:         x
tagged U_type Instruction_$U_type { imm: 'hxxxxx, rd: , opc: 'hxx }
cycle 3938
copperv1: received:         x
tagged U_type Instruction_$U_type { imm: 'hxxxxx, rd: , opc: 'hxx }
cycle 3939
copperv1: received:         x
tagged U_type Instruction_$U_type { imm: 'hxxxxx, rd: , opc: 'hxx }
cycle 3940
copperv1: received:         x
tagged U_type Instruction_$U_type { imm: 'hxxxxx, rd: , opc: 'hxx }
cycle 3941
copperv1: received:         x
tagged U_type Instruction_$U_type { imm: 'hxxxxx, rd: , opc: 'hxx }
cycle 3942
copperv1: received:         x
tagged U_type Instruction_$U_type { imm: 'hxxxxx, rd: , opc: 'hxx }
cycle 3943
copperv1: received:         x
tagged U_type Instruction_$U_type { imm: 'hxxxxx, rd: , opc: 'hxx }
cycle 3944
copperv1: received:         x
tagged U_type Instruction_$U_type { imm: 'hxxxxx, rd: , opc: 'hxx }
cycle 3945
copperv1: received:         x
tagged U_type Instruction_$U_type { imm: 'hxxxxx, rd: , opc: 'hxx }
cycle 3946
copperv1: received:         x
tagged U_type Instruction_$U_type { imm: 'hxxxxx, rd: , opc: 'hxx }
cycle 3947
copperv1: received:         x
tagged U_type Instruction_$U_type { imm: 'hxxxxx, rd: , opc: 'hxx }
cycle 3948
copperv1: received:         x
tagged U_type Instruction_$U_type { imm: 'hxxxxx, rd: , opc: 'hxx }
cycle 3949
copperv1: received:         x
tagged U_type Instruction_$U_type { imm: 'hxxxxx, rd: , opc: 'hxx }
cycle 3950
copperv1: received:         x
tagged U_type Instruction_$U_type { imm: 'hxxxxx, rd: , opc: 'hxx }
cycle 3951
copperv1: received:         x
tagged U_type Instruction_$U_type { imm: 'hxxxxx, rd: , opc: 'hxx }
cycle 3952
copperv1: received:         x
tagged U_type Instruction_$U_type { imm: 'hxxxxx, rd: , opc: 'hxx }
cycle 3953
copperv1: received:         x
tagged U_type Instruction_$U_type { imm: 'hxxxxx, rd: , opc: 'hxx }
cycle 3954
copperv1: received:         x
tagged U_type Instruction_$U_type { imm: 'hxxxxx, rd: , opc: 'hxx }
cycle 3955
copperv1: received:         x
tagged U_type Instruction_$U_type { imm: 'hxxxxx, rd: , opc: 'hxx }
cycle 3956
copperv1: received:         x
tagged U_type Instruction_$U_type { imm: 'hxxxxx, rd: , opc: 'hxx }
cycle 3957
copperv1: received:         x
tagged U_type Instruction_$U_type { imm: 'hxxxxx, rd: , opc: 'hxx }
cycle 3958
copperv1: received:         x
tagged U_type Instruction_$U_type { imm: 'hxxxxx, rd: , opc: 'hxx }
cycle 3959
copperv1: received:         x
tagged U_type Instruction_$U_type { imm: 'hxxxxx, rd: , opc: 'hxx }
cycle 3960
copperv1: received:         x
tagged U_type Instruction_$U_type { imm: 'hxxxxx, rd: , opc: 'hxx }
cycle 3961
copperv1: received:         x
tagged U_type Instruction_$U_type { imm: 'hxxxxx, rd: , opc: 'hxx }
cycle 3962
copperv1: received:         x
tagged U_type Instruction_$U_type { imm: 'hxxxxx, rd: , opc: 'hxx }
cycle 3963
copperv1: received:         x
tagged U_type Instruction_$U_type { imm: 'hxxxxx, rd: , opc: 'hxx }
cycle 3964
copperv1: received:         x
tagged U_type Instruction_$U_type { imm: 'hxxxxx, rd: , opc: 'hxx }
cycle 3965
copperv1: received:         x
tagged U_type Instruction_$U_type { imm: 'hxxxxx, rd: , opc: 'hxx }
cycle 3966
copperv1: received:         x
tagged U_type Instruction_$U_type { imm: 'hxxxxx, rd: , opc: 'hxx }
cycle 3967
copperv1: received:         x
tagged U_type Instruction_$U_type { imm: 'hxxxxx, rd: , opc: 'hxx }
cycle 3968
copperv1: received:         x
tagged U_type Instruction_$U_type { imm: 'hxxxxx, rd: , opc: 'hxx }
cycle 3969
copperv1: received:         x
tagged U_type Instruction_$U_type { imm: 'hxxxxx, rd: , opc: 'hxx }
cycle 3970
copperv1: received:         x
tagged U_type Instruction_$U_type { imm: 'hxxxxx, rd: , opc: 'hxx }
cycle 3971
copperv1: received:         x
tagged U_type Instruction_$U_type { imm: 'hxxxxx, rd: , opc: 'hxx }
cycle 3972
copperv1: received:         x
tagged U_type Instruction_$U_type { imm: 'hxxxxx, rd: , opc: 'hxx }
cycle 3973
copperv1: received:         x
tagged U_type Instruction_$U_type { imm: 'hxxxxx, rd: , opc: 'hxx }
cycle 3974
copperv1: received:         x
tagged U_type Instruction_$U_type { imm: 'hxxxxx, rd: , opc: 'hxx }
cycle 3975
copperv1: received:         x
tagged U_type Instruction_$U_type { imm: 'hxxxxx, rd: , opc: 'hxx }
cycle 3976
copperv1: received:         x
tagged U_type Instruction_$U_type { imm: 'hxxxxx, rd: , opc: 'hxx }
cycle 3977
copperv1: received:         x
tagged U_type Instruction_$U_type { imm: 'hxxxxx, rd: , opc: 'hxx }
cycle 3978
copperv1: received:         x
tagged U_type Instruction_$U_type { imm: 'hxxxxx, rd: , opc: 'hxx }
cycle 3979
copperv1: received:         x
tagged U_type Instruction_$U_type { imm: 'hxxxxx, rd: , opc: 'hxx }
cycle 3980
copperv1: received:         x
tagged U_type Instruction_$U_type { imm: 'hxxxxx, rd: , opc: 'hxx }
cycle 3981
copperv1: received:         x
tagged U_type Instruction_$U_type { imm: 'hxxxxx, rd: , opc: 'hxx }
cycle 3982
copperv1: received:         x
tagged U_type Instruction_$U_type { imm: 'hxxxxx, rd: , opc: 'hxx }
cycle 3983
copperv1: received:         x
tagged U_type Instruction_$U_type { imm: 'hxxxxx, rd: , opc: 'hxx }
cycle 3984
copperv1: received:         x
tagged U_type Instruction_$U_type { imm: 'hxxxxx, rd: , opc: 'hxx }
cycle 3985
copperv1: received:         x
tagged U_type Instruction_$U_type { imm: 'hxxxxx, rd: , opc: 'hxx }
cycle 3986
copperv1: received:         x
tagged U_type Instruction_$U_type { imm: 'hxxxxx, rd: , opc: 'hxx }
cycle 3987
copperv1: received:         x
tagged U_type Instruction_$U_type { imm: 'hxxxxx, rd: , opc: 'hxx }
cycle 3988
copperv1: received:         x
tagged U_type Instruction_$U_type { imm: 'hxxxxx, rd: , opc: 'hxx }
cycle 3989
copperv1: received:         x
tagged U_type Instruction_$U_type { imm: 'hxxxxx, rd: , opc: 'hxx }
cycle 3990
copperv1: received:         x
tagged U_type Instruction_$U_type { imm: 'hxxxxx, rd: , opc: 'hxx }
cycle 3991
copperv1: received:         x
tagged U_type Instruction_$U_type { imm: 'hxxxxx, rd: , opc: 'hxx }
cycle 3992
copperv1: received:         x
tagged U_type Instruction_$U_type { imm: 'hxxxxx, rd: , opc: 'hxx }
cycle 3993
copperv1: received:         x
tagged U_type Instruction_$U_type { imm: 'hxxxxx, rd: , opc: 'hxx }
cycle 3994
copperv1: received:         x
tagged U_type Instruction_$U_type { imm: 'hxxxxx, rd: , opc: 'hxx }
cycle 3995
copperv1: received:         x
tagged U_type Instruction_$U_type { imm: 'hxxxxx, rd: , opc: 'hxx }
cycle 3996
copperv1: received:         x
tagged U_type Instruction_$U_type { imm: 'hxxxxx, rd: , opc: 'hxx }
cycle 3997
copperv1: received:         x
tagged U_type Instruction_$U_type { imm: 'hxxxxx, rd: , opc: 'hxx }
cycle 3998
copperv1: received:         x
tagged U_type Instruction_$U_type { imm: 'hxxxxx, rd: , opc: 'hxx }
cycle 3999
copperv1: received:         x
tagged U_type Instruction_$U_type { imm: 'hxxxxx, rd: , opc: 'hxx }
cycle 4000
copperv1: received:         x
tagged U_type Instruction_$U_type { imm: 'hxxxxx, rd: , opc: 'hxx }
cycle 4001
copperv1: received:         x
tagged U_type Instruction_$U_type { imm: 'hxxxxx, rd: , opc: 'hxx }
cycle 4002
copperv1: received:         x
tagged U_type Instruction_$U_type { imm: 'hxxxxx, rd: , opc: 'hxx }
cycle 4003
copperv1: received:         x
tagged U_type Instruction_$U_type { imm: 'hxxxxx, rd: , opc: 'hxx }
cycle 4004
copperv1: received:         x
tagged U_type Instruction_$U_type { imm: 'hxxxxx, rd: , opc: 'hxx }
cycle 4005
copperv1: received:         x
tagged U_type Instruction_$U_type { imm: 'hxxxxx, rd: , opc: 'hxx }
cycle 4006
copperv1: received:         x
tagged U_type Instruction_$U_type { imm: 'hxxxxx, rd: , opc: 'hxx }
cycle 4007
copperv1: received:         x
tagged U_type Instruction_$U_type { imm: 'hxxxxx, rd: , opc: 'hxx }
cycle 4008
copperv1: received:         x
tagged U_type Instruction_$U_type { imm: 'hxxxxx, rd: , opc: 'hxx }
cycle 4009
copperv1: received:         x
tagged U_type Instruction_$U_type { imm: 'hxxxxx, rd: , opc: 'hxx }
cycle 4010
copperv1: received:         x
tagged U_type Instruction_$U_type { imm: 'hxxxxx, rd: , opc: 'hxx }
cycle 4011
copperv1: received:         x
tagged U_type Instruction_$U_type { imm: 'hxxxxx, rd: , opc: 'hxx }
cycle 4012
copperv1: received:         x
tagged U_type Instruction_$U_type { imm: 'hxxxxx, rd: , opc: 'hxx }
cycle 4013
copperv1: received:         x
tagged U_type Instruction_$U_type { imm: 'hxxxxx, rd: , opc: 'hxx }
cycle 4014
copperv1: received:         x
tagged U_type Instruction_$U_type { imm: 'hxxxxx, rd: , opc: 'hxx }
cycle 4015
copperv1: received:         x
tagged U_type Instruction_$U_type { imm: 'hxxxxx, rd: , opc: 'hxx }
cycle 4016
copperv1: received:         x
tagged U_type Instruction_$U_type { imm: 'hxxxxx, rd: , opc: 'hxx }
cycle 4017
copperv1: received:         x
tagged U_type Instruction_$U_type { imm: 'hxxxxx, rd: , opc: 'hxx }
cycle 4018
copperv1: received:         x
tagged U_type Instruction_$U_type { imm: 'hxxxxx, rd: , opc: 'hxx }
cycle 4019
copperv1: received:         x
tagged U_type Instruction_$U_type { imm: 'hxxxxx, rd: , opc: 'hxx }
cycle 4020
copperv1: received:         x
tagged U_type Instruction_$U_type { imm: 'hxxxxx, rd: , opc: 'hxx }
cycle 4021
copperv1: received:         x
tagged U_type Instruction_$U_type { imm: 'hxxxxx, rd: , opc: 'hxx }
cycle 4022
copperv1: received:         x
tagged U_type Instruction_$U_type { imm: 'hxxxxx, rd: , opc: 'hxx }
cycle 4023
copperv1: received:         x
tagged U_type Instruction_$U_type { imm: 'hxxxxx, rd: , opc: 'hxx }
cycle 4024
copperv1: received:         x
tagged U_type Instruction_$U_type { imm: 'hxxxxx, rd: , opc: 'hxx }
cycle 4025
copperv1: received:         x
tagged U_type Instruction_$U_type { imm: 'hxxxxx, rd: , opc: 'hxx }
cycle 4026
copperv1: received:         x
tagged U_type Instruction_$U_type { imm: 'hxxxxx, rd: , opc: 'hxx }
cycle 4027
copperv1: received:         x
tagged U_type Instruction_$U_type { imm: 'hxxxxx, rd: , opc: 'hxx }
cycle 4028
copperv1: received:         x
tagged U_type Instruction_$U_type { imm: 'hxxxxx, rd: , opc: 'hxx }
cycle 4029
copperv1: received:         x
tagged U_type Instruction_$U_type { imm: 'hxxxxx, rd: , opc: 'hxx }
cycle 4030
copperv1: received:         x
tagged U_type Instruction_$U_type { imm: 'hxxxxx, rd: , opc: 'hxx }
cycle 4031
copperv1: received:         x
tagged U_type Instruction_$U_type { imm: 'hxxxxx, rd: , opc: 'hxx }
cycle 4032
copperv1: received:         x
tagged U_type Instruction_$U_type { imm: 'hxxxxx, rd: , opc: 'hxx }
cycle 4033
copperv1: received:         x
tagged U_type Instruction_$U_type { imm: 'hxxxxx, rd: , opc: 'hxx }
cycle 4034
copperv1: received:         x
tagged U_type Instruction_$U_type { imm: 'hxxxxx, rd: , opc: 'hxx }
cycle 4035
copperv1: received:         x
tagged U_type Instruction_$U_type { imm: 'hxxxxx, rd: , opc: 'hxx }
cycle 4036
copperv1: received:         x
tagged U_type Instruction_$U_type { imm: 'hxxxxx, rd: , opc: 'hxx }
cycle 4037
copperv1: received:         x
tagged U_type Instruction_$U_type { imm: 'hxxxxx, rd: , opc: 'hxx }
cycle 4038
copperv1: received:         x
tagged U_type Instruction_$U_type { imm: 'hxxxxx, rd: , opc: 'hxx }
cycle 4039
copperv1: received:         x
tagged U_type Instruction_$U_type { imm: 'hxxxxx, rd: , opc: 'hxx }
cycle 4040
copperv1: received:         x
tagged U_type Instruction_$U_type { imm: 'hxxxxx, rd: , opc: 'hxx }
cycle 4041
copperv1: received:         x
tagged U_type Instruction_$U_type { imm: 'hxxxxx, rd: , opc: 'hxx }
cycle 4042
copperv1: received:         x
tagged U_type Instruction_$U_type { imm: 'hxxxxx, rd: , opc: 'hxx }
cycle 4043
copperv1: received:         x
tagged U_type Instruction_$U_type { imm: 'hxxxxx, rd: , opc: 'hxx }
cycle 4044
copperv1: received:         x
tagged U_type Instruction_$U_type { imm: 'hxxxxx, rd: , opc: 'hxx }
cycle 4045
copperv1: received:         x
tagged U_type Instruction_$U_type { imm: 'hxxxxx, rd: , opc: 'hxx }
cycle 4046
copperv1: received:         x
tagged U_type Instruction_$U_type { imm: 'hxxxxx, rd: , opc: 'hxx }
cycle 4047
copperv1: received:         x
tagged U_type Instruction_$U_type { imm: 'hxxxxx, rd: , opc: 'hxx }
cycle 4048
copperv1: received:         x
tagged U_type Instruction_$U_type { imm: 'hxxxxx, rd: , opc: 'hxx }
cycle 4049
copperv1: received:         x
tagged U_type Instruction_$U_type { imm: 'hxxxxx, rd: , opc: 'hxx }
cycle 4050
copperv1: received:         x
tagged U_type Instruction_$U_type { imm: 'hxxxxx, rd: , opc: 'hxx }
cycle 4051
copperv1: received:         x
tagged U_type Instruction_$U_type { imm: 'hxxxxx, rd: , opc: 'hxx }
cycle 4052
copperv1: received:         x
tagged U_type Instruction_$U_type { imm: 'hxxxxx, rd: , opc: 'hxx }
cycle 4053
copperv1: received:         x
tagged U_type Instruction_$U_type { imm: 'hxxxxx, rd: , opc: 'hxx }
cycle 4054
copperv1: received:         x
tagged U_type Instruction_$U_type { imm: 'hxxxxx, rd: , opc: 'hxx }
cycle 4055
copperv1: received:         x
tagged U_type Instruction_$U_type { imm: 'hxxxxx, rd: , opc: 'hxx }
cycle 4056
copperv1: received:         x
tagged U_type Instruction_$U_type { imm: 'hxxxxx, rd: , opc: 'hxx }
cycle 4057
copperv1: received:         x
tagged U_type Instruction_$U_type { imm: 'hxxxxx, rd: , opc: 'hxx }
cycle 4058
copperv1: received:         x
tagged U_type Instruction_$U_type { imm: 'hxxxxx, rd: , opc: 'hxx }
cycle 4059
copperv1: received:         x
tagged U_type Instruction_$U_type { imm: 'hxxxxx, rd: , opc: 'hxx }
cycle 4060
copperv1: received:         x
tagged U_type Instruction_$U_type { imm: 'hxxxxx, rd: , opc: 'hxx }
cycle 4061
copperv1: received:         x
tagged U_type Instruction_$U_type { imm: 'hxxxxx, rd: , opc: 'hxx }
cycle 4062
copperv1: received:         x
tagged U_type Instruction_$U_type { imm: 'hxxxxx, rd: , opc: 'hxx }
cycle 4063
copperv1: received:         x
tagged U_type Instruction_$U_type { imm: 'hxxxxx, rd: , opc: 'hxx }
cycle 4064
copperv1: received:         x
tagged U_type Instruction_$U_type { imm: 'hxxxxx, rd: , opc: 'hxx }
cycle 4065
copperv1: received:         x
tagged U_type Instruction_$U_type { imm: 'hxxxxx, rd: , opc: 'hxx }
cycle 4066
copperv1: received:         x
tagged U_type Instruction_$U_type { imm: 'hxxxxx, rd: , opc: 'hxx }
cycle 4067
copperv1: received:         x
tagged U_type Instruction_$U_type { imm: 'hxxxxx, rd: , opc: 'hxx }
cycle 4068
copperv1: received:         x
tagged U_type Instruction_$U_type { imm: 'hxxxxx, rd: , opc: 'hxx }
cycle 4069
copperv1: received:         x
tagged U_type Instruction_$U_type { imm: 'hxxxxx, rd: , opc: 'hxx }
cycle 4070
copperv1: received:         x
tagged U_type Instruction_$U_type { imm: 'hxxxxx, rd: , opc: 'hxx }
cycle 4071
copperv1: received:         x
tagged U_type Instruction_$U_type { imm: 'hxxxxx, rd: , opc: 'hxx }
cycle 4072
copperv1: received:         x
tagged U_type Instruction_$U_type { imm: 'hxxxxx, rd: , opc: 'hxx }
cycle 4073
copperv1: received:         x
tagged U_type Instruction_$U_type { imm: 'hxxxxx, rd: , opc: 'hxx }
cycle 4074
copperv1: received:         x
tagged U_type Instruction_$U_type { imm: 'hxxxxx, rd: , opc: 'hxx }
cycle 4075
copperv1: received:         x
tagged U_type Instruction_$U_type { imm: 'hxxxxx, rd: , opc: 'hxx }
cycle 4076
copperv1: received:         x
tagged U_type Instruction_$U_type { imm: 'hxxxxx, rd: , opc: 'hxx }
cycle 4077
copperv1: received:         x
tagged U_type Instruction_$U_type { imm: 'hxxxxx, rd: , opc: 'hxx }
cycle 4078
copperv1: received:         x
tagged U_type Instruction_$U_type { imm: 'hxxxxx, rd: , opc: 'hxx }
cycle 4079
copperv1: received:         x
tagged U_type Instruction_$U_type { imm: 'hxxxxx, rd: , opc: 'hxx }
cycle 4080
copperv1: received:         x
tagged U_type Instruction_$U_type { imm: 'hxxxxx, rd: , opc: 'hxx }
cycle 4081
copperv1: received:         x
tagged U_type Instruction_$U_type { imm: 'hxxxxx, rd: , opc: 'hxx }
cycle 4082
copperv1: received:         x
tagged U_type Instruction_$U_type { imm: 'hxxxxx, rd: , opc: 'hxx }
cycle 4083
copperv1: received:         x
tagged U_type Instruction_$U_type { imm: 'hxxxxx, rd: , opc: 'hxx }
cycle 4084
copperv1: received:         x
tagged U_type Instruction_$U_type { imm: 'hxxxxx, rd: , opc: 'hxx }
cycle 4085
copperv1: received:         x
tagged U_type Instruction_$U_type { imm: 'hxxxxx, rd: , opc: 'hxx }
cycle 4086
copperv1: received:         x
tagged U_type Instruction_$U_type { imm: 'hxxxxx, rd: , opc: 'hxx }
cycle 4087
copperv1: received:         x
tagged U_type Instruction_$U_type { imm: 'hxxxxx, rd: , opc: 'hxx }
cycle 4088
copperv1: received:         x
tagged U_type Instruction_$U_type { imm: 'hxxxxx, rd: , opc: 'hxx }
cycle 4089
copperv1: received:         x
tagged U_type Instruction_$U_type { imm: 'hxxxxx, rd: , opc: 'hxx }
cycle 4090
copperv1: received:         x
tagged U_type Instruction_$U_type { imm: 'hxxxxx, rd: , opc: 'hxx }
cycle 4091
copperv1: received:         x
tagged U_type Instruction_$U_type { imm: 'hxxxxx, rd: , opc: 'hxx }
cycle 4092
copperv1: received:         x
tagged U_type Instruction_$U_type { imm: 'hxxxxx, rd: , opc: 'hxx }
cycle 4093
copperv1: received:         x
tagged U_type Instruction_$U_type { imm: 'hxxxxx, rd: , opc: 'hxx }
cycle 4094
copperv1: received:         x
tagged U_type Instruction_$U_type { imm: 'hxxxxx, rd: , opc: 'hxx }
cycle 4095
copperv1: received:         x
tagged U_type Instruction_$U_type { imm: 'hxxxxx, rd: , opc: 'hxx }
cycle 4096
copperv1: received:         x
tagged U_type Instruction_$U_type { imm: 'hxxxxx, rd: , opc: 'hxx }
cycle 4097
copperv1: received:         x
tagged U_type Instruction_$U_type { imm: 'hxxxxx, rd: , opc: 'hxx }
cycle 4098
copperv1: received:         x
tagged U_type Instruction_$U_type { imm: 'hxxxxx, rd: , opc: 'hxx }
cycle 4099
copperv1: received:         x
tagged U_type Instruction_$U_type { imm: 'hxxxxx, rd: , opc: 'hxx }
cycle 4100
copperv1: received:         x
tagged U_type Instruction_$U_type { imm: 'hxxxxx, rd: , opc: 'hxx }
cycle 4101
copperv1: received:         x
tagged U_type Instruction_$U_type { imm: 'hxxxxx, rd: , opc: 'hxx }
cycle 4102
copperv1: received:         x
tagged U_type Instruction_$U_type { imm: 'hxxxxx, rd: , opc: 'hxx }
cycle 4103
copperv1: received:         x
tagged U_type Instruction_$U_type { imm: 'hxxxxx, rd: , opc: 'hxx }
cycle 4104
copperv1: received:         x
tagged U_type Instruction_$U_type { imm: 'hxxxxx, rd: , opc: 'hxx }
cycle 4105
copperv1: received:         x
tagged U_type Instruction_$U_type { imm: 'hxxxxx, rd: , opc: 'hxx }
cycle 4106
copperv1: received:         x
tagged U_type Instruction_$U_type { imm: 'hxxxxx, rd: , opc: 'hxx }
cycle 4107
copperv1: received:         x
tagged U_type Instruction_$U_type { imm: 'hxxxxx, rd: , opc: 'hxx }
cycle 4108
copperv1: received:         x
tagged U_type Instruction_$U_type { imm: 'hxxxxx, rd: , opc: 'hxx }
cycle 4109
copperv1: received:         x
tagged U_type Instruction_$U_type { imm: 'hxxxxx, rd: , opc: 'hxx }
cycle 4110
copperv1: received:         x
tagged U_type Instruction_$U_type { imm: 'hxxxxx, rd: , opc: 'hxx }
cycle 4111
copperv1: received:         x
tagged U_type Instruction_$U_type { imm: 'hxxxxx, rd: , opc: 'hxx }
cycle 4112
copperv1: received:         x
tagged U_type Instruction_$U_type { imm: 'hxxxxx, rd: , opc: 'hxx }
cycle 4113
copperv1: received:         x
tagged U_type Instruction_$U_type { imm: 'hxxxxx, rd: , opc: 'hxx }
cycle 4114
copperv1: received:         x
tagged U_type Instruction_$U_type { imm: 'hxxxxx, rd: , opc: 'hxx }
cycle 4115
copperv1: received:         x
tagged U_type Instruction_$U_type { imm: 'hxxxxx, rd: , opc: 'hxx }
cycle 4116
copperv1: received:         x
tagged U_type Instruction_$U_type { imm: 'hxxxxx, rd: , opc: 'hxx }
cycle 4117
copperv1: received:         x
tagged U_type Instruction_$U_type { imm: 'hxxxxx, rd: , opc: 'hxx }
cycle 4118
copperv1: received:         x
tagged U_type Instruction_$U_type { imm: 'hxxxxx, rd: , opc: 'hxx }
cycle 4119
copperv1: received:         x
tagged U_type Instruction_$U_type { imm: 'hxxxxx, rd: , opc: 'hxx }
cycle 4120
copperv1: received:         x
tagged U_type Instruction_$U_type { imm: 'hxxxxx, rd: , opc: 'hxx }
cycle 4121
copperv1: received:         x
tagged U_type Instruction_$U_type { imm: 'hxxxxx, rd: , opc: 'hxx }
cycle 4122
copperv1: received:         x
tagged U_type Instruction_$U_type { imm: 'hxxxxx, rd: , opc: 'hxx }
cycle 4123
copperv1: received:         x
tagged U_type Instruction_$U_type { imm: 'hxxxxx, rd: , opc: 'hxx }
cycle 4124
copperv1: received:         x
tagged U_type Instruction_$U_type { imm: 'hxxxxx, rd: , opc: 'hxx }
cycle 4125
copperv1: received:         x
tagged U_type Instruction_$U_type { imm: 'hxxxxx, rd: , opc: 'hxx }
cycle 4126
copperv1: received:         x
tagged U_type Instruction_$U_type { imm: 'hxxxxx, rd: , opc: 'hxx }
cycle 4127
copperv1: received:         x
tagged U_type Instruction_$U_type { imm: 'hxxxxx, rd: , opc: 'hxx }
cycle 4128
copperv1: received:         x
tagged U_type Instruction_$U_type { imm: 'hxxxxx, rd: , opc: 'hxx }
cycle 4129
copperv1: received:         x
tagged U_type Instruction_$U_type { imm: 'hxxxxx, rd: , opc: 'hxx }
cycle 4130
copperv1: received:         x
tagged U_type Instruction_$U_type { imm: 'hxxxxx, rd: , opc: 'hxx }
cycle 4131
copperv1: received:         x
tagged U_type Instruction_$U_type { imm: 'hxxxxx, rd: , opc: 'hxx }
cycle 4132
copperv1: received:         x
tagged U_type Instruction_$U_type { imm: 'hxxxxx, rd: , opc: 'hxx }
cycle 4133
copperv1: received:         x
tagged U_type Instruction_$U_type { imm: 'hxxxxx, rd: , opc: 'hxx }
cycle 4134
copperv1: received:         x
tagged U_type Instruction_$U_type { imm: 'hxxxxx, rd: , opc: 'hxx }
cycle 4135
copperv1: received:         x
tagged U_type Instruction_$U_type { imm: 'hxxxxx, rd: , opc: 'hxx }
cycle 4136
copperv1: received:         x
tagged U_type Instruction_$U_type { imm: 'hxxxxx, rd: , opc: 'hxx }
cycle 4137
copperv1: received:         x
tagged U_type Instruction_$U_type { imm: 'hxxxxx, rd: , opc: 'hxx }
cycle 4138
copperv1: received:         x
tagged U_type Instruction_$U_type { imm: 'hxxxxx, rd: , opc: 'hxx }
cycle 4139
copperv1: received:         x
tagged U_type Instruction_$U_type { imm: 'hxxxxx, rd: , opc: 'hxx }
cycle 4140
copperv1: received:         x
tagged U_type Instruction_$U_type { imm: 'hxxxxx, rd: , opc: 'hxx }
cycle 4141
copperv1: received:         x
tagged U_type Instruction_$U_type { imm: 'hxxxxx, rd: , opc: 'hxx }
cycle 4142
copperv1: received:         x
tagged U_type Instruction_$U_type { imm: 'hxxxxx, rd: , opc: 'hxx }
cycle 4143
copperv1: received:         x
tagged U_type Instruction_$U_type { imm: 'hxxxxx, rd: , opc: 'hxx }
cycle 4144
copperv1: received:         x
tagged U_type Instruction_$U_type { imm: 'hxxxxx, rd: , opc: 'hxx }
cycle 4145
copperv1: received:         x
tagged U_type Instruction_$U_type { imm: 'hxxxxx, rd: , opc: 'hxx }
cycle 4146
copperv1: received:         x
tagged U_type Instruction_$U_type { imm: 'hxxxxx, rd: , opc: 'hxx }
cycle 4147
copperv1: received:         x
tagged U_type Instruction_$U_type { imm: 'hxxxxx, rd: , opc: 'hxx }
cycle 4148
copperv1: received:         x
tagged U_type Instruction_$U_type { imm: 'hxxxxx, rd: , opc: 'hxx }
cycle 4149
copperv1: received:         x
tagged U_type Instruction_$U_type { imm: 'hxxxxx, rd: , opc: 'hxx }
cycle 4150
copperv1: received:         x
tagged U_type Instruction_$U_type { imm: 'hxxxxx, rd: , opc: 'hxx }
cycle 4151
copperv1: received:         x
tagged U_type Instruction_$U_type { imm: 'hxxxxx, rd: , opc: 'hxx }
cycle 4152
copperv1: received:         x
tagged U_type Instruction_$U_type { imm: 'hxxxxx, rd: , opc: 'hxx }
cycle 4153
copperv1: received:         x
tagged U_type Instruction_$U_type { imm: 'hxxxxx, rd: , opc: 'hxx }
cycle 4154
copperv1: received:         x
tagged U_type Instruction_$U_type { imm: 'hxxxxx, rd: , opc: 'hxx }
cycle 4155
copperv1: received:         x
tagged U_type Instruction_$U_type { imm: 'hxxxxx, rd: , opc: 'hxx }
cycle 4156
copperv1: received:         x
tagged U_type Instruction_$U_type { imm: 'hxxxxx, rd: , opc: 'hxx }
cycle 4157
copperv1: received:         x
tagged U_type Instruction_$U_type { imm: 'hxxxxx, rd: , opc: 'hxx }
cycle 4158
copperv1: received:         x
tagged U_type Instruction_$U_type { imm: 'hxxxxx, rd: , opc: 'hxx }
cycle 4159
copperv1: received:         x
tagged U_type Instruction_$U_type { imm: 'hxxxxx, rd: , opc: 'hxx }
cycle 4160
copperv1: received:         x
tagged U_type Instruction_$U_type { imm: 'hxxxxx, rd: , opc: 'hxx }
cycle 4161
copperv1: received:         x
tagged U_type Instruction_$U_type { imm: 'hxxxxx, rd: , opc: 'hxx }
cycle 4162
copperv1: received:         x
tagged U_type Instruction_$U_type { imm: 'hxxxxx, rd: , opc: 'hxx }
cycle 4163
copperv1: received:         x
tagged U_type Instruction_$U_type { imm: 'hxxxxx, rd: , opc: 'hxx }
cycle 4164
copperv1: received:         x
tagged U_type Instruction_$U_type { imm: 'hxxxxx, rd: , opc: 'hxx }
cycle 4165
copperv1: received:         x
tagged U_type Instruction_$U_type { imm: 'hxxxxx, rd: , opc: 'hxx }
cycle 4166
copperv1: received:         x
tagged U_type Instruction_$U_type { imm: 'hxxxxx, rd: , opc: 'hxx }
cycle 4167
copperv1: received:         x
tagged U_type Instruction_$U_type { imm: 'hxxxxx, rd: , opc: 'hxx }
cycle 4168
copperv1: received:         x
tagged U_type Instruction_$U_type { imm: 'hxxxxx, rd: , opc: 'hxx }
cycle 4169
copperv1: received:         x
tagged U_type Instruction_$U_type { imm: 'hxxxxx, rd: , opc: 'hxx }
cycle 4170
copperv1: received:         x
tagged U_type Instruction_$U_type { imm: 'hxxxxx, rd: , opc: 'hxx }
cycle 4171
copperv1: received:         x
tagged U_type Instruction_$U_type { imm: 'hxxxxx, rd: , opc: 'hxx }
cycle 4172
copperv1: received:         x
tagged U_type Instruction_$U_type { imm: 'hxxxxx, rd: , opc: 'hxx }
cycle 4173
copperv1: received:         x
tagged U_type Instruction_$U_type { imm: 'hxxxxx, rd: , opc: 'hxx }
cycle 4174
copperv1: received:         x
tagged U_type Instruction_$U_type { imm: 'hxxxxx, rd: , opc: 'hxx }
cycle 4175
copperv1: received:         x
tagged U_type Instruction_$U_type { imm: 'hxxxxx, rd: , opc: 'hxx }
cycle 4176
copperv1: received:         x
tagged U_type Instruction_$U_type { imm: 'hxxxxx, rd: , opc: 'hxx }
cycle 4177
copperv1: received:         x
tagged U_type Instruction_$U_type { imm: 'hxxxxx, rd: , opc: 'hxx }
cycle 4178
copperv1: received:         x
tagged U_type Instruction_$U_type { imm: 'hxxxxx, rd: , opc: 'hxx }
cycle 4179
copperv1: received:         x
tagged U_type Instruction_$U_type { imm: 'hxxxxx, rd: , opc: 'hxx }
cycle 4180
copperv1: received:         x
tagged U_type Instruction_$U_type { imm: 'hxxxxx, rd: , opc: 'hxx }
cycle 4181
copperv1: received:         x
tagged U_type Instruction_$U_type { imm: 'hxxxxx, rd: , opc: 'hxx }
cycle 4182
copperv1: received:         x
tagged U_type Instruction_$U_type { imm: 'hxxxxx, rd: , opc: 'hxx }
cycle 4183
copperv1: received:         x
tagged U_type Instruction_$U_type { imm: 'hxxxxx, rd: , opc: 'hxx }
cycle 4184
copperv1: received:         x
tagged U_type Instruction_$U_type { imm: 'hxxxxx, rd: , opc: 'hxx }
cycle 4185
copperv1: received:         x
tagged U_type Instruction_$U_type { imm: 'hxxxxx, rd: , opc: 'hxx }
cycle 4186
copperv1: received:         x
tagged U_type Instruction_$U_type { imm: 'hxxxxx, rd: , opc: 'hxx }
cycle 4187
copperv1: received:         x
tagged U_type Instruction_$U_type { imm: 'hxxxxx, rd: , opc: 'hxx }
cycle 4188
copperv1: received:         x
tagged U_type Instruction_$U_type { imm: 'hxxxxx, rd: , opc: 'hxx }
cycle 4189
copperv1: received:         x
tagged U_type Instruction_$U_type { imm: 'hxxxxx, rd: , opc: 'hxx }
cycle 4190
copperv1: received:         x
tagged U_type Instruction_$U_type { imm: 'hxxxxx, rd: , opc: 'hxx }
cycle 4191
copperv1: received:         x
tagged U_type Instruction_$U_type { imm: 'hxxxxx, rd: , opc: 'hxx }
cycle 4192
copperv1: received:         x
tagged U_type Instruction_$U_type { imm: 'hxxxxx, rd: , opc: 'hxx }
cycle 4193
copperv1: received:         x
tagged U_type Instruction_$U_type { imm: 'hxxxxx, rd: , opc: 'hxx }
cycle 4194
copperv1: received:         x
tagged U_type Instruction_$U_type { imm: 'hxxxxx, rd: , opc: 'hxx }
cycle 4195
copperv1: received:         x
tagged U_type Instruction_$U_type { imm: 'hxxxxx, rd: , opc: 'hxx }
cycle 4196
copperv1: received:         x
tagged U_type Instruction_$U_type { imm: 'hxxxxx, rd: , opc: 'hxx }
cycle 4197
copperv1: received:         x
tagged U_type Instruction_$U_type { imm: 'hxxxxx, rd: , opc: 'hxx }
cycle 4198
copperv1: received:         x
tagged U_type Instruction_$U_type { imm: 'hxxxxx, rd: , opc: 'hxx }
cycle 4199
copperv1: received:         x
tagged U_type Instruction_$U_type { imm: 'hxxxxx, rd: , opc: 'hxx }
cycle 4200
copperv1: received:         x
tagged U_type Instruction_$U_type { imm: 'hxxxxx, rd: , opc: 'hxx }
cycle 4201
copperv1: received:         x
tagged U_type Instruction_$U_type { imm: 'hxxxxx, rd: , opc: 'hxx }
cycle 4202
copperv1: received:         x
tagged U_type Instruction_$U_type { imm: 'hxxxxx, rd: , opc: 'hxx }
cycle 4203
copperv1: received:         x
tagged U_type Instruction_$U_type { imm: 'hxxxxx, rd: , opc: 'hxx }
cycle 4204
copperv1: received:         x
tagged U_type Instruction_$U_type { imm: 'hxxxxx, rd: , opc: 'hxx }
cycle 4205
copperv1: received:         x
tagged U_type Instruction_$U_type { imm: 'hxxxxx, rd: , opc: 'hxx }
cycle 4206
copperv1: received:         x
tagged U_type Instruction_$U_type { imm: 'hxxxxx, rd: , opc: 'hxx }
cycle 4207
copperv1: received:         x
tagged U_type Instruction_$U_type { imm: 'hxxxxx, rd: , opc: 'hxx }
cycle 4208
copperv1: received:         x
tagged U_type Instruction_$U_type { imm: 'hxxxxx, rd: , opc: 'hxx }
cycle 4209
copperv1: received:         x
tagged U_type Instruction_$U_type { imm: 'hxxxxx, rd: , opc: 'hxx }
cycle 4210
copperv1: received:         x
tagged U_type Instruction_$U_type { imm: 'hxxxxx, rd: , opc: 'hxx }
cycle 4211
copperv1: received:         x
tagged U_type Instruction_$U_type { imm: 'hxxxxx, rd: , opc: 'hxx }
cycle 4212
copperv1: received:         x
tagged U_type Instruction_$U_type { imm: 'hxxxxx, rd: , opc: 'hxx }
cycle 4213
copperv1: received:         x
tagged U_type Instruction_$U_type { imm: 'hxxxxx, rd: , opc: 'hxx }
cycle 4214
copperv1: received:         x
tagged U_type Instruction_$U_type { imm: 'hxxxxx, rd: , opc: 'hxx }
cycle 4215
copperv1: received:         x
tagged U_type Instruction_$U_type { imm: 'hxxxxx, rd: , opc: 'hxx }
cycle 4216
copperv1: received:         x
tagged U_type Instruction_$U_type { imm: 'hxxxxx, rd: , opc: 'hxx }
cycle 4217
copperv1: received:         x
tagged U_type Instruction_$U_type { imm: 'hxxxxx, rd: , opc: 'hxx }
cycle 4218
copperv1: received:         x
tagged U_type Instruction_$U_type { imm: 'hxxxxx, rd: , opc: 'hxx }
cycle 4219
copperv1: received:         x
tagged U_type Instruction_$U_type { imm: 'hxxxxx, rd: , opc: 'hxx }
cycle 4220
copperv1: received:         x
tagged U_type Instruction_$U_type { imm: 'hxxxxx, rd: , opc: 'hxx }
cycle 4221
copperv1: received:         x
tagged U_type Instruction_$U_type { imm: 'hxxxxx, rd: , opc: 'hxx }
cycle 4222
copperv1: received:         x
tagged U_type Instruction_$U_type { imm: 'hxxxxx, rd: , opc: 'hxx }
cycle 4223
copperv1: received:         x
tagged U_type Instruction_$U_type { imm: 'hxxxxx, rd: , opc: 'hxx }
cycle 4224
copperv1: received:         x
tagged U_type Instruction_$U_type { imm: 'hxxxxx, rd: , opc: 'hxx }
cycle 4225
copperv1: received:         x
tagged U_type Instruction_$U_type { imm: 'hxxxxx, rd: , opc: 'hxx }
cycle 4226
copperv1: received:         x
tagged U_type Instruction_$U_type { imm: 'hxxxxx, rd: , opc: 'hxx }
cycle 4227
copperv1: received:         x
tagged U_type Instruction_$U_type { imm: 'hxxxxx, rd: , opc: 'hxx }
cycle 4228
copperv1: received:         x
tagged U_type Instruction_$U_type { imm: 'hxxxxx, rd: , opc: 'hxx }
cycle 4229
copperv1: received:         x
tagged U_type Instruction_$U_type { imm: 'hxxxxx, rd: , opc: 'hxx }
cycle 4230
copperv1: received:         x
tagged U_type Instruction_$U_type { imm: 'hxxxxx, rd: , opc: 'hxx }
cycle 4231
copperv1: received:         x
tagged U_type Instruction_$U_type { imm: 'hxxxxx, rd: , opc: 'hxx }
cycle 4232
copperv1: received:         x
tagged U_type Instruction_$U_type { imm: 'hxxxxx, rd: , opc: 'hxx }
cycle 4233
copperv1: received:         x
tagged U_type Instruction_$U_type { imm: 'hxxxxx, rd: , opc: 'hxx }
cycle 4234
copperv1: received:         x
tagged U_type Instruction_$U_type { imm: 'hxxxxx, rd: , opc: 'hxx }
cycle 4235
copperv1: received:         x
tagged U_type Instruction_$U_type { imm: 'hxxxxx, rd: , opc: 'hxx }
cycle 4236
copperv1: received:         x
tagged U_type Instruction_$U_type { imm: 'hxxxxx, rd: , opc: 'hxx }
cycle 4237
copperv1: received:         x
tagged U_type Instruction_$U_type { imm: 'hxxxxx, rd: , opc: 'hxx }
cycle 4238
copperv1: received:         x
tagged U_type Instruction_$U_type { imm: 'hxxxxx, rd: , opc: 'hxx }
cycle 4239
copperv1: received:         x
tagged U_type Instruction_$U_type { imm: 'hxxxxx, rd: , opc: 'hxx }
cycle 4240
copperv1: received:         x
tagged U_type Instruction_$U_type { imm: 'hxxxxx, rd: , opc: 'hxx }
cycle 4241
copperv1: received:         x
tagged U_type Instruction_$U_type { imm: 'hxxxxx, rd: , opc: 'hxx }
cycle 4242
copperv1: received:         x
tagged U_type Instruction_$U_type { imm: 'hxxxxx, rd: , opc: 'hxx }
cycle 4243
copperv1: received:         x
tagged U_type Instruction_$U_type { imm: 'hxxxxx, rd: , opc: 'hxx }
cycle 4244
copperv1: received:         x
tagged U_type Instruction_$U_type { imm: 'hxxxxx, rd: , opc: 'hxx }
cycle 4245
copperv1: received:         x
tagged U_type Instruction_$U_type { imm: 'hxxxxx, rd: , opc: 'hxx }
cycle 4246
copperv1: received:         x
tagged U_type Instruction_$U_type { imm: 'hxxxxx, rd: , opc: 'hxx }
cycle 4247
copperv1: received:         x
tagged U_type Instruction_$U_type { imm: 'hxxxxx, rd: , opc: 'hxx }
cycle 4248
copperv1: received:         x
tagged U_type Instruction_$U_type { imm: 'hxxxxx, rd: , opc: 'hxx }
cycle 4249
copperv1: received:         x
tagged U_type Instruction_$U_type { imm: 'hxxxxx, rd: , opc: 'hxx }
cycle 4250
copperv1: received:         x
tagged U_type Instruction_$U_type { imm: 'hxxxxx, rd: , opc: 'hxx }
cycle 4251
copperv1: received:         x
tagged U_type Instruction_$U_type { imm: 'hxxxxx, rd: , opc: 'hxx }
cycle 4252
copperv1: received:         x
tagged U_type Instruction_$U_type { imm: 'hxxxxx, rd: , opc: 'hxx }
cycle 4253
copperv1: received:         x
tagged U_type Instruction_$U_type { imm: 'hxxxxx, rd: , opc: 'hxx }
cycle 4254
copperv1: received:         x
tagged U_type Instruction_$U_type { imm: 'hxxxxx, rd: , opc: 'hxx }
cycle 4255
copperv1: received:         x
tagged U_type Instruction_$U_type { imm: 'hxxxxx, rd: , opc: 'hxx }
cycle 4256
copperv1: received:         x
tagged U_type Instruction_$U_type { imm: 'hxxxxx, rd: , opc: 'hxx }
cycle 4257
copperv1: received:         x
tagged U_type Instruction_$U_type { imm: 'hxxxxx, rd: , opc: 'hxx }
cycle 4258
copperv1: received:         x
tagged U_type Instruction_$U_type { imm: 'hxxxxx, rd: , opc: 'hxx }
cycle 4259
copperv1: received:         x
tagged U_type Instruction_$U_type { imm: 'hxxxxx, rd: , opc: 'hxx }
cycle 4260
copperv1: received:         x
tagged U_type Instruction_$U_type { imm: 'hxxxxx, rd: , opc: 'hxx }
cycle 4261
copperv1: received:         x
tagged U_type Instruction_$U_type { imm: 'hxxxxx, rd: , opc: 'hxx }
cycle 4262
copperv1: received:         x
tagged U_type Instruction_$U_type { imm: 'hxxxxx, rd: , opc: 'hxx }
cycle 4263
copperv1: received:         x
tagged U_type Instruction_$U_type { imm: 'hxxxxx, rd: , opc: 'hxx }
cycle 4264
copperv1: received:         x
tagged U_type Instruction_$U_type { imm: 'hxxxxx, rd: , opc: 'hxx }
cycle 4265
copperv1: received:         x
tagged U_type Instruction_$U_type { imm: 'hxxxxx, rd: , opc: 'hxx }
cycle 4266
copperv1: received:         x
tagged U_type Instruction_$U_type { imm: 'hxxxxx, rd: , opc: 'hxx }
cycle 4267
copperv1: received:         x
tagged U_type Instruction_$U_type { imm: 'hxxxxx, rd: , opc: 'hxx }
cycle 4268
copperv1: received:         x
tagged U_type Instruction_$U_type { imm: 'hxxxxx, rd: , opc: 'hxx }
cycle 4269
copperv1: received:         x
tagged U_type Instruction_$U_type { imm: 'hxxxxx, rd: , opc: 'hxx }
cycle 4270
copperv1: received:         x
tagged U_type Instruction_$U_type { imm: 'hxxxxx, rd: , opc: 'hxx }
cycle 4271
copperv1: received:         x
tagged U_type Instruction_$U_type { imm: 'hxxxxx, rd: , opc: 'hxx }
cycle 4272
copperv1: received:         x
tagged U_type Instruction_$U_type { imm: 'hxxxxx, rd: , opc: 'hxx }
cycle 4273
copperv1: received:         x
tagged U_type Instruction_$U_type { imm: 'hxxxxx, rd: , opc: 'hxx }
cycle 4274
copperv1: received:         x
tagged U_type Instruction_$U_type { imm: 'hxxxxx, rd: , opc: 'hxx }
cycle 4275
copperv1: received:         x
tagged U_type Instruction_$U_type { imm: 'hxxxxx, rd: , opc: 'hxx }
cycle 4276
copperv1: received:         x
tagged U_type Instruction_$U_type { imm: 'hxxxxx, rd: , opc: 'hxx }
cycle 4277
copperv1: received:         x
tagged U_type Instruction_$U_type { imm: 'hxxxxx, rd: , opc: 'hxx }
cycle 4278
copperv1: received:         x
tagged U_type Instruction_$U_type { imm: 'hxxxxx, rd: , opc: 'hxx }
cycle 4279
copperv1: received:         x
tagged U_type Instruction_$U_type { imm: 'hxxxxx, rd: , opc: 'hxx }
cycle 4280
copperv1: received:         x
tagged U_type Instruction_$U_type { imm: 'hxxxxx, rd: , opc: 'hxx }
cycle 4281
copperv1: received:         x
tagged U_type Instruction_$U_type { imm: 'hxxxxx, rd: , opc: 'hxx }
cycle 4282
copperv1: received:         x
tagged U_type Instruction_$U_type { imm: 'hxxxxx, rd: , opc: 'hxx }
cycle 4283
copperv1: received:         x
tagged U_type Instruction_$U_type { imm: 'hxxxxx, rd: , opc: 'hxx }
cycle 4284
copperv1: received:         x
tagged U_type Instruction_$U_type { imm: 'hxxxxx, rd: , opc: 'hxx }
cycle 4285
copperv1: received:         x
tagged U_type Instruction_$U_type { imm: 'hxxxxx, rd: , opc: 'hxx }
cycle 4286
copperv1: received:         x
tagged U_type Instruction_$U_type { imm: 'hxxxxx, rd: , opc: 'hxx }
cycle 4287
copperv1: received:         x
tagged U_type Instruction_$U_type { imm: 'hxxxxx, rd: , opc: 'hxx }
cycle 4288
copperv1: received:         x
tagged U_type Instruction_$U_type { imm: 'hxxxxx, rd: , opc: 'hxx }
cycle 4289
copperv1: received:         x
tagged U_type Instruction_$U_type { imm: 'hxxxxx, rd: , opc: 'hxx }
cycle 4290
copperv1: received:         x
tagged U_type Instruction_$U_type { imm: 'hxxxxx, rd: , opc: 'hxx }
cycle 4291
copperv1: received:         x
tagged U_type Instruction_$U_type { imm: 'hxxxxx, rd: , opc: 'hxx }
cycle 4292
copperv1: received:         x
tagged U_type Instruction_$U_type { imm: 'hxxxxx, rd: , opc: 'hxx }
cycle 4293
copperv1: received:         x
tagged U_type Instruction_$U_type { imm: 'hxxxxx, rd: , opc: 'hxx }
cycle 4294
copperv1: received:         x
tagged U_type Instruction_$U_type { imm: 'hxxxxx, rd: , opc: 'hxx }
cycle 4295
copperv1: received:         x
tagged U_type Instruction_$U_type { imm: 'hxxxxx, rd: , opc: 'hxx }
cycle 4296
copperv1: received:         x
tagged U_type Instruction_$U_type { imm: 'hxxxxx, rd: , opc: 'hxx }
cycle 4297
copperv1: received:         x
tagged U_type Instruction_$U_type { imm: 'hxxxxx, rd: , opc: 'hxx }
cycle 4298
copperv1: received:         x
tagged U_type Instruction_$U_type { imm: 'hxxxxx, rd: , opc: 'hxx }
cycle 4299
copperv1: received:         x
tagged U_type Instruction_$U_type { imm: 'hxxxxx, rd: , opc: 'hxx }
cycle 4300
copperv1: received:         x
tagged U_type Instruction_$U_type { imm: 'hxxxxx, rd: , opc: 'hxx }
cycle 4301
copperv1: received:         x
tagged U_type Instruction_$U_type { imm: 'hxxxxx, rd: , opc: 'hxx }
cycle 4302
copperv1: received:         x
tagged U_type Instruction_$U_type { imm: 'hxxxxx, rd: , opc: 'hxx }
cycle 4303
copperv1: received:         x
tagged U_type Instruction_$U_type { imm: 'hxxxxx, rd: , opc: 'hxx }
cycle 4304
copperv1: received:         x
tagged U_type Instruction_$U_type { imm: 'hxxxxx, rd: , opc: 'hxx }
cycle 4305
copperv1: received:         x
tagged U_type Instruction_$U_type { imm: 'hxxxxx, rd: , opc: 'hxx }
cycle 4306
copperv1: received:         x
tagged U_type Instruction_$U_type { imm: 'hxxxxx, rd: , opc: 'hxx }
cycle 4307
copperv1: received:         x
tagged U_type Instruction_$U_type { imm: 'hxxxxx, rd: , opc: 'hxx }
cycle 4308
copperv1: received:         x
tagged U_type Instruction_$U_type { imm: 'hxxxxx, rd: , opc: 'hxx }
cycle 4309
copperv1: received:         x
tagged U_type Instruction_$U_type { imm: 'hxxxxx, rd: , opc: 'hxx }
cycle 4310
copperv1: received:         x
tagged U_type Instruction_$U_type { imm: 'hxxxxx, rd: , opc: 'hxx }
cycle 4311
copperv1: received:         x
tagged U_type Instruction_$U_type { imm: 'hxxxxx, rd: , opc: 'hxx }
cycle 4312
copperv1: received:         x
tagged U_type Instruction_$U_type { imm: 'hxxxxx, rd: , opc: 'hxx }
cycle 4313
copperv1: received:         x
tagged U_type Instruction_$U_type { imm: 'hxxxxx, rd: , opc: 'hxx }
cycle 4314
copperv1: received:         x
tagged U_type Instruction_$U_type { imm: 'hxxxxx, rd: , opc: 'hxx }
cycle 4315
copperv1: received:         x
tagged U_type Instruction_$U_type { imm: 'hxxxxx, rd: , opc: 'hxx }
cycle 4316
copperv1: received:         x
tagged U_type Instruction_$U_type { imm: 'hxxxxx, rd: , opc: 'hxx }
cycle 4317
copperv1: received:         x
tagged U_type Instruction_$U_type { imm: 'hxxxxx, rd: , opc: 'hxx }
cycle 4318
copperv1: received:         x
tagged U_type Instruction_$U_type { imm: 'hxxxxx, rd: , opc: 'hxx }
cycle 4319
copperv1: received:         x
tagged U_type Instruction_$U_type { imm: 'hxxxxx, rd: , opc: 'hxx }
cycle 4320
copperv1: received:         x
tagged U_type Instruction_$U_type { imm: 'hxxxxx, rd: , opc: 'hxx }
cycle 4321
copperv1: received:         x
tagged U_type Instruction_$U_type { imm: 'hxxxxx, rd: , opc: 'hxx }
cycle 4322
copperv1: received:         x
tagged U_type Instruction_$U_type { imm: 'hxxxxx, rd: , opc: 'hxx }
cycle 4323
copperv1: received:         x
tagged U_type Instruction_$U_type { imm: 'hxxxxx, rd: , opc: 'hxx }
cycle 4324
copperv1: received:         x
tagged U_type Instruction_$U_type { imm: 'hxxxxx, rd: , opc: 'hxx }
cycle 4325
copperv1: received:         x
tagged U_type Instruction_$U_type { imm: 'hxxxxx, rd: , opc: 'hxx }
cycle 4326
copperv1: received:         x
tagged U_type Instruction_$U_type { imm: 'hxxxxx, rd: , opc: 'hxx }
cycle 4327
copperv1: received:         x
tagged U_type Instruction_$U_type { imm: 'hxxxxx, rd: , opc: 'hxx }
cycle 4328
copperv1: received:         x
tagged U_type Instruction_$U_type { imm: 'hxxxxx, rd: , opc: 'hxx }
cycle 4329
copperv1: received:         x
tagged U_type Instruction_$U_type { imm: 'hxxxxx, rd: , opc: 'hxx }
cycle 4330
copperv1: received:         x
tagged U_type Instruction_$U_type { imm: 'hxxxxx, rd: , opc: 'hxx }
cycle 4331
copperv1: received:         x
tagged U_type Instruction_$U_type { imm: 'hxxxxx, rd: , opc: 'hxx }
cycle 4332
copperv1: received:         x
tagged U_type Instruction_$U_type { imm: 'hxxxxx, rd: , opc: 'hxx }
cycle 4333
copperv1: received:         x
tagged U_type Instruction_$U_type { imm: 'hxxxxx, rd: , opc: 'hxx }
cycle 4334
copperv1: received:         x
tagged U_type Instruction_$U_type { imm: 'hxxxxx, rd: , opc: 'hxx }
cycle 4335
copperv1: received:         x
tagged U_type Instruction_$U_type { imm: 'hxxxxx, rd: , opc: 'hxx }
cycle 4336
copperv1: received:         x
tagged U_type Instruction_$U_type { imm: 'hxxxxx, rd: , opc: 'hxx }
cycle 4337
copperv1: received:         x
tagged U_type Instruction_$U_type { imm: 'hxxxxx, rd: , opc: 'hxx }
cycle 4338
copperv1: received:         x
tagged U_type Instruction_$U_type { imm: 'hxxxxx, rd: , opc: 'hxx }
cycle 4339
copperv1: received:         x
tagged U_type Instruction_$U_type { imm: 'hxxxxx, rd: , opc: 'hxx }
cycle 4340
copperv1: received:         x
tagged U_type Instruction_$U_type { imm: 'hxxxxx, rd: , opc: 'hxx }
cycle 4341
copperv1: received:         x
tagged U_type Instruction_$U_type { imm: 'hxxxxx, rd: , opc: 'hxx }
cycle 4342
copperv1: received:         x
tagged U_type Instruction_$U_type { imm: 'hxxxxx, rd: , opc: 'hxx }
cycle 4343
copperv1: received:         x
tagged U_type Instruction_$U_type { imm: 'hxxxxx, rd: , opc: 'hxx }
cycle 4344
copperv1: received:         x
tagged U_type Instruction_$U_type { imm: 'hxxxxx, rd: , opc: 'hxx }
cycle 4345
copperv1: received:         x
tagged U_type Instruction_$U_type { imm: 'hxxxxx, rd: , opc: 'hxx }
cycle 4346
copperv1: received:         x
tagged U_type Instruction_$U_type { imm: 'hxxxxx, rd: , opc: 'hxx }
cycle 4347
copperv1: received:         x
tagged U_type Instruction_$U_type { imm: 'hxxxxx, rd: , opc: 'hxx }
cycle 4348
copperv1: received:         x
tagged U_type Instruction_$U_type { imm: 'hxxxxx, rd: , opc: 'hxx }
cycle 4349
copperv1: received:         x
tagged U_type Instruction_$U_type { imm: 'hxxxxx, rd: , opc: 'hxx }
cycle 4350
copperv1: received:         x
tagged U_type Instruction_$U_type { imm: 'hxxxxx, rd: , opc: 'hxx }
cycle 4351
copperv1: received:         x
tagged U_type Instruction_$U_type { imm: 'hxxxxx, rd: , opc: 'hxx }
cycle 4352
copperv1: received:         x
tagged U_type Instruction_$U_type { imm: 'hxxxxx, rd: , opc: 'hxx }
cycle 4353
copperv1: received:         x
tagged U_type Instruction_$U_type { imm: 'hxxxxx, rd: , opc: 'hxx }
cycle 4354
copperv1: received:         x
tagged U_type Instruction_$U_type { imm: 'hxxxxx, rd: , opc: 'hxx }
cycle 4355
copperv1: received:         x
tagged U_type Instruction_$U_type { imm: 'hxxxxx, rd: , opc: 'hxx }
cycle 4356
copperv1: received:         x
tagged U_type Instruction_$U_type { imm: 'hxxxxx, rd: , opc: 'hxx }
cycle 4357
copperv1: received:         x
tagged U_type Instruction_$U_type { imm: 'hxxxxx, rd: , opc: 'hxx }
cycle 4358
copperv1: received:         x
tagged U_type Instruction_$U_type { imm: 'hxxxxx, rd: , opc: 'hxx }
cycle 4359
copperv1: received:         x
tagged U_type Instruction_$U_type { imm: 'hxxxxx, rd: , opc: 'hxx }
cycle 4360
copperv1: received:         x
tagged U_type Instruction_$U_type { imm: 'hxxxxx, rd: , opc: 'hxx }
cycle 4361
copperv1: received:         x
tagged U_type Instruction_$U_type { imm: 'hxxxxx, rd: , opc: 'hxx }
cycle 4362
copperv1: received:         x
tagged U_type Instruction_$U_type { imm: 'hxxxxx, rd: , opc: 'hxx }
cycle 4363
copperv1: received:         x
tagged U_type Instruction_$U_type { imm: 'hxxxxx, rd: , opc: 'hxx }
cycle 4364
copperv1: received:         x
tagged U_type Instruction_$U_type { imm: 'hxxxxx, rd: , opc: 'hxx }
cycle 4365
copperv1: received:         x
tagged U_type Instruction_$U_type { imm: 'hxxxxx, rd: , opc: 'hxx }
cycle 4366
copperv1: received:         x
tagged U_type Instruction_$U_type { imm: 'hxxxxx, rd: , opc: 'hxx }
cycle 4367
copperv1: received:         x
tagged U_type Instruction_$U_type { imm: 'hxxxxx, rd: , opc: 'hxx }
cycle 4368
copperv1: received:         x
tagged U_type Instruction_$U_type { imm: 'hxxxxx, rd: , opc: 'hxx }
cycle 4369
copperv1: received:         x
tagged U_type Instruction_$U_type { imm: 'hxxxxx, rd: , opc: 'hxx }
cycle 4370
copperv1: received:         x
tagged U_type Instruction_$U_type { imm: 'hxxxxx, rd: , opc: 'hxx }
cycle 4371
copperv1: received:         x
tagged U_type Instruction_$U_type { imm: 'hxxxxx, rd: , opc: 'hxx }
cycle 4372
copperv1: received:         x
tagged U_type Instruction_$U_type { imm: 'hxxxxx, rd: , opc: 'hxx }
cycle 4373
copperv1: received:         x
tagged U_type Instruction_$U_type { imm: 'hxxxxx, rd: , opc: 'hxx }
cycle 4374
copperv1: received:         x
tagged U_type Instruction_$U_type { imm: 'hxxxxx, rd: , opc: 'hxx }
cycle 4375
copperv1: received:         x
tagged U_type Instruction_$U_type { imm: 'hxxxxx, rd: , opc: 'hxx }
cycle 4376
copperv1: received:         x
tagged U_type Instruction_$U_type { imm: 'hxxxxx, rd: , opc: 'hxx }
cycle 4377
copperv1: received:         x
tagged U_type Instruction_$U_type { imm: 'hxxxxx, rd: , opc: 'hxx }
cycle 4378
copperv1: received:         x
tagged U_type Instruction_$U_type { imm: 'hxxxxx, rd: , opc: 'hxx }
cycle 4379
copperv1: received:         x
tagged U_type Instruction_$U_type { imm: 'hxxxxx, rd: , opc: 'hxx }
cycle 4380
copperv1: received:         x
tagged U_type Instruction_$U_type { imm: 'hxxxxx, rd: , opc: 'hxx }
cycle 4381
copperv1: received:         x
tagged U_type Instruction_$U_type { imm: 'hxxxxx, rd: , opc: 'hxx }
cycle 4382
copperv1: received:         x
tagged U_type Instruction_$U_type { imm: 'hxxxxx, rd: , opc: 'hxx }
cycle 4383
copperv1: received:         x
tagged U_type Instruction_$U_type { imm: 'hxxxxx, rd: , opc: 'hxx }
cycle 4384
copperv1: received:         x
tagged U_type Instruction_$U_type { imm: 'hxxxxx, rd: , opc: 'hxx }
cycle 4385
copperv1: received:         x
tagged U_type Instruction_$U_type { imm: 'hxxxxx, rd: , opc: 'hxx }
cycle 4386
copperv1: received:         x
tagged U_type Instruction_$U_type { imm: 'hxxxxx, rd: , opc: 'hxx }
cycle 4387
copperv1: received:         x
tagged U_type Instruction_$U_type { imm: 'hxxxxx, rd: , opc: 'hxx }
cycle 4388
copperv1: received:         x
tagged U_type Instruction_$U_type { imm: 'hxxxxx, rd: , opc: 'hxx }
cycle 4389
copperv1: received:         x
tagged U_type Instruction_$U_type { imm: 'hxxxxx, rd: , opc: 'hxx }
cycle 4390
copperv1: received:         x
tagged U_type Instruction_$U_type { imm: 'hxxxxx, rd: , opc: 'hxx }
cycle 4391
copperv1: received:         x
tagged U_type Instruction_$U_type { imm: 'hxxxxx, rd: , opc: 'hxx }
cycle 4392
copperv1: received:         x
tagged U_type Instruction_$U_type { imm: 'hxxxxx, rd: , opc: 'hxx }
cycle 4393
copperv1: received:         x
tagged U_type Instruction_$U_type { imm: 'hxxxxx, rd: , opc: 'hxx }
cycle 4394
copperv1: received:         x
tagged U_type Instruction_$U_type { imm: 'hxxxxx, rd: , opc: 'hxx }
cycle 4395
copperv1: received:         x
tagged U_type Instruction_$U_type { imm: 'hxxxxx, rd: , opc: 'hxx }
cycle 4396
copperv1: received:         x
tagged U_type Instruction_$U_type { imm: 'hxxxxx, rd: , opc: 'hxx }
cycle 4397
copperv1: received:         x
tagged U_type Instruction_$U_type { imm: 'hxxxxx, rd: , opc: 'hxx }
cycle 4398
copperv1: received:         x
tagged U_type Instruction_$U_type { imm: 'hxxxxx, rd: , opc: 'hxx }
cycle 4399
copperv1: received:         x
tagged U_type Instruction_$U_type { imm: 'hxxxxx, rd: , opc: 'hxx }
cycle 4400
copperv1: received:         x
tagged U_type Instruction_$U_type { imm: 'hxxxxx, rd: , opc: 'hxx }
cycle 4401
copperv1: received:         x
tagged U_type Instruction_$U_type { imm: 'hxxxxx, rd: , opc: 'hxx }
cycle 4402
copperv1: received:         x
tagged U_type Instruction_$U_type { imm: 'hxxxxx, rd: , opc: 'hxx }
cycle 4403
copperv1: received:         x
tagged U_type Instruction_$U_type { imm: 'hxxxxx, rd: , opc: 'hxx }
cycle 4404
copperv1: received:         x
tagged U_type Instruction_$U_type { imm: 'hxxxxx, rd: , opc: 'hxx }
cycle 4405
copperv1: received:         x
tagged U_type Instruction_$U_type { imm: 'hxxxxx, rd: , opc: 'hxx }
cycle 4406
copperv1: received:         x
tagged U_type Instruction_$U_type { imm: 'hxxxxx, rd: , opc: 'hxx }
cycle 4407
copperv1: received:         x
tagged U_type Instruction_$U_type { imm: 'hxxxxx, rd: , opc: 'hxx }
cycle 4408
copperv1: received:         x
tagged U_type Instruction_$U_type { imm: 'hxxxxx, rd: , opc: 'hxx }
cycle 4409
copperv1: received:         x
tagged U_type Instruction_$U_type { imm: 'hxxxxx, rd: , opc: 'hxx }
cycle 4410
copperv1: received:         x
tagged U_type Instruction_$U_type { imm: 'hxxxxx, rd: , opc: 'hxx }
cycle 4411
copperv1: received:         x
tagged U_type Instruction_$U_type { imm: 'hxxxxx, rd: , opc: 'hxx }
cycle 4412
copperv1: received:         x
tagged U_type Instruction_$U_type { imm: 'hxxxxx, rd: , opc: 'hxx }
cycle 4413
copperv1: received:         x
tagged U_type Instruction_$U_type { imm: 'hxxxxx, rd: , opc: 'hxx }
cycle 4414
copperv1: received:         x
tagged U_type Instruction_$U_type { imm: 'hxxxxx, rd: , opc: 'hxx }
cycle 4415
copperv1: received:         x
tagged U_type Instruction_$U_type { imm: 'hxxxxx, rd: , opc: 'hxx }
cycle 4416
copperv1: received:         x
tagged U_type Instruction_$U_type { imm: 'hxxxxx, rd: , opc: 'hxx }
cycle 4417
copperv1: received:         x
tagged U_type Instruction_$U_type { imm: 'hxxxxx, rd: , opc: 'hxx }
cycle 4418
copperv1: received:         x
tagged U_type Instruction_$U_type { imm: 'hxxxxx, rd: , opc: 'hxx }
cycle 4419
copperv1: received:         x
tagged U_type Instruction_$U_type { imm: 'hxxxxx, rd: , opc: 'hxx }
cycle 4420
copperv1: received:         x
tagged U_type Instruction_$U_type { imm: 'hxxxxx, rd: , opc: 'hxx }
cycle 4421
copperv1: received:         x
tagged U_type Instruction_$U_type { imm: 'hxxxxx, rd: , opc: 'hxx }
cycle 4422
copperv1: received:         x
tagged U_type Instruction_$U_type { imm: 'hxxxxx, rd: , opc: 'hxx }
cycle 4423
copperv1: received:         x
tagged U_type Instruction_$U_type { imm: 'hxxxxx, rd: , opc: 'hxx }
cycle 4424
copperv1: received:         x
tagged U_type Instruction_$U_type { imm: 'hxxxxx, rd: , opc: 'hxx }
cycle 4425
copperv1: received:         x
tagged U_type Instruction_$U_type { imm: 'hxxxxx, rd: , opc: 'hxx }
cycle 4426
copperv1: received:         x
tagged U_type Instruction_$U_type { imm: 'hxxxxx, rd: , opc: 'hxx }
cycle 4427
copperv1: received:         x
tagged U_type Instruction_$U_type { imm: 'hxxxxx, rd: , opc: 'hxx }
cycle 4428
copperv1: received:         x
tagged U_type Instruction_$U_type { imm: 'hxxxxx, rd: , opc: 'hxx }
cycle 4429
copperv1: received:         x
tagged U_type Instruction_$U_type { imm: 'hxxxxx, rd: , opc: 'hxx }
cycle 4430
copperv1: received:         x
tagged U_type Instruction_$U_type { imm: 'hxxxxx, rd: , opc: 'hxx }
cycle 4431
copperv1: received:         x
tagged U_type Instruction_$U_type { imm: 'hxxxxx, rd: , opc: 'hxx }
cycle 4432
copperv1: received:         x
tagged U_type Instruction_$U_type { imm: 'hxxxxx, rd: , opc: 'hxx }
cycle 4433
copperv1: received:         x
tagged U_type Instruction_$U_type { imm: 'hxxxxx, rd: , opc: 'hxx }
cycle 4434
copperv1: received:         x
tagged U_type Instruction_$U_type { imm: 'hxxxxx, rd: , opc: 'hxx }
cycle 4435
copperv1: received:         x
tagged U_type Instruction_$U_type { imm: 'hxxxxx, rd: , opc: 'hxx }
cycle 4436
copperv1: received:         x
tagged U_type Instruction_$U_type { imm: 'hxxxxx, rd: , opc: 'hxx }
cycle 4437
copperv1: received:         x
tagged U_type Instruction_$U_type { imm: 'hxxxxx, rd: , opc: 'hxx }
cycle 4438
copperv1: received:         x
tagged U_type Instruction_$U_type { imm: 'hxxxxx, rd: , opc: 'hxx }
cycle 4439
copperv1: received:         x
tagged U_type Instruction_$U_type { imm: 'hxxxxx, rd: , opc: 'hxx }
cycle 4440
copperv1: received:         x
tagged U_type Instruction_$U_type { imm: 'hxxxxx, rd: , opc: 'hxx }
cycle 4441
copperv1: received:         x
tagged U_type Instruction_$U_type { imm: 'hxxxxx, rd: , opc: 'hxx }
cycle 4442
copperv1: received:         x
tagged U_type Instruction_$U_type { imm: 'hxxxxx, rd: , opc: 'hxx }
cycle 4443
copperv1: received:         x
tagged U_type Instruction_$U_type { imm: 'hxxxxx, rd: , opc: 'hxx }
cycle 4444
copperv1: received:         x
tagged U_type Instruction_$U_type { imm: 'hxxxxx, rd: , opc: 'hxx }
cycle 4445
copperv1: received:         x
tagged U_type Instruction_$U_type { imm: 'hxxxxx, rd: , opc: 'hxx }
cycle 4446
copperv1: received:         x
tagged U_type Instruction_$U_type { imm: 'hxxxxx, rd: , opc: 'hxx }
cycle 4447
copperv1: received:         x
tagged U_type Instruction_$U_type { imm: 'hxxxxx, rd: , opc: 'hxx }
cycle 4448
copperv1: received:         x
tagged U_type Instruction_$U_type { imm: 'hxxxxx, rd: , opc: 'hxx }
cycle 4449
copperv1: received:         x
tagged U_type Instruction_$U_type { imm: 'hxxxxx, rd: , opc: 'hxx }
cycle 4450
copperv1: received:         x
tagged U_type Instruction_$U_type { imm: 'hxxxxx, rd: , opc: 'hxx }
cycle 4451
copperv1: received:         x
tagged U_type Instruction_$U_type { imm: 'hxxxxx, rd: , opc: 'hxx }
cycle 4452
copperv1: received:         x
tagged U_type Instruction_$U_type { imm: 'hxxxxx, rd: , opc: 'hxx }
cycle 4453
copperv1: received:         x
tagged U_type Instruction_$U_type { imm: 'hxxxxx, rd: , opc: 'hxx }
cycle 4454
copperv1: received:         x
tagged U_type Instruction_$U_type { imm: 'hxxxxx, rd: , opc: 'hxx }
cycle 4455
copperv1: received:         x
tagged U_type Instruction_$U_type { imm: 'hxxxxx, rd: , opc: 'hxx }
cycle 4456
copperv1: received:         x
tagged U_type Instruction_$U_type { imm: 'hxxxxx, rd: , opc: 'hxx }
cycle 4457
copperv1: received:         x
tagged U_type Instruction_$U_type { imm: 'hxxxxx, rd: , opc: 'hxx }
cycle 4458
copperv1: received:         x
tagged U_type Instruction_$U_type { imm: 'hxxxxx, rd: , opc: 'hxx }
cycle 4459
copperv1: received:         x
tagged U_type Instruction_$U_type { imm: 'hxxxxx, rd: , opc: 'hxx }
cycle 4460
copperv1: received:         x
tagged U_type Instruction_$U_type { imm: 'hxxxxx, rd: , opc: 'hxx }
cycle 4461
copperv1: received:         x
tagged U_type Instruction_$U_type { imm: 'hxxxxx, rd: , opc: 'hxx }
cycle 4462
copperv1: received:         x
tagged U_type Instruction_$U_type { imm: 'hxxxxx, rd: , opc: 'hxx }
cycle 4463
copperv1: received:         x
tagged U_type Instruction_$U_type { imm: 'hxxxxx, rd: , opc: 'hxx }
cycle 4464
copperv1: received:         x
tagged U_type Instruction_$U_type { imm: 'hxxxxx, rd: , opc: 'hxx }
cycle 4465
copperv1: received:         x
tagged U_type Instruction_$U_type { imm: 'hxxxxx, rd: , opc: 'hxx }
cycle 4466
copperv1: received:         x
tagged U_type Instruction_$U_type { imm: 'hxxxxx, rd: , opc: 'hxx }
cycle 4467
copperv1: received:         x
tagged U_type Instruction_$U_type { imm: 'hxxxxx, rd: , opc: 'hxx }
cycle 4468
copperv1: received:         x
tagged U_type Instruction_$U_type { imm: 'hxxxxx, rd: , opc: 'hxx }
cycle 4469
copperv1: received:         x
tagged U_type Instruction_$U_type { imm: 'hxxxxx, rd: , opc: 'hxx }
cycle 4470
copperv1: received:         x
tagged U_type Instruction_$U_type { imm: 'hxxxxx, rd: , opc: 'hxx }
cycle 4471
copperv1: received:         x
tagged U_type Instruction_$U_type { imm: 'hxxxxx, rd: , opc: 'hxx }
cycle 4472
copperv1: received:         x
tagged U_type Instruction_$U_type { imm: 'hxxxxx, rd: , opc: 'hxx }
cycle 4473
copperv1: received:         x
tagged U_type Instruction_$U_type { imm: 'hxxxxx, rd: , opc: 'hxx }
cycle 4474
copperv1: received:         x
tagged U_type Instruction_$U_type { imm: 'hxxxxx, rd: , opc: 'hxx }
cycle 4475
copperv1: received:         x
tagged U_type Instruction_$U_type { imm: 'hxxxxx, rd: , opc: 'hxx }
cycle 4476
copperv1: received:         x
tagged U_type Instruction_$U_type { imm: 'hxxxxx, rd: , opc: 'hxx }
cycle 4477
copperv1: received:         x
tagged U_type Instruction_$U_type { imm: 'hxxxxx, rd: , opc: 'hxx }
cycle 4478
copperv1: received:         x
tagged U_type Instruction_$U_type { imm: 'hxxxxx, rd: , opc: 'hxx }
cycle 4479
copperv1: received:         x
tagged U_type Instruction_$U_type { imm: 'hxxxxx, rd: , opc: 'hxx }
cycle 4480
copperv1: received:         x
tagged U_type Instruction_$U_type { imm: 'hxxxxx, rd: , opc: 'hxx }
cycle 4481
copperv1: received:         x
tagged U_type Instruction_$U_type { imm: 'hxxxxx, rd: , opc: 'hxx }
cycle 4482
copperv1: received:         x
tagged U_type Instruction_$U_type { imm: 'hxxxxx, rd: , opc: 'hxx }
cycle 4483
copperv1: received:         x
tagged U_type Instruction_$U_type { imm: 'hxxxxx, rd: , opc: 'hxx }
cycle 4484
copperv1: received:         x
tagged U_type Instruction_$U_type { imm: 'hxxxxx, rd: , opc: 'hxx }
cycle 4485
copperv1: received:         x
tagged U_type Instruction_$U_type { imm: 'hxxxxx, rd: , opc: 'hxx }
cycle 4486
copperv1: received:         x
tagged U_type Instruction_$U_type { imm: 'hxxxxx, rd: , opc: 'hxx }
cycle 4487
copperv1: received:         x
tagged U_type Instruction_$U_type { imm: 'hxxxxx, rd: , opc: 'hxx }
cycle 4488
copperv1: received:         x
tagged U_type Instruction_$U_type { imm: 'hxxxxx, rd: , opc: 'hxx }
cycle 4489
copperv1: received:         x
tagged U_type Instruction_$U_type { imm: 'hxxxxx, rd: , opc: 'hxx }
cycle 4490
copperv1: received:         x
tagged U_type Instruction_$U_type { imm: 'hxxxxx, rd: , opc: 'hxx }
cycle 4491
copperv1: received:         x
tagged U_type Instruction_$U_type { imm: 'hxxxxx, rd: , opc: 'hxx }
cycle 4492
copperv1: received:         x
tagged U_type Instruction_$U_type { imm: 'hxxxxx, rd: , opc: 'hxx }
cycle 4493
copperv1: received:         x
tagged U_type Instruction_$U_type { imm: 'hxxxxx, rd: , opc: 'hxx }
cycle 4494
copperv1: received:         x
tagged U_type Instruction_$U_type { imm: 'hxxxxx, rd: , opc: 'hxx }
cycle 4495
copperv1: received:         x
tagged U_type Instruction_$U_type { imm: 'hxxxxx, rd: , opc: 'hxx }
cycle 4496
copperv1: received:         x
tagged U_type Instruction_$U_type { imm: 'hxxxxx, rd: , opc: 'hxx }
cycle 4497
copperv1: received:         x
tagged U_type Instruction_$U_type { imm: 'hxxxxx, rd: , opc: 'hxx }
cycle 4498
copperv1: received:         x
tagged U_type Instruction_$U_type { imm: 'hxxxxx, rd: , opc: 'hxx }
cycle 4499
copperv1: received:         x
tagged U_type Instruction_$U_type { imm: 'hxxxxx, rd: , opc: 'hxx }
cycle 4500
copperv1: received:         x
tagged U_type Instruction_$U_type { imm: 'hxxxxx, rd: , opc: 'hxx }
cycle 4501
copperv1: received:         x
tagged U_type Instruction_$U_type { imm: 'hxxxxx, rd: , opc: 'hxx }
cycle 4502
copperv1: received:         x
tagged U_type Instruction_$U_type { imm: 'hxxxxx, rd: , opc: 'hxx }
cycle 4503
copperv1: received:         x
tagged U_type Instruction_$U_type { imm: 'hxxxxx, rd: , opc: 'hxx }
cycle 4504
copperv1: received:         x
tagged U_type Instruction_$U_type { imm: 'hxxxxx, rd: , opc: 'hxx }
cycle 4505
copperv1: received:         x
tagged U_type Instruction_$U_type { imm: 'hxxxxx, rd: , opc: 'hxx }
cycle 4506
copperv1: received:         x
tagged U_type Instruction_$U_type { imm: 'hxxxxx, rd: , opc: 'hxx }
cycle 4507
copperv1: received:         x
tagged U_type Instruction_$U_type { imm: 'hxxxxx, rd: , opc: 'hxx }
cycle 4508
copperv1: received:         x
tagged U_type Instruction_$U_type { imm: 'hxxxxx, rd: , opc: 'hxx }
cycle 4509
copperv1: received:         x
tagged U_type Instruction_$U_type { imm: 'hxxxxx, rd: , opc: 'hxx }
cycle 4510
copperv1: received:         x
tagged U_type Instruction_$U_type { imm: 'hxxxxx, rd: , opc: 'hxx }
cycle 4511
copperv1: received:         x
tagged U_type Instruction_$U_type { imm: 'hxxxxx, rd: , opc: 'hxx }
cycle 4512
copperv1: received:         x
tagged U_type Instruction_$U_type { imm: 'hxxxxx, rd: , opc: 'hxx }
cycle 4513
copperv1: received:         x
tagged U_type Instruction_$U_type { imm: 'hxxxxx, rd: , opc: 'hxx }
cycle 4514
copperv1: received:         x
tagged U_type Instruction_$U_type { imm: 'hxxxxx, rd: , opc: 'hxx }
cycle 4515
copperv1: received:         x
tagged U_type Instruction_$U_type { imm: 'hxxxxx, rd: , opc: 'hxx }
cycle 4516
copperv1: received:         x
tagged U_type Instruction_$U_type { imm: 'hxxxxx, rd: , opc: 'hxx }
cycle 4517
copperv1: received:         x
tagged U_type Instruction_$U_type { imm: 'hxxxxx, rd: , opc: 'hxx }
cycle 4518
copperv1: received:         x
tagged U_type Instruction_$U_type { imm: 'hxxxxx, rd: , opc: 'hxx }
cycle 4519
copperv1: received:         x
tagged U_type Instruction_$U_type { imm: 'hxxxxx, rd: , opc: 'hxx }
cycle 4520
copperv1: received:         x
tagged U_type Instruction_$U_type { imm: 'hxxxxx, rd: , opc: 'hxx }
cycle 4521
copperv1: received:         x
tagged U_type Instruction_$U_type { imm: 'hxxxxx, rd: , opc: 'hxx }
cycle 4522
copperv1: received:         x
tagged U_type Instruction_$U_type { imm: 'hxxxxx, rd: , opc: 'hxx }
cycle 4523
copperv1: received:         x
tagged U_type Instruction_$U_type { imm: 'hxxxxx, rd: , opc: 'hxx }
cycle 4524
copperv1: received:         x
tagged U_type Instruction_$U_type { imm: 'hxxxxx, rd: , opc: 'hxx }
cycle 4525
copperv1: received:         x
tagged U_type Instruction_$U_type { imm: 'hxxxxx, rd: , opc: 'hxx }
cycle 4526
copperv1: received:         x
tagged U_type Instruction_$U_type { imm: 'hxxxxx, rd: , opc: 'hxx }
cycle 4527
copperv1: received:         x
tagged U_type Instruction_$U_type { imm: 'hxxxxx, rd: , opc: 'hxx }
cycle 4528
copperv1: received:         x
tagged U_type Instruction_$U_type { imm: 'hxxxxx, rd: , opc: 'hxx }
cycle 4529
copperv1: received:         x
tagged U_type Instruction_$U_type { imm: 'hxxxxx, rd: , opc: 'hxx }
cycle 4530
copperv1: received:         x
tagged U_type Instruction_$U_type { imm: 'hxxxxx, rd: , opc: 'hxx }
cycle 4531
copperv1: received:         x
tagged U_type Instruction_$U_type { imm: 'hxxxxx, rd: , opc: 'hxx }
cycle 4532
copperv1: received:         x
tagged U_type Instruction_$U_type { imm: 'hxxxxx, rd: , opc: 'hxx }
cycle 4533
copperv1: received:         x
tagged U_type Instruction_$U_type { imm: 'hxxxxx, rd: , opc: 'hxx }
cycle 4534
copperv1: received:         x
tagged U_type Instruction_$U_type { imm: 'hxxxxx, rd: , opc: 'hxx }
cycle 4535
copperv1: received:         x
tagged U_type Instruction_$U_type { imm: 'hxxxxx, rd: , opc: 'hxx }
cycle 4536
copperv1: received:         x
tagged U_type Instruction_$U_type { imm: 'hxxxxx, rd: , opc: 'hxx }
cycle 4537
copperv1: received:         x
tagged U_type Instruction_$U_type { imm: 'hxxxxx, rd: , opc: 'hxx }
cycle 4538
copperv1: received:         x
tagged U_type Instruction_$U_type { imm: 'hxxxxx, rd: , opc: 'hxx }
cycle 4539
copperv1: received:         x
tagged U_type Instruction_$U_type { imm: 'hxxxxx, rd: , opc: 'hxx }
cycle 4540
copperv1: received:         x
tagged U_type Instruction_$U_type { imm: 'hxxxxx, rd: , opc: 'hxx }
cycle 4541
copperv1: received:         x
tagged U_type Instruction_$U_type { imm: 'hxxxxx, rd: , opc: 'hxx }
cycle 4542
copperv1: received:         x
tagged U_type Instruction_$U_type { imm: 'hxxxxx, rd: , opc: 'hxx }
cycle 4543
copperv1: received:         x
tagged U_type Instruction_$U_type { imm: 'hxxxxx, rd: , opc: 'hxx }
cycle 4544
copperv1: received:         x
tagged U_type Instruction_$U_type { imm: 'hxxxxx, rd: , opc: 'hxx }
cycle 4545
copperv1: received:         x
tagged U_type Instruction_$U_type { imm: 'hxxxxx, rd: , opc: 'hxx }
cycle 4546
copperv1: received:         x
tagged U_type Instruction_$U_type { imm: 'hxxxxx, rd: , opc: 'hxx }
cycle 4547
copperv1: received:         x
tagged U_type Instruction_$U_type { imm: 'hxxxxx, rd: , opc: 'hxx }
cycle 4548
copperv1: received:         x
tagged U_type Instruction_$U_type { imm: 'hxxxxx, rd: , opc: 'hxx }
cycle 4549
copperv1: received:         x
tagged U_type Instruction_$U_type { imm: 'hxxxxx, rd: , opc: 'hxx }
cycle 4550
copperv1: received:         x
tagged U_type Instruction_$U_type { imm: 'hxxxxx, rd: , opc: 'hxx }
cycle 4551
copperv1: received:         x
tagged U_type Instruction_$U_type { imm: 'hxxxxx, rd: , opc: 'hxx }
cycle 4552
copperv1: received:         x
tagged U_type Instruction_$U_type { imm: 'hxxxxx, rd: , opc: 'hxx }
cycle 4553
copperv1: received:         x
tagged U_type Instruction_$U_type { imm: 'hxxxxx, rd: , opc: 'hxx }
cycle 4554
copperv1: received:         x
tagged U_type Instruction_$U_type { imm: 'hxxxxx, rd: , opc: 'hxx }
cycle 4555
copperv1: received:         x
tagged U_type Instruction_$U_type { imm: 'hxxxxx, rd: , opc: 'hxx }
cycle 4556
copperv1: received:         x
tagged U_type Instruction_$U_type { imm: 'hxxxxx, rd: , opc: 'hxx }
cycle 4557
copperv1: received:         x
tagged U_type Instruction_$U_type { imm: 'hxxxxx, rd: , opc: 'hxx }
cycle 4558
copperv1: received:         x
tagged U_type Instruction_$U_type { imm: 'hxxxxx, rd: , opc: 'hxx }
cycle 4559
copperv1: received:         x
tagged U_type Instruction_$U_type { imm: 'hxxxxx, rd: , opc: 'hxx }
cycle 4560
copperv1: received:         x
tagged U_type Instruction_$U_type { imm: 'hxxxxx, rd: , opc: 'hxx }
cycle 4561
copperv1: received:         x
tagged U_type Instruction_$U_type { imm: 'hxxxxx, rd: , opc: 'hxx }
cycle 4562
copperv1: received:         x
tagged U_type Instruction_$U_type { imm: 'hxxxxx, rd: , opc: 'hxx }
cycle 4563
copperv1: received:         x
tagged U_type Instruction_$U_type { imm: 'hxxxxx, rd: , opc: 'hxx }
cycle 4564
copperv1: received:         x
tagged U_type Instruction_$U_type { imm: 'hxxxxx, rd: , opc: 'hxx }
cycle 4565
copperv1: received:         x
tagged U_type Instruction_$U_type { imm: 'hxxxxx, rd: , opc: 'hxx }
cycle 4566
copperv1: received:         x
tagged U_type Instruction_$U_type { imm: 'hxxxxx, rd: , opc: 'hxx }
cycle 4567
copperv1: received:         x
tagged U_type Instruction_$U_type { imm: 'hxxxxx, rd: , opc: 'hxx }
cycle 4568
copperv1: received:         x
tagged U_type Instruction_$U_type { imm: 'hxxxxx, rd: , opc: 'hxx }
cycle 4569
copperv1: received:         x
tagged U_type Instruction_$U_type { imm: 'hxxxxx, rd: , opc: 'hxx }
cycle 4570
copperv1: received:         x
tagged U_type Instruction_$U_type { imm: 'hxxxxx, rd: , opc: 'hxx }
cycle 4571
copperv1: received:         x
tagged U_type Instruction_$U_type { imm: 'hxxxxx, rd: , opc: 'hxx }
cycle 4572
copperv1: received:         x
tagged U_type Instruction_$U_type { imm: 'hxxxxx, rd: , opc: 'hxx }
cycle 4573
copperv1: received:         x
tagged U_type Instruction_$U_type { imm: 'hxxxxx, rd: , opc: 'hxx }
cycle 4574
copperv1: received:         x
tagged U_type Instruction_$U_type { imm: 'hxxxxx, rd: , opc: 'hxx }
cycle 4575
copperv1: received:         x
tagged U_type Instruction_$U_type { imm: 'hxxxxx, rd: , opc: 'hxx }
cycle 4576
copperv1: received:         x
tagged U_type Instruction_$U_type { imm: 'hxxxxx, rd: , opc: 'hxx }
cycle 4577
copperv1: received:         x
tagged U_type Instruction_$U_type { imm: 'hxxxxx, rd: , opc: 'hxx }
cycle 4578
copperv1: received:         x
tagged U_type Instruction_$U_type { imm: 'hxxxxx, rd: , opc: 'hxx }
cycle 4579
copperv1: received:         x
tagged U_type Instruction_$U_type { imm: 'hxxxxx, rd: , opc: 'hxx }
cycle 4580
copperv1: received:         x
tagged U_type Instruction_$U_type { imm: 'hxxxxx, rd: , opc: 'hxx }
cycle 4581
copperv1: received:         x
tagged U_type Instruction_$U_type { imm: 'hxxxxx, rd: , opc: 'hxx }
cycle 4582
copperv1: received:         x
tagged U_type Instruction_$U_type { imm: 'hxxxxx, rd: , opc: 'hxx }
cycle 4583
copperv1: received:         x
tagged U_type Instruction_$U_type { imm: 'hxxxxx, rd: , opc: 'hxx }
cycle 4584
copperv1: received:         x
tagged U_type Instruction_$U_type { imm: 'hxxxxx, rd: , opc: 'hxx }
cycle 4585
copperv1: received:         x
tagged U_type Instruction_$U_type { imm: 'hxxxxx, rd: , opc: 'hxx }
cycle 4586
copperv1: received:         x
tagged U_type Instruction_$U_type { imm: 'hxxxxx, rd: , opc: 'hxx }
cycle 4587
copperv1: received:         x
tagged U_type Instruction_$U_type { imm: 'hxxxxx, rd: , opc: 'hxx }
cycle 4588
copperv1: received:         x
tagged U_type Instruction_$U_type { imm: 'hxxxxx, rd: , opc: 'hxx }
cycle 4589
copperv1: received:         x
tagged U_type Instruction_$U_type { imm: 'hxxxxx, rd: , opc: 'hxx }
cycle 4590
copperv1: received:         x
tagged U_type Instruction_$U_type { imm: 'hxxxxx, rd: , opc: 'hxx }
cycle 4591
copperv1: received:         x
tagged U_type Instruction_$U_type { imm: 'hxxxxx, rd: , opc: 'hxx }
cycle 4592
copperv1: received:         x
tagged U_type Instruction_$U_type { imm: 'hxxxxx, rd: , opc: 'hxx }
cycle 4593
copperv1: received:         x
tagged U_type Instruction_$U_type { imm: 'hxxxxx, rd: , opc: 'hxx }
cycle 4594
copperv1: received:         x
tagged U_type Instruction_$U_type { imm: 'hxxxxx, rd: , opc: 'hxx }
cycle 4595
copperv1: received:         x
tagged U_type Instruction_$U_type { imm: 'hxxxxx, rd: , opc: 'hxx }
cycle 4596
copperv1: received:         x
tagged U_type Instruction_$U_type { imm: 'hxxxxx, rd: , opc: 'hxx }
cycle 4597
copperv1: received:         x
tagged U_type Instruction_$U_type { imm: 'hxxxxx, rd: , opc: 'hxx }
cycle 4598
copperv1: received:         x
tagged U_type Instruction_$U_type { imm: 'hxxxxx, rd: , opc: 'hxx }
cycle 4599
copperv1: received:         x
tagged U_type Instruction_$U_type { imm: 'hxxxxx, rd: , opc: 'hxx }
cycle 4600
copperv1: received:         x
tagged U_type Instruction_$U_type { imm: 'hxxxxx, rd: , opc: 'hxx }
cycle 4601
copperv1: received:         x
tagged U_type Instruction_$U_type { imm: 'hxxxxx, rd: , opc: 'hxx }
cycle 4602
copperv1: received:         x
tagged U_type Instruction_$U_type { imm: 'hxxxxx, rd: , opc: 'hxx }
cycle 4603
copperv1: received:         x
tagged U_type Instruction_$U_type { imm: 'hxxxxx, rd: , opc: 'hxx }
cycle 4604
copperv1: received:         x
tagged U_type Instruction_$U_type { imm: 'hxxxxx, rd: , opc: 'hxx }
cycle 4605
copperv1: received:         x
tagged U_type Instruction_$U_type { imm: 'hxxxxx, rd: , opc: 'hxx }
cycle 4606
copperv1: received:         x
tagged U_type Instruction_$U_type { imm: 'hxxxxx, rd: , opc: 'hxx }
cycle 4607
copperv1: received:         x
tagged U_type Instruction_$U_type { imm: 'hxxxxx, rd: , opc: 'hxx }
cycle 4608
copperv1: received:         x
tagged U_type Instruction_$U_type { imm: 'hxxxxx, rd: , opc: 'hxx }
cycle 4609
copperv1: received:         x
tagged U_type Instruction_$U_type { imm: 'hxxxxx, rd: , opc: 'hxx }
cycle 4610
copperv1: received:         x
tagged U_type Instruction_$U_type { imm: 'hxxxxx, rd: , opc: 'hxx }
cycle 4611
copperv1: received:         x
tagged U_type Instruction_$U_type { imm: 'hxxxxx, rd: , opc: 'hxx }
cycle 4612
copperv1: received:         x
tagged U_type Instruction_$U_type { imm: 'hxxxxx, rd: , opc: 'hxx }
cycle 4613
copperv1: received:         x
tagged U_type Instruction_$U_type { imm: 'hxxxxx, rd: , opc: 'hxx }
cycle 4614
copperv1: received:         x
tagged U_type Instruction_$U_type { imm: 'hxxxxx, rd: , opc: 'hxx }
cycle 4615
copperv1: received:         x
tagged U_type Instruction_$U_type { imm: 'hxxxxx, rd: , opc: 'hxx }
cycle 4616
copperv1: received:         x
tagged U_type Instruction_$U_type { imm: 'hxxxxx, rd: , opc: 'hxx }
cycle 4617
copperv1: received:         x
tagged U_type Instruction_$U_type { imm: 'hxxxxx, rd: , opc: 'hxx }
cycle 4618
copperv1: received:         x
tagged U_type Instruction_$U_type { imm: 'hxxxxx, rd: , opc: 'hxx }
cycle 4619
copperv1: received:         x
tagged U_type Instruction_$U_type { imm: 'hxxxxx, rd: , opc: 'hxx }
cycle 4620
copperv1: received:         x
tagged U_type Instruction_$U_type { imm: 'hxxxxx, rd: , opc: 'hxx }
cycle 4621
copperv1: received:         x
tagged U_type Instruction_$U_type { imm: 'hxxxxx, rd: , opc: 'hxx }
cycle 4622
copperv1: received:         x
tagged U_type Instruction_$U_type { imm: 'hxxxxx, rd: , opc: 'hxx }
cycle 4623
copperv1: received:         x
tagged U_type Instruction_$U_type { imm: 'hxxxxx, rd: , opc: 'hxx }
cycle 4624
copperv1: received:         x
tagged U_type Instruction_$U_type { imm: 'hxxxxx, rd: , opc: 'hxx }
cycle 4625
copperv1: received:         x
tagged U_type Instruction_$U_type { imm: 'hxxxxx, rd: , opc: 'hxx }
cycle 4626
copperv1: received:         x
tagged U_type Instruction_$U_type { imm: 'hxxxxx, rd: , opc: 'hxx }
cycle 4627
copperv1: received:         x
tagged U_type Instruction_$U_type { imm: 'hxxxxx, rd: , opc: 'hxx }
cycle 4628
copperv1: received:         x
tagged U_type Instruction_$U_type { imm: 'hxxxxx, rd: , opc: 'hxx }
cycle 4629
copperv1: received:         x
tagged U_type Instruction_$U_type { imm: 'hxxxxx, rd: , opc: 'hxx }
cycle 4630
copperv1: received:         x
tagged U_type Instruction_$U_type { imm: 'hxxxxx, rd: , opc: 'hxx }
cycle 4631
copperv1: received:         x
tagged U_type Instruction_$U_type { imm: 'hxxxxx, rd: , opc: 'hxx }
cycle 4632
copperv1: received:         x
tagged U_type Instruction_$U_type { imm: 'hxxxxx, rd: , opc: 'hxx }
cycle 4633
copperv1: received:         x
tagged U_type Instruction_$U_type { imm: 'hxxxxx, rd: , opc: 'hxx }
cycle 4634
copperv1: received:         x
tagged U_type Instruction_$U_type { imm: 'hxxxxx, rd: , opc: 'hxx }
cycle 4635
copperv1: received:         x
tagged U_type Instruction_$U_type { imm: 'hxxxxx, rd: , opc: 'hxx }
cycle 4636
copperv1: received:         x
tagged U_type Instruction_$U_type { imm: 'hxxxxx, rd: , opc: 'hxx }
cycle 4637
copperv1: received:         x
tagged U_type Instruction_$U_type { imm: 'hxxxxx, rd: , opc: 'hxx }
cycle 4638
copperv1: received:         x
tagged U_type Instruction_$U_type { imm: 'hxxxxx, rd: , opc: 'hxx }
cycle 4639
copperv1: received:         x
tagged U_type Instruction_$U_type { imm: 'hxxxxx, rd: , opc: 'hxx }
cycle 4640
copperv1: received:         x
tagged U_type Instruction_$U_type { imm: 'hxxxxx, rd: , opc: 'hxx }
cycle 4641
copperv1: received:         x
tagged U_type Instruction_$U_type { imm: 'hxxxxx, rd: , opc: 'hxx }
cycle 4642
copperv1: received:         x
tagged U_type Instruction_$U_type { imm: 'hxxxxx, rd: , opc: 'hxx }
cycle 4643
copperv1: received:         x
tagged U_type Instruction_$U_type { imm: 'hxxxxx, rd: , opc: 'hxx }
cycle 4644
copperv1: received:         x
tagged U_type Instruction_$U_type { imm: 'hxxxxx, rd: , opc: 'hxx }
cycle 4645
copperv1: received:         x
tagged U_type Instruction_$U_type { imm: 'hxxxxx, rd: , opc: 'hxx }
cycle 4646
copperv1: received:         x
tagged U_type Instruction_$U_type { imm: 'hxxxxx, rd: , opc: 'hxx }
cycle 4647
copperv1: received:         x
tagged U_type Instruction_$U_type { imm: 'hxxxxx, rd: , opc: 'hxx }
cycle 4648
copperv1: received:         x
tagged U_type Instruction_$U_type { imm: 'hxxxxx, rd: , opc: 'hxx }
cycle 4649
copperv1: received:         x
tagged U_type Instruction_$U_type { imm: 'hxxxxx, rd: , opc: 'hxx }
cycle 4650
copperv1: received:         x
tagged U_type Instruction_$U_type { imm: 'hxxxxx, rd: , opc: 'hxx }
cycle 4651
copperv1: received:         x
tagged U_type Instruction_$U_type { imm: 'hxxxxx, rd: , opc: 'hxx }
cycle 4652
copperv1: received:         x
tagged U_type Instruction_$U_type { imm: 'hxxxxx, rd: , opc: 'hxx }
cycle 4653
copperv1: received:         x
tagged U_type Instruction_$U_type { imm: 'hxxxxx, rd: , opc: 'hxx }
cycle 4654
copperv1: received:         x
tagged U_type Instruction_$U_type { imm: 'hxxxxx, rd: , opc: 'hxx }
cycle 4655
copperv1: received:         x
tagged U_type Instruction_$U_type { imm: 'hxxxxx, rd: , opc: 'hxx }
cycle 4656
copperv1: received:         x
tagged U_type Instruction_$U_type { imm: 'hxxxxx, rd: , opc: 'hxx }
cycle 4657
copperv1: received:         x
tagged U_type Instruction_$U_type { imm: 'hxxxxx, rd: , opc: 'hxx }
cycle 4658
copperv1: received:         x
tagged U_type Instruction_$U_type { imm: 'hxxxxx, rd: , opc: 'hxx }
cycle 4659
copperv1: received:         x
tagged U_type Instruction_$U_type { imm: 'hxxxxx, rd: , opc: 'hxx }
cycle 4660
copperv1: received:         x
tagged U_type Instruction_$U_type { imm: 'hxxxxx, rd: , opc: 'hxx }
cycle 4661
copperv1: received:         x
tagged U_type Instruction_$U_type { imm: 'hxxxxx, rd: , opc: 'hxx }
cycle 4662
copperv1: received:         x
tagged U_type Instruction_$U_type { imm: 'hxxxxx, rd: , opc: 'hxx }
cycle 4663
copperv1: received:         x
tagged U_type Instruction_$U_type { imm: 'hxxxxx, rd: , opc: 'hxx }
cycle 4664
copperv1: received:         x
tagged U_type Instruction_$U_type { imm: 'hxxxxx, rd: , opc: 'hxx }
cycle 4665
copperv1: received:         x
tagged U_type Instruction_$U_type { imm: 'hxxxxx, rd: , opc: 'hxx }
cycle 4666
copperv1: received:         x
tagged U_type Instruction_$U_type { imm: 'hxxxxx, rd: , opc: 'hxx }
cycle 4667
copperv1: received:         x
tagged U_type Instruction_$U_type { imm: 'hxxxxx, rd: , opc: 'hxx }
cycle 4668
copperv1: received:         x
tagged U_type Instruction_$U_type { imm: 'hxxxxx, rd: , opc: 'hxx }
cycle 4669
copperv1: received:         x
tagged U_type Instruction_$U_type { imm: 'hxxxxx, rd: , opc: 'hxx }
cycle 4670
copperv1: received:         x
tagged U_type Instruction_$U_type { imm: 'hxxxxx, rd: , opc: 'hxx }
cycle 4671
copperv1: received:         x
tagged U_type Instruction_$U_type { imm: 'hxxxxx, rd: , opc: 'hxx }
cycle 4672
copperv1: received:         x
tagged U_type Instruction_$U_type { imm: 'hxxxxx, rd: , opc: 'hxx }
cycle 4673
copperv1: received:         x
tagged U_type Instruction_$U_type { imm: 'hxxxxx, rd: , opc: 'hxx }
cycle 4674
copperv1: received:         x
tagged U_type Instruction_$U_type { imm: 'hxxxxx, rd: , opc: 'hxx }
cycle 4675
copperv1: received:         x
tagged U_type Instruction_$U_type { imm: 'hxxxxx, rd: , opc: 'hxx }
cycle 4676
copperv1: received:         x
tagged U_type Instruction_$U_type { imm: 'hxxxxx, rd: , opc: 'hxx }
cycle 4677
copperv1: received:         x
tagged U_type Instruction_$U_type { imm: 'hxxxxx, rd: , opc: 'hxx }
cycle 4678
copperv1: received:         x
tagged U_type Instruction_$U_type { imm: 'hxxxxx, rd: , opc: 'hxx }
cycle 4679
copperv1: received:         x
tagged U_type Instruction_$U_type { imm: 'hxxxxx, rd: , opc: 'hxx }
cycle 4680
copperv1: received:         x
tagged U_type Instruction_$U_type { imm: 'hxxxxx, rd: , opc: 'hxx }
cycle 4681
copperv1: received:         x
tagged U_type Instruction_$U_type { imm: 'hxxxxx, rd: , opc: 'hxx }
cycle 4682
copperv1: received:         x
tagged U_type Instruction_$U_type { imm: 'hxxxxx, rd: , opc: 'hxx }
cycle 4683
copperv1: received:         x
tagged U_type Instruction_$U_type { imm: 'hxxxxx, rd: , opc: 'hxx }
cycle 4684
copperv1: received:         x
tagged U_type Instruction_$U_type { imm: 'hxxxxx, rd: , opc: 'hxx }
cycle 4685
copperv1: received:         x
tagged U_type Instruction_$U_type { imm: 'hxxxxx, rd: , opc: 'hxx }
cycle 4686
copperv1: received:         x
tagged U_type Instruction_$U_type { imm: 'hxxxxx, rd: , opc: 'hxx }
cycle 4687
copperv1: received:         x
tagged U_type Instruction_$U_type { imm: 'hxxxxx, rd: , opc: 'hxx }
cycle 4688
copperv1: received:         x
tagged U_type Instruction_$U_type { imm: 'hxxxxx, rd: , opc: 'hxx }
cycle 4689
copperv1: received:         x
tagged U_type Instruction_$U_type { imm: 'hxxxxx, rd: , opc: 'hxx }
cycle 4690
copperv1: received:         x
tagged U_type Instruction_$U_type { imm: 'hxxxxx, rd: , opc: 'hxx }
cycle 4691
copperv1: received:         x
tagged U_type Instruction_$U_type { imm: 'hxxxxx, rd: , opc: 'hxx }
cycle 4692
copperv1: received:         x
tagged U_type Instruction_$U_type { imm: 'hxxxxx, rd: , opc: 'hxx }
cycle 4693
copperv1: received:         x
tagged U_type Instruction_$U_type { imm: 'hxxxxx, rd: , opc: 'hxx }
cycle 4694
copperv1: received:         x
tagged U_type Instruction_$U_type { imm: 'hxxxxx, rd: , opc: 'hxx }
cycle 4695
copperv1: received:         x
tagged U_type Instruction_$U_type { imm: 'hxxxxx, rd: , opc: 'hxx }
cycle 4696
copperv1: received:         x
tagged U_type Instruction_$U_type { imm: 'hxxxxx, rd: , opc: 'hxx }
cycle 4697
copperv1: received:         x
tagged U_type Instruction_$U_type { imm: 'hxxxxx, rd: , opc: 'hxx }
cycle 4698
copperv1: received:         x
tagged U_type Instruction_$U_type { imm: 'hxxxxx, rd: , opc: 'hxx }
cycle 4699
copperv1: received:         x
tagged U_type Instruction_$U_type { imm: 'hxxxxx, rd: , opc: 'hxx }
cycle 4700
copperv1: received:         x
tagged U_type Instruction_$U_type { imm: 'hxxxxx, rd: , opc: 'hxx }
cycle 4701
copperv1: received:         x
tagged U_type Instruction_$U_type { imm: 'hxxxxx, rd: , opc: 'hxx }
cycle 4702
copperv1: received:         x
tagged U_type Instruction_$U_type { imm: 'hxxxxx, rd: , opc: 'hxx }
cycle 4703
copperv1: received:         x
tagged U_type Instruction_$U_type { imm: 'hxxxxx, rd: , opc: 'hxx }
cycle 4704
copperv1: received:         x
tagged U_type Instruction_$U_type { imm: 'hxxxxx, rd: , opc: 'hxx }
cycle 4705
copperv1: received:         x
tagged U_type Instruction_$U_type { imm: 'hxxxxx, rd: , opc: 'hxx }
cycle 4706
copperv1: received:         x
tagged U_type Instruction_$U_type { imm: 'hxxxxx, rd: , opc: 'hxx }
cycle 4707
copperv1: received:         x
tagged U_type Instruction_$U_type { imm: 'hxxxxx, rd: , opc: 'hxx }
cycle 4708
copperv1: received:         x
tagged U_type Instruction_$U_type { imm: 'hxxxxx, rd: , opc: 'hxx }
cycle 4709
copperv1: received:         x
tagged U_type Instruction_$U_type { imm: 'hxxxxx, rd: , opc: 'hxx }
cycle 4710
copperv1: received:         x
tagged U_type Instruction_$U_type { imm: 'hxxxxx, rd: , opc: 'hxx }
cycle 4711
copperv1: received:         x
tagged U_type Instruction_$U_type { imm: 'hxxxxx, rd: , opc: 'hxx }
cycle 4712
copperv1: received:         x
tagged U_type Instruction_$U_type { imm: 'hxxxxx, rd: , opc: 'hxx }
cycle 4713
copperv1: received:         x
tagged U_type Instruction_$U_type { imm: 'hxxxxx, rd: , opc: 'hxx }
cycle 4714
copperv1: received:         x
tagged U_type Instruction_$U_type { imm: 'hxxxxx, rd: , opc: 'hxx }
cycle 4715
copperv1: received:         x
tagged U_type Instruction_$U_type { imm: 'hxxxxx, rd: , opc: 'hxx }
cycle 4716
copperv1: received:         x
tagged U_type Instruction_$U_type { imm: 'hxxxxx, rd: , opc: 'hxx }
cycle 4717
copperv1: received:         x
tagged U_type Instruction_$U_type { imm: 'hxxxxx, rd: , opc: 'hxx }
cycle 4718
copperv1: received:         x
tagged U_type Instruction_$U_type { imm: 'hxxxxx, rd: , opc: 'hxx }
cycle 4719
copperv1: received:         x
tagged U_type Instruction_$U_type { imm: 'hxxxxx, rd: , opc: 'hxx }
cycle 4720
copperv1: received:         x
tagged U_type Instruction_$U_type { imm: 'hxxxxx, rd: , opc: 'hxx }
cycle 4721
copperv1: received:         x
tagged U_type Instruction_$U_type { imm: 'hxxxxx, rd: , opc: 'hxx }
cycle 4722
copperv1: received:         x
tagged U_type Instruction_$U_type { imm: 'hxxxxx, rd: , opc: 'hxx }
cycle 4723
copperv1: received:         x
tagged U_type Instruction_$U_type { imm: 'hxxxxx, rd: , opc: 'hxx }
cycle 4724
copperv1: received:         x
tagged U_type Instruction_$U_type { imm: 'hxxxxx, rd: , opc: 'hxx }
cycle 4725
copperv1: received:         x
tagged U_type Instruction_$U_type { imm: 'hxxxxx, rd: , opc: 'hxx }
cycle 4726
copperv1: received:         x
tagged U_type Instruction_$U_type { imm: 'hxxxxx, rd: , opc: 'hxx }
cycle 4727
copperv1: received:         x
tagged U_type Instruction_$U_type { imm: 'hxxxxx, rd: , opc: 'hxx }
cycle 4728
copperv1: received:         x
tagged U_type Instruction_$U_type { imm: 'hxxxxx, rd: , opc: 'hxx }
cycle 4729
copperv1: received:         x
tagged U_type Instruction_$U_type { imm: 'hxxxxx, rd: , opc: 'hxx }
cycle 4730
copperv1: received:         x
tagged U_type Instruction_$U_type { imm: 'hxxxxx, rd: , opc: 'hxx }
cycle 4731
copperv1: received:         x
tagged U_type Instruction_$U_type { imm: 'hxxxxx, rd: , opc: 'hxx }
cycle 4732
copperv1: received:         x
tagged U_type Instruction_$U_type { imm: 'hxxxxx, rd: , opc: 'hxx }
cycle 4733
copperv1: received:         x
tagged U_type Instruction_$U_type { imm: 'hxxxxx, rd: , opc: 'hxx }
cycle 4734
copperv1: received:         x
tagged U_type Instruction_$U_type { imm: 'hxxxxx, rd: , opc: 'hxx }
cycle 4735
copperv1: received:         x
tagged U_type Instruction_$U_type { imm: 'hxxxxx, rd: , opc: 'hxx }
cycle 4736
copperv1: received:         x
tagged U_type Instruction_$U_type { imm: 'hxxxxx, rd: , opc: 'hxx }
cycle 4737
copperv1: received:         x
tagged U_type Instruction_$U_type { imm: 'hxxxxx, rd: , opc: 'hxx }
cycle 4738
copperv1: received:         x
tagged U_type Instruction_$U_type { imm: 'hxxxxx, rd: , opc: 'hxx }
cycle 4739
copperv1: received:         x
tagged U_type Instruction_$U_type { imm: 'hxxxxx, rd: , opc: 'hxx }
cycle 4740
copperv1: received:         x
tagged U_type Instruction_$U_type { imm: 'hxxxxx, rd: , opc: 'hxx }
cycle 4741
copperv1: received:         x
tagged U_type Instruction_$U_type { imm: 'hxxxxx, rd: , opc: 'hxx }
cycle 4742
copperv1: received:         x
tagged U_type Instruction_$U_type { imm: 'hxxxxx, rd: , opc: 'hxx }
cycle 4743
copperv1: received:         x
tagged U_type Instruction_$U_type { imm: 'hxxxxx, rd: , opc: 'hxx }
cycle 4744
copperv1: received:         x
tagged U_type Instruction_$U_type { imm: 'hxxxxx, rd: , opc: 'hxx }
cycle 4745
copperv1: received:         x
tagged U_type Instruction_$U_type { imm: 'hxxxxx, rd: , opc: 'hxx }
cycle 4746
copperv1: received:         x
tagged U_type Instruction_$U_type { imm: 'hxxxxx, rd: , opc: 'hxx }
cycle 4747
copperv1: received:         x
tagged U_type Instruction_$U_type { imm: 'hxxxxx, rd: , opc: 'hxx }
cycle 4748
copperv1: received:         x
tagged U_type Instruction_$U_type { imm: 'hxxxxx, rd: , opc: 'hxx }
cycle 4749
copperv1: received:         x
tagged U_type Instruction_$U_type { imm: 'hxxxxx, rd: , opc: 'hxx }
cycle 4750
copperv1: received:         x
tagged U_type Instruction_$U_type { imm: 'hxxxxx, rd: , opc: 'hxx }
cycle 4751
copperv1: received:         x
tagged U_type Instruction_$U_type { imm: 'hxxxxx, rd: , opc: 'hxx }
cycle 4752
copperv1: received:         x
tagged U_type Instruction_$U_type { imm: 'hxxxxx, rd: , opc: 'hxx }
cycle 4753
copperv1: received:         x
tagged U_type Instruction_$U_type { imm: 'hxxxxx, rd: , opc: 'hxx }
cycle 4754
copperv1: received:         x
tagged U_type Instruction_$U_type { imm: 'hxxxxx, rd: , opc: 'hxx }
cycle 4755
copperv1: received:         x
tagged U_type Instruction_$U_type { imm: 'hxxxxx, rd: , opc: 'hxx }
cycle 4756
copperv1: received:         x
tagged U_type Instruction_$U_type { imm: 'hxxxxx, rd: , opc: 'hxx }
cycle 4757
copperv1: received:         x
tagged U_type Instruction_$U_type { imm: 'hxxxxx, rd: , opc: 'hxx }
cycle 4758
copperv1: received:         x
tagged U_type Instruction_$U_type { imm: 'hxxxxx, rd: , opc: 'hxx }
cycle 4759
copperv1: received:         x
tagged U_type Instruction_$U_type { imm: 'hxxxxx, rd: , opc: 'hxx }
cycle 4760
copperv1: received:         x
tagged U_type Instruction_$U_type { imm: 'hxxxxx, rd: , opc: 'hxx }
cycle 4761
copperv1: received:         x
tagged U_type Instruction_$U_type { imm: 'hxxxxx, rd: , opc: 'hxx }
cycle 4762
copperv1: received:         x
tagged U_type Instruction_$U_type { imm: 'hxxxxx, rd: , opc: 'hxx }
cycle 4763
copperv1: received:         x
tagged U_type Instruction_$U_type { imm: 'hxxxxx, rd: , opc: 'hxx }
cycle 4764
copperv1: received:         x
tagged U_type Instruction_$U_type { imm: 'hxxxxx, rd: , opc: 'hxx }
cycle 4765
copperv1: received:         x
tagged U_type Instruction_$U_type { imm: 'hxxxxx, rd: , opc: 'hxx }
cycle 4766
copperv1: received:         x
tagged U_type Instruction_$U_type { imm: 'hxxxxx, rd: , opc: 'hxx }
cycle 4767
copperv1: received:         x
tagged U_type Instruction_$U_type { imm: 'hxxxxx, rd: , opc: 'hxx }
cycle 4768
copperv1: received:         x
tagged U_type Instruction_$U_type { imm: 'hxxxxx, rd: , opc: 'hxx }
cycle 4769
copperv1: received:         x
tagged U_type Instruction_$U_type { imm: 'hxxxxx, rd: , opc: 'hxx }
cycle 4770
copperv1: received:         x
tagged U_type Instruction_$U_type { imm: 'hxxxxx, rd: , opc: 'hxx }
cycle 4771
copperv1: received:         x
tagged U_type Instruction_$U_type { imm: 'hxxxxx, rd: , opc: 'hxx }
cycle 4772
copperv1: received:         x
tagged U_type Instruction_$U_type { imm: 'hxxxxx, rd: , opc: 'hxx }
cycle 4773
copperv1: received:         x
tagged U_type Instruction_$U_type { imm: 'hxxxxx, rd: , opc: 'hxx }
cycle 4774
copperv1: received:         x
tagged U_type Instruction_$U_type { imm: 'hxxxxx, rd: , opc: 'hxx }
cycle 4775
copperv1: received:         x
tagged U_type Instruction_$U_type { imm: 'hxxxxx, rd: , opc: 'hxx }
cycle 4776
copperv1: received:         x
tagged U_type Instruction_$U_type { imm: 'hxxxxx, rd: , opc: 'hxx }
cycle 4777
copperv1: received:         x
tagged U_type Instruction_$U_type { imm: 'hxxxxx, rd: , opc: 'hxx }
cycle 4778
copperv1: received:         x
tagged U_type Instruction_$U_type { imm: 'hxxxxx, rd: , opc: 'hxx }
cycle 4779
copperv1: received:         x
tagged U_type Instruction_$U_type { imm: 'hxxxxx, rd: , opc: 'hxx }
cycle 4780
copperv1: received:         x
tagged U_type Instruction_$U_type { imm: 'hxxxxx, rd: , opc: 'hxx }
cycle 4781
copperv1: received:         x
tagged U_type Instruction_$U_type { imm: 'hxxxxx, rd: , opc: 'hxx }
cycle 4782
copperv1: received:         x
tagged U_type Instruction_$U_type { imm: 'hxxxxx, rd: , opc: 'hxx }
cycle 4783
copperv1: received:         x
tagged U_type Instruction_$U_type { imm: 'hxxxxx, rd: , opc: 'hxx }
cycle 4784
copperv1: received:         x
tagged U_type Instruction_$U_type { imm: 'hxxxxx, rd: , opc: 'hxx }
cycle 4785
copperv1: received:         x
tagged U_type Instruction_$U_type { imm: 'hxxxxx, rd: , opc: 'hxx }
cycle 4786
copperv1: received:         x
tagged U_type Instruction_$U_type { imm: 'hxxxxx, rd: , opc: 'hxx }
cycle 4787
copperv1: received:         x
tagged U_type Instruction_$U_type { imm: 'hxxxxx, rd: , opc: 'hxx }
cycle 4788
copperv1: received:         x
tagged U_type Instruction_$U_type { imm: 'hxxxxx, rd: , opc: 'hxx }
cycle 4789
copperv1: received:         x
tagged U_type Instruction_$U_type { imm: 'hxxxxx, rd: , opc: 'hxx }
cycle 4790
copperv1: received:         x
tagged U_type Instruction_$U_type { imm: 'hxxxxx, rd: , opc: 'hxx }
cycle 4791
copperv1: received:         x
tagged U_type Instruction_$U_type { imm: 'hxxxxx, rd: , opc: 'hxx }
cycle 4792
copperv1: received:         x
tagged U_type Instruction_$U_type { imm: 'hxxxxx, rd: , opc: 'hxx }
cycle 4793
copperv1: received:         x
tagged U_type Instruction_$U_type { imm: 'hxxxxx, rd: , opc: 'hxx }
cycle 4794
copperv1: received:         x
tagged U_type Instruction_$U_type { imm: 'hxxxxx, rd: , opc: 'hxx }
cycle 4795
copperv1: received:         x
tagged U_type Instruction_$U_type { imm: 'hxxxxx, rd: , opc: 'hxx }
cycle 4796
copperv1: received:         x
tagged U_type Instruction_$U_type { imm: 'hxxxxx, rd: , opc: 'hxx }
cycle 4797
copperv1: received:         x
tagged U_type Instruction_$U_type { imm: 'hxxxxx, rd: , opc: 'hxx }
cycle 4798
copperv1: received:         x
tagged U_type Instruction_$U_type { imm: 'hxxxxx, rd: , opc: 'hxx }
cycle 4799
copperv1: received:         x
tagged U_type Instruction_$U_type { imm: 'hxxxxx, rd: , opc: 'hxx }
cycle 4800
copperv1: received:         x
tagged U_type Instruction_$U_type { imm: 'hxxxxx, rd: , opc: 'hxx }
cycle 4801
copperv1: received:         x
tagged U_type Instruction_$U_type { imm: 'hxxxxx, rd: , opc: 'hxx }
cycle 4802
copperv1: received:         x
tagged U_type Instruction_$U_type { imm: 'hxxxxx, rd: , opc: 'hxx }
cycle 4803
copperv1: received:         x
tagged U_type Instruction_$U_type { imm: 'hxxxxx, rd: , opc: 'hxx }
cycle 4804
copperv1: received:         x
tagged U_type Instruction_$U_type { imm: 'hxxxxx, rd: , opc: 'hxx }
cycle 4805
copperv1: received:         x
tagged U_type Instruction_$U_type { imm: 'hxxxxx, rd: , opc: 'hxx }
cycle 4806
copperv1: received:         x
tagged U_type Instruction_$U_type { imm: 'hxxxxx, rd: , opc: 'hxx }
cycle 4807
copperv1: received:         x
tagged U_type Instruction_$U_type { imm: 'hxxxxx, rd: , opc: 'hxx }
cycle 4808
copperv1: received:         x
tagged U_type Instruction_$U_type { imm: 'hxxxxx, rd: , opc: 'hxx }
cycle 4809
copperv1: received:         x
tagged U_type Instruction_$U_type { imm: 'hxxxxx, rd: , opc: 'hxx }
cycle 4810
copperv1: received:         x
tagged U_type Instruction_$U_type { imm: 'hxxxxx, rd: , opc: 'hxx }
cycle 4811
copperv1: received:         x
tagged U_type Instruction_$U_type { imm: 'hxxxxx, rd: , opc: 'hxx }
cycle 4812
copperv1: received:         x
tagged U_type Instruction_$U_type { imm: 'hxxxxx, rd: , opc: 'hxx }
cycle 4813
copperv1: received:         x
tagged U_type Instruction_$U_type { imm: 'hxxxxx, rd: , opc: 'hxx }
cycle 4814
copperv1: received:         x
tagged U_type Instruction_$U_type { imm: 'hxxxxx, rd: , opc: 'hxx }
cycle 4815
copperv1: received:         x
tagged U_type Instruction_$U_type { imm: 'hxxxxx, rd: , opc: 'hxx }
cycle 4816
copperv1: received:         x
tagged U_type Instruction_$U_type { imm: 'hxxxxx, rd: , opc: 'hxx }
cycle 4817
copperv1: received:         x
tagged U_type Instruction_$U_type { imm: 'hxxxxx, rd: , opc: 'hxx }
cycle 4818
copperv1: received:         x
tagged U_type Instruction_$U_type { imm: 'hxxxxx, rd: , opc: 'hxx }
cycle 4819
copperv1: received:         x
tagged U_type Instruction_$U_type { imm: 'hxxxxx, rd: , opc: 'hxx }
cycle 4820
copperv1: received:         x
tagged U_type Instruction_$U_type { imm: 'hxxxxx, rd: , opc: 'hxx }
cycle 4821
copperv1: received:         x
tagged U_type Instruction_$U_type { imm: 'hxxxxx, rd: , opc: 'hxx }
cycle 4822
copperv1: received:         x
tagged U_type Instruction_$U_type { imm: 'hxxxxx, rd: , opc: 'hxx }
cycle 4823
copperv1: received:         x
tagged U_type Instruction_$U_type { imm: 'hxxxxx, rd: , opc: 'hxx }
cycle 4824
copperv1: received:         x
tagged U_type Instruction_$U_type { imm: 'hxxxxx, rd: , opc: 'hxx }
cycle 4825
copperv1: received:         x
tagged U_type Instruction_$U_type { imm: 'hxxxxx, rd: , opc: 'hxx }
cycle 4826
copperv1: received:         x
tagged U_type Instruction_$U_type { imm: 'hxxxxx, rd: , opc: 'hxx }
cycle 4827
copperv1: received:         x
tagged U_type Instruction_$U_type { imm: 'hxxxxx, rd: , opc: 'hxx }
cycle 4828
copperv1: received:         x
tagged U_type Instruction_$U_type { imm: 'hxxxxx, rd: , opc: 'hxx }
cycle 4829
copperv1: received:         x
tagged U_type Instruction_$U_type { imm: 'hxxxxx, rd: , opc: 'hxx }
cycle 4830
copperv1: received:         x
tagged U_type Instruction_$U_type { imm: 'hxxxxx, rd: , opc: 'hxx }
cycle 4831
copperv1: received:         x
tagged U_type Instruction_$U_type { imm: 'hxxxxx, rd: , opc: 'hxx }
cycle 4832
copperv1: received:         x
tagged U_type Instruction_$U_type { imm: 'hxxxxx, rd: , opc: 'hxx }
cycle 4833
copperv1: received:         x
tagged U_type Instruction_$U_type { imm: 'hxxxxx, rd: , opc: 'hxx }
cycle 4834
copperv1: received:         x
tagged U_type Instruction_$U_type { imm: 'hxxxxx, rd: , opc: 'hxx }
cycle 4835
copperv1: received:         x
tagged U_type Instruction_$U_type { imm: 'hxxxxx, rd: , opc: 'hxx }
cycle 4836
copperv1: received:         x
tagged U_type Instruction_$U_type { imm: 'hxxxxx, rd: , opc: 'hxx }
cycle 4837
copperv1: received:         x
tagged U_type Instruction_$U_type { imm: 'hxxxxx, rd: , opc: 'hxx }
cycle 4838
copperv1: received:         x
tagged U_type Instruction_$U_type { imm: 'hxxxxx, rd: , opc: 'hxx }
cycle 4839
copperv1: received:         x
tagged U_type Instruction_$U_type { imm: 'hxxxxx, rd: , opc: 'hxx }
cycle 4840
copperv1: received:         x
tagged U_type Instruction_$U_type { imm: 'hxxxxx, rd: , opc: 'hxx }
cycle 4841
copperv1: received:         x
tagged U_type Instruction_$U_type { imm: 'hxxxxx, rd: , opc: 'hxx }
cycle 4842
copperv1: received:         x
tagged U_type Instruction_$U_type { imm: 'hxxxxx, rd: , opc: 'hxx }
cycle 4843
copperv1: received:         x
tagged U_type Instruction_$U_type { imm: 'hxxxxx, rd: , opc: 'hxx }
cycle 4844
copperv1: received:         x
tagged U_type Instruction_$U_type { imm: 'hxxxxx, rd: , opc: 'hxx }
cycle 4845
copperv1: received:         x
tagged U_type Instruction_$U_type { imm: 'hxxxxx, rd: , opc: 'hxx }
cycle 4846
copperv1: received:         x
tagged U_type Instruction_$U_type { imm: 'hxxxxx, rd: , opc: 'hxx }
cycle 4847
copperv1: received:         x
tagged U_type Instruction_$U_type { imm: 'hxxxxx, rd: , opc: 'hxx }
cycle 4848
copperv1: received:         x
tagged U_type Instruction_$U_type { imm: 'hxxxxx, rd: , opc: 'hxx }
cycle 4849
copperv1: received:         x
tagged U_type Instruction_$U_type { imm: 'hxxxxx, rd: , opc: 'hxx }
cycle 4850
copperv1: received:         x
tagged U_type Instruction_$U_type { imm: 'hxxxxx, rd: , opc: 'hxx }
cycle 4851
copperv1: received:         x
tagged U_type Instruction_$U_type { imm: 'hxxxxx, rd: , opc: 'hxx }
cycle 4852
copperv1: received:         x
tagged U_type Instruction_$U_type { imm: 'hxxxxx, rd: , opc: 'hxx }
cycle 4853
copperv1: received:         x
tagged U_type Instruction_$U_type { imm: 'hxxxxx, rd: , opc: 'hxx }
cycle 4854
copperv1: received:         x
tagged U_type Instruction_$U_type { imm: 'hxxxxx, rd: , opc: 'hxx }
cycle 4855
copperv1: received:         x
tagged U_type Instruction_$U_type { imm: 'hxxxxx, rd: , opc: 'hxx }
cycle 4856
copperv1: received:         x
tagged U_type Instruction_$U_type { imm: 'hxxxxx, rd: , opc: 'hxx }
cycle 4857
copperv1: received:         x
tagged U_type Instruction_$U_type { imm: 'hxxxxx, rd: , opc: 'hxx }
cycle 4858
copperv1: received:         x
tagged U_type Instruction_$U_type { imm: 'hxxxxx, rd: , opc: 'hxx }
cycle 4859
copperv1: received:         x
tagged U_type Instruction_$U_type { imm: 'hxxxxx, rd: , opc: 'hxx }
cycle 4860
copperv1: received:         x
tagged U_type Instruction_$U_type { imm: 'hxxxxx, rd: , opc: 'hxx }
cycle 4861
copperv1: received:         x
tagged U_type Instruction_$U_type { imm: 'hxxxxx, rd: , opc: 'hxx }
cycle 4862
copperv1: received:         x
tagged U_type Instruction_$U_type { imm: 'hxxxxx, rd: , opc: 'hxx }
cycle 4863
copperv1: received:         x
tagged U_type Instruction_$U_type { imm: 'hxxxxx, rd: , opc: 'hxx }
cycle 4864
copperv1: received:         x
tagged U_type Instruction_$U_type { imm: 'hxxxxx, rd: , opc: 'hxx }
cycle 4865
copperv1: received:         x
tagged U_type Instruction_$U_type { imm: 'hxxxxx, rd: , opc: 'hxx }
cycle 4866
copperv1: received:         x
tagged U_type Instruction_$U_type { imm: 'hxxxxx, rd: , opc: 'hxx }
cycle 4867
copperv1: received:         x
tagged U_type Instruction_$U_type { imm: 'hxxxxx, rd: , opc: 'hxx }
cycle 4868
copperv1: received:         x
tagged U_type Instruction_$U_type { imm: 'hxxxxx, rd: , opc: 'hxx }
cycle 4869
copperv1: received:         x
tagged U_type Instruction_$U_type { imm: 'hxxxxx, rd: , opc: 'hxx }
cycle 4870
copperv1: received:         x
tagged U_type Instruction_$U_type { imm: 'hxxxxx, rd: , opc: 'hxx }
cycle 4871
copperv1: received:         x
tagged U_type Instruction_$U_type { imm: 'hxxxxx, rd: , opc: 'hxx }
cycle 4872
copperv1: received:         x
tagged U_type Instruction_$U_type { imm: 'hxxxxx, rd: , opc: 'hxx }
cycle 4873
copperv1: received:         x
tagged U_type Instruction_$U_type { imm: 'hxxxxx, rd: , opc: 'hxx }
cycle 4874
copperv1: received:         x
tagged U_type Instruction_$U_type { imm: 'hxxxxx, rd: , opc: 'hxx }
cycle 4875
copperv1: received:         x
tagged U_type Instruction_$U_type { imm: 'hxxxxx, rd: , opc: 'hxx }
cycle 4876
copperv1: received:         x
tagged U_type Instruction_$U_type { imm: 'hxxxxx, rd: , opc: 'hxx }
cycle 4877
copperv1: received:         x
tagged U_type Instruction_$U_type { imm: 'hxxxxx, rd: , opc: 'hxx }
cycle 4878
copperv1: received:         x
tagged U_type Instruction_$U_type { imm: 'hxxxxx, rd: , opc: 'hxx }
cycle 4879
copperv1: received:         x
tagged U_type Instruction_$U_type { imm: 'hxxxxx, rd: , opc: 'hxx }
cycle 4880
copperv1: received:         x
tagged U_type Instruction_$U_type { imm: 'hxxxxx, rd: , opc: 'hxx }
cycle 4881
copperv1: received:         x
tagged U_type Instruction_$U_type { imm: 'hxxxxx, rd: , opc: 'hxx }
cycle 4882
copperv1: received:         x
tagged U_type Instruction_$U_type { imm: 'hxxxxx, rd: , opc: 'hxx }
cycle 4883
copperv1: received:         x
tagged U_type Instruction_$U_type { imm: 'hxxxxx, rd: , opc: 'hxx }
cycle 4884
copperv1: received:         x
tagged U_type Instruction_$U_type { imm: 'hxxxxx, rd: , opc: 'hxx }
cycle 4885
copperv1: received:         x
tagged U_type Instruction_$U_type { imm: 'hxxxxx, rd: , opc: 'hxx }
cycle 4886
copperv1: received:         x
tagged U_type Instruction_$U_type { imm: 'hxxxxx, rd: , opc: 'hxx }
cycle 4887
copperv1: received:         x
tagged U_type Instruction_$U_type { imm: 'hxxxxx, rd: , opc: 'hxx }
cycle 4888
copperv1: received:         x
tagged U_type Instruction_$U_type { imm: 'hxxxxx, rd: , opc: 'hxx }
cycle 4889
copperv1: received:         x
tagged U_type Instruction_$U_type { imm: 'hxxxxx, rd: , opc: 'hxx }
cycle 4890
copperv1: received:         x
tagged U_type Instruction_$U_type { imm: 'hxxxxx, rd: , opc: 'hxx }
cycle 4891
copperv1: received:         x
tagged U_type Instruction_$U_type { imm: 'hxxxxx, rd: , opc: 'hxx }
cycle 4892
copperv1: received:         x
tagged U_type Instruction_$U_type { imm: 'hxxxxx, rd: , opc: 'hxx }
cycle 4893
copperv1: received:         x
tagged U_type Instruction_$U_type { imm: 'hxxxxx, rd: , opc: 'hxx }
cycle 4894
copperv1: received:         x
tagged U_type Instruction_$U_type { imm: 'hxxxxx, rd: , opc: 'hxx }
cycle 4895
copperv1: received:         x
tagged U_type Instruction_$U_type { imm: 'hxxxxx, rd: , opc: 'hxx }
cycle 4896
copperv1: received:         x
tagged U_type Instruction_$U_type { imm: 'hxxxxx, rd: , opc: 'hxx }
cycle 4897
copperv1: received:         x
tagged U_type Instruction_$U_type { imm: 'hxxxxx, rd: , opc: 'hxx }
cycle 4898
copperv1: received:         x
tagged U_type Instruction_$U_type { imm: 'hxxxxx, rd: , opc: 'hxx }
cycle 4899
copperv1: received:         x
tagged U_type Instruction_$U_type { imm: 'hxxxxx, rd: , opc: 'hxx }
cycle 4900
copperv1: received:         x
tagged U_type Instruction_$U_type { imm: 'hxxxxx, rd: , opc: 'hxx }
cycle 4901
copperv1: received:         x
tagged U_type Instruction_$U_type { imm: 'hxxxxx, rd: , opc: 'hxx }
cycle 4902
copperv1: received:         x
tagged U_type Instruction_$U_type { imm: 'hxxxxx, rd: , opc: 'hxx }
cycle 4903
copperv1: received:         x
tagged U_type Instruction_$U_type { imm: 'hxxxxx, rd: , opc: 'hxx }
cycle 4904
copperv1: received:         x
tagged U_type Instruction_$U_type { imm: 'hxxxxx, rd: , opc: 'hxx }
cycle 4905
copperv1: received:         x
tagged U_type Instruction_$U_type { imm: 'hxxxxx, rd: , opc: 'hxx }
cycle 4906
copperv1: received:         x
tagged U_type Instruction_$U_type { imm: 'hxxxxx, rd: , opc: 'hxx }
cycle 4907
copperv1: received:         x
tagged U_type Instruction_$U_type { imm: 'hxxxxx, rd: , opc: 'hxx }
cycle 4908
copperv1: received:         x
tagged U_type Instruction_$U_type { imm: 'hxxxxx, rd: , opc: 'hxx }
cycle 4909
copperv1: received:         x
tagged U_type Instruction_$U_type { imm: 'hxxxxx, rd: , opc: 'hxx }
cycle 4910
copperv1: received:         x
tagged U_type Instruction_$U_type { imm: 'hxxxxx, rd: , opc: 'hxx }
cycle 4911
copperv1: received:         x
tagged U_type Instruction_$U_type { imm: 'hxxxxx, rd: , opc: 'hxx }
cycle 4912
copperv1: received:         x
tagged U_type Instruction_$U_type { imm: 'hxxxxx, rd: , opc: 'hxx }
cycle 4913
copperv1: received:         x
tagged U_type Instruction_$U_type { imm: 'hxxxxx, rd: , opc: 'hxx }
cycle 4914
copperv1: received:         x
tagged U_type Instruction_$U_type { imm: 'hxxxxx, rd: , opc: 'hxx }
cycle 4915
copperv1: received:         x
tagged U_type Instruction_$U_type { imm: 'hxxxxx, rd: , opc: 'hxx }
cycle 4916
copperv1: received:         x
tagged U_type Instruction_$U_type { imm: 'hxxxxx, rd: , opc: 'hxx }
cycle 4917
copperv1: received:         x
tagged U_type Instruction_$U_type { imm: 'hxxxxx, rd: , opc: 'hxx }
cycle 4918
copperv1: received:         x
tagged U_type Instruction_$U_type { imm: 'hxxxxx, rd: , opc: 'hxx }
cycle 4919
copperv1: received:         x
tagged U_type Instruction_$U_type { imm: 'hxxxxx, rd: , opc: 'hxx }
cycle 4920
copperv1: received:         x
tagged U_type Instruction_$U_type { imm: 'hxxxxx, rd: , opc: 'hxx }
cycle 4921
copperv1: received:         x
tagged U_type Instruction_$U_type { imm: 'hxxxxx, rd: , opc: 'hxx }
cycle 4922
copperv1: received:         x
tagged U_type Instruction_$U_type { imm: 'hxxxxx, rd: , opc: 'hxx }
cycle 4923
copperv1: received:         x
tagged U_type Instruction_$U_type { imm: 'hxxxxx, rd: , opc: 'hxx }
cycle 4924
copperv1: received:         x
tagged U_type Instruction_$U_type { imm: 'hxxxxx, rd: , opc: 'hxx }
cycle 4925
copperv1: received:         x
tagged U_type Instruction_$U_type { imm: 'hxxxxx, rd: , opc: 'hxx }
cycle 4926
copperv1: received:         x
tagged U_type Instruction_$U_type { imm: 'hxxxxx, rd: , opc: 'hxx }
cycle 4927
copperv1: received:         x
tagged U_type Instruction_$U_type { imm: 'hxxxxx, rd: , opc: 'hxx }
cycle 4928
copperv1: received:         x
tagged U_type Instruction_$U_type { imm: 'hxxxxx, rd: , opc: 'hxx }
cycle 4929
copperv1: received:         x
tagged U_type Instruction_$U_type { imm: 'hxxxxx, rd: , opc: 'hxx }
cycle 4930
copperv1: received:         x
tagged U_type Instruction_$U_type { imm: 'hxxxxx, rd: , opc: 'hxx }
cycle 4931
copperv1: received:         x
tagged U_type Instruction_$U_type { imm: 'hxxxxx, rd: , opc: 'hxx }
cycle 4932
copperv1: received:         x
tagged U_type Instruction_$U_type { imm: 'hxxxxx, rd: , opc: 'hxx }
cycle 4933
copperv1: received:         x
tagged U_type Instruction_$U_type { imm: 'hxxxxx, rd: , opc: 'hxx }
cycle 4934
copperv1: received:         x
tagged U_type Instruction_$U_type { imm: 'hxxxxx, rd: , opc: 'hxx }
cycle 4935
copperv1: received:         x
tagged U_type Instruction_$U_type { imm: 'hxxxxx, rd: , opc: 'hxx }
cycle 4936
copperv1: received:         x
tagged U_type Instruction_$U_type { imm: 'hxxxxx, rd: , opc: 'hxx }
cycle 4937
copperv1: received:         x
tagged U_type Instruction_$U_type { imm: 'hxxxxx, rd: , opc: 'hxx }
cycle 4938
copperv1: received:         x
tagged U_type Instruction_$U_type { imm: 'hxxxxx, rd: , opc: 'hxx }
cycle 4939
copperv1: received:         x
tagged U_type Instruction_$U_type { imm: 'hxxxxx, rd: , opc: 'hxx }
cycle 4940
copperv1: received:         x
tagged U_type Instruction_$U_type { imm: 'hxxxxx, rd: , opc: 'hxx }
cycle 4941
copperv1: received:         x
tagged U_type Instruction_$U_type { imm: 'hxxxxx, rd: , opc: 'hxx }
cycle 4942
copperv1: received:         x
tagged U_type Instruction_$U_type { imm: 'hxxxxx, rd: , opc: 'hxx }
cycle 4943
copperv1: received:         x
tagged U_type Instruction_$U_type { imm: 'hxxxxx, rd: , opc: 'hxx }
cycle 4944
copperv1: received:         x
tagged U_type Instruction_$U_type { imm: 'hxxxxx, rd: , opc: 'hxx }
cycle 4945
copperv1: received:         x
tagged U_type Instruction_$U_type { imm: 'hxxxxx, rd: , opc: 'hxx }
cycle 4946
copperv1: received:         x
tagged U_type Instruction_$U_type { imm: 'hxxxxx, rd: , opc: 'hxx }
cycle 4947
copperv1: received:         x
tagged U_type Instruction_$U_type { imm: 'hxxxxx, rd: , opc: 'hxx }
cycle 4948
copperv1: received:         x
tagged U_type Instruction_$U_type { imm: 'hxxxxx, rd: , opc: 'hxx }
cycle 4949
copperv1: received:         x
tagged U_type Instruction_$U_type { imm: 'hxxxxx, rd: , opc: 'hxx }
cycle 4950
copperv1: received:         x
tagged U_type Instruction_$U_type { imm: 'hxxxxx, rd: , opc: 'hxx }
cycle 4951
copperv1: received:         x
tagged U_type Instruction_$U_type { imm: 'hxxxxx, rd: , opc: 'hxx }
cycle 4952
copperv1: received:         x
tagged U_type Instruction_$U_type { imm: 'hxxxxx, rd: , opc: 'hxx }
cycle 4953
copperv1: received:         x
tagged U_type Instruction_$U_type { imm: 'hxxxxx, rd: , opc: 'hxx }
cycle 4954
copperv1: received:         x
tagged U_type Instruction_$U_type { imm: 'hxxxxx, rd: , opc: 'hxx }
cycle 4955
copperv1: received:         x
tagged U_type Instruction_$U_type { imm: 'hxxxxx, rd: , opc: 'hxx }
cycle 4956
copperv1: received:         x
tagged U_type Instruction_$U_type { imm: 'hxxxxx, rd: , opc: 'hxx }
cycle 4957
copperv1: received:         x
tagged U_type Instruction_$U_type { imm: 'hxxxxx, rd: , opc: 'hxx }
cycle 4958
copperv1: received:         x
tagged U_type Instruction_$U_type { imm: 'hxxxxx, rd: , opc: 'hxx }
cycle 4959
copperv1: received:         x
tagged U_type Instruction_$U_type { imm: 'hxxxxx, rd: , opc: 'hxx }
cycle 4960
copperv1: received:         x
tagged U_type Instruction_$U_type { imm: 'hxxxxx, rd: , opc: 'hxx }
cycle 4961
copperv1: received:         x
tagged U_type Instruction_$U_type { imm: 'hxxxxx, rd: , opc: 'hxx }
cycle 4962
copperv1: received:         x
tagged U_type Instruction_$U_type { imm: 'hxxxxx, rd: , opc: 'hxx }
cycle 4963
copperv1: received:         x
tagged U_type Instruction_$U_type { imm: 'hxxxxx, rd: , opc: 'hxx }
cycle 4964
copperv1: received:         x
tagged U_type Instruction_$U_type { imm: 'hxxxxx, rd: , opc: 'hxx }
cycle 4965
copperv1: received:         x
tagged U_type Instruction_$U_type { imm: 'hxxxxx, rd: , opc: 'hxx }
cycle 4966
copperv1: received:         x
tagged U_type Instruction_$U_type { imm: 'hxxxxx, rd: , opc: 'hxx }
cycle 4967
copperv1: received:         x
tagged U_type Instruction_$U_type { imm: 'hxxxxx, rd: , opc: 'hxx }
cycle 4968
copperv1: received:         x
tagged U_type Instruction_$U_type { imm: 'hxxxxx, rd: , opc: 'hxx }
cycle 4969
copperv1: received:         x
tagged U_type Instruction_$U_type { imm: 'hxxxxx, rd: , opc: 'hxx }
cycle 4970
copperv1: received:         x
tagged U_type Instruction_$U_type { imm: 'hxxxxx, rd: , opc: 'hxx }
cycle 4971
copperv1: received:         x
tagged U_type Instruction_$U_type { imm: 'hxxxxx, rd: , opc: 'hxx }
cycle 4972
copperv1: received:         x
tagged U_type Instruction_$U_type { imm: 'hxxxxx, rd: , opc: 'hxx }
cycle 4973
copperv1: received:         x
tagged U_type Instruction_$U_type { imm: 'hxxxxx, rd: , opc: 'hxx }
cycle 4974
copperv1: received:         x
tagged U_type Instruction_$U_type { imm: 'hxxxxx, rd: , opc: 'hxx }
cycle 4975
copperv1: received:         x
tagged U_type Instruction_$U_type { imm: 'hxxxxx, rd: , opc: 'hxx }
cycle 4976
copperv1: received:         x
tagged U_type Instruction_$U_type { imm: 'hxxxxx, rd: , opc: 'hxx }
cycle 4977
copperv1: received:         x
tagged U_type Instruction_$U_type { imm: 'hxxxxx, rd: , opc: 'hxx }
cycle 4978
copperv1: received:         x
tagged U_type Instruction_$U_type { imm: 'hxxxxx, rd: , opc: 'hxx }
cycle 4979
copperv1: received:         x
tagged U_type Instruction_$U_type { imm: 'hxxxxx, rd: , opc: 'hxx }
cycle 4980
copperv1: received:         x
tagged U_type Instruction_$U_type { imm: 'hxxxxx, rd: , opc: 'hxx }
cycle 4981
copperv1: received:         x
tagged U_type Instruction_$U_type { imm: 'hxxxxx, rd: , opc: 'hxx }
cycle 4982
copperv1: received:         x
tagged U_type Instruction_$U_type { imm: 'hxxxxx, rd: , opc: 'hxx }
cycle 4983
copperv1: received:         x
tagged U_type Instruction_$U_type { imm: 'hxxxxx, rd: , opc: 'hxx }
cycle 4984
copperv1: received:         x
tagged U_type Instruction_$U_type { imm: 'hxxxxx, rd: , opc: 'hxx }
cycle 4985
copperv1: received:         x
tagged U_type Instruction_$U_type { imm: 'hxxxxx, rd: , opc: 'hxx }
cycle 4986
copperv1: received:         x
tagged U_type Instruction_$U_type { imm: 'hxxxxx, rd: , opc: 'hxx }
cycle 4987
copperv1: received:         x
tagged U_type Instruction_$U_type { imm: 'hxxxxx, rd: , opc: 'hxx }
cycle 4988
copperv1: received:         x
tagged U_type Instruction_$U_type { imm: 'hxxxxx, rd: , opc: 'hxx }
cycle 4989
copperv1: received:         x
tagged U_type Instruction_$U_type { imm: 'hxxxxx, rd: , opc: 'hxx }
cycle 4990
copperv1: received:         x
tagged U_type Instruction_$U_type { imm: 'hxxxxx, rd: , opc: 'hxx }
cycle 4991
copperv1: received:         x
tagged U_type Instruction_$U_type { imm: 'hxxxxx, rd: , opc: 'hxx }
cycle 4992
copperv1: received:         x
tagged U_type Instruction_$U_type { imm: 'hxxxxx, rd: , opc: 'hxx }
cycle 4993
copperv1: received:         x
tagged U_type Instruction_$U_type { imm: 'hxxxxx, rd: , opc: 'hxx }
cycle 4994
copperv1: received:         x
tagged U_type Instruction_$U_type { imm: 'hxxxxx, rd: , opc: 'hxx }
cycle 4995
copperv1: received:         x
tagged U_type Instruction_$U_type { imm: 'hxxxxx, rd: , opc: 'hxx }
cycle 4996
copperv1: received:         x
tagged U_type Instruction_$U_type { imm: 'hxxxxx, rd: , opc: 'hxx }
cycle 4997
copperv1: received:         x
tagged U_type Instruction_$U_type { imm: 'hxxxxx, rd: , opc: 'hxx }
cycle 4998
copperv1: received:         x
tagged U_type Instruction_$U_type { imm: 'hxxxxx, rd: , opc: 'hxx }
cycle 4999
copperv1: received:         x
tagged U_type Instruction_$U_type { imm: 'hxxxxx, rd: , opc: 'hxx }
cycle 5000
copperv1: received:         x
tagged U_type Instruction_$U_type { imm: 'hxxxxx, rd: , opc: 'hxx }
cycle 5001
copperv1: received:         x
tagged U_type Instruction_$U_type { imm: 'hxxxxx, rd: , opc: 'hxx }
cycle 5002
copperv1: received:         x
tagged U_type Instruction_$U_type { imm: 'hxxxxx, rd: , opc: 'hxx }
cycle 5003
copperv1: received:         x
tagged U_type Instruction_$U_type { imm: 'hxxxxx, rd: , opc: 'hxx }
cycle 5004
copperv1: received:         x
tagged U_type Instruction_$U_type { imm: 'hxxxxx, rd: , opc: 'hxx }
cycle 5005
copperv1: received:         x
tagged U_type Instruction_$U_type { imm: 'hxxxxx, rd: , opc: 'hxx }
cycle 5006
copperv1: received:         x
tagged U_type Instruction_$U_type { imm: 'hxxxxx, rd: , opc: 'hxx }
cycle 5007
copperv1: received:         x
tagged U_type Instruction_$U_type { imm: 'hxxxxx, rd: , opc: 'hxx }
cycle 5008
copperv1: received:         x
tagged U_type Instruction_$U_type { imm: 'hxxxxx, rd: , opc: 'hxx }
cycle 5009
copperv1: received:         x
tagged U_type Instruction_$U_type { imm: 'hxxxxx, rd: , opc: 'hxx }
cycle 5010
copperv1: received:         x
tagged U_type Instruction_$U_type { imm: 'hxxxxx, rd: , opc: 'hxx }
cycle 5011
copperv1: received:         x
tagged U_type Instruction_$U_type { imm: 'hxxxxx, rd: , opc: 'hxx }
cycle 5012
copperv1: received:         x
tagged U_type Instruction_$U_type { imm: 'hxxxxx, rd: , opc: 'hxx }
cycle 5013
copperv1: received:         x
tagged U_type Instruction_$U_type { imm: 'hxxxxx, rd: , opc: 'hxx }
cycle 5014
copperv1: received:         x
tagged U_type Instruction_$U_type { imm: 'hxxxxx, rd: , opc: 'hxx }
cycle 5015
copperv1: received:         x
tagged U_type Instruction_$U_type { imm: 'hxxxxx, rd: , opc: 'hxx }
cycle 5016
copperv1: received:         x
tagged U_type Instruction_$U_type { imm: 'hxxxxx, rd: , opc: 'hxx }
cycle 5017
copperv1: received:         x
tagged U_type Instruction_$U_type { imm: 'hxxxxx, rd: , opc: 'hxx }
cycle 5018
copperv1: received:         x
tagged U_type Instruction_$U_type { imm: 'hxxxxx, rd: , opc: 'hxx }
cycle 5019
copperv1: received:         x
tagged U_type Instruction_$U_type { imm: 'hxxxxx, rd: , opc: 'hxx }
cycle 5020
copperv1: received:         x
tagged U_type Instruction_$U_type { imm: 'hxxxxx, rd: , opc: 'hxx }
cycle 5021
copperv1: received:         x
tagged U_type Instruction_$U_type { imm: 'hxxxxx, rd: , opc: 'hxx }
cycle 5022
copperv1: received:         x
tagged U_type Instruction_$U_type { imm: 'hxxxxx, rd: , opc: 'hxx }
cycle 5023
copperv1: received:         x
tagged U_type Instruction_$U_type { imm: 'hxxxxx, rd: , opc: 'hxx }
cycle 5024
copperv1: received:         x
tagged U_type Instruction_$U_type { imm: 'hxxxxx, rd: , opc: 'hxx }
cycle 5025
copperv1: received:         x
tagged U_type Instruction_$U_type { imm: 'hxxxxx, rd: , opc: 'hxx }
cycle 5026
copperv1: received:         x
tagged U_type Instruction_$U_type { imm: 'hxxxxx, rd: , opc: 'hxx }
cycle 5027
copperv1: received:         x
tagged U_type Instruction_$U_type { imm: 'hxxxxx, rd: , opc: 'hxx }
cycle 5028
copperv1: received:         x
tagged U_type Instruction_$U_type { imm: 'hxxxxx, rd: , opc: 'hxx }
cycle 5029
copperv1: received:         x
tagged U_type Instruction_$U_type { imm: 'hxxxxx, rd: , opc: 'hxx }
cycle 5030
copperv1: received:         x
tagged U_type Instruction_$U_type { imm: 'hxxxxx, rd: , opc: 'hxx }
cycle 5031
copperv1: received:         x
tagged U_type Instruction_$U_type { imm: 'hxxxxx, rd: , opc: 'hxx }
cycle 5032
copperv1: received:         x
tagged U_type Instruction_$U_type { imm: 'hxxxxx, rd: , opc: 'hxx }
cycle 5033
copperv1: received:         x
tagged U_type Instruction_$U_type { imm: 'hxxxxx, rd: , opc: 'hxx }
cycle 5034
copperv1: received:         x
tagged U_type Instruction_$U_type { imm: 'hxxxxx, rd: , opc: 'hxx }
cycle 5035
copperv1: received:         x
tagged U_type Instruction_$U_type { imm: 'hxxxxx, rd: , opc: 'hxx }
cycle 5036
copperv1: received:         x
tagged U_type Instruction_$U_type { imm: 'hxxxxx, rd: , opc: 'hxx }
cycle 5037
copperv1: received:         x
tagged U_type Instruction_$U_type { imm: 'hxxxxx, rd: , opc: 'hxx }
cycle 5038
copperv1: received:         x
tagged U_type Instruction_$U_type { imm: 'hxxxxx, rd: , opc: 'hxx }
cycle 5039
copperv1: received:         x
tagged U_type Instruction_$U_type { imm: 'hxxxxx, rd: , opc: 'hxx }
cycle 5040
copperv1: received:         x
tagged U_type Instruction_$U_type { imm: 'hxxxxx, rd: , opc: 'hxx }
cycle 5041
copperv1: received:         x
tagged U_type Instruction_$U_type { imm: 'hxxxxx, rd: , opc: 'hxx }
cycle 5042
copperv1: received:         x
tagged U_type Instruction_$U_type { imm: 'hxxxxx, rd: , opc: 'hxx }
cycle 5043
copperv1: received:         x
tagged U_type Instruction_$U_type { imm: 'hxxxxx, rd: , opc: 'hxx }
cycle 5044
copperv1: received:         x
tagged U_type Instruction_$U_type { imm: 'hxxxxx, rd: , opc: 'hxx }
cycle 5045
copperv1: received:         x
tagged U_type Instruction_$U_type { imm: 'hxxxxx, rd: , opc: 'hxx }
cycle 5046
copperv1: received:         x
tagged U_type Instruction_$U_type { imm: 'hxxxxx, rd: , opc: 'hxx }
cycle 5047
copperv1: received:         x
tagged U_type Instruction_$U_type { imm: 'hxxxxx, rd: , opc: 'hxx }
cycle 5048
copperv1: received:         x
tagged U_type Instruction_$U_type { imm: 'hxxxxx, rd: , opc: 'hxx }
cycle 5049
copperv1: received:         x
tagged U_type Instruction_$U_type { imm: 'hxxxxx, rd: , opc: 'hxx }
cycle 5050
copperv1: received:         x
tagged U_type Instruction_$U_type { imm: 'hxxxxx, rd: , opc: 'hxx }
cycle 5051
copperv1: received:         x
tagged U_type Instruction_$U_type { imm: 'hxxxxx, rd: , opc: 'hxx }
cycle 5052
copperv1: received:         x
tagged U_type Instruction_$U_type { imm: 'hxxxxx, rd: , opc: 'hxx }
cycle 5053
copperv1: received:         x
tagged U_type Instruction_$U_type { imm: 'hxxxxx, rd: , opc: 'hxx }
cycle 5054
copperv1: received:         x
tagged U_type Instruction_$U_type { imm: 'hxxxxx, rd: , opc: 'hxx }
cycle 5055
copperv1: received:         x
tagged U_type Instruction_$U_type { imm: 'hxxxxx, rd: , opc: 'hxx }
cycle 5056
copperv1: received:         x
tagged U_type Instruction_$U_type { imm: 'hxxxxx, rd: , opc: 'hxx }
cycle 5057
copperv1: received:         x
tagged U_type Instruction_$U_type { imm: 'hxxxxx, rd: , opc: 'hxx }
cycle 5058
copperv1: received:         x
tagged U_type Instruction_$U_type { imm: 'hxxxxx, rd: , opc: 'hxx }
cycle 5059
copperv1: received:         x
tagged U_type Instruction_$U_type { imm: 'hxxxxx, rd: , opc: 'hxx }
cycle 5060
copperv1: received:         x
tagged U_type Instruction_$U_type { imm: 'hxxxxx, rd: , opc: 'hxx }
cycle 5061
copperv1: received:         x
tagged U_type Instruction_$U_type { imm: 'hxxxxx, rd: , opc: 'hxx }
cycle 5062
copperv1: received:         x
tagged U_type Instruction_$U_type { imm: 'hxxxxx, rd: , opc: 'hxx }
cycle 5063
copperv1: received:         x
tagged U_type Instruction_$U_type { imm: 'hxxxxx, rd: , opc: 'hxx }
cycle 5064
copperv1: received:         x
tagged U_type Instruction_$U_type { imm: 'hxxxxx, rd: , opc: 'hxx }
cycle 5065
copperv1: received:         x
tagged U_type Instruction_$U_type { imm: 'hxxxxx, rd: , opc: 'hxx }
cycle 5066
copperv1: received:         x
tagged U_type Instruction_$U_type { imm: 'hxxxxx, rd: , opc: 'hxx }
cycle 5067
copperv1: received:         x
tagged U_type Instruction_$U_type { imm: 'hxxxxx, rd: , opc: 'hxx }
cycle 5068
copperv1: received:         x
tagged U_type Instruction_$U_type { imm: 'hxxxxx, rd: , opc: 'hxx }
cycle 5069
copperv1: received:         x
tagged U_type Instruction_$U_type { imm: 'hxxxxx, rd: , opc: 'hxx }
cycle 5070
copperv1: received:         x
tagged U_type Instruction_$U_type { imm: 'hxxxxx, rd: , opc: 'hxx }
cycle 5071
copperv1: received:         x
tagged U_type Instruction_$U_type { imm: 'hxxxxx, rd: , opc: 'hxx }
cycle 5072
copperv1: received:         x
tagged U_type Instruction_$U_type { imm: 'hxxxxx, rd: , opc: 'hxx }
cycle 5073
copperv1: received:         x
tagged U_type Instruction_$U_type { imm: 'hxxxxx, rd: , opc: 'hxx }
cycle 5074
copperv1: received:         x
tagged U_type Instruction_$U_type { imm: 'hxxxxx, rd: , opc: 'hxx }
cycle 5075
copperv1: received:         x
tagged U_type Instruction_$U_type { imm: 'hxxxxx, rd: , opc: 'hxx }
cycle 5076
copperv1: received:         x
tagged U_type Instruction_$U_type { imm: 'hxxxxx, rd: , opc: 'hxx }
cycle 5077
copperv1: received:         x
tagged U_type Instruction_$U_type { imm: 'hxxxxx, rd: , opc: 'hxx }
cycle 5078
copperv1: received:         x
tagged U_type Instruction_$U_type { imm: 'hxxxxx, rd: , opc: 'hxx }
cycle 5079
copperv1: received:         x
tagged U_type Instruction_$U_type { imm: 'hxxxxx, rd: , opc: 'hxx }
cycle 5080
copperv1: received:         x
tagged U_type Instruction_$U_type { imm: 'hxxxxx, rd: , opc: 'hxx }
cycle 5081
copperv1: received:         x
tagged U_type Instruction_$U_type { imm: 'hxxxxx, rd: , opc: 'hxx }
cycle 5082
copperv1: received:         x
tagged U_type Instruction_$U_type { imm: 'hxxxxx, rd: , opc: 'hxx }
cycle 5083
copperv1: received:         x
tagged U_type Instruction_$U_type { imm: 'hxxxxx, rd: , opc: 'hxx }
cycle 5084
copperv1: received:         x
tagged U_type Instruction_$U_type { imm: 'hxxxxx, rd: , opc: 'hxx }
cycle 5085
copperv1: received:         x
tagged U_type Instruction_$U_type { imm: 'hxxxxx, rd: , opc: 'hxx }
cycle 5086
copperv1: received:         x
tagged U_type Instruction_$U_type { imm: 'hxxxxx, rd: , opc: 'hxx }
cycle 5087
copperv1: received:         x
tagged U_type Instruction_$U_type { imm: 'hxxxxx, rd: , opc: 'hxx }
cycle 5088
copperv1: received:         x
tagged U_type Instruction_$U_type { imm: 'hxxxxx, rd: , opc: 'hxx }
cycle 5089
copperv1: received:         x
tagged U_type Instruction_$U_type { imm: 'hxxxxx, rd: , opc: 'hxx }
cycle 5090
copperv1: received:         x
tagged U_type Instruction_$U_type { imm: 'hxxxxx, rd: , opc: 'hxx }
cycle 5091
copperv1: received:         x
tagged U_type Instruction_$U_type { imm: 'hxxxxx, rd: , opc: 'hxx }
cycle 5092
copperv1: received:         x
tagged U_type Instruction_$U_type { imm: 'hxxxxx, rd: , opc: 'hxx }
cycle 5093
copperv1: received:         x
tagged U_type Instruction_$U_type { imm: 'hxxxxx, rd: , opc: 'hxx }
cycle 5094
copperv1: received:         x
tagged U_type Instruction_$U_type { imm: 'hxxxxx, rd: , opc: 'hxx }
cycle 5095
copperv1: received:         x
tagged U_type Instruction_$U_type { imm: 'hxxxxx, rd: , opc: 'hxx }
cycle 5096
copperv1: received:         x
tagged U_type Instruction_$U_type { imm: 'hxxxxx, rd: , opc: 'hxx }
cycle 5097
copperv1: received:         x
tagged U_type Instruction_$U_type { imm: 'hxxxxx, rd: , opc: 'hxx }
cycle 5098
copperv1: received:         x
tagged U_type Instruction_$U_type { imm: 'hxxxxx, rd: , opc: 'hxx }
cycle 5099
copperv1: received:         x
tagged U_type Instruction_$U_type { imm: 'hxxxxx, rd: , opc: 'hxx }
cycle 5100
copperv1: received:         x
tagged U_type Instruction_$U_type { imm: 'hxxxxx, rd: , opc: 'hxx }
cycle 5101
copperv1: received:         x
tagged U_type Instruction_$U_type { imm: 'hxxxxx, rd: , opc: 'hxx }
cycle 5102
copperv1: received:         x
tagged U_type Instruction_$U_type { imm: 'hxxxxx, rd: , opc: 'hxx }
cycle 5103
copperv1: received:         x
tagged U_type Instruction_$U_type { imm: 'hxxxxx, rd: , opc: 'hxx }
cycle 5104
copperv1: received:         x
tagged U_type Instruction_$U_type { imm: 'hxxxxx, rd: , opc: 'hxx }
cycle 5105
copperv1: received:         x
tagged U_type Instruction_$U_type { imm: 'hxxxxx, rd: , opc: 'hxx }
cycle 5106
copperv1: received:         x
tagged U_type Instruction_$U_type { imm: 'hxxxxx, rd: , opc: 'hxx }
cycle 5107
copperv1: received:         x
tagged U_type Instruction_$U_type { imm: 'hxxxxx, rd: , opc: 'hxx }
cycle 5108
copperv1: received:         x
tagged U_type Instruction_$U_type { imm: 'hxxxxx, rd: , opc: 'hxx }
cycle 5109
copperv1: received:         x
tagged U_type Instruction_$U_type { imm: 'hxxxxx, rd: , opc: 'hxx }
cycle 5110
copperv1: received:         x
tagged U_type Instruction_$U_type { imm: 'hxxxxx, rd: , opc: 'hxx }
cycle 5111
copperv1: received:         x
tagged U_type Instruction_$U_type { imm: 'hxxxxx, rd: , opc: 'hxx }
cycle 5112
copperv1: received:         x
tagged U_type Instruction_$U_type { imm: 'hxxxxx, rd: , opc: 'hxx }
cycle 5113
copperv1: received:         x
tagged U_type Instruction_$U_type { imm: 'hxxxxx, rd: , opc: 'hxx }
cycle 5114
copperv1: received:         x
tagged U_type Instruction_$U_type { imm: 'hxxxxx, rd: , opc: 'hxx }
cycle 5115
copperv1: received:         x
tagged U_type Instruction_$U_type { imm: 'hxxxxx, rd: , opc: 'hxx }
cycle 5116
copperv1: received:         x
tagged U_type Instruction_$U_type { imm: 'hxxxxx, rd: , opc: 'hxx }
cycle 5117
copperv1: received:         x
tagged U_type Instruction_$U_type { imm: 'hxxxxx, rd: , opc: 'hxx }
cycle 5118
copperv1: received:         x
tagged U_type Instruction_$U_type { imm: 'hxxxxx, rd: , opc: 'hxx }
cycle 5119
copperv1: received:         x
tagged U_type Instruction_$U_type { imm: 'hxxxxx, rd: , opc: 'hxx }
cycle 5120
copperv1: received:         x
tagged U_type Instruction_$U_type { imm: 'hxxxxx, rd: , opc: 'hxx }
cycle 5121
copperv1: received:         x
tagged U_type Instruction_$U_type { imm: 'hxxxxx, rd: , opc: 'hxx }
cycle 5122
copperv1: received:         x
tagged U_type Instruction_$U_type { imm: 'hxxxxx, rd: , opc: 'hxx }
cycle 5123
copperv1: received:         x
tagged U_type Instruction_$U_type { imm: 'hxxxxx, rd: , opc: 'hxx }
cycle 5124
copperv1: received:         x
tagged U_type Instruction_$U_type { imm: 'hxxxxx, rd: , opc: 'hxx }
cycle 5125
copperv1: received:         x
tagged U_type Instruction_$U_type { imm: 'hxxxxx, rd: , opc: 'hxx }
cycle 5126
copperv1: received:         x
tagged U_type Instruction_$U_type { imm: 'hxxxxx, rd: , opc: 'hxx }
cycle 5127
copperv1: received:         x
tagged U_type Instruction_$U_type { imm: 'hxxxxx, rd: , opc: 'hxx }
cycle 5128
copperv1: received:         x
tagged U_type Instruction_$U_type { imm: 'hxxxxx, rd: , opc: 'hxx }
cycle 5129
copperv1: received:         x
tagged U_type Instruction_$U_type { imm: 'hxxxxx, rd: , opc: 'hxx }
cycle 5130
copperv1: received:         x
tagged U_type Instruction_$U_type { imm: 'hxxxxx, rd: , opc: 'hxx }
cycle 5131
copperv1: received:         x
tagged U_type Instruction_$U_type { imm: 'hxxxxx, rd: , opc: 'hxx }
cycle 5132
copperv1: received:         x
tagged U_type Instruction_$U_type { imm: 'hxxxxx, rd: , opc: 'hxx }
cycle 5133
copperv1: received:         x
tagged U_type Instruction_$U_type { imm: 'hxxxxx, rd: , opc: 'hxx }
cycle 5134
copperv1: received:         x
tagged U_type Instruction_$U_type { imm: 'hxxxxx, rd: , opc: 'hxx }
cycle 5135
copperv1: received:         x
tagged U_type Instruction_$U_type { imm: 'hxxxxx, rd: , opc: 'hxx }
cycle 5136
copperv1: received:         x
tagged U_type Instruction_$U_type { imm: 'hxxxxx, rd: , opc: 'hxx }
cycle 5137
copperv1: received:         x
tagged U_type Instruction_$U_type { imm: 'hxxxxx, rd: , opc: 'hxx }
cycle 5138
copperv1: received:         x
tagged U_type Instruction_$U_type { imm: 'hxxxxx, rd: , opc: 'hxx }
cycle 5139
copperv1: received:         x
tagged U_type Instruction_$U_type { imm: 'hxxxxx, rd: , opc: 'hxx }
cycle 5140
copperv1: received:         x
tagged U_type Instruction_$U_type { imm: 'hxxxxx, rd: , opc: 'hxx }
cycle 5141
copperv1: received:         x
tagged U_type Instruction_$U_type { imm: 'hxxxxx, rd: , opc: 'hxx }
cycle 5142
copperv1: received:         x
tagged U_type Instruction_$U_type { imm: 'hxxxxx, rd: , opc: 'hxx }
cycle 5143
copperv1: received:         x
tagged U_type Instruction_$U_type { imm: 'hxxxxx, rd: , opc: 'hxx }
cycle 5144
copperv1: received:         x
tagged U_type Instruction_$U_type { imm: 'hxxxxx, rd: , opc: 'hxx }
cycle 5145
copperv1: received:         x
tagged U_type Instruction_$U_type { imm: 'hxxxxx, rd: , opc: 'hxx }
cycle 5146
copperv1: received:         x
tagged U_type Instruction_$U_type { imm: 'hxxxxx, rd: , opc: 'hxx }
cycle 5147
copperv1: received:         x
tagged U_type Instruction_$U_type { imm: 'hxxxxx, rd: , opc: 'hxx }
cycle 5148
copperv1: received:         x
tagged U_type Instruction_$U_type { imm: 'hxxxxx, rd: , opc: 'hxx }
cycle 5149
copperv1: received:         x
tagged U_type Instruction_$U_type { imm: 'hxxxxx, rd: , opc: 'hxx }
cycle 5150
copperv1: received:         x
tagged U_type Instruction_$U_type { imm: 'hxxxxx, rd: , opc: 'hxx }
cycle 5151
copperv1: received:         x
tagged U_type Instruction_$U_type { imm: 'hxxxxx, rd: , opc: 'hxx }
cycle 5152
copperv1: received:         x
tagged U_type Instruction_$U_type { imm: 'hxxxxx, rd: , opc: 'hxx }
cycle 5153
copperv1: received:         x
tagged U_type Instruction_$U_type { imm: 'hxxxxx, rd: , opc: 'hxx }
cycle 5154
copperv1: received:         x
tagged U_type Instruction_$U_type { imm: 'hxxxxx, rd: , opc: 'hxx }
cycle 5155
copperv1: received:         x
tagged U_type Instruction_$U_type { imm: 'hxxxxx, rd: , opc: 'hxx }
cycle 5156
copperv1: received:         x
tagged U_type Instruction_$U_type { imm: 'hxxxxx, rd: , opc: 'hxx }
cycle 5157
copperv1: received:         x
tagged U_type Instruction_$U_type { imm: 'hxxxxx, rd: , opc: 'hxx }
cycle 5158
copperv1: received:         x
tagged U_type Instruction_$U_type { imm: 'hxxxxx, rd: , opc: 'hxx }
cycle 5159
copperv1: received:         x
tagged U_type Instruction_$U_type { imm: 'hxxxxx, rd: , opc: 'hxx }
cycle 5160
copperv1: received:         x
tagged U_type Instruction_$U_type { imm: 'hxxxxx, rd: , opc: 'hxx }
cycle 5161
copperv1: received:         x
tagged U_type Instruction_$U_type { imm: 'hxxxxx, rd: , opc: 'hxx }
cycle 5162
copperv1: received:         x
tagged U_type Instruction_$U_type { imm: 'hxxxxx, rd: , opc: 'hxx }
cycle 5163
copperv1: received:         x
tagged U_type Instruction_$U_type { imm: 'hxxxxx, rd: , opc: 'hxx }
cycle 5164
copperv1: received:         x
tagged U_type Instruction_$U_type { imm: 'hxxxxx, rd: , opc: 'hxx }
cycle 5165
copperv1: received:         x
tagged U_type Instruction_$U_type { imm: 'hxxxxx, rd: , opc: 'hxx }
cycle 5166
copperv1: received:         x
tagged U_type Instruction_$U_type { imm: 'hxxxxx, rd: , opc: 'hxx }
cycle 5167
copperv1: received:         x
tagged U_type Instruction_$U_type { imm: 'hxxxxx, rd: , opc: 'hxx }
cycle 5168
copperv1: received:         x
tagged U_type Instruction_$U_type { imm: 'hxxxxx, rd: , opc: 'hxx }
cycle 5169
copperv1: received:         x
tagged U_type Instruction_$U_type { imm: 'hxxxxx, rd: , opc: 'hxx }
cycle 5170
copperv1: received:         x
tagged U_type Instruction_$U_type { imm: 'hxxxxx, rd: , opc: 'hxx }
cycle 5171
copperv1: received:         x
tagged U_type Instruction_$U_type { imm: 'hxxxxx, rd: , opc: 'hxx }
cycle 5172
copperv1: received:         x
tagged U_type Instruction_$U_type { imm: 'hxxxxx, rd: , opc: 'hxx }
cycle 5173
copperv1: received:         x
tagged U_type Instruction_$U_type { imm: 'hxxxxx, rd: , opc: 'hxx }
cycle 5174
copperv1: received:         x
tagged U_type Instruction_$U_type { imm: 'hxxxxx, rd: , opc: 'hxx }
cycle 5175
copperv1: received:         x
tagged U_type Instruction_$U_type { imm: 'hxxxxx, rd: , opc: 'hxx }
cycle 5176
copperv1: received:         x
tagged U_type Instruction_$U_type { imm: 'hxxxxx, rd: , opc: 'hxx }
cycle 5177
copperv1: received:         x
tagged U_type Instruction_$U_type { imm: 'hxxxxx, rd: , opc: 'hxx }
cycle 5178
copperv1: received:         x
tagged U_type Instruction_$U_type { imm: 'hxxxxx, rd: , opc: 'hxx }
cycle 5179
copperv1: received:         x
tagged U_type Instruction_$U_type { imm: 'hxxxxx, rd: , opc: 'hxx }
cycle 5180
copperv1: received:         x
tagged U_type Instruction_$U_type { imm: 'hxxxxx, rd: , opc: 'hxx }
cycle 5181
copperv1: received:         x
tagged U_type Instruction_$U_type { imm: 'hxxxxx, rd: , opc: 'hxx }
cycle 5182
copperv1: received:         x
tagged U_type Instruction_$U_type { imm: 'hxxxxx, rd: , opc: 'hxx }
cycle 5183
copperv1: received:         x
tagged U_type Instruction_$U_type { imm: 'hxxxxx, rd: , opc: 'hxx }
cycle 5184
copperv1: received:         x
tagged U_type Instruction_$U_type { imm: 'hxxxxx, rd: , opc: 'hxx }
cycle 5185
copperv1: received:         x
tagged U_type Instruction_$U_type { imm: 'hxxxxx, rd: , opc: 'hxx }
cycle 5186
copperv1: received:         x
tagged U_type Instruction_$U_type { imm: 'hxxxxx, rd: , opc: 'hxx }
cycle 5187
copperv1: received:         x
tagged U_type Instruction_$U_type { imm: 'hxxxxx, rd: , opc: 'hxx }
cycle 5188
copperv1: received:         x
tagged U_type Instruction_$U_type { imm: 'hxxxxx, rd: , opc: 'hxx }
cycle 5189
copperv1: received:         x
tagged U_type Instruction_$U_type { imm: 'hxxxxx, rd: , opc: 'hxx }
cycle 5190
copperv1: received:         x
tagged U_type Instruction_$U_type { imm: 'hxxxxx, rd: , opc: 'hxx }
cycle 5191
copperv1: received:         x
tagged U_type Instruction_$U_type { imm: 'hxxxxx, rd: , opc: 'hxx }
cycle 5192
copperv1: received:         x
tagged U_type Instruction_$U_type { imm: 'hxxxxx, rd: , opc: 'hxx }
cycle 5193
copperv1: received:         x
tagged U_type Instruction_$U_type { imm: 'hxxxxx, rd: , opc: 'hxx }
cycle 5194
copperv1: received:         x
tagged U_type Instruction_$U_type { imm: 'hxxxxx, rd: , opc: 'hxx }
cycle 5195
copperv1: received:         x
tagged U_type Instruction_$U_type { imm: 'hxxxxx, rd: , opc: 'hxx }
cycle 5196
copperv1: received:         x
tagged U_type Instruction_$U_type { imm: 'hxxxxx, rd: , opc: 'hxx }
cycle 5197
copperv1: received:         x
tagged U_type Instruction_$U_type { imm: 'hxxxxx, rd: , opc: 'hxx }
cycle 5198
copperv1: received:         x
tagged U_type Instruction_$U_type { imm: 'hxxxxx, rd: , opc: 'hxx }
cycle 5199
copperv1: received:         x
tagged U_type Instruction_$U_type { imm: 'hxxxxx, rd: , opc: 'hxx }
cycle 5200
copperv1: received:         x
tagged U_type Instruction_$U_type { imm: 'hxxxxx, rd: , opc: 'hxx }
cycle 5201
copperv1: received:         x
tagged U_type Instruction_$U_type { imm: 'hxxxxx, rd: , opc: 'hxx }
cycle 5202
copperv1: received:         x
tagged U_type Instruction_$U_type { imm: 'hxxxxx, rd: , opc: 'hxx }
cycle 5203
copperv1: received:         x
tagged U_type Instruction_$U_type { imm: 'hxxxxx, rd: , opc: 'hxx }
cycle 5204
copperv1: received:         x
tagged U_type Instruction_$U_type { imm: 'hxxxxx, rd: , opc: 'hxx }
cycle 5205
copperv1: received:         x
tagged U_type Instruction_$U_type { imm: 'hxxxxx, rd: , opc: 'hxx }
cycle 5206
copperv1: received:         x
tagged U_type Instruction_$U_type { imm: 'hxxxxx, rd: , opc: 'hxx }
cycle 5207
copperv1: received:         x
tagged U_type Instruction_$U_type { imm: 'hxxxxx, rd: , opc: 'hxx }
cycle 5208
copperv1: received:         x
tagged U_type Instruction_$U_type { imm: 'hxxxxx, rd: , opc: 'hxx }
cycle 5209
copperv1: received:         x
tagged U_type Instruction_$U_type { imm: 'hxxxxx, rd: , opc: 'hxx }
cycle 5210
copperv1: received:         x
tagged U_type Instruction_$U_type { imm: 'hxxxxx, rd: , opc: 'hxx }
cycle 5211
copperv1: received:         x
tagged U_type Instruction_$U_type { imm: 'hxxxxx, rd: , opc: 'hxx }
cycle 5212
copperv1: received:         x
tagged U_type Instruction_$U_type { imm: 'hxxxxx, rd: , opc: 'hxx }
cycle 5213
copperv1: received:         x
tagged U_type Instruction_$U_type { imm: 'hxxxxx, rd: , opc: 'hxx }
cycle 5214
copperv1: received:         x
tagged U_type Instruction_$U_type { imm: 'hxxxxx, rd: , opc: 'hxx }
cycle 5215
copperv1: received:         x
tagged U_type Instruction_$U_type { imm: 'hxxxxx, rd: , opc: 'hxx }
cycle 5216
copperv1: received:         x
tagged U_type Instruction_$U_type { imm: 'hxxxxx, rd: , opc: 'hxx }
cycle 5217
copperv1: received:         x
tagged U_type Instruction_$U_type { imm: 'hxxxxx, rd: , opc: 'hxx }
cycle 5218
copperv1: received:         x
tagged U_type Instruction_$U_type { imm: 'hxxxxx, rd: , opc: 'hxx }
cycle 5219
copperv1: received:         x
tagged U_type Instruction_$U_type { imm: 'hxxxxx, rd: , opc: 'hxx }
cycle 5220
copperv1: received:         x
tagged U_type Instruction_$U_type { imm: 'hxxxxx, rd: , opc: 'hxx }
cycle 5221
copperv1: received:         x
tagged U_type Instruction_$U_type { imm: 'hxxxxx, rd: , opc: 'hxx }
cycle 5222
copperv1: received:         x
tagged U_type Instruction_$U_type { imm: 'hxxxxx, rd: , opc: 'hxx }
cycle 5223
copperv1: received:         x
tagged U_type Instruction_$U_type { imm: 'hxxxxx, rd: , opc: 'hxx }
cycle 5224
copperv1: received:         x
tagged U_type Instruction_$U_type { imm: 'hxxxxx, rd: , opc: 'hxx }
cycle 5225
copperv1: received:         x
tagged U_type Instruction_$U_type { imm: 'hxxxxx, rd: , opc: 'hxx }
cycle 5226
copperv1: received:         x
tagged U_type Instruction_$U_type { imm: 'hxxxxx, rd: , opc: 'hxx }
cycle 5227
copperv1: received:         x
tagged U_type Instruction_$U_type { imm: 'hxxxxx, rd: , opc: 'hxx }
cycle 5228
copperv1: received:         x
tagged U_type Instruction_$U_type { imm: 'hxxxxx, rd: , opc: 'hxx }
cycle 5229
copperv1: received:         x
tagged U_type Instruction_$U_type { imm: 'hxxxxx, rd: , opc: 'hxx }
cycle 5230
copperv1: received:         x
tagged U_type Instruction_$U_type { imm: 'hxxxxx, rd: , opc: 'hxx }
cycle 5231
copperv1: received:         x
tagged U_type Instruction_$U_type { imm: 'hxxxxx, rd: , opc: 'hxx }
cycle 5232
copperv1: received:         x
tagged U_type Instruction_$U_type { imm: 'hxxxxx, rd: , opc: 'hxx }
cycle 5233
copperv1: received:         x
tagged U_type Instruction_$U_type { imm: 'hxxxxx, rd: , opc: 'hxx }
cycle 5234
copperv1: received:         x
tagged U_type Instruction_$U_type { imm: 'hxxxxx, rd: , opc: 'hxx }
cycle 5235
copperv1: received:         x
tagged U_type Instruction_$U_type { imm: 'hxxxxx, rd: , opc: 'hxx }
cycle 5236
copperv1: received:         x
tagged U_type Instruction_$U_type { imm: 'hxxxxx, rd: , opc: 'hxx }
cycle 5237
copperv1: received:         x
tagged U_type Instruction_$U_type { imm: 'hxxxxx, rd: , opc: 'hxx }
cycle 5238
copperv1: received:         x
tagged U_type Instruction_$U_type { imm: 'hxxxxx, rd: , opc: 'hxx }
cycle 5239
copperv1: received:         x
tagged U_type Instruction_$U_type { imm: 'hxxxxx, rd: , opc: 'hxx }
cycle 5240
copperv1: received:         x
tagged U_type Instruction_$U_type { imm: 'hxxxxx, rd: , opc: 'hxx }
cycle 5241
copperv1: received:         x
tagged U_type Instruction_$U_type { imm: 'hxxxxx, rd: , opc: 'hxx }
cycle 5242
copperv1: received:         x
tagged U_type Instruction_$U_type { imm: 'hxxxxx, rd: , opc: 'hxx }
cycle 5243
copperv1: received:         x
tagged U_type Instruction_$U_type { imm: 'hxxxxx, rd: , opc: 'hxx }
cycle 5244
copperv1: received:         x
tagged U_type Instruction_$U_type { imm: 'hxxxxx, rd: , opc: 'hxx }
cycle 5245
copperv1: received:         x
tagged U_type Instruction_$U_type { imm: 'hxxxxx, rd: , opc: 'hxx }
cycle 5246
copperv1: received:         x
tagged U_type Instruction_$U_type { imm: 'hxxxxx, rd: , opc: 'hxx }
cycle 5247
copperv1: received:         x
tagged U_type Instruction_$U_type { imm: 'hxxxxx, rd: , opc: 'hxx }
cycle 5248
copperv1: received:         x
tagged U_type Instruction_$U_type { imm: 'hxxxxx, rd: , opc: 'hxx }
cycle 5249
copperv1: received:         x
tagged U_type Instruction_$U_type { imm: 'hxxxxx, rd: , opc: 'hxx }
cycle 5250
copperv1: received:         x
tagged U_type Instruction_$U_type { imm: 'hxxxxx, rd: , opc: 'hxx }
cycle 5251
copperv1: received:         x
tagged U_type Instruction_$U_type { imm: 'hxxxxx, rd: , opc: 'hxx }
cycle 5252
copperv1: received:         x
tagged U_type Instruction_$U_type { imm: 'hxxxxx, rd: , opc: 'hxx }
cycle 5253
copperv1: received:         x
tagged U_type Instruction_$U_type { imm: 'hxxxxx, rd: , opc: 'hxx }
cycle 5254
copperv1: received:         x
tagged U_type Instruction_$U_type { imm: 'hxxxxx, rd: , opc: 'hxx }
cycle 5255
copperv1: received:         x
tagged U_type Instruction_$U_type { imm: 'hxxxxx, rd: , opc: 'hxx }
cycle 5256
copperv1: received:         x
tagged U_type Instruction_$U_type { imm: 'hxxxxx, rd: , opc: 'hxx }
cycle 5257
copperv1: received:         x
tagged U_type Instruction_$U_type { imm: 'hxxxxx, rd: , opc: 'hxx }
cycle 5258
copperv1: received:         x
tagged U_type Instruction_$U_type { imm: 'hxxxxx, rd: , opc: 'hxx }
cycle 5259
copperv1: received:         x
tagged U_type Instruction_$U_type { imm: 'hxxxxx, rd: , opc: 'hxx }
cycle 5260
copperv1: received:         x
tagged U_type Instruction_$U_type { imm: 'hxxxxx, rd: , opc: 'hxx }
cycle 5261
copperv1: received:         x
tagged U_type Instruction_$U_type { imm: 'hxxxxx, rd: , opc: 'hxx }
cycle 5262
copperv1: received:         x
tagged U_type Instruction_$U_type { imm: 'hxxxxx, rd: , opc: 'hxx }
cycle 5263
copperv1: received:         x
tagged U_type Instruction_$U_type { imm: 'hxxxxx, rd: , opc: 'hxx }
cycle 5264
copperv1: received:         x
tagged U_type Instruction_$U_type { imm: 'hxxxxx, rd: , opc: 'hxx }
cycle 5265
copperv1: received:         x
tagged U_type Instruction_$U_type { imm: 'hxxxxx, rd: , opc: 'hxx }
cycle 5266
copperv1: received:         x
tagged U_type Instruction_$U_type { imm: 'hxxxxx, rd: , opc: 'hxx }
cycle 5267
copperv1: received:         x
tagged U_type Instruction_$U_type { imm: 'hxxxxx, rd: , opc: 'hxx }
cycle 5268
copperv1: received:         x
tagged U_type Instruction_$U_type { imm: 'hxxxxx, rd: , opc: 'hxx }
cycle 5269
copperv1: received:         x
tagged U_type Instruction_$U_type { imm: 'hxxxxx, rd: , opc: 'hxx }
cycle 5270
copperv1: received:         x
tagged U_type Instruction_$U_type { imm: 'hxxxxx, rd: , opc: 'hxx }
cycle 5271
copperv1: received:         x
tagged U_type Instruction_$U_type { imm: 'hxxxxx, rd: , opc: 'hxx }
cycle 5272
copperv1: received:         x
tagged U_type Instruction_$U_type { imm: 'hxxxxx, rd: , opc: 'hxx }
cycle 5273
copperv1: received:         x
tagged U_type Instruction_$U_type { imm: 'hxxxxx, rd: , opc: 'hxx }
cycle 5274
copperv1: received:         x
tagged U_type Instruction_$U_type { imm: 'hxxxxx, rd: , opc: 'hxx }
cycle 5275
copperv1: received:         x
tagged U_type Instruction_$U_type { imm: 'hxxxxx, rd: , opc: 'hxx }
cycle 5276
copperv1: received:         x
tagged U_type Instruction_$U_type { imm: 'hxxxxx, rd: , opc: 'hxx }
cycle 5277
copperv1: received:         x
tagged U_type Instruction_$U_type { imm: 'hxxxxx, rd: , opc: 'hxx }
cycle 5278
copperv1: received:         x
tagged U_type Instruction_$U_type { imm: 'hxxxxx, rd: , opc: 'hxx }
cycle 5279
copperv1: received:         x
tagged U_type Instruction_$U_type { imm: 'hxxxxx, rd: , opc: 'hxx }
cycle 5280
copperv1: received:         x
tagged U_type Instruction_$U_type { imm: 'hxxxxx, rd: , opc: 'hxx }
cycle 5281
copperv1: received:         x
tagged U_type Instruction_$U_type { imm: 'hxxxxx, rd: , opc: 'hxx }
cycle 5282
copperv1: received:         x
tagged U_type Instruction_$U_type { imm: 'hxxxxx, rd: , opc: 'hxx }
cycle 5283
copperv1: received:         x
tagged U_type Instruction_$U_type { imm: 'hxxxxx, rd: , opc: 'hxx }
cycle 5284
copperv1: received:         x
tagged U_type Instruction_$U_type { imm: 'hxxxxx, rd: , opc: 'hxx }
cycle 5285
copperv1: received:         x
tagged U_type Instruction_$U_type { imm: 'hxxxxx, rd: , opc: 'hxx }
cycle 5286
copperv1: received:         x
tagged U_type Instruction_$U_type { imm: 'hxxxxx, rd: , opc: 'hxx }
cycle 5287
copperv1: received:         x
tagged U_type Instruction_$U_type { imm: 'hxxxxx, rd: , opc: 'hxx }
cycle 5288
copperv1: received:         x
tagged U_type Instruction_$U_type { imm: 'hxxxxx, rd: , opc: 'hxx }
cycle 5289
copperv1: received:         x
tagged U_type Instruction_$U_type { imm: 'hxxxxx, rd: , opc: 'hxx }
cycle 5290
copperv1: received:         x
tagged U_type Instruction_$U_type { imm: 'hxxxxx, rd: , opc: 'hxx }
cycle 5291
copperv1: received:         x
tagged U_type Instruction_$U_type { imm: 'hxxxxx, rd: , opc: 'hxx }
cycle 5292
copperv1: received:         x
tagged U_type Instruction_$U_type { imm: 'hxxxxx, rd: , opc: 'hxx }
cycle 5293
copperv1: received:         x
tagged U_type Instruction_$U_type { imm: 'hxxxxx, rd: , opc: 'hxx }
cycle 5294
copperv1: received:         x
tagged U_type Instruction_$U_type { imm: 'hxxxxx, rd: , opc: 'hxx }
cycle 5295
copperv1: received:         x
tagged U_type Instruction_$U_type { imm: 'hxxxxx, rd: , opc: 'hxx }
cycle 5296
copperv1: received:         x
tagged U_type Instruction_$U_type { imm: 'hxxxxx, rd: , opc: 'hxx }
cycle 5297
copperv1: received:         x
tagged U_type Instruction_$U_type { imm: 'hxxxxx, rd: , opc: 'hxx }
cycle 5298
copperv1: received:         x
tagged U_type Instruction_$U_type { imm: 'hxxxxx, rd: , opc: 'hxx }
cycle 5299
copperv1: received:         x
tagged U_type Instruction_$U_type { imm: 'hxxxxx, rd: , opc: 'hxx }
cycle 5300
copperv1: received:         x
tagged U_type Instruction_$U_type { imm: 'hxxxxx, rd: , opc: 'hxx }
cycle 5301
copperv1: received:         x
tagged U_type Instruction_$U_type { imm: 'hxxxxx, rd: , opc: 'hxx }
cycle 5302
copperv1: received:         x
tagged U_type Instruction_$U_type { imm: 'hxxxxx, rd: , opc: 'hxx }
cycle 5303
copperv1: received:         x
tagged U_type Instruction_$U_type { imm: 'hxxxxx, rd: , opc: 'hxx }
cycle 5304
copperv1: received:         x
tagged U_type Instruction_$U_type { imm: 'hxxxxx, rd: , opc: 'hxx }
cycle 5305
copperv1: received:         x
tagged U_type Instruction_$U_type { imm: 'hxxxxx, rd: , opc: 'hxx }
cycle 5306
copperv1: received:         x
tagged U_type Instruction_$U_type { imm: 'hxxxxx, rd: , opc: 'hxx }
cycle 5307
copperv1: received:         x
tagged U_type Instruction_$U_type { imm: 'hxxxxx, rd: , opc: 'hxx }
cycle 5308
copperv1: received:         x
tagged U_type Instruction_$U_type { imm: 'hxxxxx, rd: , opc: 'hxx }
cycle 5309
copperv1: received:         x
tagged U_type Instruction_$U_type { imm: 'hxxxxx, rd: , opc: 'hxx }
cycle 5310
copperv1: received:         x
tagged U_type Instruction_$U_type { imm: 'hxxxxx, rd: , opc: 'hxx }
cycle 5311
copperv1: received:         x
tagged U_type Instruction_$U_type { imm: 'hxxxxx, rd: , opc: 'hxx }
cycle 5312
copperv1: received:         x
tagged U_type Instruction_$U_type { imm: 'hxxxxx, rd: , opc: 'hxx }
cycle 5313
copperv1: received:         x
tagged U_type Instruction_$U_type { imm: 'hxxxxx, rd: , opc: 'hxx }
cycle 5314
copperv1: received:         x
tagged U_type Instruction_$U_type { imm: 'hxxxxx, rd: , opc: 'hxx }
cycle 5315
copperv1: received:         x
tagged U_type Instruction_$U_type { imm: 'hxxxxx, rd: , opc: 'hxx }
cycle 5316
copperv1: received:         x
tagged U_type Instruction_$U_type { imm: 'hxxxxx, rd: , opc: 'hxx }
cycle 5317
copperv1: received:         x
tagged U_type Instruction_$U_type { imm: 'hxxxxx, rd: , opc: 'hxx }
cycle 5318
copperv1: received:         x
tagged U_type Instruction_$U_type { imm: 'hxxxxx, rd: , opc: 'hxx }
cycle 5319
copperv1: received:         x
tagged U_type Instruction_$U_type { imm: 'hxxxxx, rd: , opc: 'hxx }
cycle 5320
copperv1: received:         x
tagged U_type Instruction_$U_type { imm: 'hxxxxx, rd: , opc: 'hxx }
cycle 5321
copperv1: received:         x
tagged U_type Instruction_$U_type { imm: 'hxxxxx, rd: , opc: 'hxx }
cycle 5322
copperv1: received:         x
tagged U_type Instruction_$U_type { imm: 'hxxxxx, rd: , opc: 'hxx }
cycle 5323
copperv1: received:         x
tagged U_type Instruction_$U_type { imm: 'hxxxxx, rd: , opc: 'hxx }
cycle 5324
copperv1: received:         x
tagged U_type Instruction_$U_type { imm: 'hxxxxx, rd: , opc: 'hxx }
cycle 5325
copperv1: received:         x
tagged U_type Instruction_$U_type { imm: 'hxxxxx, rd: , opc: 'hxx }
cycle 5326
copperv1: received:         x
tagged U_type Instruction_$U_type { imm: 'hxxxxx, rd: , opc: 'hxx }
cycle 5327
copperv1: received:         x
tagged U_type Instruction_$U_type { imm: 'hxxxxx, rd: , opc: 'hxx }
cycle 5328
copperv1: received:         x
tagged U_type Instruction_$U_type { imm: 'hxxxxx, rd: , opc: 'hxx }
cycle 5329
copperv1: received:         x
tagged U_type Instruction_$U_type { imm: 'hxxxxx, rd: , opc: 'hxx }
cycle 5330
copperv1: received:         x
tagged U_type Instruction_$U_type { imm: 'hxxxxx, rd: , opc: 'hxx }
cycle 5331
copperv1: received:         x
tagged U_type Instruction_$U_type { imm: 'hxxxxx, rd: , opc: 'hxx }
cycle 5332
copperv1: received:         x
tagged U_type Instruction_$U_type { imm: 'hxxxxx, rd: , opc: 'hxx }
cycle 5333
copperv1: received:         x
tagged U_type Instruction_$U_type { imm: 'hxxxxx, rd: , opc: 'hxx }
cycle 5334
copperv1: received:         x
tagged U_type Instruction_$U_type { imm: 'hxxxxx, rd: , opc: 'hxx }
cycle 5335
copperv1: received:         x
tagged U_type Instruction_$U_type { imm: 'hxxxxx, rd: , opc: 'hxx }
cycle 5336
copperv1: received:         x
tagged U_type Instruction_$U_type { imm: 'hxxxxx, rd: , opc: 'hxx }
cycle 5337
copperv1: received:         x
tagged U_type Instruction_$U_type { imm: 'hxxxxx, rd: , opc: 'hxx }
cycle 5338
copperv1: received:         x
tagged U_type Instruction_$U_type { imm: 'hxxxxx, rd: , opc: 'hxx }
cycle 5339
copperv1: received:         x
tagged U_type Instruction_$U_type { imm: 'hxxxxx, rd: , opc: 'hxx }
cycle 5340
copperv1: received:         x
tagged U_type Instruction_$U_type { imm: 'hxxxxx, rd: , opc: 'hxx }
cycle 5341
copperv1: received:         x
tagged U_type Instruction_$U_type { imm: 'hxxxxx, rd: , opc: 'hxx }
cycle 5342
copperv1: received:         x
tagged U_type Instruction_$U_type { imm: 'hxxxxx, rd: , opc: 'hxx }
cycle 5343
copperv1: received:         x
tagged U_type Instruction_$U_type { imm: 'hxxxxx, rd: , opc: 'hxx }
cycle 5344
copperv1: received:         x
tagged U_type Instruction_$U_type { imm: 'hxxxxx, rd: , opc: 'hxx }
cycle 5345
copperv1: received:         x
tagged U_type Instruction_$U_type { imm: 'hxxxxx, rd: , opc: 'hxx }
cycle 5346
copperv1: received:         x
tagged U_type Instruction_$U_type { imm: 'hxxxxx, rd: , opc: 'hxx }
cycle 5347
copperv1: received:         x
tagged U_type Instruction_$U_type { imm: 'hxxxxx, rd: , opc: 'hxx }
cycle 5348
copperv1: received:         x
tagged U_type Instruction_$U_type { imm: 'hxxxxx, rd: , opc: 'hxx }
cycle 5349
copperv1: received:         x
tagged U_type Instruction_$U_type { imm: 'hxxxxx, rd: , opc: 'hxx }
cycle 5350
copperv1: received:         x
tagged U_type Instruction_$U_type { imm: 'hxxxxx, rd: , opc: 'hxx }
cycle 5351
copperv1: received:         x
tagged U_type Instruction_$U_type { imm: 'hxxxxx, rd: , opc: 'hxx }
cycle 5352
copperv1: received:         x
tagged U_type Instruction_$U_type { imm: 'hxxxxx, rd: , opc: 'hxx }
cycle 5353
copperv1: received:         x
tagged U_type Instruction_$U_type { imm: 'hxxxxx, rd: , opc: 'hxx }
cycle 5354
copperv1: received:         x
tagged U_type Instruction_$U_type { imm: 'hxxxxx, rd: , opc: 'hxx }
cycle 5355
copperv1: received:         x
tagged U_type Instruction_$U_type { imm: 'hxxxxx, rd: , opc: 'hxx }
cycle 5356
copperv1: received:         x
tagged U_type Instruction_$U_type { imm: 'hxxxxx, rd: , opc: 'hxx }
cycle 5357
copperv1: received:         x
tagged U_type Instruction_$U_type { imm: 'hxxxxx, rd: , opc: 'hxx }
cycle 5358
copperv1: received:         x
tagged U_type Instruction_$U_type { imm: 'hxxxxx, rd: , opc: 'hxx }
cycle 5359
copperv1: received:         x
tagged U_type Instruction_$U_type { imm: 'hxxxxx, rd: , opc: 'hxx }
cycle 5360
copperv1: received:         x
tagged U_type Instruction_$U_type { imm: 'hxxxxx, rd: , opc: 'hxx }
cycle 5361
copperv1: received:         x
tagged U_type Instruction_$U_type { imm: 'hxxxxx, rd: , opc: 'hxx }
cycle 5362
copperv1: received:         x
tagged U_type Instruction_$U_type { imm: 'hxxxxx, rd: , opc: 'hxx }
cycle 5363
copperv1: received:         x
tagged U_type Instruction_$U_type { imm: 'hxxxxx, rd: , opc: 'hxx }
cycle 5364
copperv1: received:         x
tagged U_type Instruction_$U_type { imm: 'hxxxxx, rd: , opc: 'hxx }
cycle 5365
copperv1: received:         x
tagged U_type Instruction_$U_type { imm: 'hxxxxx, rd: , opc: 'hxx }
cycle 5366
copperv1: received:         x
tagged U_type Instruction_$U_type { imm: 'hxxxxx, rd: , opc: 'hxx }
cycle 5367
copperv1: received:         x
tagged U_type Instruction_$U_type { imm: 'hxxxxx, rd: , opc: 'hxx }
cycle 5368
copperv1: received:         x
tagged U_type Instruction_$U_type { imm: 'hxxxxx, rd: , opc: 'hxx }
cycle 5369
copperv1: received:         x
tagged U_type Instruction_$U_type { imm: 'hxxxxx, rd: , opc: 'hxx }
cycle 5370
copperv1: received:         x
tagged U_type Instruction_$U_type { imm: 'hxxxxx, rd: , opc: 'hxx }
cycle 5371
copperv1: received:         x
tagged U_type Instruction_$U_type { imm: 'hxxxxx, rd: , opc: 'hxx }
cycle 5372
copperv1: received:         x
tagged U_type Instruction_$U_type { imm: 'hxxxxx, rd: , opc: 'hxx }
cycle 5373
copperv1: received:         x
tagged U_type Instruction_$U_type { imm: 'hxxxxx, rd: , opc: 'hxx }
cycle 5374
copperv1: received:         x
tagged U_type Instruction_$U_type { imm: 'hxxxxx, rd: , opc: 'hxx }
cycle 5375
copperv1: received:         x
tagged U_type Instruction_$U_type { imm: 'hxxxxx, rd: , opc: 'hxx }
cycle 5376
copperv1: received:         x
tagged U_type Instruction_$U_type { imm: 'hxxxxx, rd: , opc: 'hxx }
cycle 5377
copperv1: received:         x
tagged U_type Instruction_$U_type { imm: 'hxxxxx, rd: , opc: 'hxx }
cycle 5378
copperv1: received:         x
tagged U_type Instruction_$U_type { imm: 'hxxxxx, rd: , opc: 'hxx }
cycle 5379
copperv1: received:         x
tagged U_type Instruction_$U_type { imm: 'hxxxxx, rd: , opc: 'hxx }
cycle 5380
copperv1: received:         x
tagged U_type Instruction_$U_type { imm: 'hxxxxx, rd: , opc: 'hxx }
cycle 5381
copperv1: received:         x
tagged U_type Instruction_$U_type { imm: 'hxxxxx, rd: , opc: 'hxx }
cycle 5382
copperv1: received:         x
tagged U_type Instruction_$U_type { imm: 'hxxxxx, rd: , opc: 'hxx }
cycle 5383
copperv1: received:         x
tagged U_type Instruction_$U_type { imm: 'hxxxxx, rd: , opc: 'hxx }
cycle 5384
copperv1: received:         x
tagged U_type Instruction_$U_type { imm: 'hxxxxx, rd: , opc: 'hxx }
cycle 5385
copperv1: received:         x
tagged U_type Instruction_$U_type { imm: 'hxxxxx, rd: , opc: 'hxx }
cycle 5386
copperv1: received:         x
tagged U_type Instruction_$U_type { imm: 'hxxxxx, rd: , opc: 'hxx }
cycle 5387
copperv1: received:         x
tagged U_type Instruction_$U_type { imm: 'hxxxxx, rd: , opc: 'hxx }
cycle 5388
copperv1: received:         x
tagged U_type Instruction_$U_type { imm: 'hxxxxx, rd: , opc: 'hxx }
cycle 5389
copperv1: received:         x
tagged U_type Instruction_$U_type { imm: 'hxxxxx, rd: , opc: 'hxx }
cycle 5390
copperv1: received:         x
tagged U_type Instruction_$U_type { imm: 'hxxxxx, rd: , opc: 'hxx }
cycle 5391
copperv1: received:         x
tagged U_type Instruction_$U_type { imm: 'hxxxxx, rd: , opc: 'hxx }
cycle 5392
copperv1: received:         x
tagged U_type Instruction_$U_type { imm: 'hxxxxx, rd: , opc: 'hxx }
cycle 5393
copperv1: received:         x
tagged U_type Instruction_$U_type { imm: 'hxxxxx, rd: , opc: 'hxx }
cycle 5394
copperv1: received:         x
tagged U_type Instruction_$U_type { imm: 'hxxxxx, rd: , opc: 'hxx }
cycle 5395
copperv1: received:         x
tagged U_type Instruction_$U_type { imm: 'hxxxxx, rd: , opc: 'hxx }
cycle 5396
copperv1: received:         x
tagged U_type Instruction_$U_type { imm: 'hxxxxx, rd: , opc: 'hxx }
cycle 5397
copperv1: received:         x
tagged U_type Instruction_$U_type { imm: 'hxxxxx, rd: , opc: 'hxx }
cycle 5398
copperv1: received:         x
tagged U_type Instruction_$U_type { imm: 'hxxxxx, rd: , opc: 'hxx }
cycle 5399
copperv1: received:         x
tagged U_type Instruction_$U_type { imm: 'hxxxxx, rd: , opc: 'hxx }
cycle 5400
copperv1: received:         x
tagged U_type Instruction_$U_type { imm: 'hxxxxx, rd: , opc: 'hxx }
cycle 5401
copperv1: received:         x
tagged U_type Instruction_$U_type { imm: 'hxxxxx, rd: , opc: 'hxx }
cycle 5402
copperv1: received:         x
tagged U_type Instruction_$U_type { imm: 'hxxxxx, rd: , opc: 'hxx }
cycle 5403
copperv1: received:         x
tagged U_type Instruction_$U_type { imm: 'hxxxxx, rd: , opc: 'hxx }
cycle 5404
copperv1: received:         x
tagged U_type Instruction_$U_type { imm: 'hxxxxx, rd: , opc: 'hxx }
cycle 5405
copperv1: received:         x
tagged U_type Instruction_$U_type { imm: 'hxxxxx, rd: , opc: 'hxx }
cycle 5406
copperv1: received:         x
tagged U_type Instruction_$U_type { imm: 'hxxxxx, rd: , opc: 'hxx }
cycle 5407
copperv1: received:         x
tagged U_type Instruction_$U_type { imm: 'hxxxxx, rd: , opc: 'hxx }
cycle 5408
copperv1: received:         x
tagged U_type Instruction_$U_type { imm: 'hxxxxx, rd: , opc: 'hxx }
cycle 5409
copperv1: received:         x
tagged U_type Instruction_$U_type { imm: 'hxxxxx, rd: , opc: 'hxx }
cycle 5410
copperv1: received:         x
tagged U_type Instruction_$U_type { imm: 'hxxxxx, rd: , opc: 'hxx }
cycle 5411
copperv1: received:         x
tagged U_type Instruction_$U_type { imm: 'hxxxxx, rd: , opc: 'hxx }
cycle 5412
copperv1: received:         x
tagged U_type Instruction_$U_type { imm: 'hxxxxx, rd: , opc: 'hxx }
cycle 5413
copperv1: received:         x
tagged U_type Instruction_$U_type { imm: 'hxxxxx, rd: , opc: 'hxx }
cycle 5414
copperv1: received:         x
tagged U_type Instruction_$U_type { imm: 'hxxxxx, rd: , opc: 'hxx }
cycle 5415
copperv1: received:         x
tagged U_type Instruction_$U_type { imm: 'hxxxxx, rd: , opc: 'hxx }
cycle 5416
copperv1: received:         x
tagged U_type Instruction_$U_type { imm: 'hxxxxx, rd: , opc: 'hxx }
cycle 5417
copperv1: received:         x
tagged U_type Instruction_$U_type { imm: 'hxxxxx, rd: , opc: 'hxx }
cycle 5418
copperv1: received:         x
tagged U_type Instruction_$U_type { imm: 'hxxxxx, rd: , opc: 'hxx }
cycle 5419
copperv1: received:         x
tagged U_type Instruction_$U_type { imm: 'hxxxxx, rd: , opc: 'hxx }
cycle 5420
copperv1: received:         x
tagged U_type Instruction_$U_type { imm: 'hxxxxx, rd: , opc: 'hxx }
cycle 5421
copperv1: received:         x
tagged U_type Instruction_$U_type { imm: 'hxxxxx, rd: , opc: 'hxx }
cycle 5422
copperv1: received:         x
tagged U_type Instruction_$U_type { imm: 'hxxxxx, rd: , opc: 'hxx }
cycle 5423
copperv1: received:         x
tagged U_type Instruction_$U_type { imm: 'hxxxxx, rd: , opc: 'hxx }
cycle 5424
copperv1: received:         x
tagged U_type Instruction_$U_type { imm: 'hxxxxx, rd: , opc: 'hxx }
cycle 5425
copperv1: received:         x
tagged U_type Instruction_$U_type { imm: 'hxxxxx, rd: , opc: 'hxx }
cycle 5426
copperv1: received:         x
tagged U_type Instruction_$U_type { imm: 'hxxxxx, rd: , opc: 'hxx }
cycle 5427
copperv1: received:         x
tagged U_type Instruction_$U_type { imm: 'hxxxxx, rd: , opc: 'hxx }
cycle 5428
copperv1: received:         x
tagged U_type Instruction_$U_type { imm: 'hxxxxx, rd: , opc: 'hxx }
cycle 5429
copperv1: received:         x
tagged U_type Instruction_$U_type { imm: 'hxxxxx, rd: , opc: 'hxx }
cycle 5430
copperv1: received:         x
tagged U_type Instruction_$U_type { imm: 'hxxxxx, rd: , opc: 'hxx }
cycle 5431
copperv1: received:         x
tagged U_type Instruction_$U_type { imm: 'hxxxxx, rd: , opc: 'hxx }
cycle 5432
copperv1: received:         x
tagged U_type Instruction_$U_type { imm: 'hxxxxx, rd: , opc: 'hxx }
cycle 5433
copperv1: received:         x
tagged U_type Instruction_$U_type { imm: 'hxxxxx, rd: , opc: 'hxx }
cycle 5434
copperv1: received:         x
tagged U_type Instruction_$U_type { imm: 'hxxxxx, rd: , opc: 'hxx }
cycle 5435
copperv1: received:         x
tagged U_type Instruction_$U_type { imm: 'hxxxxx, rd: , opc: 'hxx }
cycle 5436
copperv1: received:         x
tagged U_type Instruction_$U_type { imm: 'hxxxxx, rd: , opc: 'hxx }
cycle 5437
copperv1: received:         x
tagged U_type Instruction_$U_type { imm: 'hxxxxx, rd: , opc: 'hxx }
cycle 5438
copperv1: received:         x
tagged U_type Instruction_$U_type { imm: 'hxxxxx, rd: , opc: 'hxx }
cycle 5439
copperv1: received:         x
tagged U_type Instruction_$U_type { imm: 'hxxxxx, rd: , opc: 'hxx }
cycle 5440
copperv1: received:         x
tagged U_type Instruction_$U_type { imm: 'hxxxxx, rd: , opc: 'hxx }
cycle 5441
copperv1: received:         x
tagged U_type Instruction_$U_type { imm: 'hxxxxx, rd: , opc: 'hxx }
cycle 5442
copperv1: received:         x
tagged U_type Instruction_$U_type { imm: 'hxxxxx, rd: , opc: 'hxx }
cycle 5443
copperv1: received:         x
tagged U_type Instruction_$U_type { imm: 'hxxxxx, rd: , opc: 'hxx }
cycle 5444
copperv1: received:         x
tagged U_type Instruction_$U_type { imm: 'hxxxxx, rd: , opc: 'hxx }
cycle 5445
copperv1: received:         x
tagged U_type Instruction_$U_type { imm: 'hxxxxx, rd: , opc: 'hxx }
cycle 5446
copperv1: received:         x
tagged U_type Instruction_$U_type { imm: 'hxxxxx, rd: , opc: 'hxx }
cycle 5447
copperv1: received:         x
tagged U_type Instruction_$U_type { imm: 'hxxxxx, rd: , opc: 'hxx }
cycle 5448
copperv1: received:         x
tagged U_type Instruction_$U_type { imm: 'hxxxxx, rd: , opc: 'hxx }
cycle 5449
copperv1: received:         x
tagged U_type Instruction_$U_type { imm: 'hxxxxx, rd: , opc: 'hxx }
cycle 5450
copperv1: received:         x
tagged U_type Instruction_$U_type { imm: 'hxxxxx, rd: , opc: 'hxx }
cycle 5451
copperv1: received:         x
tagged U_type Instruction_$U_type { imm: 'hxxxxx, rd: , opc: 'hxx }
cycle 5452
copperv1: received:         x
tagged U_type Instruction_$U_type { imm: 'hxxxxx, rd: , opc: 'hxx }
cycle 5453
copperv1: received:         x
tagged U_type Instruction_$U_type { imm: 'hxxxxx, rd: , opc: 'hxx }
cycle 5454
copperv1: received:         x
tagged U_type Instruction_$U_type { imm: 'hxxxxx, rd: , opc: 'hxx }
cycle 5455
copperv1: received:         x
tagged U_type Instruction_$U_type { imm: 'hxxxxx, rd: , opc: 'hxx }
cycle 5456
copperv1: received:         x
tagged U_type Instruction_$U_type { imm: 'hxxxxx, rd: , opc: 'hxx }
cycle 5457
copperv1: received:         x
tagged U_type Instruction_$U_type { imm: 'hxxxxx, rd: , opc: 'hxx }
cycle 5458
copperv1: received:         x
tagged U_type Instruction_$U_type { imm: 'hxxxxx, rd: , opc: 'hxx }
cycle 5459
copperv1: received:         x
tagged U_type Instruction_$U_type { imm: 'hxxxxx, rd: , opc: 'hxx }
cycle 5460
copperv1: received:         x
tagged U_type Instruction_$U_type { imm: 'hxxxxx, rd: , opc: 'hxx }
cycle 5461
copperv1: received:         x
tagged U_type Instruction_$U_type { imm: 'hxxxxx, rd: , opc: 'hxx }
cycle 5462
copperv1: received:         x
tagged U_type Instruction_$U_type { imm: 'hxxxxx, rd: , opc: 'hxx }
cycle 5463
copperv1: received:         x
tagged U_type Instruction_$U_type { imm: 'hxxxxx, rd: , opc: 'hxx }
cycle 5464
copperv1: received:         x
tagged U_type Instruction_$U_type { imm: 'hxxxxx, rd: , opc: 'hxx }
cycle 5465
copperv1: received:         x
tagged U_type Instruction_$U_type { imm: 'hxxxxx, rd: , opc: 'hxx }
cycle 5466
copperv1: received:         x
tagged U_type Instruction_$U_type { imm: 'hxxxxx, rd: , opc: 'hxx }
cycle 5467
copperv1: received:         x
tagged U_type Instruction_$U_type { imm: 'hxxxxx, rd: , opc: 'hxx }
cycle 5468
copperv1: received:         x
tagged U_type Instruction_$U_type { imm: 'hxxxxx, rd: , opc: 'hxx }
cycle 5469
copperv1: received:         x
tagged U_type Instruction_$U_type { imm: 'hxxxxx, rd: , opc: 'hxx }
cycle 5470
copperv1: received:         x
tagged U_type Instruction_$U_type { imm: 'hxxxxx, rd: , opc: 'hxx }
cycle 5471
copperv1: received:         x
tagged U_type Instruction_$U_type { imm: 'hxxxxx, rd: , opc: 'hxx }
cycle 5472
copperv1: received:         x
tagged U_type Instruction_$U_type { imm: 'hxxxxx, rd: , opc: 'hxx }
cycle 5473
copperv1: received:         x
tagged U_type Instruction_$U_type { imm: 'hxxxxx, rd: , opc: 'hxx }
cycle 5474
copperv1: received:         x
tagged U_type Instruction_$U_type { imm: 'hxxxxx, rd: , opc: 'hxx }
cycle 5475
copperv1: received:         x
tagged U_type Instruction_$U_type { imm: 'hxxxxx, rd: , opc: 'hxx }
cycle 5476
copperv1: received:         x
tagged U_type Instruction_$U_type { imm: 'hxxxxx, rd: , opc: 'hxx }
cycle 5477
copperv1: received:         x
tagged U_type Instruction_$U_type { imm: 'hxxxxx, rd: , opc: 'hxx }
cycle 5478
copperv1: received:         x
tagged U_type Instruction_$U_type { imm: 'hxxxxx, rd: , opc: 'hxx }
cycle 5479
copperv1: received:         x
tagged U_type Instruction_$U_type { imm: 'hxxxxx, rd: , opc: 'hxx }
cycle 5480
copperv1: received:         x
tagged U_type Instruction_$U_type { imm: 'hxxxxx, rd: , opc: 'hxx }
cycle 5481
copperv1: received:         x
tagged U_type Instruction_$U_type { imm: 'hxxxxx, rd: , opc: 'hxx }
cycle 5482
copperv1: received:         x
tagged U_type Instruction_$U_type { imm: 'hxxxxx, rd: , opc: 'hxx }
cycle 5483
copperv1: received:         x
tagged U_type Instruction_$U_type { imm: 'hxxxxx, rd: , opc: 'hxx }
cycle 5484
copperv1: received:         x
tagged U_type Instruction_$U_type { imm: 'hxxxxx, rd: , opc: 'hxx }
cycle 5485
copperv1: received:         x
tagged U_type Instruction_$U_type { imm: 'hxxxxx, rd: , opc: 'hxx }
cycle 5486
copperv1: received:         x
tagged U_type Instruction_$U_type { imm: 'hxxxxx, rd: , opc: 'hxx }
cycle 5487
copperv1: received:         x
tagged U_type Instruction_$U_type { imm: 'hxxxxx, rd: , opc: 'hxx }
cycle 5488
copperv1: received:         x
tagged U_type Instruction_$U_type { imm: 'hxxxxx, rd: , opc: 'hxx }
cycle 5489
copperv1: received:         x
tagged U_type Instruction_$U_type { imm: 'hxxxxx, rd: , opc: 'hxx }
cycle 5490
copperv1: received:         x
tagged U_type Instruction_$U_type { imm: 'hxxxxx, rd: , opc: 'hxx }
cycle 5491
copperv1: received:         x
tagged U_type Instruction_$U_type { imm: 'hxxxxx, rd: , opc: 'hxx }
cycle 5492
copperv1: received:         x
tagged U_type Instruction_$U_type { imm: 'hxxxxx, rd: , opc: 'hxx }
cycle 5493
copperv1: received:         x
tagged U_type Instruction_$U_type { imm: 'hxxxxx, rd: , opc: 'hxx }
cycle 5494
copperv1: received:         x
tagged U_type Instruction_$U_type { imm: 'hxxxxx, rd: , opc: 'hxx }
cycle 5495
copperv1: received:         x
tagged U_type Instruction_$U_type { imm: 'hxxxxx, rd: , opc: 'hxx }
cycle 5496
copperv1: received:         x
tagged U_type Instruction_$U_type { imm: 'hxxxxx, rd: , opc: 'hxx }
cycle 5497
copperv1: received:         x
tagged U_type Instruction_$U_type { imm: 'hxxxxx, rd: , opc: 'hxx }
cycle 5498
copperv1: received:         x
tagged U_type Instruction_$U_type { imm: 'hxxxxx, rd: , opc: 'hxx }
cycle 5499
copperv1: received:         x
tagged U_type Instruction_$U_type { imm: 'hxxxxx, rd: , opc: 'hxx }
cycle 5500
copperv1: received:         x
tagged U_type Instruction_$U_type { imm: 'hxxxxx, rd: , opc: 'hxx }
cycle 5501
copperv1: received:         x
tagged U_type Instruction_$U_type { imm: 'hxxxxx, rd: , opc: 'hxx }
cycle 5502
copperv1: received:         x
tagged U_type Instruction_$U_type { imm: 'hxxxxx, rd: , opc: 'hxx }
cycle 5503
copperv1: received:         x
tagged U_type Instruction_$U_type { imm: 'hxxxxx, rd: , opc: 'hxx }
cycle 5504
copperv1: received:         x
tagged U_type Instruction_$U_type { imm: 'hxxxxx, rd: , opc: 'hxx }
cycle 5505
copperv1: received:         x
tagged U_type Instruction_$U_type { imm: 'hxxxxx, rd: , opc: 'hxx }
cycle 5506
copperv1: received:         x
tagged U_type Instruction_$U_type { imm: 'hxxxxx, rd: , opc: 'hxx }
cycle 5507
copperv1: received:         x
tagged U_type Instruction_$U_type { imm: 'hxxxxx, rd: , opc: 'hxx }
cycle 5508
copperv1: received:         x
tagged U_type Instruction_$U_type { imm: 'hxxxxx, rd: , opc: 'hxx }
cycle 5509
copperv1: received:         x
tagged U_type Instruction_$U_type { imm: 'hxxxxx, rd: , opc: 'hxx }
cycle 5510
copperv1: received:         x
tagged U_type Instruction_$U_type { imm: 'hxxxxx, rd: , opc: 'hxx }
cycle 5511
copperv1: received:         x
tagged U_type Instruction_$U_type { imm: 'hxxxxx, rd: , opc: 'hxx }
cycle 5512
copperv1: received:         x
tagged U_type Instruction_$U_type { imm: 'hxxxxx, rd: , opc: 'hxx }
cycle 5513
copperv1: received:         x
tagged U_type Instruction_$U_type { imm: 'hxxxxx, rd: , opc: 'hxx }
cycle 5514
copperv1: received:         x
tagged U_type Instruction_$U_type { imm: 'hxxxxx, rd: , opc: 'hxx }
cycle 5515
copperv1: received:         x
tagged U_type Instruction_$U_type { imm: 'hxxxxx, rd: , opc: 'hxx }
cycle 5516
copperv1: received:         x
tagged U_type Instruction_$U_type { imm: 'hxxxxx, rd: , opc: 'hxx }
cycle 5517
copperv1: received:         x
tagged U_type Instruction_$U_type { imm: 'hxxxxx, rd: , opc: 'hxx }
cycle 5518
copperv1: received:         x
tagged U_type Instruction_$U_type { imm: 'hxxxxx, rd: , opc: 'hxx }
cycle 5519
copperv1: received:         x
tagged U_type Instruction_$U_type { imm: 'hxxxxx, rd: , opc: 'hxx }
cycle 5520
copperv1: received:         x
tagged U_type Instruction_$U_type { imm: 'hxxxxx, rd: , opc: 'hxx }
cycle 5521
copperv1: received:         x
tagged U_type Instruction_$U_type { imm: 'hxxxxx, rd: , opc: 'hxx }
cycle 5522
copperv1: received:         x
tagged U_type Instruction_$U_type { imm: 'hxxxxx, rd: , opc: 'hxx }
cycle 5523
copperv1: received:         x
tagged U_type Instruction_$U_type { imm: 'hxxxxx, rd: , opc: 'hxx }
cycle 5524
copperv1: received:         x
tagged U_type Instruction_$U_type { imm: 'hxxxxx, rd: , opc: 'hxx }
cycle 5525
copperv1: received:         x
tagged U_type Instruction_$U_type { imm: 'hxxxxx, rd: , opc: 'hxx }
cycle 5526
copperv1: received:         x
tagged U_type Instruction_$U_type { imm: 'hxxxxx, rd: , opc: 'hxx }
cycle 5527
copperv1: received:         x
tagged U_type Instruction_$U_type { imm: 'hxxxxx, rd: , opc: 'hxx }
cycle 5528
copperv1: received:         x
tagged U_type Instruction_$U_type { imm: 'hxxxxx, rd: , opc: 'hxx }
cycle 5529
copperv1: received:         x
tagged U_type Instruction_$U_type { imm: 'hxxxxx, rd: , opc: 'hxx }
cycle 5530
copperv1: received:         x
tagged U_type Instruction_$U_type { imm: 'hxxxxx, rd: , opc: 'hxx }
cycle 5531
copperv1: received:         x
tagged U_type Instruction_$U_type { imm: 'hxxxxx, rd: , opc: 'hxx }
cycle 5532
copperv1: received:         x
tagged U_type Instruction_$U_type { imm: 'hxxxxx, rd: , opc: 'hxx }
cycle 5533
copperv1: received:         x
tagged U_type Instruction_$U_type { imm: 'hxxxxx, rd: , opc: 'hxx }
cycle 5534
copperv1: received:         x
tagged U_type Instruction_$U_type { imm: 'hxxxxx, rd: , opc: 'hxx }
cycle 5535
copperv1: received:         x
tagged U_type Instruction_$U_type { imm: 'hxxxxx, rd: , opc: 'hxx }
cycle 5536
copperv1: received:         x
tagged U_type Instruction_$U_type { imm: 'hxxxxx, rd: , opc: 'hxx }
cycle 5537
copperv1: received:         x
tagged U_type Instruction_$U_type { imm: 'hxxxxx, rd: , opc: 'hxx }
cycle 5538
copperv1: received:         x
tagged U_type Instruction_$U_type { imm: 'hxxxxx, rd: , opc: 'hxx }
cycle 5539
copperv1: received:         x
tagged U_type Instruction_$U_type { imm: 'hxxxxx, rd: , opc: 'hxx }
cycle 5540
copperv1: received:         x
tagged U_type Instruction_$U_type { imm: 'hxxxxx, rd: , opc: 'hxx }
cycle 5541
copperv1: received:         x
tagged U_type Instruction_$U_type { imm: 'hxxxxx, rd: , opc: 'hxx }
cycle 5542
copperv1: received:         x
tagged U_type Instruction_$U_type { imm: 'hxxxxx, rd: , opc: 'hxx }
cycle 5543
copperv1: received:         x
tagged U_type Instruction_$U_type { imm: 'hxxxxx, rd: , opc: 'hxx }
cycle 5544
copperv1: received:         x
tagged U_type Instruction_$U_type { imm: 'hxxxxx, rd: , opc: 'hxx }
cycle 5545
copperv1: received:         x
tagged U_type Instruction_$U_type { imm: 'hxxxxx, rd: , opc: 'hxx }
cycle 5546
copperv1: received:         x
tagged U_type Instruction_$U_type { imm: 'hxxxxx, rd: , opc: 'hxx }
cycle 5547
copperv1: received:         x
tagged U_type Instruction_$U_type { imm: 'hxxxxx, rd: , opc: 'hxx }
cycle 5548
copperv1: received:         x
tagged U_type Instruction_$U_type { imm: 'hxxxxx, rd: , opc: 'hxx }
cycle 5549
copperv1: received:         x
tagged U_type Instruction_$U_type { imm: 'hxxxxx, rd: , opc: 'hxx }
cycle 5550
copperv1: received:         x
tagged U_type Instruction_$U_type { imm: 'hxxxxx, rd: , opc: 'hxx }
cycle 5551
copperv1: received:         x
tagged U_type Instruction_$U_type { imm: 'hxxxxx, rd: , opc: 'hxx }
cycle 5552
copperv1: received:         x
tagged U_type Instruction_$U_type { imm: 'hxxxxx, rd: , opc: 'hxx }
cycle 5553
copperv1: received:         x
tagged U_type Instruction_$U_type { imm: 'hxxxxx, rd: , opc: 'hxx }
cycle 5554
copperv1: received:         x
tagged U_type Instruction_$U_type { imm: 'hxxxxx, rd: , opc: 'hxx }
cycle 5555
copperv1: received:         x
tagged U_type Instruction_$U_type { imm: 'hxxxxx, rd: , opc: 'hxx }
cycle 5556
copperv1: received:         x
tagged U_type Instruction_$U_type { imm: 'hxxxxx, rd: , opc: 'hxx }
cycle 5557
copperv1: received:         x
tagged U_type Instruction_$U_type { imm: 'hxxxxx, rd: , opc: 'hxx }
cycle 5558
copperv1: received:         x
tagged U_type Instruction_$U_type { imm: 'hxxxxx, rd: , opc: 'hxx }
cycle 5559
copperv1: received:         x
tagged U_type Instruction_$U_type { imm: 'hxxxxx, rd: , opc: 'hxx }
cycle 5560
copperv1: received:         x
tagged U_type Instruction_$U_type { imm: 'hxxxxx, rd: , opc: 'hxx }
cycle 5561
copperv1: received:         x
tagged U_type Instruction_$U_type { imm: 'hxxxxx, rd: , opc: 'hxx }
cycle 5562
copperv1: received:         x
tagged U_type Instruction_$U_type { imm: 'hxxxxx, rd: , opc: 'hxx }
cycle 5563
copperv1: received:         x
tagged U_type Instruction_$U_type { imm: 'hxxxxx, rd: , opc: 'hxx }
cycle 5564
copperv1: received:         x
tagged U_type Instruction_$U_type { imm: 'hxxxxx, rd: , opc: 'hxx }
cycle 5565
copperv1: received:         x
tagged U_type Instruction_$U_type { imm: 'hxxxxx, rd: , opc: 'hxx }
cycle 5566
copperv1: received:         x
tagged U_type Instruction_$U_type { imm: 'hxxxxx, rd: , opc: 'hxx }
cycle 5567
copperv1: received:         x
tagged U_type Instruction_$U_type { imm: 'hxxxxx, rd: , opc: 'hxx }
cycle 5568
copperv1: received:         x
tagged U_type Instruction_$U_type { imm: 'hxxxxx, rd: , opc: 'hxx }
cycle 5569
copperv1: received:         x
tagged U_type Instruction_$U_type { imm: 'hxxxxx, rd: , opc: 'hxx }
cycle 5570
copperv1: received:         x
tagged U_type Instruction_$U_type { imm: 'hxxxxx, rd: , opc: 'hxx }
cycle 5571
copperv1: received:         x
tagged U_type Instruction_$U_type { imm: 'hxxxxx, rd: , opc: 'hxx }
cycle 5572
copperv1: received:         x
tagged U_type Instruction_$U_type { imm: 'hxxxxx, rd: , opc: 'hxx }
cycle 5573
copperv1: received:         x
tagged U_type Instruction_$U_type { imm: 'hxxxxx, rd: , opc: 'hxx }
cycle 5574
copperv1: received:         x
tagged U_type Instruction_$U_type { imm: 'hxxxxx, rd: , opc: 'hxx }
cycle 5575
copperv1: received:         x
tagged U_type Instruction_$U_type { imm: 'hxxxxx, rd: , opc: 'hxx }
cycle 5576
copperv1: received:         x
tagged U_type Instruction_$U_type { imm: 'hxxxxx, rd: , opc: 'hxx }
cycle 5577
copperv1: received:         x
tagged U_type Instruction_$U_type { imm: 'hxxxxx, rd: , opc: 'hxx }
cycle 5578
copperv1: received:         x
tagged U_type Instruction_$U_type { imm: 'hxxxxx, rd: , opc: 'hxx }
cycle 5579
copperv1: received:         x
tagged U_type Instruction_$U_type { imm: 'hxxxxx, rd: , opc: 'hxx }
cycle 5580
copperv1: received:         x
tagged U_type Instruction_$U_type { imm: 'hxxxxx, rd: , opc: 'hxx }
cycle 5581
copperv1: received:         x
tagged U_type Instruction_$U_type { imm: 'hxxxxx, rd: , opc: 'hxx }
cycle 5582
copperv1: received:         x
tagged U_type Instruction_$U_type { imm: 'hxxxxx, rd: , opc: 'hxx }
cycle 5583
copperv1: received:         x
tagged U_type Instruction_$U_type { imm: 'hxxxxx, rd: , opc: 'hxx }
cycle 5584
copperv1: received:         x
tagged U_type Instruction_$U_type { imm: 'hxxxxx, rd: , opc: 'hxx }
cycle 5585
copperv1: received:         x
tagged U_type Instruction_$U_type { imm: 'hxxxxx, rd: , opc: 'hxx }
cycle 5586
copperv1: received:         x
tagged U_type Instruction_$U_type { imm: 'hxxxxx, rd: , opc: 'hxx }
cycle 5587
copperv1: received:         x
tagged U_type Instruction_$U_type { imm: 'hxxxxx, rd: , opc: 'hxx }
cycle 5588
copperv1: received:         x
tagged U_type Instruction_$U_type { imm: 'hxxxxx, rd: , opc: 'hxx }
cycle 5589
copperv1: received:         x
tagged U_type Instruction_$U_type { imm: 'hxxxxx, rd: , opc: 'hxx }
cycle 5590
copperv1: received:         x
tagged U_type Instruction_$U_type { imm: 'hxxxxx, rd: , opc: 'hxx }
cycle 5591
copperv1: received:         x
tagged U_type Instruction_$U_type { imm: 'hxxxxx, rd: , opc: 'hxx }
cycle 5592
copperv1: received:         x
tagged U_type Instruction_$U_type { imm: 'hxxxxx, rd: , opc: 'hxx }
cycle 5593
copperv1: received:         x
tagged U_type Instruction_$U_type { imm: 'hxxxxx, rd: , opc: 'hxx }
cycle 5594
copperv1: received:         x
tagged U_type Instruction_$U_type { imm: 'hxxxxx, rd: , opc: 'hxx }
cycle 5595
copperv1: received:         x
tagged U_type Instruction_$U_type { imm: 'hxxxxx, rd: , opc: 'hxx }
cycle 5596
copperv1: received:         x
tagged U_type Instruction_$U_type { imm: 'hxxxxx, rd: , opc: 'hxx }
cycle 5597
copperv1: received:         x
tagged U_type Instruction_$U_type { imm: 'hxxxxx, rd: , opc: 'hxx }
cycle 5598
copperv1: received:         x
tagged U_type Instruction_$U_type { imm: 'hxxxxx, rd: , opc: 'hxx }
cycle 5599
copperv1: received:         x
tagged U_type Instruction_$U_type { imm: 'hxxxxx, rd: , opc: 'hxx }
cycle 5600
copperv1: received:         x
tagged U_type Instruction_$U_type { imm: 'hxxxxx, rd: , opc: 'hxx }
cycle 5601
copperv1: received:         x
tagged U_type Instruction_$U_type { imm: 'hxxxxx, rd: , opc: 'hxx }
cycle 5602
copperv1: received:         x
tagged U_type Instruction_$U_type { imm: 'hxxxxx, rd: , opc: 'hxx }
cycle 5603
copperv1: received:         x
tagged U_type Instruction_$U_type { imm: 'hxxxxx, rd: , opc: 'hxx }
cycle 5604
copperv1: received:         x
tagged U_type Instruction_$U_type { imm: 'hxxxxx, rd: , opc: 'hxx }
cycle 5605
copperv1: received:         x
tagged U_type Instruction_$U_type { imm: 'hxxxxx, rd: , opc: 'hxx }
cycle 5606
copperv1: received:         x
tagged U_type Instruction_$U_type { imm: 'hxxxxx, rd: , opc: 'hxx }
cycle 5607
copperv1: received:         x
tagged U_type Instruction_$U_type { imm: 'hxxxxx, rd: , opc: 'hxx }
cycle 5608
copperv1: received:         x
tagged U_type Instruction_$U_type { imm: 'hxxxxx, rd: , opc: 'hxx }
cycle 5609
copperv1: received:         x
tagged U_type Instruction_$U_type { imm: 'hxxxxx, rd: , opc: 'hxx }
cycle 5610
copperv1: received:         x
tagged U_type Instruction_$U_type { imm: 'hxxxxx, rd: , opc: 'hxx }
cycle 5611
copperv1: received:         x
tagged U_type Instruction_$U_type { imm: 'hxxxxx, rd: , opc: 'hxx }
cycle 5612
copperv1: received:         x
tagged U_type Instruction_$U_type { imm: 'hxxxxx, rd: , opc: 'hxx }
cycle 5613
copperv1: received:         x
tagged U_type Instruction_$U_type { imm: 'hxxxxx, rd: , opc: 'hxx }
cycle 5614
copperv1: received:         x
tagged U_type Instruction_$U_type { imm: 'hxxxxx, rd: , opc: 'hxx }
cycle 5615
copperv1: received:         x
tagged U_type Instruction_$U_type { imm: 'hxxxxx, rd: , opc: 'hxx }
cycle 5616
copperv1: received:         x
tagged U_type Instruction_$U_type { imm: 'hxxxxx, rd: , opc: 'hxx }
cycle 5617
copperv1: received:         x
tagged U_type Instruction_$U_type { imm: 'hxxxxx, rd: , opc: 'hxx }
cycle 5618
copperv1: received:         x
tagged U_type Instruction_$U_type { imm: 'hxxxxx, rd: , opc: 'hxx }
cycle 5619
copperv1: received:         x
tagged U_type Instruction_$U_type { imm: 'hxxxxx, rd: , opc: 'hxx }
cycle 5620
copperv1: received:         x
tagged U_type Instruction_$U_type { imm: 'hxxxxx, rd: , opc: 'hxx }
cycle 5621
copperv1: received:         x
tagged U_type Instruction_$U_type { imm: 'hxxxxx, rd: , opc: 'hxx }
cycle 5622
copperv1: received:         x
tagged U_type Instruction_$U_type { imm: 'hxxxxx, rd: , opc: 'hxx }
cycle 5623
copperv1: received:         x
tagged U_type Instruction_$U_type { imm: 'hxxxxx, rd: , opc: 'hxx }
cycle 5624
copperv1: received:         x
tagged U_type Instruction_$U_type { imm: 'hxxxxx, rd: , opc: 'hxx }
cycle 5625
copperv1: received:         x
tagged U_type Instruction_$U_type { imm: 'hxxxxx, rd: , opc: 'hxx }
cycle 5626
copperv1: received:         x
tagged U_type Instruction_$U_type { imm: 'hxxxxx, rd: , opc: 'hxx }
cycle 5627
copperv1: received:         x
tagged U_type Instruction_$U_type { imm: 'hxxxxx, rd: , opc: 'hxx }
cycle 5628
copperv1: received:         x
tagged U_type Instruction_$U_type { imm: 'hxxxxx, rd: , opc: 'hxx }
cycle 5629
copperv1: received:         x
tagged U_type Instruction_$U_type { imm: 'hxxxxx, rd: , opc: 'hxx }
cycle 5630
copperv1: received:         x
tagged U_type Instruction_$U_type { imm: 'hxxxxx, rd: , opc: 'hxx }
cycle 5631
copperv1: received:         x
tagged U_type Instruction_$U_type { imm: 'hxxxxx, rd: , opc: 'hxx }
cycle 5632
copperv1: received:         x
tagged U_type Instruction_$U_type { imm: 'hxxxxx, rd: , opc: 'hxx }
cycle 5633
copperv1: received:         x
tagged U_type Instruction_$U_type { imm: 'hxxxxx, rd: , opc: 'hxx }
cycle 5634
copperv1: received:         x
tagged U_type Instruction_$U_type { imm: 'hxxxxx, rd: , opc: 'hxx }
cycle 5635
copperv1: received:         x
tagged U_type Instruction_$U_type { imm: 'hxxxxx, rd: , opc: 'hxx }
cycle 5636
copperv1: received:         x
tagged U_type Instruction_$U_type { imm: 'hxxxxx, rd: , opc: 'hxx }
cycle 5637
copperv1: received:         x
tagged U_type Instruction_$U_type { imm: 'hxxxxx, rd: , opc: 'hxx }
cycle 5638
copperv1: received:         x
tagged U_type Instruction_$U_type { imm: 'hxxxxx, rd: , opc: 'hxx }
cycle 5639
copperv1: received:         x
tagged U_type Instruction_$U_type { imm: 'hxxxxx, rd: , opc: 'hxx }
cycle 5640
copperv1: received:         x
tagged U_type Instruction_$U_type { imm: 'hxxxxx, rd: , opc: 'hxx }
cycle 5641
copperv1: received:         x
tagged U_type Instruction_$U_type { imm: 'hxxxxx, rd: , opc: 'hxx }
cycle 5642
copperv1: received:         x
tagged U_type Instruction_$U_type { imm: 'hxxxxx, rd: , opc: 'hxx }
cycle 5643
copperv1: received:         x
tagged U_type Instruction_$U_type { imm: 'hxxxxx, rd: , opc: 'hxx }
cycle 5644
copperv1: received:         x
tagged U_type Instruction_$U_type { imm: 'hxxxxx, rd: , opc: 'hxx }
cycle 5645
copperv1: received:         x
tagged U_type Instruction_$U_type { imm: 'hxxxxx, rd: , opc: 'hxx }
cycle 5646
copperv1: received:         x
tagged U_type Instruction_$U_type { imm: 'hxxxxx, rd: , opc: 'hxx }
cycle 5647
copperv1: received:         x
tagged U_type Instruction_$U_type { imm: 'hxxxxx, rd: , opc: 'hxx }
cycle 5648
copperv1: received:         x
tagged U_type Instruction_$U_type { imm: 'hxxxxx, rd: , opc: 'hxx }
cycle 5649
copperv1: received:         x
tagged U_type Instruction_$U_type { imm: 'hxxxxx, rd: , opc: 'hxx }
cycle 5650
copperv1: received:         x
tagged U_type Instruction_$U_type { imm: 'hxxxxx, rd: , opc: 'hxx }
cycle 5651
copperv1: received:         x
tagged U_type Instruction_$U_type { imm: 'hxxxxx, rd: , opc: 'hxx }
cycle 5652
copperv1: received:         x
tagged U_type Instruction_$U_type { imm: 'hxxxxx, rd: , opc: 'hxx }
cycle 5653
copperv1: received:         x
tagged U_type Instruction_$U_type { imm: 'hxxxxx, rd: , opc: 'hxx }
cycle 5654
copperv1: received:         x
tagged U_type Instruction_$U_type { imm: 'hxxxxx, rd: , opc: 'hxx }
cycle 5655
copperv1: received:         x
tagged U_type Instruction_$U_type { imm: 'hxxxxx, rd: , opc: 'hxx }
cycle 5656
copperv1: received:         x
tagged U_type Instruction_$U_type { imm: 'hxxxxx, rd: , opc: 'hxx }
cycle 5657
copperv1: received:         x
tagged U_type Instruction_$U_type { imm: 'hxxxxx, rd: , opc: 'hxx }
cycle 5658
copperv1: received:         x
tagged U_type Instruction_$U_type { imm: 'hxxxxx, rd: , opc: 'hxx }
cycle 5659
copperv1: received:         x
tagged U_type Instruction_$U_type { imm: 'hxxxxx, rd: , opc: 'hxx }
cycle 5660
copperv1: received:         x
tagged U_type Instruction_$U_type { imm: 'hxxxxx, rd: , opc: 'hxx }
cycle 5661
copperv1: received:         x
tagged U_type Instruction_$U_type { imm: 'hxxxxx, rd: , opc: 'hxx }
cycle 5662
copperv1: received:         x
tagged U_type Instruction_$U_type { imm: 'hxxxxx, rd: , opc: 'hxx }
cycle 5663
copperv1: received:         x
tagged U_type Instruction_$U_type { imm: 'hxxxxx, rd: , opc: 'hxx }
cycle 5664
copperv1: received:         x
tagged U_type Instruction_$U_type { imm: 'hxxxxx, rd: , opc: 'hxx }
cycle 5665
copperv1: received:         x
tagged U_type Instruction_$U_type { imm: 'hxxxxx, rd: , opc: 'hxx }
cycle 5666
copperv1: received:         x
tagged U_type Instruction_$U_type { imm: 'hxxxxx, rd: , opc: 'hxx }
cycle 5667
copperv1: received:         x
tagged U_type Instruction_$U_type { imm: 'hxxxxx, rd: , opc: 'hxx }
cycle 5668
copperv1: received:         x
tagged U_type Instruction_$U_type { imm: 'hxxxxx, rd: , opc: 'hxx }
cycle 5669
copperv1: received:         x
tagged U_type Instruction_$U_type { imm: 'hxxxxx, rd: , opc: 'hxx }
cycle 5670
copperv1: received:         x
tagged U_type Instruction_$U_type { imm: 'hxxxxx, rd: , opc: 'hxx }
cycle 5671
copperv1: received:         x
tagged U_type Instruction_$U_type { imm: 'hxxxxx, rd: , opc: 'hxx }
cycle 5672
copperv1: received:         x
tagged U_type Instruction_$U_type { imm: 'hxxxxx, rd: , opc: 'hxx }
cycle 5673
copperv1: received:         x
tagged U_type Instruction_$U_type { imm: 'hxxxxx, rd: , opc: 'hxx }
cycle 5674
copperv1: received:         x
tagged U_type Instruction_$U_type { imm: 'hxxxxx, rd: , opc: 'hxx }
cycle 5675
copperv1: received:         x
tagged U_type Instruction_$U_type { imm: 'hxxxxx, rd: , opc: 'hxx }
cycle 5676
copperv1: received:         x
tagged U_type Instruction_$U_type { imm: 'hxxxxx, rd: , opc: 'hxx }
cycle 5677
copperv1: received:         x
tagged U_type Instruction_$U_type { imm: 'hxxxxx, rd: , opc: 'hxx }
cycle 5678
copperv1: received:         x
tagged U_type Instruction_$U_type { imm: 'hxxxxx, rd: , opc: 'hxx }
cycle 5679
copperv1: received:         x
tagged U_type Instruction_$U_type { imm: 'hxxxxx, rd: , opc: 'hxx }
cycle 5680
copperv1: received:         x
tagged U_type Instruction_$U_type { imm: 'hxxxxx, rd: , opc: 'hxx }
cycle 5681
copperv1: received:         x
tagged U_type Instruction_$U_type { imm: 'hxxxxx, rd: , opc: 'hxx }
cycle 5682
copperv1: received:         x
tagged U_type Instruction_$U_type { imm: 'hxxxxx, rd: , opc: 'hxx }
cycle 5683
copperv1: received:         x
tagged U_type Instruction_$U_type { imm: 'hxxxxx, rd: , opc: 'hxx }
cycle 5684
copperv1: received:         x
tagged U_type Instruction_$U_type { imm: 'hxxxxx, rd: , opc: 'hxx }
cycle 5685
copperv1: received:         x
tagged U_type Instruction_$U_type { imm: 'hxxxxx, rd: , opc: 'hxx }
cycle 5686
copperv1: received:         x
tagged U_type Instruction_$U_type { imm: 'hxxxxx, rd: , opc: 'hxx }
cycle 5687
copperv1: received:         x
tagged U_type Instruction_$U_type { imm: 'hxxxxx, rd: , opc: 'hxx }
cycle 5688
copperv1: received:         x
tagged U_type Instruction_$U_type { imm: 'hxxxxx, rd: , opc: 'hxx }
cycle 5689
copperv1: received:         x
tagged U_type Instruction_$U_type { imm: 'hxxxxx, rd: , opc: 'hxx }
cycle 5690
copperv1: received:         x
tagged U_type Instruction_$U_type { imm: 'hxxxxx, rd: , opc: 'hxx }
cycle 5691
copperv1: received:         x
tagged U_type Instruction_$U_type { imm: 'hxxxxx, rd: , opc: 'hxx }
cycle 5692
copperv1: received:         x
tagged U_type Instruction_$U_type { imm: 'hxxxxx, rd: , opc: 'hxx }
cycle 5693
copperv1: received:         x
tagged U_type Instruction_$U_type { imm: 'hxxxxx, rd: , opc: 'hxx }
cycle 5694
copperv1: received:         x
tagged U_type Instruction_$U_type { imm: 'hxxxxx, rd: , opc: 'hxx }
cycle 5695
copperv1: received:         x
tagged U_type Instruction_$U_type { imm: 'hxxxxx, rd: , opc: 'hxx }
cycle 5696
copperv1: received:         x
tagged U_type Instruction_$U_type { imm: 'hxxxxx, rd: , opc: 'hxx }
cycle 5697
copperv1: received:         x
tagged U_type Instruction_$U_type { imm: 'hxxxxx, rd: , opc: 'hxx }
cycle 5698
copperv1: received:         x
tagged U_type Instruction_$U_type { imm: 'hxxxxx, rd: , opc: 'hxx }
cycle 5699
copperv1: received:         x
tagged U_type Instruction_$U_type { imm: 'hxxxxx, rd: , opc: 'hxx }
cycle 5700
copperv1: received:         x
tagged U_type Instruction_$U_type { imm: 'hxxxxx, rd: , opc: 'hxx }
cycle 5701
copperv1: received:         x
tagged U_type Instruction_$U_type { imm: 'hxxxxx, rd: , opc: 'hxx }
cycle 5702
copperv1: received:         x
tagged U_type Instruction_$U_type { imm: 'hxxxxx, rd: , opc: 'hxx }
cycle 5703
copperv1: received:         x
tagged U_type Instruction_$U_type { imm: 'hxxxxx, rd: , opc: 'hxx }
cycle 5704
copperv1: received:         x
tagged U_type Instruction_$U_type { imm: 'hxxxxx, rd: , opc: 'hxx }
cycle 5705
copperv1: received:         x
tagged U_type Instruction_$U_type { imm: 'hxxxxx, rd: , opc: 'hxx }
cycle 5706
copperv1: received:         x
tagged U_type Instruction_$U_type { imm: 'hxxxxx, rd: , opc: 'hxx }
cycle 5707
copperv1: received:         x
tagged U_type Instruction_$U_type { imm: 'hxxxxx, rd: , opc: 'hxx }
cycle 5708
copperv1: received:         x
tagged U_type Instruction_$U_type { imm: 'hxxxxx, rd: , opc: 'hxx }
cycle 5709
copperv1: received:         x
tagged U_type Instruction_$U_type { imm: 'hxxxxx, rd: , opc: 'hxx }
cycle 5710
copperv1: received:         x
tagged U_type Instruction_$U_type { imm: 'hxxxxx, rd: , opc: 'hxx }
cycle 5711
copperv1: received:         x
tagged U_type Instruction_$U_type { imm: 'hxxxxx, rd: , opc: 'hxx }
cycle 5712
copperv1: received:         x
tagged U_type Instruction_$U_type { imm: 'hxxxxx, rd: , opc: 'hxx }
cycle 5713
copperv1: received:         x
tagged U_type Instruction_$U_type { imm: 'hxxxxx, rd: , opc: 'hxx }
cycle 5714
copperv1: received:         x
tagged U_type Instruction_$U_type { imm: 'hxxxxx, rd: , opc: 'hxx }
cycle 5715
copperv1: received:         x
tagged U_type Instruction_$U_type { imm: 'hxxxxx, rd: , opc: 'hxx }
cycle 5716
copperv1: received:         x
tagged U_type Instruction_$U_type { imm: 'hxxxxx, rd: , opc: 'hxx }
cycle 5717
copperv1: received:         x
tagged U_type Instruction_$U_type { imm: 'hxxxxx, rd: , opc: 'hxx }
cycle 5718
copperv1: received:         x
tagged U_type Instruction_$U_type { imm: 'hxxxxx, rd: , opc: 'hxx }
cycle 5719
copperv1: received:         x
tagged U_type Instruction_$U_type { imm: 'hxxxxx, rd: , opc: 'hxx }
cycle 5720
copperv1: received:         x
tagged U_type Instruction_$U_type { imm: 'hxxxxx, rd: , opc: 'hxx }
cycle 5721
copperv1: received:         x
tagged U_type Instruction_$U_type { imm: 'hxxxxx, rd: , opc: 'hxx }
cycle 5722
copperv1: received:         x
tagged U_type Instruction_$U_type { imm: 'hxxxxx, rd: , opc: 'hxx }
cycle 5723
copperv1: received:         x
tagged U_type Instruction_$U_type { imm: 'hxxxxx, rd: , opc: 'hxx }
cycle 5724
copperv1: received:         x
tagged U_type Instruction_$U_type { imm: 'hxxxxx, rd: , opc: 'hxx }
cycle 5725
copperv1: received:         x
tagged U_type Instruction_$U_type { imm: 'hxxxxx, rd: , opc: 'hxx }
cycle 5726
copperv1: received:         x
tagged U_type Instruction_$U_type { imm: 'hxxxxx, rd: , opc: 'hxx }
cycle 5727
copperv1: received:         x
tagged U_type Instruction_$U_type { imm: 'hxxxxx, rd: , opc: 'hxx }
cycle 5728
copperv1: received:         x
tagged U_type Instruction_$U_type { imm: 'hxxxxx, rd: , opc: 'hxx }
cycle 5729
copperv1: received:         x
tagged U_type Instruction_$U_type { imm: 'hxxxxx, rd: , opc: 'hxx }
cycle 5730
copperv1: received:         x
tagged U_type Instruction_$U_type { imm: 'hxxxxx, rd: , opc: 'hxx }
cycle 5731
copperv1: received:         x
tagged U_type Instruction_$U_type { imm: 'hxxxxx, rd: , opc: 'hxx }
cycle 5732
copperv1: received:         x
tagged U_type Instruction_$U_type { imm: 'hxxxxx, rd: , opc: 'hxx }
cycle 5733
copperv1: received:         x
tagged U_type Instruction_$U_type { imm: 'hxxxxx, rd: , opc: 'hxx }
cycle 5734
copperv1: received:         x
tagged U_type Instruction_$U_type { imm: 'hxxxxx, rd: , opc: 'hxx }
cycle 5735
copperv1: received:         x
tagged U_type Instruction_$U_type { imm: 'hxxxxx, rd: , opc: 'hxx }
cycle 5736
copperv1: received:         x
tagged U_type Instruction_$U_type { imm: 'hxxxxx, rd: , opc: 'hxx }
cycle 5737
copperv1: received:         x
tagged U_type Instruction_$U_type { imm: 'hxxxxx, rd: , opc: 'hxx }
cycle 5738
copperv1: received:         x
tagged U_type Instruction_$U_type { imm: 'hxxxxx, rd: , opc: 'hxx }
cycle 5739
copperv1: received:         x
tagged U_type Instruction_$U_type { imm: 'hxxxxx, rd: , opc: 'hxx }
cycle 5740
copperv1: received:         x
tagged U_type Instruction_$U_type { imm: 'hxxxxx, rd: , opc: 'hxx }
cycle 5741
copperv1: received:         x
tagged U_type Instruction_$U_type { imm: 'hxxxxx, rd: , opc: 'hxx }
cycle 5742
copperv1: received:         x
tagged U_type Instruction_$U_type { imm: 'hxxxxx, rd: , opc: 'hxx }
cycle 5743
copperv1: received:         x
tagged U_type Instruction_$U_type { imm: 'hxxxxx, rd: , opc: 'hxx }
cycle 5744
copperv1: received:         x
tagged U_type Instruction_$U_type { imm: 'hxxxxx, rd: , opc: 'hxx }
cycle 5745
copperv1: received:         x
tagged U_type Instruction_$U_type { imm: 'hxxxxx, rd: , opc: 'hxx }
cycle 5746
copperv1: received:         x
tagged U_type Instruction_$U_type { imm: 'hxxxxx, rd: , opc: 'hxx }
cycle 5747
copperv1: received:         x
tagged U_type Instruction_$U_type { imm: 'hxxxxx, rd: , opc: 'hxx }
cycle 5748
copperv1: received:         x
tagged U_type Instruction_$U_type { imm: 'hxxxxx, rd: , opc: 'hxx }
cycle 5749
copperv1: received:         x
tagged U_type Instruction_$U_type { imm: 'hxxxxx, rd: , opc: 'hxx }
cycle 5750
copperv1: received:         x
tagged U_type Instruction_$U_type { imm: 'hxxxxx, rd: , opc: 'hxx }
cycle 5751
copperv1: received:         x
tagged U_type Instruction_$U_type { imm: 'hxxxxx, rd: , opc: 'hxx }
cycle 5752
copperv1: received:         x
tagged U_type Instruction_$U_type { imm: 'hxxxxx, rd: , opc: 'hxx }
cycle 5753
copperv1: received:         x
tagged U_type Instruction_$U_type { imm: 'hxxxxx, rd: , opc: 'hxx }
cycle 5754
copperv1: received:         x
tagged U_type Instruction_$U_type { imm: 'hxxxxx, rd: , opc: 'hxx }
cycle 5755
copperv1: received:         x
tagged U_type Instruction_$U_type { imm: 'hxxxxx, rd: , opc: 'hxx }
cycle 5756
copperv1: received:         x
tagged U_type Instruction_$U_type { imm: 'hxxxxx, rd: , opc: 'hxx }
cycle 5757
copperv1: received:         x
tagged U_type Instruction_$U_type { imm: 'hxxxxx, rd: , opc: 'hxx }
cycle 5758
copperv1: received:         x
tagged U_type Instruction_$U_type { imm: 'hxxxxx, rd: , opc: 'hxx }
cycle 5759
copperv1: received:         x
tagged U_type Instruction_$U_type { imm: 'hxxxxx, rd: , opc: 'hxx }
cycle 5760
copperv1: received:         x
tagged U_type Instruction_$U_type { imm: 'hxxxxx, rd: , opc: 'hxx }
cycle 5761
copperv1: received:         x
tagged U_type Instruction_$U_type { imm: 'hxxxxx, rd: , opc: 'hxx }
cycle 5762
copperv1: received:         x
tagged U_type Instruction_$U_type { imm: 'hxxxxx, rd: , opc: 'hxx }
cycle 5763
copperv1: received:         x
tagged U_type Instruction_$U_type { imm: 'hxxxxx, rd: , opc: 'hxx }
cycle 5764
copperv1: received:         x
tagged U_type Instruction_$U_type { imm: 'hxxxxx, rd: , opc: 'hxx }
cycle 5765
copperv1: received:         x
tagged U_type Instruction_$U_type { imm: 'hxxxxx, rd: , opc: 'hxx }
cycle 5766
copperv1: received:         x
tagged U_type Instruction_$U_type { imm: 'hxxxxx, rd: , opc: 'hxx }
cycle 5767
copperv1: received:         x
tagged U_type Instruction_$U_type { imm: 'hxxxxx, rd: , opc: 'hxx }
cycle 5768
copperv1: received:         x
tagged U_type Instruction_$U_type { imm: 'hxxxxx, rd: , opc: 'hxx }
cycle 5769
copperv1: received:         x
tagged U_type Instruction_$U_type { imm: 'hxxxxx, rd: , opc: 'hxx }
cycle 5770
copperv1: received:         x
tagged U_type Instruction_$U_type { imm: 'hxxxxx, rd: , opc: 'hxx }
cycle 5771
copperv1: received:         x
tagged U_type Instruction_$U_type { imm: 'hxxxxx, rd: , opc: 'hxx }
cycle 5772
copperv1: received:         x
tagged U_type Instruction_$U_type { imm: 'hxxxxx, rd: , opc: 'hxx }
cycle 5773
copperv1: received:         x
tagged U_type Instruction_$U_type { imm: 'hxxxxx, rd: , opc: 'hxx }
cycle 5774
copperv1: received:         x
tagged U_type Instruction_$U_type { imm: 'hxxxxx, rd: , opc: 'hxx }
cycle 5775
copperv1: received:         x
tagged U_type Instruction_$U_type { imm: 'hxxxxx, rd: , opc: 'hxx }
cycle 5776
copperv1: received:         x
tagged U_type Instruction_$U_type { imm: 'hxxxxx, rd: , opc: 'hxx }
cycle 5777
copperv1: received:         x
tagged U_type Instruction_$U_type { imm: 'hxxxxx, rd: , opc: 'hxx }
cycle 5778
copperv1: received:         x
tagged U_type Instruction_$U_type { imm: 'hxxxxx, rd: , opc: 'hxx }
cycle 5779
copperv1: received:         x
tagged U_type Instruction_$U_type { imm: 'hxxxxx, rd: , opc: 'hxx }
cycle 5780
copperv1: received:         x
tagged U_type Instruction_$U_type { imm: 'hxxxxx, rd: , opc: 'hxx }
cycle 5781
copperv1: received:         x
tagged U_type Instruction_$U_type { imm: 'hxxxxx, rd: , opc: 'hxx }
cycle 5782
copperv1: received:         x
tagged U_type Instruction_$U_type { imm: 'hxxxxx, rd: , opc: 'hxx }
cycle 5783
copperv1: received:         x
tagged U_type Instruction_$U_type { imm: 'hxxxxx, rd: , opc: 'hxx }
cycle 5784
copperv1: received:         x
tagged U_type Instruction_$U_type { imm: 'hxxxxx, rd: , opc: 'hxx }
cycle 5785
copperv1: received:         x
tagged U_type Instruction_$U_type { imm: 'hxxxxx, rd: , opc: 'hxx }
cycle 5786
copperv1: received:         x
tagged U_type Instruction_$U_type { imm: 'hxxxxx, rd: , opc: 'hxx }
cycle 5787
copperv1: received:         x
tagged U_type Instruction_$U_type { imm: 'hxxxxx, rd: , opc: 'hxx }
cycle 5788
copperv1: received:         x
tagged U_type Instruction_$U_type { imm: 'hxxxxx, rd: , opc: 'hxx }
cycle 5789
copperv1: received:         x
tagged U_type Instruction_$U_type { imm: 'hxxxxx, rd: , opc: 'hxx }
cycle 5790
copperv1: received:         x
tagged U_type Instruction_$U_type { imm: 'hxxxxx, rd: , opc: 'hxx }
cycle 5791
copperv1: received:         x
tagged U_type Instruction_$U_type { imm: 'hxxxxx, rd: , opc: 'hxx }
cycle 5792
copperv1: received:         x
tagged U_type Instruction_$U_type { imm: 'hxxxxx, rd: , opc: 'hxx }
cycle 5793
copperv1: received:         x
tagged U_type Instruction_$U_type { imm: 'hxxxxx, rd: , opc: 'hxx }
cycle 5794
copperv1: received:         x
tagged U_type Instruction_$U_type { imm: 'hxxxxx, rd: , opc: 'hxx }
cycle 5795
copperv1: received:         x
tagged U_type Instruction_$U_type { imm: 'hxxxxx, rd: , opc: 'hxx }
cycle 5796
copperv1: received:         x
tagged U_type Instruction_$U_type { imm: 'hxxxxx, rd: , opc: 'hxx }
cycle 5797
copperv1: received:         x
tagged U_type Instruction_$U_type { imm: 'hxxxxx, rd: , opc: 'hxx }
cycle 5798
copperv1: received:         x
tagged U_type Instruction_$U_type { imm: 'hxxxxx, rd: , opc: 'hxx }
cycle 5799
copperv1: received:         x
tagged U_type Instruction_$U_type { imm: 'hxxxxx, rd: , opc: 'hxx }
cycle 5800
copperv1: received:         x
tagged U_type Instruction_$U_type { imm: 'hxxxxx, rd: , opc: 'hxx }
cycle 5801
copperv1: received:         x
tagged U_type Instruction_$U_type { imm: 'hxxxxx, rd: , opc: 'hxx }
cycle 5802
copperv1: received:         x
tagged U_type Instruction_$U_type { imm: 'hxxxxx, rd: , opc: 'hxx }
cycle 5803
copperv1: received:         x
tagged U_type Instruction_$U_type { imm: 'hxxxxx, rd: , opc: 'hxx }
cycle 5804
copperv1: received:         x
tagged U_type Instruction_$U_type { imm: 'hxxxxx, rd: , opc: 'hxx }
cycle 5805
copperv1: received:         x
tagged U_type Instruction_$U_type { imm: 'hxxxxx, rd: , opc: 'hxx }
cycle 5806
copperv1: received:         x
tagged U_type Instruction_$U_type { imm: 'hxxxxx, rd: , opc: 'hxx }
cycle 5807
copperv1: received:         x
tagged U_type Instruction_$U_type { imm: 'hxxxxx, rd: , opc: 'hxx }
cycle 5808
copperv1: received:         x
tagged U_type Instruction_$U_type { imm: 'hxxxxx, rd: , opc: 'hxx }
cycle 5809
copperv1: received:         x
tagged U_type Instruction_$U_type { imm: 'hxxxxx, rd: , opc: 'hxx }
cycle 5810
copperv1: received:         x
tagged U_type Instruction_$U_type { imm: 'hxxxxx, rd: , opc: 'hxx }
cycle 5811
copperv1: received:         x
tagged U_type Instruction_$U_type { imm: 'hxxxxx, rd: , opc: 'hxx }
cycle 5812
copperv1: received:         x
tagged U_type Instruction_$U_type { imm: 'hxxxxx, rd: , opc: 'hxx }
cycle 5813
copperv1: received:         x
tagged U_type Instruction_$U_type { imm: 'hxxxxx, rd: , opc: 'hxx }
cycle 5814
copperv1: received:         x
tagged U_type Instruction_$U_type { imm: 'hxxxxx, rd: , opc: 'hxx }
cycle 5815
copperv1: received:         x
tagged U_type Instruction_$U_type { imm: 'hxxxxx, rd: , opc: 'hxx }
cycle 5816
copperv1: received:         x
tagged U_type Instruction_$U_type { imm: 'hxxxxx, rd: , opc: 'hxx }
cycle 5817
copperv1: received:         x
tagged U_type Instruction_$U_type { imm: 'hxxxxx, rd: , opc: 'hxx }
cycle 5818
copperv1: received:         x
tagged U_type Instruction_$U_type { imm: 'hxxxxx, rd: , opc: 'hxx }
cycle 5819
copperv1: received:         x
tagged U_type Instruction_$U_type { imm: 'hxxxxx, rd: , opc: 'hxx }
cycle 5820
copperv1: received:         x
tagged U_type Instruction_$U_type { imm: 'hxxxxx, rd: , opc: 'hxx }
cycle 5821
copperv1: received:         x
tagged U_type Instruction_$U_type { imm: 'hxxxxx, rd: , opc: 'hxx }
cycle 5822
copperv1: received:         x
tagged U_type Instruction_$U_type { imm: 'hxxxxx, rd: , opc: 'hxx }
cycle 5823
copperv1: received:         x
tagged U_type Instruction_$U_type { imm: 'hxxxxx, rd: , opc: 'hxx }
cycle 5824
copperv1: received:         x
tagged U_type Instruction_$U_type { imm: 'hxxxxx, rd: , opc: 'hxx }
cycle 5825
copperv1: received:         x
tagged U_type Instruction_$U_type { imm: 'hxxxxx, rd: , opc: 'hxx }
cycle 5826
copperv1: received:         x
tagged U_type Instruction_$U_type { imm: 'hxxxxx, rd: , opc: 'hxx }
cycle 5827
copperv1: received:         x
tagged U_type Instruction_$U_type { imm: 'hxxxxx, rd: , opc: 'hxx }
cycle 5828
copperv1: received:         x
tagged U_type Instruction_$U_type { imm: 'hxxxxx, rd: , opc: 'hxx }
cycle 5829
copperv1: received:         x
tagged U_type Instruction_$U_type { imm: 'hxxxxx, rd: , opc: 'hxx }
cycle 5830
copperv1: received:         x
tagged U_type Instruction_$U_type { imm: 'hxxxxx, rd: , opc: 'hxx }
cycle 5831
copperv1: received:         x
tagged U_type Instruction_$U_type { imm: 'hxxxxx, rd: , opc: 'hxx }
cycle 5832
copperv1: received:         x
tagged U_type Instruction_$U_type { imm: 'hxxxxx, rd: , opc: 'hxx }
cycle 5833
copperv1: received:         x
tagged U_type Instruction_$U_type { imm: 'hxxxxx, rd: , opc: 'hxx }
cycle 5834
copperv1: received:         x
tagged U_type Instruction_$U_type { imm: 'hxxxxx, rd: , opc: 'hxx }
cycle 5835
copperv1: received:         x
tagged U_type Instruction_$U_type { imm: 'hxxxxx, rd: , opc: 'hxx }
cycle 5836
copperv1: received:         x
tagged U_type Instruction_$U_type { imm: 'hxxxxx, rd: , opc: 'hxx }
cycle 5837
copperv1: received:         x
tagged U_type Instruction_$U_type { imm: 'hxxxxx, rd: , opc: 'hxx }
cycle 5838
copperv1: received:         x
tagged U_type Instruction_$U_type { imm: 'hxxxxx, rd: , opc: 'hxx }
cycle 5839
copperv1: received:         x
tagged U_type Instruction_$U_type { imm: 'hxxxxx, rd: , opc: 'hxx }
cycle 5840
copperv1: received:         x
tagged U_type Instruction_$U_type { imm: 'hxxxxx, rd: , opc: 'hxx }
cycle 5841
copperv1: received:         x
tagged U_type Instruction_$U_type { imm: 'hxxxxx, rd: , opc: 'hxx }
cycle 5842
copperv1: received:         x
tagged U_type Instruction_$U_type { imm: 'hxxxxx, rd: , opc: 'hxx }
cycle 5843
copperv1: received:         x
tagged U_type Instruction_$U_type { imm: 'hxxxxx, rd: , opc: 'hxx }
cycle 5844
copperv1: received:         x
tagged U_type Instruction_$U_type { imm: 'hxxxxx, rd: , opc: 'hxx }
cycle 5845
copperv1: received:         x
tagged U_type Instruction_$U_type { imm: 'hxxxxx, rd: , opc: 'hxx }
cycle 5846
copperv1: received:         x
tagged U_type Instruction_$U_type { imm: 'hxxxxx, rd: , opc: 'hxx }
cycle 5847
copperv1: received:         x
tagged U_type Instruction_$U_type { imm: 'hxxxxx, rd: , opc: 'hxx }
cycle 5848
copperv1: received:         x
tagged U_type Instruction_$U_type { imm: 'hxxxxx, rd: , opc: 'hxx }
cycle 5849
copperv1: received:         x
tagged U_type Instruction_$U_type { imm: 'hxxxxx, rd: , opc: 'hxx }
cycle 5850
copperv1: received:         x
tagged U_type Instruction_$U_type { imm: 'hxxxxx, rd: , opc: 'hxx }
cycle 5851
copperv1: received:         x
tagged U_type Instruction_$U_type { imm: 'hxxxxx, rd: , opc: 'hxx }
cycle 5852
copperv1: received:         x
tagged U_type Instruction_$U_type { imm: 'hxxxxx, rd: , opc: 'hxx }
cycle 5853
copperv1: received:         x
tagged U_type Instruction_$U_type { imm: 'hxxxxx, rd: , opc: 'hxx }
cycle 5854
copperv1: received:         x
tagged U_type Instruction_$U_type { imm: 'hxxxxx, rd: , opc: 'hxx }
cycle 5855
copperv1: received:         x
tagged U_type Instruction_$U_type { imm: 'hxxxxx, rd: , opc: 'hxx }
cycle 5856
copperv1: received:         x
tagged U_type Instruction_$U_type { imm: 'hxxxxx, rd: , opc: 'hxx }
cycle 5857
copperv1: received:         x
tagged U_type Instruction_$U_type { imm: 'hxxxxx, rd: , opc: 'hxx }
cycle 5858
copperv1: received:         x
tagged U_type Instruction_$U_type { imm: 'hxxxxx, rd: , opc: 'hxx }
cycle 5859
copperv1: received:         x
tagged U_type Instruction_$U_type { imm: 'hxxxxx, rd: , opc: 'hxx }
cycle 5860
copperv1: received:         x
tagged U_type Instruction_$U_type { imm: 'hxxxxx, rd: , opc: 'hxx }
cycle 5861
copperv1: received:         x
tagged U_type Instruction_$U_type { imm: 'hxxxxx, rd: , opc: 'hxx }
cycle 5862
copperv1: received:         x
tagged U_type Instruction_$U_type { imm: 'hxxxxx, rd: , opc: 'hxx }
cycle 5863
copperv1: received:         x
tagged U_type Instruction_$U_type { imm: 'hxxxxx, rd: , opc: 'hxx }
cycle 5864
copperv1: received:         x
tagged U_type Instruction_$U_type { imm: 'hxxxxx, rd: , opc: 'hxx }
cycle 5865
copperv1: received:         x
tagged U_type Instruction_$U_type { imm: 'hxxxxx, rd: , opc: 'hxx }
cycle 5866
copperv1: received:         x
tagged U_type Instruction_$U_type { imm: 'hxxxxx, rd: , opc: 'hxx }
cycle 5867
copperv1: received:         x
tagged U_type Instruction_$U_type { imm: 'hxxxxx, rd: , opc: 'hxx }
cycle 5868
copperv1: received:         x
tagged U_type Instruction_$U_type { imm: 'hxxxxx, rd: , opc: 'hxx }
cycle 5869
copperv1: received:         x
tagged U_type Instruction_$U_type { imm: 'hxxxxx, rd: , opc: 'hxx }
cycle 5870
copperv1: received:         x
tagged U_type Instruction_$U_type { imm: 'hxxxxx, rd: , opc: 'hxx }
cycle 5871
copperv1: received:         x
tagged U_type Instruction_$U_type { imm: 'hxxxxx, rd: , opc: 'hxx }
cycle 5872
copperv1: received:         x
tagged U_type Instruction_$U_type { imm: 'hxxxxx, rd: , opc: 'hxx }
cycle 5873
copperv1: received:         x
tagged U_type Instruction_$U_type { imm: 'hxxxxx, rd: , opc: 'hxx }
cycle 5874
copperv1: received:         x
tagged U_type Instruction_$U_type { imm: 'hxxxxx, rd: , opc: 'hxx }
cycle 5875
copperv1: received:         x
tagged U_type Instruction_$U_type { imm: 'hxxxxx, rd: , opc: 'hxx }
cycle 5876
copperv1: received:         x
tagged U_type Instruction_$U_type { imm: 'hxxxxx, rd: , opc: 'hxx }
cycle 5877
copperv1: received:         x
tagged U_type Instruction_$U_type { imm: 'hxxxxx, rd: , opc: 'hxx }
cycle 5878
copperv1: received:         x
tagged U_type Instruction_$U_type { imm: 'hxxxxx, rd: , opc: 'hxx }
cycle 5879
copperv1: received:         x
tagged U_type Instruction_$U_type { imm: 'hxxxxx, rd: , opc: 'hxx }
cycle 5880
copperv1: received:         x
tagged U_type Instruction_$U_type { imm: 'hxxxxx, rd: , opc: 'hxx }
cycle 5881
copperv1: received:         x
tagged U_type Instruction_$U_type { imm: 'hxxxxx, rd: , opc: 'hxx }
cycle 5882
copperv1: received:         x
tagged U_type Instruction_$U_type { imm: 'hxxxxx, rd: , opc: 'hxx }
cycle 5883
copperv1: received:         x
tagged U_type Instruction_$U_type { imm: 'hxxxxx, rd: , opc: 'hxx }
cycle 5884
copperv1: received:         x
tagged U_type Instruction_$U_type { imm: 'hxxxxx, rd: , opc: 'hxx }
cycle 5885
copperv1: received:         x
tagged U_type Instruction_$U_type { imm: 'hxxxxx, rd: , opc: 'hxx }
cycle 5886
copperv1: received:         x
tagged U_type Instruction_$U_type { imm: 'hxxxxx, rd: , opc: 'hxx }
cycle 5887
copperv1: received:         x
tagged U_type Instruction_$U_type { imm: 'hxxxxx, rd: , opc: 'hxx }
cycle 5888
copperv1: received:         x
tagged U_type Instruction_$U_type { imm: 'hxxxxx, rd: , opc: 'hxx }
cycle 5889
copperv1: received:         x
tagged U_type Instruction_$U_type { imm: 'hxxxxx, rd: , opc: 'hxx }
cycle 5890
copperv1: received:         x
tagged U_type Instruction_$U_type { imm: 'hxxxxx, rd: , opc: 'hxx }
cycle 5891
copperv1: received:         x
tagged U_type Instruction_$U_type { imm: 'hxxxxx, rd: , opc: 'hxx }
cycle 5892
copperv1: received:         x
tagged U_type Instruction_$U_type { imm: 'hxxxxx, rd: , opc: 'hxx }
cycle 5893
copperv1: received:         x
tagged U_type Instruction_$U_type { imm: 'hxxxxx, rd: , opc: 'hxx }
cycle 5894
copperv1: received:         x
tagged U_type Instruction_$U_type { imm: 'hxxxxx, rd: , opc: 'hxx }
cycle 5895
copperv1: received:         x
tagged U_type Instruction_$U_type { imm: 'hxxxxx, rd: , opc: 'hxx }
cycle 5896
copperv1: received:         x
tagged U_type Instruction_$U_type { imm: 'hxxxxx, rd: , opc: 'hxx }
cycle 5897
copperv1: received:         x
tagged U_type Instruction_$U_type { imm: 'hxxxxx, rd: , opc: 'hxx }
cycle 5898
copperv1: received:         x
tagged U_type Instruction_$U_type { imm: 'hxxxxx, rd: , opc: 'hxx }
cycle 5899
copperv1: received:         x
tagged U_type Instruction_$U_type { imm: 'hxxxxx, rd: , opc: 'hxx }
cycle 5900
copperv1: received:         x
tagged U_type Instruction_$U_type { imm: 'hxxxxx, rd: , opc: 'hxx }
cycle 5901
copperv1: received:         x
tagged U_type Instruction_$U_type { imm: 'hxxxxx, rd: , opc: 'hxx }
cycle 5902
copperv1: received:         x
tagged U_type Instruction_$U_type { imm: 'hxxxxx, rd: , opc: 'hxx }
cycle 5903
copperv1: received:         x
tagged U_type Instruction_$U_type { imm: 'hxxxxx, rd: , opc: 'hxx }
cycle 5904
copperv1: received:         x
tagged U_type Instruction_$U_type { imm: 'hxxxxx, rd: , opc: 'hxx }
cycle 5905
copperv1: received:         x
tagged U_type Instruction_$U_type { imm: 'hxxxxx, rd: , opc: 'hxx }
cycle 5906
copperv1: received:         x
tagged U_type Instruction_$U_type { imm: 'hxxxxx, rd: , opc: 'hxx }
cycle 5907
copperv1: received:         x
tagged U_type Instruction_$U_type { imm: 'hxxxxx, rd: , opc: 'hxx }
cycle 5908
copperv1: received:         x
tagged U_type Instruction_$U_type { imm: 'hxxxxx, rd: , opc: 'hxx }
cycle 5909
copperv1: received:         x
tagged U_type Instruction_$U_type { imm: 'hxxxxx, rd: , opc: 'hxx }
cycle 5910
copperv1: received:         x
tagged U_type Instruction_$U_type { imm: 'hxxxxx, rd: , opc: 'hxx }
cycle 5911
copperv1: received:         x
tagged U_type Instruction_$U_type { imm: 'hxxxxx, rd: , opc: 'hxx }
cycle 5912
copperv1: received:         x
tagged U_type Instruction_$U_type { imm: 'hxxxxx, rd: , opc: 'hxx }
cycle 5913
copperv1: received:         x
tagged U_type Instruction_$U_type { imm: 'hxxxxx, rd: , opc: 'hxx }
cycle 5914
copperv1: received:         x
tagged U_type Instruction_$U_type { imm: 'hxxxxx, rd: , opc: 'hxx }
cycle 5915
copperv1: received:         x
tagged U_type Instruction_$U_type { imm: 'hxxxxx, rd: , opc: 'hxx }
cycle 5916
copperv1: received:         x
tagged U_type Instruction_$U_type { imm: 'hxxxxx, rd: , opc: 'hxx }
cycle 5917
copperv1: received:         x
tagged U_type Instruction_$U_type { imm: 'hxxxxx, rd: , opc: 'hxx }
cycle 5918
copperv1: received:         x
tagged U_type Instruction_$U_type { imm: 'hxxxxx, rd: , opc: 'hxx }
cycle 5919
copperv1: received:         x
tagged U_type Instruction_$U_type { imm: 'hxxxxx, rd: , opc: 'hxx }
cycle 5920
copperv1: received:         x
tagged U_type Instruction_$U_type { imm: 'hxxxxx, rd: , opc: 'hxx }
cycle 5921
copperv1: received:         x
tagged U_type Instruction_$U_type { imm: 'hxxxxx, rd: , opc: 'hxx }
cycle 5922
copperv1: received:         x
tagged U_type Instruction_$U_type { imm: 'hxxxxx, rd: , opc: 'hxx }
cycle 5923
copperv1: received:         x
tagged U_type Instruction_$U_type { imm: 'hxxxxx, rd: , opc: 'hxx }
cycle 5924
copperv1: received:         x
tagged U_type Instruction_$U_type { imm: 'hxxxxx, rd: , opc: 'hxx }
cycle 5925
copperv1: received:         x
tagged U_type Instruction_$U_type { imm: 'hxxxxx, rd: , opc: 'hxx }
cycle 5926
copperv1: received:         x
tagged U_type Instruction_$U_type { imm: 'hxxxxx, rd: , opc: 'hxx }
cycle 5927
copperv1: received:         x
tagged U_type Instruction_$U_type { imm: 'hxxxxx, rd: , opc: 'hxx }
cycle 5928
copperv1: received:         x
tagged U_type Instruction_$U_type { imm: 'hxxxxx, rd: , opc: 'hxx }
cycle 5929
copperv1: received:         x
tagged U_type Instruction_$U_type { imm: 'hxxxxx, rd: , opc: 'hxx }
cycle 5930
copperv1: received:         x
tagged U_type Instruction_$U_type { imm: 'hxxxxx, rd: , opc: 'hxx }
cycle 5931
copperv1: received:         x
tagged U_type Instruction_$U_type { imm: 'hxxxxx, rd: , opc: 'hxx }
cycle 5932
copperv1: received:         x
tagged U_type Instruction_$U_type { imm: 'hxxxxx, rd: , opc: 'hxx }
cycle 5933
copperv1: received:         x
tagged U_type Instruction_$U_type { imm: 'hxxxxx, rd: , opc: 'hxx }
cycle 5934
copperv1: received:         x
tagged U_type Instruction_$U_type { imm: 'hxxxxx, rd: , opc: 'hxx }
cycle 5935
copperv1: received:         x
tagged U_type Instruction_$U_type { imm: 'hxxxxx, rd: , opc: 'hxx }
cycle 5936
copperv1: received:         x
tagged U_type Instruction_$U_type { imm: 'hxxxxx, rd: , opc: 'hxx }
cycle 5937
copperv1: received:         x
tagged U_type Instruction_$U_type { imm: 'hxxxxx, rd: , opc: 'hxx }
cycle 5938
copperv1: received:         x
tagged U_type Instruction_$U_type { imm: 'hxxxxx, rd: , opc: 'hxx }
cycle 5939
copperv1: received:         x
tagged U_type Instruction_$U_type { imm: 'hxxxxx, rd: , opc: 'hxx }
cycle 5940
copperv1: received:         x
tagged U_type Instruction_$U_type { imm: 'hxxxxx, rd: , opc: 'hxx }
cycle 5941
copperv1: received:         x
tagged U_type Instruction_$U_type { imm: 'hxxxxx, rd: , opc: 'hxx }
cycle 5942
copperv1: received:         x
tagged U_type Instruction_$U_type { imm: 'hxxxxx, rd: , opc: 'hxx }
cycle 5943
copperv1: received:         x
tagged U_type Instruction_$U_type { imm: 'hxxxxx, rd: , opc: 'hxx }
cycle 5944
copperv1: received:         x
tagged U_type Instruction_$U_type { imm: 'hxxxxx, rd: , opc: 'hxx }
cycle 5945
copperv1: received:         x
tagged U_type Instruction_$U_type { imm: 'hxxxxx, rd: , opc: 'hxx }
cycle 5946
copperv1: received:         x
tagged U_type Instruction_$U_type { imm: 'hxxxxx, rd: , opc: 'hxx }
cycle 5947
copperv1: received:         x
tagged U_type Instruction_$U_type { imm: 'hxxxxx, rd: , opc: 'hxx }
cycle 5948
copperv1: received:         x
tagged U_type Instruction_$U_type { imm: 'hxxxxx, rd: , opc: 'hxx }
cycle 5949
copperv1: received:         x
tagged U_type Instruction_$U_type { imm: 'hxxxxx, rd: , opc: 'hxx }
cycle 5950
copperv1: received:         x
tagged U_type Instruction_$U_type { imm: 'hxxxxx, rd: , opc: 'hxx }
cycle 5951
copperv1: received:         x
tagged U_type Instruction_$U_type { imm: 'hxxxxx, rd: , opc: 'hxx }
cycle 5952
copperv1: received:         x
tagged U_type Instruction_$U_type { imm: 'hxxxxx, rd: , opc: 'hxx }
cycle 5953
copperv1: received:         x
tagged U_type Instruction_$U_type { imm: 'hxxxxx, rd: , opc: 'hxx }
cycle 5954
copperv1: received:         x
tagged U_type Instruction_$U_type { imm: 'hxxxxx, rd: , opc: 'hxx }
cycle 5955
copperv1: received:         x
tagged U_type Instruction_$U_type { imm: 'hxxxxx, rd: , opc: 'hxx }
cycle 5956
copperv1: received:         x
tagged U_type Instruction_$U_type { imm: 'hxxxxx, rd: , opc: 'hxx }
cycle 5957
copperv1: received:         x
tagged U_type Instruction_$U_type { imm: 'hxxxxx, rd: , opc: 'hxx }
cycle 5958
copperv1: received:         x
tagged U_type Instruction_$U_type { imm: 'hxxxxx, rd: , opc: 'hxx }
cycle 5959
copperv1: received:         x
tagged U_type Instruction_$U_type { imm: 'hxxxxx, rd: , opc: 'hxx }
cycle 5960
copperv1: received:         x
tagged U_type Instruction_$U_type { imm: 'hxxxxx, rd: , opc: 'hxx }
cycle 5961
copperv1: received:         x
tagged U_type Instruction_$U_type { imm: 'hxxxxx, rd: , opc: 'hxx }
cycle 5962
copperv1: received:         x
tagged U_type Instruction_$U_type { imm: 'hxxxxx, rd: , opc: 'hxx }
cycle 5963
copperv1: received:         x
tagged U_type Instruction_$U_type { imm: 'hxxxxx, rd: , opc: 'hxx }
cycle 5964
copperv1: received:         x
tagged U_type Instruction_$U_type { imm: 'hxxxxx, rd: , opc: 'hxx }
cycle 5965
copperv1: received:         x
tagged U_type Instruction_$U_type { imm: 'hxxxxx, rd: , opc: 'hxx }
cycle 5966
copperv1: received:         x
tagged U_type Instruction_$U_type { imm: 'hxxxxx, rd: , opc: 'hxx }
cycle 5967
copperv1: received:         x
tagged U_type Instruction_$U_type { imm: 'hxxxxx, rd: , opc: 'hxx }
cycle 5968
copperv1: received:         x
tagged U_type Instruction_$U_type { imm: 'hxxxxx, rd: , opc: 'hxx }
cycle 5969
copperv1: received:         x
tagged U_type Instruction_$U_type { imm: 'hxxxxx, rd: , opc: 'hxx }
cycle 5970
copperv1: received:         x
tagged U_type Instruction_$U_type { imm: 'hxxxxx, rd: , opc: 'hxx }
cycle 5971
copperv1: received:         x
tagged U_type Instruction_$U_type { imm: 'hxxxxx, rd: , opc: 'hxx }
cycle 5972
copperv1: received:         x
tagged U_type Instruction_$U_type { imm: 'hxxxxx, rd: , opc: 'hxx }
cycle 5973
copperv1: received:         x
tagged U_type Instruction_$U_type { imm: 'hxxxxx, rd: , opc: 'hxx }
cycle 5974
copperv1: received:         x
tagged U_type Instruction_$U_type { imm: 'hxxxxx, rd: , opc: 'hxx }
cycle 5975
copperv1: received:         x
tagged U_type Instruction_$U_type { imm: 'hxxxxx, rd: , opc: 'hxx }
cycle 5976
copperv1: received:         x
tagged U_type Instruction_$U_type { imm: 'hxxxxx, rd: , opc: 'hxx }
cycle 5977
copperv1: received:         x
tagged U_type Instruction_$U_type { imm: 'hxxxxx, rd: , opc: 'hxx }
cycle 5978
copperv1: received:         x
tagged U_type Instruction_$U_type { imm: 'hxxxxx, rd: , opc: 'hxx }
cycle 5979
copperv1: received:         x
tagged U_type Instruction_$U_type { imm: 'hxxxxx, rd: , opc: 'hxx }
cycle 5980
copperv1: received:         x
tagged U_type Instruction_$U_type { imm: 'hxxxxx, rd: , opc: 'hxx }
cycle 5981
copperv1: received:         x
tagged U_type Instruction_$U_type { imm: 'hxxxxx, rd: , opc: 'hxx }
cycle 5982
copperv1: received:         x
tagged U_type Instruction_$U_type { imm: 'hxxxxx, rd: , opc: 'hxx }
cycle 5983
copperv1: received:         x
tagged U_type Instruction_$U_type { imm: 'hxxxxx, rd: , opc: 'hxx }
cycle 5984
copperv1: received:         x
tagged U_type Instruction_$U_type { imm: 'hxxxxx, rd: , opc: 'hxx }
cycle 5985
copperv1: received:         x
tagged U_type Instruction_$U_type { imm: 'hxxxxx, rd: , opc: 'hxx }
cycle 5986
copperv1: received:         x
tagged U_type Instruction_$U_type { imm: 'hxxxxx, rd: , opc: 'hxx }
cycle 5987
copperv1: received:         x
tagged U_type Instruction_$U_type { imm: 'hxxxxx, rd: , opc: 'hxx }
cycle 5988
copperv1: received:         x
tagged U_type Instruction_$U_type { imm: 'hxxxxx, rd: , opc: 'hxx }
cycle 5989
copperv1: received:         x
tagged U_type Instruction_$U_type { imm: 'hxxxxx, rd: , opc: 'hxx }
cycle 5990
copperv1: received:         x
tagged U_type Instruction_$U_type { imm: 'hxxxxx, rd: , opc: 'hxx }
cycle 5991
copperv1: received:         x
tagged U_type Instruction_$U_type { imm: 'hxxxxx, rd: , opc: 'hxx }
cycle 5992
copperv1: received:         x
tagged U_type Instruction_$U_type { imm: 'hxxxxx, rd: , opc: 'hxx }
cycle 5993
copperv1: received:         x
tagged U_type Instruction_$U_type { imm: 'hxxxxx, rd: , opc: 'hxx }
cycle 5994
copperv1: received:         x
tagged U_type Instruction_$U_type { imm: 'hxxxxx, rd: , opc: 'hxx }
cycle 5995
copperv1: received:         x
tagged U_type Instruction_$U_type { imm: 'hxxxxx, rd: , opc: 'hxx }
cycle 5996
copperv1: received:         x
tagged U_type Instruction_$U_type { imm: 'hxxxxx, rd: , opc: 'hxx }
cycle 5997
copperv1: received:         x
tagged U_type Instruction_$U_type { imm: 'hxxxxx, rd: , opc: 'hxx }
cycle 5998
copperv1: received:         x
tagged U_type Instruction_$U_type { imm: 'hxxxxx, rd: , opc: 'hxx }
cycle 5999
copperv1: received:         x
tagged U_type Instruction_$U_type { imm: 'hxxxxx, rd: , opc: 'hxx }
cycle 6000
copperv1: received:         x
tagged U_type Instruction_$U_type { imm: 'hxxxxx, rd: , opc: 'hxx }
cycle 6001
copperv1: received:         x
tagged U_type Instruction_$U_type { imm: 'hxxxxx, rd: , opc: 'hxx }
cycle 6002
copperv1: received:         x
tagged U_type Instruction_$U_type { imm: 'hxxxxx, rd: , opc: 'hxx }
cycle 6003
copperv1: received:         x
tagged U_type Instruction_$U_type { imm: 'hxxxxx, rd: , opc: 'hxx }
cycle 6004
copperv1: received:         x
tagged U_type Instruction_$U_type { imm: 'hxxxxx, rd: , opc: 'hxx }
cycle 6005
copperv1: received:         x
tagged U_type Instruction_$U_type { imm: 'hxxxxx, rd: , opc: 'hxx }
cycle 6006
copperv1: received:         x
tagged U_type Instruction_$U_type { imm: 'hxxxxx, rd: , opc: 'hxx }
cycle 6007
copperv1: received:         x
tagged U_type Instruction_$U_type { imm: 'hxxxxx, rd: , opc: 'hxx }
cycle 6008
copperv1: received:         x
tagged U_type Instruction_$U_type { imm: 'hxxxxx, rd: , opc: 'hxx }
cycle 6009
copperv1: received:         x
tagged U_type Instruction_$U_type { imm: 'hxxxxx, rd: , opc: 'hxx }
cycle 6010
copperv1: received:         x
tagged U_type Instruction_$U_type { imm: 'hxxxxx, rd: , opc: 'hxx }
cycle 6011
copperv1: received:         x
tagged U_type Instruction_$U_type { imm: 'hxxxxx, rd: , opc: 'hxx }
cycle 6012
copperv1: received:         x
tagged U_type Instruction_$U_type { imm: 'hxxxxx, rd: , opc: 'hxx }
cycle 6013
copperv1: received:         x
tagged U_type Instruction_$U_type { imm: 'hxxxxx, rd: , opc: 'hxx }
cycle 6014
copperv1: received:         x
tagged U_type Instruction_$U_type { imm: 'hxxxxx, rd: , opc: 'hxx }
cycle 6015
copperv1: received:         x
tagged U_type Instruction_$U_type { imm: 'hxxxxx, rd: , opc: 'hxx }
cycle 6016
copperv1: received:         x
tagged U_type Instruction_$U_type { imm: 'hxxxxx, rd: , opc: 'hxx }
cycle 6017
copperv1: received:         x
tagged U_type Instruction_$U_type { imm: 'hxxxxx, rd: , opc: 'hxx }
cycle 6018
copperv1: received:         x
tagged U_type Instruction_$U_type { imm: 'hxxxxx, rd: , opc: 'hxx }
cycle 6019
copperv1: received:         x
tagged U_type Instruction_$U_type { imm: 'hxxxxx, rd: , opc: 'hxx }
cycle 6020
copperv1: received:         x
tagged U_type Instruction_$U_type { imm: 'hxxxxx, rd: , opc: 'hxx }
cycle 6021
copperv1: received:         x
tagged U_type Instruction_$U_type { imm: 'hxxxxx, rd: , opc: 'hxx }
cycle 6022
copperv1: received:         x
tagged U_type Instruction_$U_type { imm: 'hxxxxx, rd: , opc: 'hxx }
cycle 6023
copperv1: received:         x
tagged U_type Instruction_$U_type { imm: 'hxxxxx, rd: , opc: 'hxx }
cycle 6024
copperv1: received:         x
tagged U_type Instruction_$U_type { imm: 'hxxxxx, rd: , opc: 'hxx }
cycle 6025
copperv1: received:         x
tagged U_type Instruction_$U_type { imm: 'hxxxxx, rd: , opc: 'hxx }
cycle 6026
copperv1: received:         x
tagged U_type Instruction_$U_type { imm: 'hxxxxx, rd: , opc: 'hxx }
cycle 6027
copperv1: received:         x
tagged U_type Instruction_$U_type { imm: 'hxxxxx, rd: , opc: 'hxx }
cycle 6028
copperv1: received:         x
tagged U_type Instruction_$U_type { imm: 'hxxxxx, rd: , opc: 'hxx }
cycle 6029
copperv1: received:         x
tagged U_type Instruction_$U_type { imm: 'hxxxxx, rd: , opc: 'hxx }
cycle 6030
copperv1: received:         x
tagged U_type Instruction_$U_type { imm: 'hxxxxx, rd: , opc: 'hxx }
cycle 6031
copperv1: received:         x
tagged U_type Instruction_$U_type { imm: 'hxxxxx, rd: , opc: 'hxx }
cycle 6032
copperv1: received:         x
tagged U_type Instruction_$U_type { imm: 'hxxxxx, rd: , opc: 'hxx }
cycle 6033
copperv1: received:         x
tagged U_type Instruction_$U_type { imm: 'hxxxxx, rd: , opc: 'hxx }
cycle 6034
copperv1: received:         x
tagged U_type Instruction_$U_type { imm: 'hxxxxx, rd: , opc: 'hxx }
cycle 6035
copperv1: received:         x
tagged U_type Instruction_$U_type { imm: 'hxxxxx, rd: , opc: 'hxx }
cycle 6036
copperv1: received:         x
tagged U_type Instruction_$U_type { imm: 'hxxxxx, rd: , opc: 'hxx }
cycle 6037
copperv1: received:         x
tagged U_type Instruction_$U_type { imm: 'hxxxxx, rd: , opc: 'hxx }
cycle 6038
copperv1: received:         x
tagged U_type Instruction_$U_type { imm: 'hxxxxx, rd: , opc: 'hxx }
cycle 6039
copperv1: received:         x
tagged U_type Instruction_$U_type { imm: 'hxxxxx, rd: , opc: 'hxx }
cycle 6040
copperv1: received:         x
tagged U_type Instruction_$U_type { imm: 'hxxxxx, rd: , opc: 'hxx }
cycle 6041
copperv1: received:         x
tagged U_type Instruction_$U_type { imm: 'hxxxxx, rd: , opc: 'hxx }
cycle 6042
copperv1: received:         x
tagged U_type Instruction_$U_type { imm: 'hxxxxx, rd: , opc: 'hxx }
cycle 6043
copperv1: received:         x
tagged U_type Instruction_$U_type { imm: 'hxxxxx, rd: , opc: 'hxx }
cycle 6044
copperv1: received:         x
tagged U_type Instruction_$U_type { imm: 'hxxxxx, rd: , opc: 'hxx }
cycle 6045
copperv1: received:         x
tagged U_type Instruction_$U_type { imm: 'hxxxxx, rd: , opc: 'hxx }
cycle 6046
copperv1: received:         x
tagged U_type Instruction_$U_type { imm: 'hxxxxx, rd: , opc: 'hxx }
cycle 6047
copperv1: received:         x
tagged U_type Instruction_$U_type { imm: 'hxxxxx, rd: , opc: 'hxx }
cycle 6048
copperv1: received:         x
tagged U_type Instruction_$U_type { imm: 'hxxxxx, rd: , opc: 'hxx }
cycle 6049
copperv1: received:         x
tagged U_type Instruction_$U_type { imm: 'hxxxxx, rd: , opc: 'hxx }
cycle 6050
copperv1: received:         x
tagged U_type Instruction_$U_type { imm: 'hxxxxx, rd: , opc: 'hxx }
cycle 6051
copperv1: received:         x
tagged U_type Instruction_$U_type { imm: 'hxxxxx, rd: , opc: 'hxx }
cycle 6052
copperv1: received:         x
tagged U_type Instruction_$U_type { imm: 'hxxxxx, rd: , opc: 'hxx }
cycle 6053
copperv1: received:         x
tagged U_type Instruction_$U_type { imm: 'hxxxxx, rd: , opc: 'hxx }
cycle 6054
copperv1: received:         x
tagged U_type Instruction_$U_type { imm: 'hxxxxx, rd: , opc: 'hxx }
cycle 6055
copperv1: received:         x
tagged U_type Instruction_$U_type { imm: 'hxxxxx, rd: , opc: 'hxx }
cycle 6056
copperv1: received:         x
tagged U_type Instruction_$U_type { imm: 'hxxxxx, rd: , opc: 'hxx }
cycle 6057
copperv1: received:         x
tagged U_type Instruction_$U_type { imm: 'hxxxxx, rd: , opc: 'hxx }
cycle 6058
copperv1: received:         x
tagged U_type Instruction_$U_type { imm: 'hxxxxx, rd: , opc: 'hxx }
cycle 6059
copperv1: received:         x
tagged U_type Instruction_$U_type { imm: 'hxxxxx, rd: , opc: 'hxx }
cycle 6060
copperv1: received:         x
tagged U_type Instruction_$U_type { imm: 'hxxxxx, rd: , opc: 'hxx }
cycle 6061
copperv1: received:         x
tagged U_type Instruction_$U_type { imm: 'hxxxxx, rd: , opc: 'hxx }
cycle 6062
copperv1: received:         x
tagged U_type Instruction_$U_type { imm: 'hxxxxx, rd: , opc: 'hxx }
cycle 6063
copperv1: received:         x
tagged U_type Instruction_$U_type { imm: 'hxxxxx, rd: , opc: 'hxx }
cycle 6064
copperv1: received:         x
tagged U_type Instruction_$U_type { imm: 'hxxxxx, rd: , opc: 'hxx }
cycle 6065
copperv1: received:         x
tagged U_type Instruction_$U_type { imm: 'hxxxxx, rd: , opc: 'hxx }
cycle 6066
copperv1: received:         x
tagged U_type Instruction_$U_type { imm: 'hxxxxx, rd: , opc: 'hxx }
cycle 6067
copperv1: received:         x
tagged U_type Instruction_$U_type { imm: 'hxxxxx, rd: , opc: 'hxx }
cycle 6068
copperv1: received:         x
tagged U_type Instruction_$U_type { imm: 'hxxxxx, rd: , opc: 'hxx }
cycle 6069
copperv1: received:         x
tagged U_type Instruction_$U_type { imm: 'hxxxxx, rd: , opc: 'hxx }
cycle 6070
copperv1: received:         x
tagged U_type Instruction_$U_type { imm: 'hxxxxx, rd: , opc: 'hxx }
cycle 6071
copperv1: received:         x
tagged U_type Instruction_$U_type { imm: 'hxxxxx, rd: , opc: 'hxx }
cycle 6072
copperv1: received:         x
tagged U_type Instruction_$U_type { imm: 'hxxxxx, rd: , opc: 'hxx }
cycle 6073
copperv1: received:         x
tagged U_type Instruction_$U_type { imm: 'hxxxxx, rd: , opc: 'hxx }
cycle 6074
copperv1: received:         x
tagged U_type Instruction_$U_type { imm: 'hxxxxx, rd: , opc: 'hxx }
cycle 6075
copperv1: received:         x
tagged U_type Instruction_$U_type { imm: 'hxxxxx, rd: , opc: 'hxx }
cycle 6076
copperv1: received:         x
tagged U_type Instruction_$U_type { imm: 'hxxxxx, rd: , opc: 'hxx }
cycle 6077
copperv1: received:         x
tagged U_type Instruction_$U_type { imm: 'hxxxxx, rd: , opc: 'hxx }
cycle 6078
copperv1: received:         x
tagged U_type Instruction_$U_type { imm: 'hxxxxx, rd: , opc: 'hxx }
cycle 6079
copperv1: received:         x
tagged U_type Instruction_$U_type { imm: 'hxxxxx, rd: , opc: 'hxx }
cycle 6080
copperv1: received:         x
tagged U_type Instruction_$U_type { imm: 'hxxxxx, rd: , opc: 'hxx }
cycle 6081
copperv1: received:         x
tagged U_type Instruction_$U_type { imm: 'hxxxxx, rd: , opc: 'hxx }
cycle 6082
copperv1: received:         x
tagged U_type Instruction_$U_type { imm: 'hxxxxx, rd: , opc: 'hxx }
cycle 6083
copperv1: received:         x
tagged U_type Instruction_$U_type { imm: 'hxxxxx, rd: , opc: 'hxx }
cycle 6084
copperv1: received:         x
tagged U_type Instruction_$U_type { imm: 'hxxxxx, rd: , opc: 'hxx }
cycle 6085
copperv1: received:         x
tagged U_type Instruction_$U_type { imm: 'hxxxxx, rd: , opc: 'hxx }
cycle 6086
copperv1: received:         x
tagged U_type Instruction_$U_type { imm: 'hxxxxx, rd: , opc: 'hxx }
cycle 6087
copperv1: received:         x
tagged U_type Instruction_$U_type { imm: 'hxxxxx, rd: , opc: 'hxx }
cycle 6088
copperv1: received:         x
tagged U_type Instruction_$U_type { imm: 'hxxxxx, rd: , opc: 'hxx }
cycle 6089
copperv1: received:         x
tagged U_type Instruction_$U_type { imm: 'hxxxxx, rd: , opc: 'hxx }
cycle 6090
copperv1: received:         x
tagged U_type Instruction_$U_type { imm: 'hxxxxx, rd: , opc: 'hxx }
cycle 6091
copperv1: received:         x
tagged U_type Instruction_$U_type { imm: 'hxxxxx, rd: , opc: 'hxx }
cycle 6092
copperv1: received:         x
tagged U_type Instruction_$U_type { imm: 'hxxxxx, rd: , opc: 'hxx }
cycle 6093
copperv1: received:         x
tagged U_type Instruction_$U_type { imm: 'hxxxxx, rd: , opc: 'hxx }
cycle 6094
copperv1: received:         x
tagged U_type Instruction_$U_type { imm: 'hxxxxx, rd: , opc: 'hxx }
cycle 6095
copperv1: received:         x
tagged U_type Instruction_$U_type { imm: 'hxxxxx, rd: , opc: 'hxx }
cycle 6096
copperv1: received:         x
tagged U_type Instruction_$U_type { imm: 'hxxxxx, rd: , opc: 'hxx }
cycle 6097
copperv1: received:         x
tagged U_type Instruction_$U_type { imm: 'hxxxxx, rd: , opc: 'hxx }
cycle 6098
copperv1: received:         x
tagged U_type Instruction_$U_type { imm: 'hxxxxx, rd: , opc: 'hxx }
cycle 6099
copperv1: received:         x
tagged U_type Instruction_$U_type { imm: 'hxxxxx, rd: , opc: 'hxx }
cycle 6100
copperv1: received:         x
tagged U_type Instruction_$U_type { imm: 'hxxxxx, rd: , opc: 'hxx }
cycle 6101
copperv1: received:         x
tagged U_type Instruction_$U_type { imm: 'hxxxxx, rd: , opc: 'hxx }
cycle 6102
copperv1: received:         x
tagged U_type Instruction_$U_type { imm: 'hxxxxx, rd: , opc: 'hxx }
cycle 6103
copperv1: received:         x
tagged U_type Instruction_$U_type { imm: 'hxxxxx, rd: , opc: 'hxx }
cycle 6104
copperv1: received:         x
tagged U_type Instruction_$U_type { imm: 'hxxxxx, rd: , opc: 'hxx }
cycle 6105
copperv1: received:         x
tagged U_type Instruction_$U_type { imm: 'hxxxxx, rd: , opc: 'hxx }
cycle 6106
copperv1: received:         x
tagged U_type Instruction_$U_type { imm: 'hxxxxx, rd: , opc: 'hxx }
cycle 6107
copperv1: received:         x
tagged U_type Instruction_$U_type { imm: 'hxxxxx, rd: , opc: 'hxx }
cycle 6108
copperv1: received:         x
tagged U_type Instruction_$U_type { imm: 'hxxxxx, rd: , opc: 'hxx }
cycle 6109
copperv1: received:         x
tagged U_type Instruction_$U_type { imm: 'hxxxxx, rd: , opc: 'hxx }
cycle 6110
copperv1: received:         x
tagged U_type Instruction_$U_type { imm: 'hxxxxx, rd: , opc: 'hxx }
cycle 6111
copperv1: received:         x
tagged U_type Instruction_$U_type { imm: 'hxxxxx, rd: , opc: 'hxx }
cycle 6112
copperv1: received:         x
tagged U_type Instruction_$U_type { imm: 'hxxxxx, rd: , opc: 'hxx }
cycle 6113
copperv1: received:         x
tagged U_type Instruction_$U_type { imm: 'hxxxxx, rd: , opc: 'hxx }
cycle 6114
copperv1: received:         x
tagged U_type Instruction_$U_type { imm: 'hxxxxx, rd: , opc: 'hxx }
cycle 6115
copperv1: received:         x
tagged U_type Instruction_$U_type { imm: 'hxxxxx, rd: , opc: 'hxx }
cycle 6116
copperv1: received:         x
tagged U_type Instruction_$U_type { imm: 'hxxxxx, rd: , opc: 'hxx }
cycle 6117
copperv1: received:         x
tagged U_type Instruction_$U_type { imm: 'hxxxxx, rd: , opc: 'hxx }
cycle 6118
copperv1: received:         x
tagged U_type Instruction_$U_type { imm: 'hxxxxx, rd: , opc: 'hxx }
cycle 6119
copperv1: received:         x
tagged U_type Instruction_$U_type { imm: 'hxxxxx, rd: , opc: 'hxx }
cycle 6120
copperv1: received:         x
tagged U_type Instruction_$U_type { imm: 'hxxxxx, rd: , opc: 'hxx }
cycle 6121
copperv1: received:         x
tagged U_type Instruction_$U_type { imm: 'hxxxxx, rd: , opc: 'hxx }
cycle 6122
copperv1: received:         x
tagged U_type Instruction_$U_type { imm: 'hxxxxx, rd: , opc: 'hxx }
cycle 6123
copperv1: received:         x
tagged U_type Instruction_$U_type { imm: 'hxxxxx, rd: , opc: 'hxx }
cycle 6124
copperv1: received:         x
tagged U_type Instruction_$U_type { imm: 'hxxxxx, rd: , opc: 'hxx }
cycle 6125
copperv1: received:         x
tagged U_type Instruction_$U_type { imm: 'hxxxxx, rd: , opc: 'hxx }
cycle 6126
copperv1: received:         x
tagged U_type Instruction_$U_type { imm: 'hxxxxx, rd: , opc: 'hxx }
cycle 6127
copperv1: received:         x
tagged U_type Instruction_$U_type { imm: 'hxxxxx, rd: , opc: 'hxx }
cycle 6128
copperv1: received:         x
tagged U_type Instruction_$U_type { imm: 'hxxxxx, rd: , opc: 'hxx }
cycle 6129
copperv1: received:         x
tagged U_type Instruction_$U_type { imm: 'hxxxxx, rd: , opc: 'hxx }
cycle 6130
copperv1: received:         x
tagged U_type Instruction_$U_type { imm: 'hxxxxx, rd: , opc: 'hxx }
cycle 6131
copperv1: received:         x
tagged U_type Instruction_$U_type { imm: 'hxxxxx, rd: , opc: 'hxx }
cycle 6132
copperv1: received:         x
tagged U_type Instruction_$U_type { imm: 'hxxxxx, rd: , opc: 'hxx }
cycle 6133
copperv1: received:         x
tagged U_type Instruction_$U_type { imm: 'hxxxxx, rd: , opc: 'hxx }
cycle 6134
copperv1: received:         x
tagged U_type Instruction_$U_type { imm: 'hxxxxx, rd: , opc: 'hxx }
cycle 6135
copperv1: received:         x
tagged U_type Instruction_$U_type { imm: 'hxxxxx, rd: , opc: 'hxx }
cycle 6136
copperv1: received:         x
tagged U_type Instruction_$U_type { imm: 'hxxxxx, rd: , opc: 'hxx }
cycle 6137
copperv1: received:         x
tagged U_type Instruction_$U_type { imm: 'hxxxxx, rd: , opc: 'hxx }
cycle 6138
copperv1: received:         x
tagged U_type Instruction_$U_type { imm: 'hxxxxx, rd: , opc: 'hxx }
cycle 6139
copperv1: received:         x
tagged U_type Instruction_$U_type { imm: 'hxxxxx, rd: , opc: 'hxx }
cycle 6140
copperv1: received:         x
tagged U_type Instruction_$U_type { imm: 'hxxxxx, rd: , opc: 'hxx }
cycle 6141
copperv1: received:         x
tagged U_type Instruction_$U_type { imm: 'hxxxxx, rd: , opc: 'hxx }
cycle 6142
copperv1: received:         x
tagged U_type Instruction_$U_type { imm: 'hxxxxx, rd: , opc: 'hxx }
cycle 6143
copperv1: received:         x
tagged U_type Instruction_$U_type { imm: 'hxxxxx, rd: , opc: 'hxx }
cycle 6144
copperv1: received:         x
tagged U_type Instruction_$U_type { imm: 'hxxxxx, rd: , opc: 'hxx }
cycle 6145
copperv1: received:         x
tagged U_type Instruction_$U_type { imm: 'hxxxxx, rd: , opc: 'hxx }
cycle 6146
copperv1: received:         x
tagged U_type Instruction_$U_type { imm: 'hxxxxx, rd: , opc: 'hxx }
cycle 6147
copperv1: received:         x
tagged U_type Instruction_$U_type { imm: 'hxxxxx, rd: , opc: 'hxx }
cycle 6148
copperv1: received:         x
tagged U_type Instruction_$U_type { imm: 'hxxxxx, rd: , opc: 'hxx }
cycle 6149
copperv1: received:         x
tagged U_type Instruction_$U_type { imm: 'hxxxxx, rd: , opc: 'hxx }
cycle 6150
copperv1: received:         x
tagged U_type Instruction_$U_type { imm: 'hxxxxx, rd: , opc: 'hxx }
cycle 6151
copperv1: received:         x
tagged U_type Instruction_$U_type { imm: 'hxxxxx, rd: , opc: 'hxx }
cycle 6152
copperv1: received:         x
tagged U_type Instruction_$U_type { imm: 'hxxxxx, rd: , opc: 'hxx }
cycle 6153
copperv1: received:         x
tagged U_type Instruction_$U_type { imm: 'hxxxxx, rd: , opc: 'hxx }
cycle 6154
copperv1: received:         x
tagged U_type Instruction_$U_type { imm: 'hxxxxx, rd: , opc: 'hxx }
cycle 6155
copperv1: received:         x
tagged U_type Instruction_$U_type { imm: 'hxxxxx, rd: , opc: 'hxx }
cycle 6156
copperv1: received:         x
tagged U_type Instruction_$U_type { imm: 'hxxxxx, rd: , opc: 'hxx }
cycle 6157
copperv1: received:         x
tagged U_type Instruction_$U_type { imm: 'hxxxxx, rd: , opc: 'hxx }
cycle 6158
copperv1: received:         x
tagged U_type Instruction_$U_type { imm: 'hxxxxx, rd: , opc: 'hxx }
cycle 6159
copperv1: received:         x
tagged U_type Instruction_$U_type { imm: 'hxxxxx, rd: , opc: 'hxx }
cycle 6160
copperv1: received:         x
tagged U_type Instruction_$U_type { imm: 'hxxxxx, rd: , opc: 'hxx }
cycle 6161
copperv1: received:         x
tagged U_type Instruction_$U_type { imm: 'hxxxxx, rd: , opc: 'hxx }
cycle 6162
copperv1: received:         x
tagged U_type Instruction_$U_type { imm: 'hxxxxx, rd: , opc: 'hxx }
cycle 6163
copperv1: received:         x
tagged U_type Instruction_$U_type { imm: 'hxxxxx, rd: , opc: 'hxx }
cycle 6164
copperv1: received:         x
tagged U_type Instruction_$U_type { imm: 'hxxxxx, rd: , opc: 'hxx }
cycle 6165
copperv1: received:         x
tagged U_type Instruction_$U_type { imm: 'hxxxxx, rd: , opc: 'hxx }
cycle 6166
copperv1: received:         x
tagged U_type Instruction_$U_type { imm: 'hxxxxx, rd: , opc: 'hxx }
cycle 6167
copperv1: received:         x
tagged U_type Instruction_$U_type { imm: 'hxxxxx, rd: , opc: 'hxx }
cycle 6168
copperv1: received:         x
tagged U_type Instruction_$U_type { imm: 'hxxxxx, rd: , opc: 'hxx }
cycle 6169
copperv1: received:         x
tagged U_type Instruction_$U_type { imm: 'hxxxxx, rd: , opc: 'hxx }
cycle 6170
copperv1: received:         x
tagged U_type Instruction_$U_type { imm: 'hxxxxx, rd: , opc: 'hxx }
cycle 6171
copperv1: received:         x
tagged U_type Instruction_$U_type { imm: 'hxxxxx, rd: , opc: 'hxx }
cycle 6172
copperv1: received:         x
tagged U_type Instruction_$U_type { imm: 'hxxxxx, rd: , opc: 'hxx }
cycle 6173
copperv1: received:         x
tagged U_type Instruction_$U_type { imm: 'hxxxxx, rd: , opc: 'hxx }
cycle 6174
copperv1: received:         x
tagged U_type Instruction_$U_type { imm: 'hxxxxx, rd: , opc: 'hxx }
cycle 6175
copperv1: received:         x
tagged U_type Instruction_$U_type { imm: 'hxxxxx, rd: , opc: 'hxx }
cycle 6176
copperv1: received:         x
tagged U_type Instruction_$U_type { imm: 'hxxxxx, rd: , opc: 'hxx }
cycle 6177
copperv1: received:         x
tagged U_type Instruction_$U_type { imm: 'hxxxxx, rd: , opc: 'hxx }
cycle 6178
copperv1: received:         x
tagged U_type Instruction_$U_type { imm: 'hxxxxx, rd: , opc: 'hxx }
cycle 6179
copperv1: received:         x
tagged U_type Instruction_$U_type { imm: 'hxxxxx, rd: , opc: 'hxx }
cycle 6180
copperv1: received:         x
tagged U_type Instruction_$U_type { imm: 'hxxxxx, rd: , opc: 'hxx }
cycle 6181
copperv1: received:         x
tagged U_type Instruction_$U_type { imm: 'hxxxxx, rd: , opc: 'hxx }
cycle 6182
copperv1: received:         x
tagged U_type Instruction_$U_type { imm: 'hxxxxx, rd: , opc: 'hxx }
cycle 6183
copperv1: received:         x
tagged U_type Instruction_$U_type { imm: 'hxxxxx, rd: , opc: 'hxx }
cycle 6184
copperv1: received:         x
tagged U_type Instruction_$U_type { imm: 'hxxxxx, rd: , opc: 'hxx }
cycle 6185
copperv1: received:         x
tagged U_type Instruction_$U_type { imm: 'hxxxxx, rd: , opc: 'hxx }
cycle 6186
copperv1: received:         x
tagged U_type Instruction_$U_type { imm: 'hxxxxx, rd: , opc: 'hxx }
cycle 6187
copperv1: received:         x
tagged U_type Instruction_$U_type { imm: 'hxxxxx, rd: , opc: 'hxx }
cycle 6188
copperv1: received:         x
tagged U_type Instruction_$U_type { imm: 'hxxxxx, rd: , opc: 'hxx }
cycle 6189
copperv1: received:         x
tagged U_type Instruction_$U_type { imm: 'hxxxxx, rd: , opc: 'hxx }
cycle 6190
copperv1: received:         x
tagged U_type Instruction_$U_type { imm: 'hxxxxx, rd: , opc: 'hxx }
cycle 6191
copperv1: received:         x
tagged U_type Instruction_$U_type { imm: 'hxxxxx, rd: , opc: 'hxx }
cycle 6192
copperv1: received:         x
tagged U_type Instruction_$U_type { imm: 'hxxxxx, rd: , opc: 'hxx }
cycle 6193
copperv1: received:         x
tagged U_type Instruction_$U_type { imm: 'hxxxxx, rd: , opc: 'hxx }
cycle 6194
copperv1: received:         x
tagged U_type Instruction_$U_type { imm: 'hxxxxx, rd: , opc: 'hxx }
cycle 6195
copperv1: received:         x
tagged U_type Instruction_$U_type { imm: 'hxxxxx, rd: , opc: 'hxx }
cycle 6196
copperv1: received:         x
tagged U_type Instruction_$U_type { imm: 'hxxxxx, rd: , opc: 'hxx }
cycle 6197
copperv1: received:         x
tagged U_type Instruction_$U_type { imm: 'hxxxxx, rd: , opc: 'hxx }
cycle 6198
copperv1: received:         x
tagged U_type Instruction_$U_type { imm: 'hxxxxx, rd: , opc: 'hxx }
cycle 6199
copperv1: received:         x
tagged U_type Instruction_$U_type { imm: 'hxxxxx, rd: , opc: 'hxx }
cycle 6200
copperv1: received:         x
tagged U_type Instruction_$U_type { imm: 'hxxxxx, rd: , opc: 'hxx }
cycle 6201
copperv1: received:         x
tagged U_type Instruction_$U_type { imm: 'hxxxxx, rd: , opc: 'hxx }
cycle 6202
copperv1: received:         x
tagged U_type Instruction_$U_type { imm: 'hxxxxx, rd: , opc: 'hxx }
cycle 6203
copperv1: received:         x
tagged U_type Instruction_$U_type { imm: 'hxxxxx, rd: , opc: 'hxx }
cycle 6204
copperv1: received:         x
tagged U_type Instruction_$U_type { imm: 'hxxxxx, rd: , opc: 'hxx }
cycle 6205
copperv1: received:         x
tagged U_type Instruction_$U_type { imm: 'hxxxxx, rd: , opc: 'hxx }
cycle 6206
copperv1: received:         x
tagged U_type Instruction_$U_type { imm: 'hxxxxx, rd: , opc: 'hxx }
cycle 6207
copperv1: received:         x
tagged U_type Instruction_$U_type { imm: 'hxxxxx, rd: , opc: 'hxx }
cycle 6208
copperv1: received:         x
tagged U_type Instruction_$U_type { imm: 'hxxxxx, rd: , opc: 'hxx }
cycle 6209
copperv1: received:         x
tagged U_type Instruction_$U_type { imm: 'hxxxxx, rd: , opc: 'hxx }
cycle 6210
copperv1: received:         x
tagged U_type Instruction_$U_type { imm: 'hxxxxx, rd: , opc: 'hxx }
cycle 6211
copperv1: received:         x
tagged U_type Instruction_$U_type { imm: 'hxxxxx, rd: , opc: 'hxx }
cycle 6212
copperv1: received:         x
tagged U_type Instruction_$U_type { imm: 'hxxxxx, rd: , opc: 'hxx }
cycle 6213
copperv1: received:         x
tagged U_type Instruction_$U_type { imm: 'hxxxxx, rd: , opc: 'hxx }
cycle 6214
copperv1: received:         x
tagged U_type Instruction_$U_type { imm: 'hxxxxx, rd: , opc: 'hxx }
cycle 6215
copperv1: received:         x
tagged U_type Instruction_$U_type { imm: 'hxxxxx, rd: , opc: 'hxx }
cycle 6216
copperv1: received:         x
tagged U_type Instruction_$U_type { imm: 'hxxxxx, rd: , opc: 'hxx }
cycle 6217
copperv1: received:         x
tagged U_type Instruction_$U_type { imm: 'hxxxxx, rd: , opc: 'hxx }
cycle 6218
copperv1: received:         x
tagged U_type Instruction_$U_type { imm: 'hxxxxx, rd: , opc: 'hxx }
cycle 6219
copperv1: received:         x
tagged U_type Instruction_$U_type { imm: 'hxxxxx, rd: , opc: 'hxx }
cycle 6220
copperv1: received:         x
tagged U_type Instruction_$U_type { imm: 'hxxxxx, rd: , opc: 'hxx }
cycle 6221
copperv1: received:         x
tagged U_type Instruction_$U_type { imm: 'hxxxxx, rd: , opc: 'hxx }
cycle 6222
copperv1: received:         x
tagged U_type Instruction_$U_type { imm: 'hxxxxx, rd: , opc: 'hxx }
cycle 6223
copperv1: received:         x
tagged U_type Instruction_$U_type { imm: 'hxxxxx, rd: , opc: 'hxx }
cycle 6224
copperv1: received:         x
tagged U_type Instruction_$U_type { imm: 'hxxxxx, rd: , opc: 'hxx }
cycle 6225
copperv1: received:         x
tagged U_type Instruction_$U_type { imm: 'hxxxxx, rd: , opc: 'hxx }
cycle 6226
copperv1: received:         x
tagged U_type Instruction_$U_type { imm: 'hxxxxx, rd: , opc: 'hxx }
cycle 6227
copperv1: received:         x
tagged U_type Instruction_$U_type { imm: 'hxxxxx, rd: , opc: 'hxx }
cycle 6228
copperv1: received:         x
tagged U_type Instruction_$U_type { imm: 'hxxxxx, rd: , opc: 'hxx }
cycle 6229
copperv1: received:         x
tagged U_type Instruction_$U_type { imm: 'hxxxxx, rd: , opc: 'hxx }
cycle 6230
copperv1: received:         x
tagged U_type Instruction_$U_type { imm: 'hxxxxx, rd: , opc: 'hxx }
cycle 6231
copperv1: received:         x
tagged U_type Instruction_$U_type { imm: 'hxxxxx, rd: , opc: 'hxx }
cycle 6232
copperv1: received:         x
tagged U_type Instruction_$U_type { imm: 'hxxxxx, rd: , opc: 'hxx }
cycle 6233
copperv1: received:         x
tagged U_type Instruction_$U_type { imm: 'hxxxxx, rd: , opc: 'hxx }
cycle 6234
copperv1: received:         x
tagged U_type Instruction_$U_type { imm: 'hxxxxx, rd: , opc: 'hxx }
cycle 6235
copperv1: received:         x
tagged U_type Instruction_$U_type { imm: 'hxxxxx, rd: , opc: 'hxx }
cycle 6236
copperv1: received:         x
tagged U_type Instruction_$U_type { imm: 'hxxxxx, rd: , opc: 'hxx }
cycle 6237
copperv1: received:         x
tagged U_type Instruction_$U_type { imm: 'hxxxxx, rd: , opc: 'hxx }
cycle 6238
copperv1: received:         x
tagged U_type Instruction_$U_type { imm: 'hxxxxx, rd: , opc: 'hxx }
cycle 6239
copperv1: received:         x
tagged U_type Instruction_$U_type { imm: 'hxxxxx, rd: , opc: 'hxx }
cycle 6240
copperv1: received:         x
tagged U_type Instruction_$U_type { imm: 'hxxxxx, rd: , opc: 'hxx }
cycle 6241
copperv1: received:         x
tagged U_type Instruction_$U_type { imm: 'hxxxxx, rd: , opc: 'hxx }
cycle 6242
copperv1: received:         x
tagged U_type Instruction_$U_type { imm: 'hxxxxx, rd: , opc: 'hxx }
cycle 6243
copperv1: received:         x
tagged U_type Instruction_$U_type { imm: 'hxxxxx, rd: , opc: 'hxx }
cycle 6244
copperv1: received:         x
tagged U_type Instruction_$U_type { imm: 'hxxxxx, rd: , opc: 'hxx }
cycle 6245
copperv1: received:         x
tagged U_type Instruction_$U_type { imm: 'hxxxxx, rd: , opc: 'hxx }
cycle 6246
copperv1: received:         x
tagged U_type Instruction_$U_type { imm: 'hxxxxx, rd: , opc: 'hxx }
cycle 6247
copperv1: received:         x
tagged U_type Instruction_$U_type { imm: 'hxxxxx, rd: , opc: 'hxx }
cycle 6248
copperv1: received:         x
tagged U_type Instruction_$U_type { imm: 'hxxxxx, rd: , opc: 'hxx }
cycle 6249
copperv1: received:         x
tagged U_type Instruction_$U_type { imm: 'hxxxxx, rd: , opc: 'hxx }
cycle 6250
copperv1: received:         x
tagged U_type Instruction_$U_type { imm: 'hxxxxx, rd: , opc: 'hxx }
cycle 6251
copperv1: received:         x
tagged U_type Instruction_$U_type { imm: 'hxxxxx, rd: , opc: 'hxx }
cycle 6252
copperv1: received:         x
tagged U_type Instruction_$U_type { imm: 'hxxxxx, rd: , opc: 'hxx }
cycle 6253
copperv1: received:         x
tagged U_type Instruction_$U_type { imm: 'hxxxxx, rd: , opc: 'hxx }
cycle 6254
copperv1: received:         x
tagged U_type Instruction_$U_type { imm: 'hxxxxx, rd: , opc: 'hxx }
cycle 6255
copperv1: received:         x
tagged U_type Instruction_$U_type { imm: 'hxxxxx, rd: , opc: 'hxx }
cycle 6256
copperv1: received:         x
tagged U_type Instruction_$U_type { imm: 'hxxxxx, rd: , opc: 'hxx }
cycle 6257
copperv1: received:         x
tagged U_type Instruction_$U_type { imm: 'hxxxxx, rd: , opc: 'hxx }
cycle 6258
copperv1: received:         x
tagged U_type Instruction_$U_type { imm: 'hxxxxx, rd: , opc: 'hxx }
cycle 6259
copperv1: received:         x
tagged U_type Instruction_$U_type { imm: 'hxxxxx, rd: , opc: 'hxx }
cycle 6260
copperv1: received:         x
tagged U_type Instruction_$U_type { imm: 'hxxxxx, rd: , opc: 'hxx }
cycle 6261
copperv1: received:         x
tagged U_type Instruction_$U_type { imm: 'hxxxxx, rd: , opc: 'hxx }
cycle 6262
copperv1: received:         x
tagged U_type Instruction_$U_type { imm: 'hxxxxx, rd: , opc: 'hxx }
cycle 6263
copperv1: received:         x
tagged U_type Instruction_$U_type { imm: 'hxxxxx, rd: , opc: 'hxx }
cycle 6264
copperv1: received:         x
tagged U_type Instruction_$U_type { imm: 'hxxxxx, rd: , opc: 'hxx }
cycle 6265
copperv1: received:         x
tagged U_type Instruction_$U_type { imm: 'hxxxxx, rd: , opc: 'hxx }
cycle 6266
copperv1: received:         x
tagged U_type Instruction_$U_type { imm: 'hxxxxx, rd: , opc: 'hxx }
cycle 6267
copperv1: received:         x
tagged U_type Instruction_$U_type { imm: 'hxxxxx, rd: , opc: 'hxx }
cycle 6268
copperv1: received:         x
tagged U_type Instruction_$U_type { imm: 'hxxxxx, rd: , opc: 'hxx }
cycle 6269
copperv1: received:         x
tagged U_type Instruction_$U_type { imm: 'hxxxxx, rd: , opc: 'hxx }
cycle 6270
copperv1: received:         x
tagged U_type Instruction_$U_type { imm: 'hxxxxx, rd: , opc: 'hxx }
cycle 6271
copperv1: received:         x
tagged U_type Instruction_$U_type { imm: 'hxxxxx, rd: , opc: 'hxx }
cycle 6272
copperv1: received:         x
tagged U_type Instruction_$U_type { imm: 'hxxxxx, rd: , opc: 'hxx }
cycle 6273
copperv1: received:         x
tagged U_type Instruction_$U_type { imm: 'hxxxxx, rd: , opc: 'hxx }
cycle 6274
copperv1: received:         x
tagged U_type Instruction_$U_type { imm: 'hxxxxx, rd: , opc: 'hxx }
cycle 6275
copperv1: received:         x
tagged U_type Instruction_$U_type { imm: 'hxxxxx, rd: , opc: 'hxx }
cycle 6276
copperv1: received:         x
tagged U_type Instruction_$U_type { imm: 'hxxxxx, rd: , opc: 'hxx }
cycle 6277
copperv1: received:         x
tagged U_type Instruction_$U_type { imm: 'hxxxxx, rd: , opc: 'hxx }
cycle 6278
copperv1: received:         x
tagged U_type Instruction_$U_type { imm: 'hxxxxx, rd: , opc: 'hxx }
cycle 6279
copperv1: received:         x
tagged U_type Instruction_$U_type { imm: 'hxxxxx, rd: , opc: 'hxx }
cycle 6280
copperv1: received:         x
tagged U_type Instruction_$U_type { imm: 'hxxxxx, rd: , opc: 'hxx }
cycle 6281
copperv1: received:         x
tagged U_type Instruction_$U_type { imm: 'hxxxxx, rd: , opc: 'hxx }
cycle 6282
copperv1: received:         x
tagged U_type Instruction_$U_type { imm: 'hxxxxx, rd: , opc: 'hxx }
cycle 6283
copperv1: received:         x
tagged U_type Instruction_$U_type { imm: 'hxxxxx, rd: , opc: 'hxx }
cycle 6284
copperv1: received:         x
tagged U_type Instruction_$U_type { imm: 'hxxxxx, rd: , opc: 'hxx }
cycle 6285
copperv1: received:         x
tagged U_type Instruction_$U_type { imm: 'hxxxxx, rd: , opc: 'hxx }
cycle 6286
copperv1: received:         x
tagged U_type Instruction_$U_type { imm: 'hxxxxx, rd: , opc: 'hxx }
cycle 6287
copperv1: received:         x
tagged U_type Instruction_$U_type { imm: 'hxxxxx, rd: , opc: 'hxx }
cycle 6288
copperv1: received:         x
tagged U_type Instruction_$U_type { imm: 'hxxxxx, rd: , opc: 'hxx }
cycle 6289
copperv1: received:         x
tagged U_type Instruction_$U_type { imm: 'hxxxxx, rd: , opc: 'hxx }
cycle 6290
copperv1: received:         x
tagged U_type Instruction_$U_type { imm: 'hxxxxx, rd: , opc: 'hxx }
cycle 6291
copperv1: received:         x
tagged U_type Instruction_$U_type { imm: 'hxxxxx, rd: , opc: 'hxx }
cycle 6292
copperv1: received:         x
tagged U_type Instruction_$U_type { imm: 'hxxxxx, rd: , opc: 'hxx }
cycle 6293
copperv1: received:         x
tagged U_type Instruction_$U_type { imm: 'hxxxxx, rd: , opc: 'hxx }
cycle 6294
copperv1: received:         x
tagged U_type Instruction_$U_type { imm: 'hxxxxx, rd: , opc: 'hxx }
cycle 6295
copperv1: received:         x
tagged U_type Instruction_$U_type { imm: 'hxxxxx, rd: , opc: 'hxx }
cycle 6296
copperv1: received:         x
tagged U_type Instruction_$U_type { imm: 'hxxxxx, rd: , opc: 'hxx }
cycle 6297
copperv1: received:         x
tagged U_type Instruction_$U_type { imm: 'hxxxxx, rd: , opc: 'hxx }
cycle 6298
copperv1: received:         x
tagged U_type Instruction_$U_type { imm: 'hxxxxx, rd: , opc: 'hxx }
cycle 6299
copperv1: received:         x
tagged U_type Instruction_$U_type { imm: 'hxxxxx, rd: , opc: 'hxx }
cycle 6300
copperv1: received:         x
tagged U_type Instruction_$U_type { imm: 'hxxxxx, rd: , opc: 'hxx }
cycle 6301
copperv1: received:         x
tagged U_type Instruction_$U_type { imm: 'hxxxxx, rd: , opc: 'hxx }
cycle 6302
copperv1: received:         x
tagged U_type Instruction_$U_type { imm: 'hxxxxx, rd: , opc: 'hxx }
cycle 6303
copperv1: received:         x
tagged U_type Instruction_$U_type { imm: 'hxxxxx, rd: , opc: 'hxx }
cycle 6304
copperv1: received:         x
tagged U_type Instruction_$U_type { imm: 'hxxxxx, rd: , opc: 'hxx }
cycle 6305
copperv1: received:         x
tagged U_type Instruction_$U_type { imm: 'hxxxxx, rd: , opc: 'hxx }
cycle 6306
copperv1: received:         x
tagged U_type Instruction_$U_type { imm: 'hxxxxx, rd: , opc: 'hxx }
cycle 6307
copperv1: received:         x
tagged U_type Instruction_$U_type { imm: 'hxxxxx, rd: , opc: 'hxx }
cycle 6308
copperv1: received:         x
tagged U_type Instruction_$U_type { imm: 'hxxxxx, rd: , opc: 'hxx }
cycle 6309
copperv1: received:         x
tagged U_type Instruction_$U_type { imm: 'hxxxxx, rd: , opc: 'hxx }
cycle 6310
copperv1: received:         x
tagged U_type Instruction_$U_type { imm: 'hxxxxx, rd: , opc: 'hxx }
cycle 6311
copperv1: received:         x
tagged U_type Instruction_$U_type { imm: 'hxxxxx, rd: , opc: 'hxx }
cycle 6312
copperv1: received:         x
tagged U_type Instruction_$U_type { imm: 'hxxxxx, rd: , opc: 'hxx }
cycle 6313
copperv1: received:         x
tagged U_type Instruction_$U_type { imm: 'hxxxxx, rd: , opc: 'hxx }
cycle 6314
copperv1: received:         x
tagged U_type Instruction_$U_type { imm: 'hxxxxx, rd: , opc: 'hxx }
cycle 6315
copperv1: received:         x
tagged U_type Instruction_$U_type { imm: 'hxxxxx, rd: , opc: 'hxx }
cycle 6316
copperv1: received:         x
tagged U_type Instruction_$U_type { imm: 'hxxxxx, rd: , opc: 'hxx }
cycle 6317
copperv1: received:         x
tagged U_type Instruction_$U_type { imm: 'hxxxxx, rd: , opc: 'hxx }
cycle 6318
copperv1: received:         x
tagged U_type Instruction_$U_type { imm: 'hxxxxx, rd: , opc: 'hxx }
cycle 6319
copperv1: received:         x
tagged U_type Instruction_$U_type { imm: 'hxxxxx, rd: , opc: 'hxx }
cycle 6320
copperv1: received:         x
tagged U_type Instruction_$U_type { imm: 'hxxxxx, rd: , opc: 'hxx }
cycle 6321
copperv1: received:         x
tagged U_type Instruction_$U_type { imm: 'hxxxxx, rd: , opc: 'hxx }
cycle 6322
copperv1: received:         x
tagged U_type Instruction_$U_type { imm: 'hxxxxx, rd: , opc: 'hxx }
cycle 6323
copperv1: received:         x
tagged U_type Instruction_$U_type { imm: 'hxxxxx, rd: , opc: 'hxx }
cycle 6324
copperv1: received:         x
tagged U_type Instruction_$U_type { imm: 'hxxxxx, rd: , opc: 'hxx }
cycle 6325
copperv1: received:         x
tagged U_type Instruction_$U_type { imm: 'hxxxxx, rd: , opc: 'hxx }
cycle 6326
copperv1: received:         x
tagged U_type Instruction_$U_type { imm: 'hxxxxx, rd: , opc: 'hxx }
cycle 6327
copperv1: received:         x
tagged U_type Instruction_$U_type { imm: 'hxxxxx, rd: , opc: 'hxx }
cycle 6328
copperv1: received:         x
tagged U_type Instruction_$U_type { imm: 'hxxxxx, rd: , opc: 'hxx }
cycle 6329
copperv1: received:         x
tagged U_type Instruction_$U_type { imm: 'hxxxxx, rd: , opc: 'hxx }
cycle 6330
copperv1: received:         x
tagged U_type Instruction_$U_type { imm: 'hxxxxx, rd: , opc: 'hxx }
cycle 6331
copperv1: received:         x
tagged U_type Instruction_$U_type { imm: 'hxxxxx, rd: , opc: 'hxx }
cycle 6332
copperv1: received:         x
tagged U_type Instruction_$U_type { imm: 'hxxxxx, rd: , opc: 'hxx }
cycle 6333
copperv1: received:         x
tagged U_type Instruction_$U_type { imm: 'hxxxxx, rd: , opc: 'hxx }
cycle 6334
copperv1: received:         x
tagged U_type Instruction_$U_type { imm: 'hxxxxx, rd: , opc: 'hxx }
cycle 6335
copperv1: received:         x
tagged U_type Instruction_$U_type { imm: 'hxxxxx, rd: , opc: 'hxx }
cycle 6336
copperv1: received:         x
tagged U_type Instruction_$U_type { imm: 'hxxxxx, rd: , opc: 'hxx }
cycle 6337
copperv1: received:         x
tagged U_type Instruction_$U_type { imm: 'hxxxxx, rd: , opc: 'hxx }
cycle 6338
copperv1: received:         x
tagged U_type Instruction_$U_type { imm: 'hxxxxx, rd: , opc: 'hxx }
cycle 6339
copperv1: received:         x
tagged U_type Instruction_$U_type { imm: 'hxxxxx, rd: , opc: 'hxx }
cycle 6340
copperv1: received:         x
tagged U_type Instruction_$U_type { imm: 'hxxxxx, rd: , opc: 'hxx }
cycle 6341
copperv1: received:         x
tagged U_type Instruction_$U_type { imm: 'hxxxxx, rd: , opc: 'hxx }
cycle 6342
copperv1: received:         x
tagged U_type Instruction_$U_type { imm: 'hxxxxx, rd: , opc: 'hxx }
cycle 6343
copperv1: received:         x
tagged U_type Instruction_$U_type { imm: 'hxxxxx, rd: , opc: 'hxx }
cycle 6344
copperv1: received:         x
tagged U_type Instruction_$U_type { imm: 'hxxxxx, rd: , opc: 'hxx }
cycle 6345
copperv1: received:         x
tagged U_type Instruction_$U_type { imm: 'hxxxxx, rd: , opc: 'hxx }
cycle 6346
copperv1: received:         x
tagged U_type Instruction_$U_type { imm: 'hxxxxx, rd: , opc: 'hxx }
cycle 6347
copperv1: received:         x
tagged U_type Instruction_$U_type { imm: 'hxxxxx, rd: , opc: 'hxx }
cycle 6348
copperv1: received:         x
tagged U_type Instruction_$U_type { imm: 'hxxxxx, rd: , opc: 'hxx }
cycle 6349
copperv1: received:         x
tagged U_type Instruction_$U_type { imm: 'hxxxxx, rd: , opc: 'hxx }
cycle 6350
copperv1: received:         x
tagged U_type Instruction_$U_type { imm: 'hxxxxx, rd: , opc: 'hxx }
cycle 6351
copperv1: received:         x
tagged U_type Instruction_$U_type { imm: 'hxxxxx, rd: , opc: 'hxx }
cycle 6352
copperv1: received:         x
tagged U_type Instruction_$U_type { imm: 'hxxxxx, rd: , opc: 'hxx }
cycle 6353
copperv1: received:         x
tagged U_type Instruction_$U_type { imm: 'hxxxxx, rd: , opc: 'hxx }
cycle 6354
copperv1: received:         x
tagged U_type Instruction_$U_type { imm: 'hxxxxx, rd: , opc: 'hxx }
cycle 6355
copperv1: received:         x
tagged U_type Instruction_$U_type { imm: 'hxxxxx, rd: , opc: 'hxx }
cycle 6356
copperv1: received:         x
tagged U_type Instruction_$U_type { imm: 'hxxxxx, rd: , opc: 'hxx }
cycle 6357
copperv1: received:         x
tagged U_type Instruction_$U_type { imm: 'hxxxxx, rd: , opc: 'hxx }
cycle 6358
copperv1: received:         x
tagged U_type Instruction_$U_type { imm: 'hxxxxx, rd: , opc: 'hxx }
cycle 6359
copperv1: received:         x
tagged U_type Instruction_$U_type { imm: 'hxxxxx, rd: , opc: 'hxx }
cycle 6360
copperv1: received:         x
tagged U_type Instruction_$U_type { imm: 'hxxxxx, rd: , opc: 'hxx }
cycle 6361
copperv1: received:         x
tagged U_type Instruction_$U_type { imm: 'hxxxxx, rd: , opc: 'hxx }
cycle 6362
copperv1: received:         x
tagged U_type Instruction_$U_type { imm: 'hxxxxx, rd: , opc: 'hxx }
cycle 6363
copperv1: received:         x
tagged U_type Instruction_$U_type { imm: 'hxxxxx, rd: , opc: 'hxx }
cycle 6364
copperv1: received:         x
tagged U_type Instruction_$U_type { imm: 'hxxxxx, rd: , opc: 'hxx }
cycle 6365
copperv1: received:         x
tagged U_type Instruction_$U_type { imm: 'hxxxxx, rd: , opc: 'hxx }
cycle 6366
copperv1: received:         x
tagged U_type Instruction_$U_type { imm: 'hxxxxx, rd: , opc: 'hxx }
cycle 6367
copperv1: received:         x
tagged U_type Instruction_$U_type { imm: 'hxxxxx, rd: , opc: 'hxx }
cycle 6368
copperv1: received:         x
tagged U_type Instruction_$U_type { imm: 'hxxxxx, rd: , opc: 'hxx }
cycle 6369
copperv1: received:         x
tagged U_type Instruction_$U_type { imm: 'hxxxxx, rd: , opc: 'hxx }
cycle 6370
copperv1: received:         x
tagged U_type Instruction_$U_type { imm: 'hxxxxx, rd: , opc: 'hxx }
cycle 6371
copperv1: received:         x
tagged U_type Instruction_$U_type { imm: 'hxxxxx, rd: , opc: 'hxx }
cycle 6372
copperv1: received:         x
tagged U_type Instruction_$U_type { imm: 'hxxxxx, rd: , opc: 'hxx }
cycle 6373
copperv1: received:         x
tagged U_type Instruction_$U_type { imm: 'hxxxxx, rd: , opc: 'hxx }
cycle 6374
copperv1: received:         x
tagged U_type Instruction_$U_type { imm: 'hxxxxx, rd: , opc: 'hxx }
cycle 6375
copperv1: received:         x
tagged U_type Instruction_$U_type { imm: 'hxxxxx, rd: , opc: 'hxx }
cycle 6376
copperv1: received:         x
tagged U_type Instruction_$U_type { imm: 'hxxxxx, rd: , opc: 'hxx }
cycle 6377
copperv1: received:         x
tagged U_type Instruction_$U_type { imm: 'hxxxxx, rd: , opc: 'hxx }
cycle 6378
copperv1: received:         x
tagged U_type Instruction_$U_type { imm: 'hxxxxx, rd: , opc: 'hxx }
cycle 6379
copperv1: received:         x
tagged U_type Instruction_$U_type { imm: 'hxxxxx, rd: , opc: 'hxx }
cycle 6380
copperv1: received:         x
tagged U_type Instruction_$U_type { imm: 'hxxxxx, rd: , opc: 'hxx }
cycle 6381
copperv1: received:         x
tagged U_type Instruction_$U_type { imm: 'hxxxxx, rd: , opc: 'hxx }
cycle 6382
copperv1: received:         x
tagged U_type Instruction_$U_type { imm: 'hxxxxx, rd: , opc: 'hxx }
cycle 6383
copperv1: received:         x
tagged U_type Instruction_$U_type { imm: 'hxxxxx, rd: , opc: 'hxx }
cycle 6384
copperv1: received:         x
tagged U_type Instruction_$U_type { imm: 'hxxxxx, rd: , opc: 'hxx }
cycle 6385
copperv1: received:         x
tagged U_type Instruction_$U_type { imm: 'hxxxxx, rd: , opc: 'hxx }
cycle 6386
copperv1: received:         x
tagged U_type Instruction_$U_type { imm: 'hxxxxx, rd: , opc: 'hxx }
cycle 6387
copperv1: received:         x
tagged U_type Instruction_$U_type { imm: 'hxxxxx, rd: , opc: 'hxx }
cycle 6388
copperv1: received:         x
tagged U_type Instruction_$U_type { imm: 'hxxxxx, rd: , opc: 'hxx }
cycle 6389
copperv1: received:         x
tagged U_type Instruction_$U_type { imm: 'hxxxxx, rd: , opc: 'hxx }
cycle 6390
copperv1: received:         x
tagged U_type Instruction_$U_type { imm: 'hxxxxx, rd: , opc: 'hxx }
cycle 6391
copperv1: received:         x
tagged U_type Instruction_$U_type { imm: 'hxxxxx, rd: , opc: 'hxx }
cycle 6392
copperv1: received:         x
tagged U_type Instruction_$U_type { imm: 'hxxxxx, rd: , opc: 'hxx }
cycle 6393
copperv1: received:         x
tagged U_type Instruction_$U_type { imm: 'hxxxxx, rd: , opc: 'hxx }
cycle 6394
copperv1: received:         x
tagged U_type Instruction_$U_type { imm: 'hxxxxx, rd: , opc: 'hxx }
cycle 6395
copperv1: received:         x
tagged U_type Instruction_$U_type { imm: 'hxxxxx, rd: , opc: 'hxx }
cycle 6396
copperv1: received:         x
tagged U_type Instruction_$U_type { imm: 'hxxxxx, rd: , opc: 'hxx }
cycle 6397
copperv1: received:         x
tagged U_type Instruction_$U_type { imm: 'hxxxxx, rd: , opc: 'hxx }
cycle 6398
copperv1: received:         x
tagged U_type Instruction_$U_type { imm: 'hxxxxx, rd: , opc: 'hxx }
cycle 6399
copperv1: received:         x
tagged U_type Instruction_$U_type { imm: 'hxxxxx, rd: , opc: 'hxx }
cycle 6400
copperv1: received:         x
tagged U_type Instruction_$U_type { imm: 'hxxxxx, rd: , opc: 'hxx }
cycle 6401
copperv1: received:         x
tagged U_type Instruction_$U_type { imm: 'hxxxxx, rd: , opc: 'hxx }
cycle 6402
copperv1: received:         x
tagged U_type Instruction_$U_type { imm: 'hxxxxx, rd: , opc: 'hxx }
cycle 6403
copperv1: received:         x
tagged U_type Instruction_$U_type { imm: 'hxxxxx, rd: , opc: 'hxx }
cycle 6404
copperv1: received:         x
tagged U_type Instruction_$U_type { imm: 'hxxxxx, rd: , opc: 'hxx }
cycle 6405
copperv1: received:         x
tagged U_type Instruction_$U_type { imm: 'hxxxxx, rd: , opc: 'hxx }
cycle 6406
copperv1: received:         x
tagged U_type Instruction_$U_type { imm: 'hxxxxx, rd: , opc: 'hxx }
cycle 6407
copperv1: received:         x
tagged U_type Instruction_$U_type { imm: 'hxxxxx, rd: , opc: 'hxx }
cycle 6408
copperv1: received:         x
tagged U_type Instruction_$U_type { imm: 'hxxxxx, rd: , opc: 'hxx }
cycle 6409
copperv1: received:         x
tagged U_type Instruction_$U_type { imm: 'hxxxxx, rd: , opc: 'hxx }
cycle 6410
copperv1: received:         x
tagged U_type Instruction_$U_type { imm: 'hxxxxx, rd: , opc: 'hxx }
cycle 6411
copperv1: received:         x
tagged U_type Instruction_$U_type { imm: 'hxxxxx, rd: , opc: 'hxx }
cycle 6412
copperv1: received:         x
tagged U_type Instruction_$U_type { imm: 'hxxxxx, rd: , opc: 'hxx }
cycle 6413
copperv1: received:         x
tagged U_type Instruction_$U_type { imm: 'hxxxxx, rd: , opc: 'hxx }
cycle 6414
copperv1: received:         x
tagged U_type Instruction_$U_type { imm: 'hxxxxx, rd: , opc: 'hxx }
cycle 6415
copperv1: received:         x
tagged U_type Instruction_$U_type { imm: 'hxxxxx, rd: , opc: 'hxx }
cycle 6416
copperv1: received:         x
tagged U_type Instruction_$U_type { imm: 'hxxxxx, rd: , opc: 'hxx }
cycle 6417
copperv1: received:         x
tagged U_type Instruction_$U_type { imm: 'hxxxxx, rd: , opc: 'hxx }
cycle 6418
copperv1: received:         x
tagged U_type Instruction_$U_type { imm: 'hxxxxx, rd: , opc: 'hxx }
cycle 6419
copperv1: received:         x
tagged U_type Instruction_$U_type { imm: 'hxxxxx, rd: , opc: 'hxx }
cycle 6420
copperv1: received:         x
tagged U_type Instruction_$U_type { imm: 'hxxxxx, rd: , opc: 'hxx }
cycle 6421
copperv1: received:         x
tagged U_type Instruction_$U_type { imm: 'hxxxxx, rd: , opc: 'hxx }
cycle 6422
copperv1: received:         x
tagged U_type Instruction_$U_type { imm: 'hxxxxx, rd: , opc: 'hxx }
cycle 6423
copperv1: received:         x
tagged U_type Instruction_$U_type { imm: 'hxxxxx, rd: , opc: 'hxx }
cycle 6424
copperv1: received:         x
tagged U_type Instruction_$U_type { imm: 'hxxxxx, rd: , opc: 'hxx }
cycle 6425
copperv1: received:         x
tagged U_type Instruction_$U_type { imm: 'hxxxxx, rd: , opc: 'hxx }
cycle 6426
copperv1: received:         x
tagged U_type Instruction_$U_type { imm: 'hxxxxx, rd: , opc: 'hxx }
cycle 6427
copperv1: received:         x
tagged U_type Instruction_$U_type { imm: 'hxxxxx, rd: , opc: 'hxx }
cycle 6428
copperv1: received:         x
tagged U_type Instruction_$U_type { imm: 'hxxxxx, rd: , opc: 'hxx }
cycle 6429
copperv1: received:         x
tagged U_type Instruction_$U_type { imm: 'hxxxxx, rd: , opc: 'hxx }
cycle 6430
copperv1: received:         x
tagged U_type Instruction_$U_type { imm: 'hxxxxx, rd: , opc: 'hxx }
cycle 6431
copperv1: received:         x
tagged U_type Instruction_$U_type { imm: 'hxxxxx, rd: , opc: 'hxx }
cycle 6432
copperv1: received:         x
tagged U_type Instruction_$U_type { imm: 'hxxxxx, rd: , opc: 'hxx }
cycle 6433
copperv1: received:         x
tagged U_type Instruction_$U_type { imm: 'hxxxxx, rd: , opc: 'hxx }
cycle 6434
copperv1: received:         x
tagged U_type Instruction_$U_type { imm: 'hxxxxx, rd: , opc: 'hxx }
cycle 6435
copperv1: received:         x
tagged U_type Instruction_$U_type { imm: 'hxxxxx, rd: , opc: 'hxx }
cycle 6436
copperv1: received:         x
tagged U_type Instruction_$U_type { imm: 'hxxxxx, rd: , opc: 'hxx }
cycle 6437
copperv1: received:         x
tagged U_type Instruction_$U_type { imm: 'hxxxxx, rd: , opc: 'hxx }
cycle 6438
copperv1: received:         x
tagged